09-30 13:56:23.691 30590 30590 I libprocessgroup: Created cgroup /sys/fs/cgroup/apps/uid_10857
09-30 13:56:23.692 30590 30590 I libprocessgroup: Created cgroup /sys/fs/cgroup/apps/uid_10857/pid_30590
09-30 13:56:23.699 30590 30590 I Zygote  : Process 30590 created for com.maplibrestartuprepro
09-30 13:56:23.699 30590 30590 I brestartuprepro: Using generational CollectorTypeCMC GC.
09-30 13:56:23.724 30590 30590 D nativeloader: Load libframework-connectivity-tiramisu-jni.so using APEX ns com_android_tethering for caller /apex/com.android.tethering/javalib/framework-connectivity-t.jar: ok
09-30 13:56:23.770 30590 30590 D ApplicationLoaders: Returning zygote-cached class loader: /system_ext/framework/androidx.window.extensions.jar
09-30 13:56:23.770 30590 30590 D ApplicationLoaders: Returning zygote-cached class loader: /system_ext/framework/androidx.window.sidecar.jar
09-30 13:56:23.780 30590 30590 D nativeloader: Configuring clns-9 for other apk /data/app/~~6wBfiWeBBrNCvQQjCv4-sQ==/com.maplibrestartuprepro-ll9m-if1m1EaQrnkrA9XSQ==/base.apk. target_sdk_version=36, uses_libraries=, library_path=/data/app/~~6wBfiWeBBrNCvQQjCv4-sQ==/com.maplibrestartuprepro-ll9m-if1m1EaQrnkrA9XSQ==/lib/arm64:/data/app/~~6wBfiWeBBrNCvQQjCv4-sQ==/com.maplibrestartuprepro-ll9m-if1m1EaQrnkrA9XSQ==/base.apk!/lib/arm64-v8a, permitted_path=/data:/mnt/expand:/data/user/0/com.maplibrestartuprepro
09-30 13:56:23.800 30590 30590 D ActivityThread: Set OS env TMPDIR to /data/user/0/com.maplibrestartuprepro/cache
09-30 13:56:23.803 30590 30590 V GraphicsEnvironment: Currently set values for:
09-30 13:56:23.803 30590 30590 V GraphicsEnvironment:   angle_gl_driver_selection_pkgs=[com.android.angle]
09-30 13:56:23.803 30590 30590 V GraphicsEnvironment:   angle_gl_driver_selection_values=[angle]
09-30 13:56:23.803 30590 30590 V GraphicsEnvironment: com.maplibrestartuprepro is not listed in per-application setting
09-30 13:56:23.803 30590 30590 V GraphicsEnvironment: No special selections for ANGLE, returning default driver choice
09-30 13:56:23.804 30590 30590 V GraphicsEnvironment: Neither updatable production driver nor prerelease driver is supported.
09-30 13:56:23.820 30590 30590 W SoLoader: Initializing SoLoader: 0
09-30 13:56:23.821 30590 30590 W SoLoader: Recording new base apk path: /data/app/~~6wBfiWeBBrNCvQQjCv4-sQ==/com.maplibrestartuprepro-ll9m-if1m1EaQrnkrA9XSQ==/base.apk
09-30 13:56:23.821 30590 30590 W SoLoader: Previously recorded 0 base apk paths.
09-30 13:56:23.821 30590 30590 I SoLoader: Preparing SO source: DirectorySoSource[root = /vendor/lib64 flags = 2]
09-30 13:56:23.821 30590 30590 I SoLoader: Preparing SO source: DirectorySoSource[root = /system/lib64 flags = 2]
09-30 13:56:23.821 30590 30590 I SoLoader: Preparing SO source: DirectApkSoSource[root = [/data/app/~~6wBfiWeBBrNCvQQjCv4-sQ==/com.maplibrestartuprepro-ll9m-if1m1EaQrnkrA9XSQ==/base.apk!/lib/arm64-v8a]]
09-30 13:56:23.823 30590 30590 I SoLoader: Preparing SO source: ApplicationSoSource[DirectorySoSource[root = /data/app/~~6wBfiWeBBrNCvQQjCv4-sQ==/com.maplibrestartuprepro-ll9m-if1m1EaQrnkrA9XSQ==/lib/arm64 flags = 0]]
09-30 13:56:23.823 30590 30590 I SoLoader: init finish: 4 SO sources prepared
09-30 13:56:23.823 30590 30590 W SoLoader: SoLoader initialized: 8
09-30 13:56:23.853 30590 30590 D nativeloader: Load /data/app/~~6wBfiWeBBrNCvQQjCv4-sQ==/com.maplibrestartuprepro-ll9m-if1m1EaQrnkrA9XSQ==/base.apk!/lib/arm64-v8a/libc++_shared.so using class loader ns clns-9 (caller=/data/app/~~6wBfiWeBBrNCvQQjCv4-sQ==/com.maplibrestartuprepro-ll9m-if1m1EaQrnkrA9XSQ==/base.apk): ok
09-30 13:56:23.861 30590 30590 D nativeloader: Load /data/app/~~6wBfiWeBBrNCvQQjCv4-sQ==/com.maplibrestartuprepro-ll9m-if1m1EaQrnkrA9XSQ==/base.apk!/lib/arm64-v8a/libjsi.so using class loader ns clns-9 (caller=/data/app/~~6wBfiWeBBrNCvQQjCv4-sQ==/com.maplibrestartuprepro-ll9m-if1m1EaQrnkrA9XSQ==/base.apk): ok
09-30 13:56:23.866 30590 30590 D nativeloader: Load /data/app/~~6wBfiWeBBrNCvQQjCv4-sQ==/com.maplibrestartuprepro-ll9m-if1m1EaQrnkrA9XSQ==/base.apk!/lib/arm64-v8a/libfbjni.so using class loader ns clns-9 (caller=/data/app/~~6wBfiWeBBrNCvQQjCv4-sQ==/com.maplibrestartuprepro-ll9m-if1m1EaQrnkrA9XSQ==/base.apk): ok
09-30 13:56:23.870 30590 30590 D nativeloader: Load /data/app/~~6wBfiWeBBrNCvQQjCv4-sQ==/com.maplibrestartuprepro-ll9m-if1m1EaQrnkrA9XSQ==/base.apk!/lib/arm64-v8a/libreactnative.so using class loader ns clns-9 (caller=/data/app/~~6wBfiWeBBrNCvQQjCv4-sQ==/com.maplibrestartuprepro-ll9m-if1m1EaQrnkrA9XSQ==/base.apk): ok
09-30 13:56:23.870 30590 30590 D jni_lib_merge: Entering merged library JNI_OnLoad.
09-30 13:56:23.870 30590 30590 D jni_lib_merge: Preparing 13 pre-merged libs (including stub)
09-30 13:56:23.870 30590 30590 D jni_lib_merge: Preparing to register libfabricjni_so.  onload_func: 0x75aaa5bb5c
09-30 13:56:23.870 30590 30590 D jni_lib_merge: Preparing to register libreact_devsupportjni_so.  onload_func: 0x75aab333d0
09-30 13:56:23.870 30590 30590 D jni_lib_merge: Preparing to register libreact_featureflagsjni_so.  onload_func: 0x75aab4c64c
09-30 13:56:23.870 30590 30590 D jni_lib_merge: Preparing to register libreact_newarchdefaults_so.  onload_func: 0x75aab8e1d8
09-30 13:56:23.870 30590 30590 D jni_lib_merge: Preparing to register libreact_tracingjni_so.  onload_func: 0x75aac754cc
09-30 13:56:23.870 30590 30590 D jni_lib_merge: Preparing to register libreactnativeblob_so.  onload_func: 0x75aac7a760
09-30 13:56:23.870 30590 30590 D jni_lib_merge: Preparing to register libreactnativejni_so.  onload_func: 0x75aac867f4
09-30 13:56:23.870 30590 30590 D jni_lib_merge: Preparing to register libreactnativejni_common_so.  onload_func: 0x75aac89838
09-30 13:56:23.870 30590 30590 D jni_lib_merge: Preparing to register librninstance_so.  onload_func: 0x75aacaef50
09-30 13:56:23.870 30590 30590 D jni_lib_merge: Preparing to register libturbomodulejsijni_so.  onload_func: 0x75aad44f48
09-30 13:56:23.870 30590 30590 D jni_lib_merge: Preparing to register libuimanagerjni_so.  onload_func: 0x75aad4b93c
09-30 13:56:23.870 30590 30590 D jni_lib_merge: Preparing to register libyoga_so.  onload_func: 0x75aad533b8
09-30 13:56:23.870 30590 30590 D jni_lib_merge: About to register 12 actual methods.
09-30 13:56:23.880 30590 30590 D nativeloader: Load /data/app/~~6wBfiWeBBrNCvQQjCv4-sQ==/com.maplibrestartuprepro-ll9m-if1m1EaQrnkrA9XSQ==/base.apk!/lib/arm64-v8a/libreact_codegen_safeareacontext.so using class loader ns clns-9 (caller=/data/app/~~6wBfiWeBBrNCvQQjCv4-sQ==/com.maplibrestartuprepro-ll9m-if1m1EaQrnkrA9XSQ==/base.apk): ok
09-30 13:56:23.905 30590 30590 D nativeloader: Load /data/app/~~6wBfiWeBBrNCvQQjCv4-sQ==/com.maplibrestartuprepro-ll9m-if1m1EaQrnkrA9XSQ==/base.apk!/lib/arm64-v8a/libappmodules.so using class loader ns clns-9 (caller=/data/app/~~6wBfiWeBBrNCvQQjCv4-sQ==/com.maplibrestartuprepro-ll9m-if1m1EaQrnkrA9XSQ==/base.apk): ok
09-30 13:56:23.911 30590 30616 I DisplayManager: Choreographer implicitly registered for the refresh rate.
09-30 13:56:23.916 30590 30616 D vulkan  : searching for layers in '/data/app/~~6wBfiWeBBrNCvQQjCv4-sQ==/com.maplibrestartuprepro-ll9m-if1m1EaQrnkrA9XSQ==/lib/arm64'
09-30 13:56:23.916 30590 30616 D vulkan  : searching for layers in '/data/app/~~6wBfiWeBBrNCvQQjCv4-sQ==/com.maplibrestartuprepro-ll9m-if1m1EaQrnkrA9XSQ==/base.apk!/lib/arm64-v8a'
09-30 13:56:23.928 30590 30590 D AppCompatDelegate: Checking for metadata for AppLocalesMetadataHolderService : Service not found
09-30 13:56:23.941 30590 30590 D CompatChangeReporter: Compat change id reported: 377864165; UID 10857; state: ENABLED
09-30 13:56:23.959 30590 30590 D nativeloader: Load /data/app/~~6wBfiWeBBrNCvQQjCv4-sQ==/com.maplibrestartuprepro-ll9m-if1m1EaQrnkrA9XSQ==/base.apk!/lib/arm64-v8a/libhermesvm.so using class loader ns clns-9 (caller=/data/app/~~6wBfiWeBBrNCvQQjCv4-sQ==/com.maplibrestartuprepro-ll9m-if1m1EaQrnkrA9XSQ==/base.apk): ok
09-30 13:56:23.960 30590 30590 D nativeloader: Load /data/app/~~6wBfiWeBBrNCvQQjCv4-sQ==/com.maplibrestartuprepro-ll9m-if1m1EaQrnkrA9XSQ==/base.apk!/lib/arm64-v8a/libhermestooling.so using class loader ns clns-9 (caller=/data/app/~~6wBfiWeBBrNCvQQjCv4-sQ==/com.maplibrestartuprepro-ll9m-if1m1EaQrnkrA9XSQ==/base.apk): ok
09-30 13:56:23.961 30590 30590 D jni_lib_merge: Entering merged library JNI_OnLoad.
09-30 13:56:23.961 30590 30590 D jni_lib_merge: Preparing 4 pre-merged libs (including stub)
09-30 13:56:23.961 30590 30590 D jni_lib_merge: Preparing to register libhermes_executor_so.  onload_func: 0x764f75beec
09-30 13:56:23.961 30590 30590 D jni_lib_merge: Preparing to register libhermesinstancejni_so.  onload_func: 0x764f76369c
09-30 13:56:23.961 30590 30590 D jni_lib_merge: Preparing to register libjsijniprofiler_so.  onload_func: 0x764f763f44
09-30 13:56:23.961 30590 30590 D jni_lib_merge: About to register 3 actual methods.
09-30 13:56:23.975 30590 30590 W unknown:BridgelessReact: ReactHost{0}.startSurface(surfaceId = 0): Schedule
09-30 13:56:23.975 30590 30590 W unknown:BridgelessReact: ReactHost{0}.attachSurface(surfaceId = 0)
09-30 13:56:23.976 30590 30627 W unknown:BridgelessReact: ReactHost{0}.getOrCreateReactInstanceTask()
09-30 13:56:23.976 30590 30627 W unknown:BridgelessReact: ReactHost{0}.getOrCreateReactInstanceTask(): Start
09-30 13:56:23.976 30590 30627 W unknown:BridgelessReact: ReactHost{0}.getJSBundleLoader()
09-30 13:56:23.976 30590 30627 W unknown:BridgelessReact: ReactHost{0}.getOrCreateReactInstanceTask(): Creating BridgelessReactContext
09-30 13:56:23.976 30590 30627 W unknown:BridgelessReact: ReactHost{0}.getOrCreateReactInstanceTask(): Creating ReactInstance
09-30 13:56:23.981 30590 30590 I ContentCaptureHelper: Setting logging level to OFF
09-30 13:56:24.031 30590 30627 W unknown:BridgelessReact: ReactHost{0}.getOrCreateReactInstanceTask(): Loading JS Bundle
09-30 13:56:24.031 30590 30627 W unknown:BridgelessReact: ReactHost{0}.getOrCreateReactInstanceTask(): DevSupportManager.onNewReactContextCreated()
09-30 13:56:24.031 30590 30627 W unknown:BridgelessReact: ReactHost{0}.startSurface(surfaceId = 0): Execute
09-30 13:56:24.038 30590 30628 I ReactNativeJS: Running "MapLibreStartupRepro"
09-30 13:56:24.042 30590 30628 W unknown:ViewManagerPropertyUpdater: Could not find generated setter for class com.th3rdwave.safeareacontext.SafeAreaProviderManager
09-30 13:56:24.044 30590 30628 W unknown:ViewManagerPropertyUpdater: Could not find generated setter for class com.facebook.react.uimanager.LayoutShadowNode
09-30 13:56:24.044 30590 30628 W unknown:ViewManagerPropertyUpdater: Could not find generated setter for class org.maplibre.reactnative.components.sources.geojsonsource.MLRNGeoJSONSourceManager
09-30 13:56:24.045 30590 30628 W unknown:ViewManagerPropertyUpdater: Could not find generated setter for class org.maplibre.reactnative.components.annotations.markerview.MLRNMarkerViewManager
09-30 13:56:24.045 30590 30628 W unknown:ViewManagerPropertyUpdater: Could not find generated setter for class org.maplibre.reactnative.components.sources.imagesource.MLRNImageSourceManager
09-30 13:56:24.047 30590 30628 W unknown:ViewManagerPropertyUpdater: Could not find generated setter for class org.maplibre.reactnative.components.sources.tilesources.rastersource.MLRNRasterSourceManager
09-30 13:56:24.048 30590 30628 W unknown:ViewManagerPropertyUpdater: Could not find generated setter for class org.maplibre.reactnative.components.camera.MLRNCameraManager
09-30 13:56:24.048 30590 30628 W unknown:ViewManagerPropertyUpdater: Could not find generated setter for class org.maplibre.reactnative.components.sources.tilesources.vectorsource.MLRNVectorSourceManager
09-30 13:56:24.049 30590 30628 W unknown:ViewManagerPropertyUpdater: Could not find generated setter for class org.maplibre.reactnative.components.mapview.MLRNMapViewManager
09-30 13:56:24.053 30590 30628 W unknown:ViewManagerPropertyUpdater: Could not find generated setter for class org.maplibre.reactnative.components.mapview.MLRNMapViewManager$MapShadowNode
09-30 13:56:24.053 30590 30628 W unknown:ViewManagerPropertyUpdater: Could not find generated setter for class org.maplibre.reactnative.components.layer.MLRNLayerManager
09-30 13:56:24.053 30590 30628 W unknown:ViewManagerPropertyUpdater: Could not find generated setter for class com.th3rdwave.safeareacontext.SafeAreaViewManager
09-30 13:56:24.054 30590 30628 W unknown:ViewManagerPropertyUpdater: Could not find generated setter for class com.th3rdwave.safeareacontext.SafeAreaViewShadowNode
09-30 13:56:24.054 30590 30628 W unknown:ViewManagerPropertyUpdater: Could not find generated setter for class org.maplibre.reactnative.components.mapview.MLRNAndroidTextureMapViewManager
09-30 13:56:24.054 30590 30628 W unknown:ViewManagerPropertyUpdater: Could not find generated setter for class org.maplibre.reactnative.components.sources.tilesources.rasterdemsource.MLRNRasterDEMSourceManager
09-30 13:56:24.055 30590 30628 W unknown:ViewManagerPropertyUpdater: Could not find generated setter for class org.maplibre.reactnative.components.location.MLRNNativeUserLocationManager
09-30 13:56:24.055 30590 30628 W unknown:ViewManagerPropertyUpdater: Could not find generated setter for class org.maplibre.reactnative.components.annotations.pointannotation.MLRNPointAnnotationManager
09-30 13:56:24.055 30590 30628 W unknown:ViewManagerPropertyUpdater: Could not find generated setter for class org.maplibre.reactnative.components.images.MLRNImagesManager
09-30 13:56:24.056 30590 30628 W unknown:ViewManagerPropertyUpdater: Could not find generated setter for class org.maplibre.reactnative.components.annotations.callout.MLRNCalloutManager
09-30 13:56:24.063 30590 30628 W unknown:ViewManagerPropertyUpdater: Could not find generated setter for class com.facebook.react.views.safeareaview.ReactSafeAreaViewManager
09-30 13:56:24.064 30590 30628 W unknown:ViewManagerPropertyUpdater: Could not find generated setter for class com.facebook.react.views.modal.ReactModalHostManager
09-30 13:56:24.065 30590 30628 W unknown:ViewManagerPropertyUpdater: Could not find generated setter for class com.facebook.react.views.progressbar.ReactProgressBarViewManager
09-30 13:56:24.066 30590 30628 W unknown:ViewManagerPropertyUpdater: Could not find generated setter for class com.facebook.react.views.scroll.ReactHorizontalScrollViewManager
09-30 13:56:24.067 30590 30628 W unknown:ViewManagerPropertyUpdater: Could not find generated setter for class com.facebook.react.views.image.ReactImageManager
09-30 13:56:24.069 30590 30628 W unknown:ViewManagerPropertyUpdater: Could not find generated setter for class com.facebook.react.views.text.ReactTextViewManager
09-30 13:56:24.070 30590 30628 W unknown:ViewManagerPropertyUpdater: Could not find generated setter for class com.facebook.react.views.scroll.ReactHorizontalScrollContainerViewManager
09-30 13:56:24.071 30590 30628 W unknown:ViewManagerPropertyUpdater: Could not find generated setter for class com.facebook.react.views.unimplementedview.ReactUnimplementedViewManager
09-30 13:56:24.072 30590 30628 W unknown:ViewManagerPropertyUpdater: Could not find generated setter for class com.facebook.react.views.scroll.ReactScrollViewManager
09-30 13:56:24.073 30590 30628 W unknown:ViewManagerPropertyUpdater: Could not find generated setter for class com.facebook.react.views.view.ReactViewManager
09-30 13:56:24.073 30590 30628 W unknown:ViewManagerPropertyUpdater: Could not find generated setter for class com.facebook.react.views.drawer.ReactDrawerLayoutManager
09-30 13:56:24.074 30590 30628 W unknown:ViewManagerPropertyUpdater: Could not find generated setter for class com.facebook.react.views.switchview.ReactSwitchManager
09-30 13:56:24.076 30590 30628 W unknown:ViewManagerPropertyUpdater: Could not find generated setter for class com.facebook.react.views.swiperefresh.SwipeRefreshLayoutManager
09-30 13:56:24.077 30590 30628 W unknown:ViewManagerPropertyUpdater: Could not find generated setter for class com.facebook.react.views.textinput.ReactTextInputManager
09-30 13:56:24.078 30590 30628 W unknown:ViewManagerPropertyUpdater: Could not find generated setter for class com.facebook.react.views.text.SelectableTextViewManager
09-30 13:56:24.079 30590 30628 W unknown:ViewManagerPropertyUpdater: Could not find generated setter for class com.facebook.react.views.virtual.view.ReactVirtualViewManager
09-30 13:56:24.087 30590 30628 I HWUI    : Using FreeType backend (prop=Auto)
09-30 13:56:24.096 30590 30590 W unknown:BridgelessReact: ReactHost{0}.onHostResume(activity)
09-30 13:56:24.096 30590 30590 W unknown:BridgelessReact: ReactHost{0}.ReactContext.onHostResume()
09-30 13:56:24.111 30590 30590 W unknown:BridgelessReact: ReactHost{0}.ReactContext.onHostResume()
09-30 13:56:24.111 30590 30590 W unknown:BridgelessReact: ReactHost{0}.getOrCreateReactInstanceTask(): Executing ReactInstanceEventListeners
09-30 13:56:24.150 30590 30628 I ReactNativeJS: [repro] first effect: calling OfflineManager
09-30 13:56:24.234 30590 30590 D nativeloader: Load /data/app/~~6wBfiWeBBrNCvQQjCv4-sQ==/com.maplibrestartuprepro-ll9m-if1m1EaQrnkrA9XSQ==/base.apk!/lib/arm64-v8a/libmaplibre.so using class loader ns clns-9 (caller=/data/app/~~6wBfiWeBBrNCvQQjCv4-sQ==/com.maplibrestartuprepro-ll9m-if1m1EaQrnkrA9XSQ==/base.apk!classes3.dex): ok
