09-30 13:47:59.584 12830 12830 I libprocessgroup: Created cgroup /sys/fs/cgroup/apps/uid_10836
09-30 13:47:59.584 12830 12830 I libprocessgroup: Created cgroup /sys/fs/cgroup/apps/uid_10836/pid_12830
09-30 13:47:59.589 12830 12830 I Zygote  : Process 12830 created for com.maplibrestartuprepro
09-30 13:47:59.590 12830 12830 I brestartuprepro: Using generational CollectorTypeCMC GC.
09-30 13:47:59.604 12830 12830 D nativeloader: Load libframework-connectivity-tiramisu-jni.so using APEX ns com_android_tethering for caller /apex/com.android.tethering/javalib/framework-connectivity-t.jar: ok
09-30 13:47:59.617 12830 12830 D ApplicationLoaders: Returning zygote-cached class loader: /system_ext/framework/androidx.window.extensions.jar
09-30 13:47:59.617 12830 12830 D ApplicationLoaders: Returning zygote-cached class loader: /system_ext/framework/androidx.window.sidecar.jar
09-30 13:47:59.622 12830 12830 D nativeloader: Configuring clns-9 for other apk /data/app/~~-cYMTr043zh6jsf2Z1xtnA==/com.maplibrestartuprepro-GJ3xJpA9lY31RDdSSxmUpg==/base.apk. target_sdk_version=36, uses_libraries=, library_path=/data/app/~~-cYMTr043zh6jsf2Z1xtnA==/com.maplibrestartuprepro-GJ3xJpA9lY31RDdSSxmUpg==/lib/arm64:/data/app/~~-cYMTr043zh6jsf2Z1xtnA==/com.maplibrestartuprepro-GJ3xJpA9lY31RDdSSxmUpg==/base.apk!/lib/arm64-v8a, permitted_path=/data:/mnt/expand:/data/user/0/com.maplibrestartuprepro
09-30 13:47:59.628 12830 12830 D ActivityThread: Set OS env TMPDIR to /data/user/0/com.maplibrestartuprepro/cache
09-30 13:47:59.629 12830 12830 V GraphicsEnvironment: Currently set values for:
09-30 13:47:59.629 12830 12830 V GraphicsEnvironment:   angle_gl_driver_selection_pkgs=[com.android.angle]
09-30 13:47:59.629 12830 12830 V GraphicsEnvironment:   angle_gl_driver_selection_values=[angle]
09-30 13:47:59.629 12830 12830 V GraphicsEnvironment: com.maplibrestartuprepro is not listed in per-application setting
09-30 13:47:59.629 12830 12830 V GraphicsEnvironment: No special selections for ANGLE, returning default driver choice
09-30 13:47:59.630 12830 12830 V GraphicsEnvironment: Neither updatable production driver nor prerelease driver is supported.
09-30 13:47:59.637 12830 12830 W SoLoader: Initializing SoLoader: 0
09-30 13:47:59.637 12830 12830 W SoLoader: Recording new base apk path: /data/app/~~-cYMTr043zh6jsf2Z1xtnA==/com.maplibrestartuprepro-GJ3xJpA9lY31RDdSSxmUpg==/base.apk
09-30 13:47:59.637 12830 12830 W SoLoader: Previously recorded 0 base apk paths.
09-30 13:47:59.637 12830 12830 I SoLoader: Preparing SO source: DirectorySoSource[root = /vendor/lib64 flags = 2]
09-30 13:47:59.637 12830 12830 I SoLoader: Preparing SO source: DirectorySoSource[root = /system/lib64 flags = 2]
09-30 13:47:59.637 12830 12830 I SoLoader: Preparing SO source: DirectApkSoSource[root = [/data/app/~~-cYMTr043zh6jsf2Z1xtnA==/com.maplibrestartuprepro-GJ3xJpA9lY31RDdSSxmUpg==/base.apk!/lib/arm64-v8a]]
09-30 13:47:59.638 12830 12830 I SoLoader: Preparing SO source: ApplicationSoSource[DirectorySoSource[root = /data/app/~~-cYMTr043zh6jsf2Z1xtnA==/com.maplibrestartuprepro-GJ3xJpA9lY31RDdSSxmUpg==/lib/arm64 flags = 0]]
09-30 13:47:59.638 12830 12830 I SoLoader: init finish: 4 SO sources prepared
09-30 13:47:59.638 12830 12830 W SoLoader: SoLoader initialized: 8
09-30 13:47:59.644 12830 12830 D nativeloader: Load /data/app/~~-cYMTr043zh6jsf2Z1xtnA==/com.maplibrestartuprepro-GJ3xJpA9lY31RDdSSxmUpg==/base.apk!/lib/arm64-v8a/libc++_shared.so using class loader ns clns-9 (caller=/data/app/~~-cYMTr043zh6jsf2Z1xtnA==/com.maplibrestartuprepro-GJ3xJpA9lY31RDdSSxmUpg==/base.apk): ok
09-30 13:47:59.646 12830 12830 D nativeloader: Load /data/app/~~-cYMTr043zh6jsf2Z1xtnA==/com.maplibrestartuprepro-GJ3xJpA9lY31RDdSSxmUpg==/base.apk!/lib/arm64-v8a/libjsi.so using class loader ns clns-9 (caller=/data/app/~~-cYMTr043zh6jsf2Z1xtnA==/com.maplibrestartuprepro-GJ3xJpA9lY31RDdSSxmUpg==/base.apk): ok
09-30 13:47:59.648 12830 12830 D nativeloader: Load /data/app/~~-cYMTr043zh6jsf2Z1xtnA==/com.maplibrestartuprepro-GJ3xJpA9lY31RDdSSxmUpg==/base.apk!/lib/arm64-v8a/libfbjni.so using class loader ns clns-9 (caller=/data/app/~~-cYMTr043zh6jsf2Z1xtnA==/com.maplibrestartuprepro-GJ3xJpA9lY31RDdSSxmUpg==/base.apk): ok
09-30 13:47:59.651 12830 12830 D nativeloader: Load /data/app/~~-cYMTr043zh6jsf2Z1xtnA==/com.maplibrestartuprepro-GJ3xJpA9lY31RDdSSxmUpg==/base.apk!/lib/arm64-v8a/libreactnative.so using class loader ns clns-9 (caller=/data/app/~~-cYMTr043zh6jsf2Z1xtnA==/com.maplibrestartuprepro-GJ3xJpA9lY31RDdSSxmUpg==/base.apk): ok
09-30 13:47:59.651 12830 12830 D jni_lib_merge: Entering merged library JNI_OnLoad.
09-30 13:47:59.651 12830 12830 D jni_lib_merge: Preparing 13 pre-merged libs (including stub)
09-30 13:47:59.651 12830 12830 D jni_lib_merge: Preparing to register libfabricjni_so.  onload_func: 0x75ad25eb5c
09-30 13:47:59.651 12830 12830 D jni_lib_merge: Preparing to register libreact_devsupportjni_so.  onload_func: 0x75ad3363d0
09-30 13:47:59.651 12830 12830 D jni_lib_merge: Preparing to register libreact_featureflagsjni_so.  onload_func: 0x75ad34f64c
09-30 13:47:59.651 12830 12830 D jni_lib_merge: Preparing to register libreact_newarchdefaults_so.  onload_func: 0x75ad3911d8
09-30 13:47:59.651 12830 12830 D jni_lib_merge: Preparing to register libreact_tracingjni_so.  onload_func: 0x75ad4784cc
09-30 13:47:59.651 12830 12830 D jni_lib_merge: Preparing to register libreactnativeblob_so.  onload_func: 0x75ad47d760
09-30 13:47:59.651 12830 12830 D jni_lib_merge: Preparing to register libreactnativejni_so.  onload_func: 0x75ad4897f4
09-30 13:47:59.651 12830 12830 D jni_lib_merge: Preparing to register libreactnativejni_common_so.  onload_func: 0x75ad48c838
09-30 13:47:59.651 12830 12830 D jni_lib_merge: Preparing to register librninstance_so.  onload_func: 0x75ad4b1f50
09-30 13:47:59.651 12830 12830 D jni_lib_merge: Preparing to register libturbomodulejsijni_so.  onload_func: 0x75ad547f48
09-30 13:47:59.651 12830 12830 D jni_lib_merge: Preparing to register libuimanagerjni_so.  onload_func: 0x75ad54e93c
09-30 13:47:59.651 12830 12830 D jni_lib_merge: Preparing to register libyoga_so.  onload_func: 0x75ad5563b8
09-30 13:47:59.651 12830 12830 D jni_lib_merge: About to register 12 actual methods.
09-30 13:47:59.654 12830 12830 D nativeloader: Load /data/app/~~-cYMTr043zh6jsf2Z1xtnA==/com.maplibrestartuprepro-GJ3xJpA9lY31RDdSSxmUpg==/base.apk!/lib/arm64-v8a/libreact_codegen_safeareacontext.so using class loader ns clns-9 (caller=/data/app/~~-cYMTr043zh6jsf2Z1xtnA==/com.maplibrestartuprepro-GJ3xJpA9lY31RDdSSxmUpg==/base.apk): ok
09-30 13:47:59.660 12830 12830 D nativeloader: Load /data/app/~~-cYMTr043zh6jsf2Z1xtnA==/com.maplibrestartuprepro-GJ3xJpA9lY31RDdSSxmUpg==/base.apk!/lib/arm64-v8a/libappmodules.so using class loader ns clns-9 (caller=/data/app/~~-cYMTr043zh6jsf2Z1xtnA==/com.maplibrestartuprepro-GJ3xJpA9lY31RDdSSxmUpg==/base.apk): ok
09-30 13:47:59.665 12830 12844 I DisplayManager: Choreographer implicitly registered for the refresh rate.
09-30 13:47:59.670 12830 12844 D vulkan  : searching for layers in '/data/app/~~-cYMTr043zh6jsf2Z1xtnA==/com.maplibrestartuprepro-GJ3xJpA9lY31RDdSSxmUpg==/lib/arm64'
09-30 13:47:59.672 12830 12844 D vulkan  : searching for layers in '/data/app/~~-cYMTr043zh6jsf2Z1xtnA==/com.maplibrestartuprepro-GJ3xJpA9lY31RDdSSxmUpg==/base.apk!/lib/arm64-v8a'
09-30 13:47:59.678 12830 12830 D AppCompatDelegate: Checking for metadata for AppLocalesMetadataHolderService : Service not found
09-30 13:47:59.689 12830 12830 D CompatChangeReporter: Compat change id reported: 377864165; UID 10836; state: ENABLED
09-30 13:47:59.696 12830 12830 D nativeloader: Load /data/app/~~-cYMTr043zh6jsf2Z1xtnA==/com.maplibrestartuprepro-GJ3xJpA9lY31RDdSSxmUpg==/base.apk!/lib/arm64-v8a/libhermesvm.so using class loader ns clns-9 (caller=/data/app/~~-cYMTr043zh6jsf2Z1xtnA==/com.maplibrestartuprepro-GJ3xJpA9lY31RDdSSxmUpg==/base.apk): ok
09-30 13:47:59.697 12830 12830 D nativeloader: Load /data/app/~~-cYMTr043zh6jsf2Z1xtnA==/com.maplibrestartuprepro-GJ3xJpA9lY31RDdSSxmUpg==/base.apk!/lib/arm64-v8a/libhermestooling.so using class loader ns clns-9 (caller=/data/app/~~-cYMTr043zh6jsf2Z1xtnA==/com.maplibrestartuprepro-GJ3xJpA9lY31RDdSSxmUpg==/base.apk): ok
09-30 13:47:59.697 12830 12830 D jni_lib_merge: Entering merged library JNI_OnLoad.
09-30 13:47:59.697 12830 12830 D jni_lib_merge: Preparing 4 pre-merged libs (including stub)
09-30 13:47:59.697 12830 12830 D jni_lib_merge: Preparing to register libhermes_executor_so.  onload_func: 0x764f75ceec
09-30 13:47:59.697 12830 12830 D jni_lib_merge: Preparing to register libhermesinstancejni_so.  onload_func: 0x764f76469c
09-30 13:47:59.697 12830 12830 D jni_lib_merge: Preparing to register libjsijniprofiler_so.  onload_func: 0x764f764f44
09-30 13:47:59.697 12830 12830 D jni_lib_merge: About to register 3 actual methods.
09-30 13:47:59.708 12830 12830 W unknown:BridgelessReact: ReactHost{0}.startSurface(surfaceId = 0): Schedule
09-30 13:47:59.708 12830 12830 W unknown:BridgelessReact: ReactHost{0}.attachSurface(surfaceId = 0)
09-30 13:47:59.708 12830 12859 W unknown:BridgelessReact: ReactHost{0}.getOrCreateReactInstanceTask()
09-30 13:47:59.708 12830 12859 W unknown:BridgelessReact: ReactHost{0}.getOrCreateReactInstanceTask(): Start
09-30 13:47:59.708 12830 12859 W unknown:BridgelessReact: ReactHost{0}.getJSBundleLoader()
09-30 13:47:59.708 12830 12859 W unknown:BridgelessReact: ReactHost{0}.getOrCreateReactInstanceTask(): Creating BridgelessReactContext
09-30 13:47:59.709 12830 12859 W unknown:BridgelessReact: ReactHost{0}.getOrCreateReactInstanceTask(): Creating ReactInstance
09-30 13:47:59.711 12830 12830 I ContentCaptureHelper: Setting logging level to OFF
09-30 13:47:59.724 12830 12859 W unknown:BridgelessReact: ReactHost{0}.getOrCreateReactInstanceTask(): Loading JS Bundle
09-30 13:47:59.724 12830 12859 W unknown:BridgelessReact: ReactHost{0}.getOrCreateReactInstanceTask(): DevSupportManager.onNewReactContextCreated()
09-30 13:47:59.724 12830 12859 W unknown:BridgelessReact: ReactHost{0}.startSurface(surfaceId = 0): Execute
09-30 13:47:59.726 12830 12860 I ReactNativeJS: Running "MapLibreStartupRepro"
09-30 13:47:59.728 12830 12860 W unknown:ViewManagerPropertyUpdater: Could not find generated setter for class com.th3rdwave.safeareacontext.SafeAreaProviderManager
09-30 13:47:59.730 12830 12860 W unknown:ViewManagerPropertyUpdater: Could not find generated setter for class com.facebook.react.uimanager.LayoutShadowNode
09-30 13:47:59.731 12830 12860 W unknown:ViewManagerPropertyUpdater: Could not find generated setter for class org.maplibre.reactnative.components.sources.geojsonsource.MLRNGeoJSONSourceManager
09-30 13:47:59.731 12830 12860 W unknown:ViewManagerPropertyUpdater: Could not find generated setter for class org.maplibre.reactnative.components.annotations.markerview.MLRNMarkerViewManager
09-30 13:47:59.732 12830 12860 W unknown:ViewManagerPropertyUpdater: Could not find generated setter for class org.maplibre.reactnative.components.sources.imagesource.MLRNImageSourceManager
09-30 13:47:59.732 12830 12860 W unknown:ViewManagerPropertyUpdater: Could not find generated setter for class org.maplibre.reactnative.components.sources.tilesources.rastersource.MLRNRasterSourceManager
09-30 13:47:59.732 12830 12860 W unknown:ViewManagerPropertyUpdater: Could not find generated setter for class org.maplibre.reactnative.components.camera.MLRNCameraManager
09-30 13:47:59.733 12830 12860 W unknown:ViewManagerPropertyUpdater: Could not find generated setter for class org.maplibre.reactnative.components.sources.tilesources.vectorsource.MLRNVectorSourceManager
09-30 13:47:59.733 12830 12860 W unknown:ViewManagerPropertyUpdater: Could not find generated setter for class org.maplibre.reactnative.components.mapview.MLRNMapViewManager
09-30 13:47:59.734 12830 12860 W unknown:ViewManagerPropertyUpdater: Could not find generated setter for class org.maplibre.reactnative.components.mapview.MLRNMapViewManager$MapShadowNode
09-30 13:47:59.734 12830 12860 W unknown:ViewManagerPropertyUpdater: Could not find generated setter for class org.maplibre.reactnative.components.layer.MLRNLayerManager
09-30 13:47:59.734 12830 12860 W unknown:ViewManagerPropertyUpdater: Could not find generated setter for class com.th3rdwave.safeareacontext.SafeAreaViewManager
09-30 13:47:59.735 12830 12860 W unknown:ViewManagerPropertyUpdater: Could not find generated setter for class com.th3rdwave.safeareacontext.SafeAreaViewShadowNode
09-30 13:47:59.736 12830 12830 W unknown:BridgelessReact: ReactHost{0}.onHostResume(activity)
09-30 13:47:59.736 12830 12830 W unknown:BridgelessReact: ReactHost{0}.ReactContext.onHostResume()
09-30 13:47:59.736 12830 12860 W unknown:ViewManagerPropertyUpdater: Could not find generated setter for class org.maplibre.reactnative.components.mapview.MLRNAndroidTextureMapViewManager
09-30 13:47:59.736 12830 12860 W unknown:ViewManagerPropertyUpdater: Could not find generated setter for class org.maplibre.reactnative.components.sources.tilesources.rasterdemsource.MLRNRasterDEMSourceManager
09-30 13:47:59.736 12830 12860 W unknown:ViewManagerPropertyUpdater: Could not find generated setter for class org.maplibre.reactnative.components.location.MLRNNativeUserLocationManager
09-30 13:47:59.737 12830 12860 W unknown:ViewManagerPropertyUpdater: Could not find generated setter for class org.maplibre.reactnative.components.annotations.pointannotation.MLRNPointAnnotationManager
09-30 13:47:59.737 12830 12860 W unknown:ViewManagerPropertyUpdater: Could not find generated setter for class org.maplibre.reactnative.components.images.MLRNImagesManager
09-30 13:47:59.737 12830 12860 W unknown:ViewManagerPropertyUpdater: Could not find generated setter for class org.maplibre.reactnative.components.annotations.callout.MLRNCalloutManager
09-30 13:47:59.744 12830 12860 W unknown:ViewManagerPropertyUpdater: Could not find generated setter for class com.facebook.react.views.safeareaview.ReactSafeAreaViewManager
09-30 13:47:59.745 12830 12860 W unknown:ViewManagerPropertyUpdater: Could not find generated setter for class com.facebook.react.views.modal.ReactModalHostManager
09-30 13:47:59.746 12830 12830 W unknown:BridgelessReact: ReactHost{0}.ReactContext.onHostResume()
09-30 13:47:59.746 12830 12830 W unknown:BridgelessReact: ReactHost{0}.getOrCreateReactInstanceTask(): Executing ReactInstanceEventListeners
09-30 13:47:59.746 12830 12860 W unknown:ViewManagerPropertyUpdater: Could not find generated setter for class com.facebook.react.views.progressbar.ReactProgressBarViewManager
09-30 13:47:59.747 12830 12860 W unknown:ViewManagerPropertyUpdater: Could not find generated setter for class com.facebook.react.views.scroll.ReactHorizontalScrollViewManager
09-30 13:47:59.748 12830 12860 W unknown:ViewManagerPropertyUpdater: Could not find generated setter for class com.facebook.react.views.image.ReactImageManager
09-30 13:47:59.749 12830 12860 W unknown:ViewManagerPropertyUpdater: Could not find generated setter for class com.facebook.react.views.text.ReactTextViewManager
09-30 13:47:59.751 12830 12860 W unknown:ViewManagerPropertyUpdater: Could not find generated setter for class com.facebook.react.views.scroll.ReactHorizontalScrollContainerViewManager
09-30 13:47:59.751 12830 12860 W unknown:ViewManagerPropertyUpdater: Could not find generated setter for class com.facebook.react.views.unimplementedview.ReactUnimplementedViewManager
09-30 13:47:59.752 12830 12860 W unknown:ViewManagerPropertyUpdater: Could not find generated setter for class com.facebook.react.views.scroll.ReactScrollViewManager
09-30 13:47:59.753 12830 12860 W unknown:ViewManagerPropertyUpdater: Could not find generated setter for class com.facebook.react.views.view.ReactViewManager
09-30 13:47:59.754 12830 12860 W unknown:ViewManagerPropertyUpdater: Could not find generated setter for class com.facebook.react.views.drawer.ReactDrawerLayoutManager
09-30 13:47:59.755 12830 12860 W unknown:ViewManagerPropertyUpdater: Could not find generated setter for class com.facebook.react.views.switchview.ReactSwitchManager
09-30 13:47:59.755 12830 12860 W unknown:ViewManagerPropertyUpdater: Could not find generated setter for class com.facebook.react.views.swiperefresh.SwipeRefreshLayoutManager
09-30 13:47:59.757 12830 12860 W unknown:ViewManagerPropertyUpdater: Could not find generated setter for class com.facebook.react.views.textinput.ReactTextInputManager
09-30 13:47:59.758 12830 12860 W unknown:ViewManagerPropertyUpdater: Could not find generated setter for class com.facebook.react.views.text.SelectableTextViewManager
09-30 13:47:59.759 12830 12860 W unknown:ViewManagerPropertyUpdater: Could not find generated setter for class com.facebook.react.views.virtual.view.ReactVirtualViewManager
09-30 13:47:59.764 12830 12860 I HWUI    : Using FreeType backend (prop=Auto)
09-30 13:47:59.766 12830 12830 D nativeloader: Load /data/app/~~-cYMTr043zh6jsf2Z1xtnA==/com.maplibrestartuprepro-GJ3xJpA9lY31RDdSSxmUpg==/base.apk!/lib/arm64-v8a/libmaplibre.so using class loader ns clns-9 (caller=/data/app/~~-cYMTr043zh6jsf2Z1xtnA==/com.maplibrestartuprepro-GJ3xJpA9lY31RDdSSxmUpg==/base.apk!classes3.dex): ok
09-30 13:47:59.771 12830 12860 I ReactNativeJS: [repro] first effect: calling OfflineManager
