09-30 13:57:37.022  1074  1074 I libprocessgroup: Created cgroup /sys/fs/cgroup/apps/uid_10859
09-30 13:57:37.023  1074  1074 I libprocessgroup: Created cgroup /sys/fs/cgroup/apps/uid_10859/pid_1074
09-30 13:57:37.032  1074  1074 I Zygote  : Process 1074 created for com.maplibrestartuprepro
09-30 13:57:37.033  1074  1074 I brestartuprepro: Using generational CollectorTypeCMC GC.
09-30 13:57:37.054  1074  1074 D nativeloader: Load libframework-connectivity-tiramisu-jni.so using APEX ns com_android_tethering for caller /apex/com.android.tethering/javalib/framework-connectivity-t.jar: ok
09-30 13:57:37.085  1074  1074 D ApplicationLoaders: Returning zygote-cached class loader: /system_ext/framework/androidx.window.extensions.jar
09-30 13:57:37.085  1074  1074 D ApplicationLoaders: Returning zygote-cached class loader: /system_ext/framework/androidx.window.sidecar.jar
09-30 13:57:37.095  1074  1074 D nativeloader: Configuring clns-9 for other apk /data/app/~~m5tueVBYmOzVExdgX7IWNA==/com.maplibrestartuprepro-JVPr-V5IjhCm_qQzdQMbsg==/base.apk. target_sdk_version=36, uses_libraries=, library_path=/data/app/~~m5tueVBYmOzVExdgX7IWNA==/com.maplibrestartuprepro-JVPr-V5IjhCm_qQzdQMbsg==/lib/arm64:/data/app/~~m5tueVBYmOzVExdgX7IWNA==/com.maplibrestartuprepro-JVPr-V5IjhCm_qQzdQMbsg==/base.apk!/lib/arm64-v8a, permitted_path=/data:/mnt/expand:/data/user/0/com.maplibrestartuprepro
09-30 13:57:37.105  1074  1074 D ActivityThread: Set OS env TMPDIR to /data/user/0/com.maplibrestartuprepro/cache
09-30 13:57:37.108  1074  1074 V GraphicsEnvironment: Currently set values for:
09-30 13:57:37.108  1074  1074 V GraphicsEnvironment:   angle_gl_driver_selection_pkgs=[com.android.angle]
09-30 13:57:37.108  1074  1074 V GraphicsEnvironment:   angle_gl_driver_selection_values=[angle]
09-30 13:57:37.108  1074  1074 V GraphicsEnvironment: com.maplibrestartuprepro is not listed in per-application setting
09-30 13:57:37.108  1074  1074 V GraphicsEnvironment: No special selections for ANGLE, returning default driver choice
09-30 13:57:37.109  1074  1074 V GraphicsEnvironment: Neither updatable production driver nor prerelease driver is supported.
09-30 13:57:37.119  1074  1074 W SoLoader: Initializing SoLoader: 0
09-30 13:57:37.119  1074  1074 W SoLoader: Recording new base apk path: /data/app/~~m5tueVBYmOzVExdgX7IWNA==/com.maplibrestartuprepro-JVPr-V5IjhCm_qQzdQMbsg==/base.apk
09-30 13:57:37.119  1074  1074 W SoLoader: Previously recorded 0 base apk paths.
09-30 13:57:37.120  1074  1074 I SoLoader: Preparing SO source: DirectorySoSource[root = /vendor/lib64 flags = 2]
09-30 13:57:37.120  1074  1074 I SoLoader: Preparing SO source: DirectorySoSource[root = /system/lib64 flags = 2]
09-30 13:57:37.120  1074  1074 I SoLoader: Preparing SO source: DirectApkSoSource[root = [/data/app/~~m5tueVBYmOzVExdgX7IWNA==/com.maplibrestartuprepro-JVPr-V5IjhCm_qQzdQMbsg==/base.apk!/lib/arm64-v8a]]
09-30 13:57:37.121  1074  1074 I SoLoader: Preparing SO source: ApplicationSoSource[DirectorySoSource[root = /data/app/~~m5tueVBYmOzVExdgX7IWNA==/com.maplibrestartuprepro-JVPr-V5IjhCm_qQzdQMbsg==/lib/arm64 flags = 0]]
09-30 13:57:37.121  1074  1074 I SoLoader: init finish: 4 SO sources prepared
09-30 13:57:37.121  1074  1074 W SoLoader: SoLoader initialized: 8
09-30 13:57:37.129  1074  1074 D nativeloader: Load /data/app/~~m5tueVBYmOzVExdgX7IWNA==/com.maplibrestartuprepro-JVPr-V5IjhCm_qQzdQMbsg==/base.apk!/lib/arm64-v8a/libc++_shared.so using class loader ns clns-9 (caller=/data/app/~~m5tueVBYmOzVExdgX7IWNA==/com.maplibrestartuprepro-JVPr-V5IjhCm_qQzdQMbsg==/base.apk): ok
09-30 13:57:37.132  1074  1074 D nativeloader: Load /data/app/~~m5tueVBYmOzVExdgX7IWNA==/com.maplibrestartuprepro-JVPr-V5IjhCm_qQzdQMbsg==/base.apk!/lib/arm64-v8a/libjsi.so using class loader ns clns-9 (caller=/data/app/~~m5tueVBYmOzVExdgX7IWNA==/com.maplibrestartuprepro-JVPr-V5IjhCm_qQzdQMbsg==/base.apk): ok
09-30 13:57:37.134  1074  1074 D nativeloader: Load /data/app/~~m5tueVBYmOzVExdgX7IWNA==/com.maplibrestartuprepro-JVPr-V5IjhCm_qQzdQMbsg==/base.apk!/lib/arm64-v8a/libfbjni.so using class loader ns clns-9 (caller=/data/app/~~m5tueVBYmOzVExdgX7IWNA==/com.maplibrestartuprepro-JVPr-V5IjhCm_qQzdQMbsg==/base.apk): ok
09-30 13:57:37.203  1074  1074 D nativeloader: Load /data/app/~~m5tueVBYmOzVExdgX7IWNA==/com.maplibrestartuprepro-JVPr-V5IjhCm_qQzdQMbsg==/base.apk!/lib/arm64-v8a/libreactnative.so using class loader ns clns-9 (caller=/data/app/~~m5tueVBYmOzVExdgX7IWNA==/com.maplibrestartuprepro-JVPr-V5IjhCm_qQzdQMbsg==/base.apk): ok
09-30 13:57:37.203  1074  1074 D jni_lib_merge: Entering merged library JNI_OnLoad.
09-30 13:57:37.203  1074  1074 D jni_lib_merge: Preparing 13 pre-merged libs (including stub)
09-30 13:57:37.203  1074  1074 D jni_lib_merge: Preparing to register libfabricjni_so.  onload_func: 0x75afa14b5c
09-30 13:57:37.203  1074  1074 D jni_lib_merge: Preparing to register libreact_devsupportjni_so.  onload_func: 0x75afaec3d0
09-30 13:57:37.203  1074  1074 D jni_lib_merge: Preparing to register libreact_featureflagsjni_so.  onload_func: 0x75afb0564c
09-30 13:57:37.203  1074  1074 D jni_lib_merge: Preparing to register libreact_newarchdefaults_so.  onload_func: 0x75afb471d8
09-30 13:57:37.203  1074  1074 D jni_lib_merge: Preparing to register libreact_tracingjni_so.  onload_func: 0x75afc2e4cc
09-30 13:57:37.203  1074  1074 D jni_lib_merge: Preparing to register libreactnativeblob_so.  onload_func: 0x75afc33760
09-30 13:57:37.203  1074  1074 D jni_lib_merge: Preparing to register libreactnativejni_so.  onload_func: 0x75afc3f7f4
09-30 13:57:37.203  1074  1074 D jni_lib_merge: Preparing to register libreactnativejni_common_so.  onload_func: 0x75afc42838
09-30 13:57:37.203  1074  1074 D jni_lib_merge: Preparing to register librninstance_so.  onload_func: 0x75afc67f50
09-30 13:57:37.203  1074  1074 D jni_lib_merge: Preparing to register libturbomodulejsijni_so.  onload_func: 0x75afcfdf48
09-30 13:57:37.203  1074  1074 D jni_lib_merge: Preparing to register libuimanagerjni_so.  onload_func: 0x75afd0493c
09-30 13:57:37.203  1074  1074 D jni_lib_merge: Preparing to register libyoga_so.  onload_func: 0x75afd0c3b8
09-30 13:57:37.203  1074  1074 D jni_lib_merge: About to register 12 actual methods.
09-30 13:57:37.211  1074  1074 D nativeloader: Load /data/app/~~m5tueVBYmOzVExdgX7IWNA==/com.maplibrestartuprepro-JVPr-V5IjhCm_qQzdQMbsg==/base.apk!/lib/arm64-v8a/libreact_codegen_safeareacontext.so using class loader ns clns-9 (caller=/data/app/~~m5tueVBYmOzVExdgX7IWNA==/com.maplibrestartuprepro-JVPr-V5IjhCm_qQzdQMbsg==/base.apk): ok
09-30 13:57:37.213  1074  1074 D nativeloader: Load /data/app/~~m5tueVBYmOzVExdgX7IWNA==/com.maplibrestartuprepro-JVPr-V5IjhCm_qQzdQMbsg==/base.apk!/lib/arm64-v8a/libappmodules.so using class loader ns clns-9 (caller=/data/app/~~m5tueVBYmOzVExdgX7IWNA==/com.maplibrestartuprepro-JVPr-V5IjhCm_qQzdQMbsg==/base.apk): ok
09-30 13:57:37.283  1074  1099 I DisplayManager: Choreographer implicitly registered for the refresh rate.
09-30 13:57:37.286  1074  1099 D vulkan  : searching for layers in '/data/app/~~m5tueVBYmOzVExdgX7IWNA==/com.maplibrestartuprepro-JVPr-V5IjhCm_qQzdQMbsg==/lib/arm64'
09-30 13:57:37.287  1074  1099 D vulkan  : searching for layers in '/data/app/~~m5tueVBYmOzVExdgX7IWNA==/com.maplibrestartuprepro-JVPr-V5IjhCm_qQzdQMbsg==/base.apk!/lib/arm64-v8a'
09-30 13:57:37.302  1074  1074 D AppCompatDelegate: Checking for metadata for AppLocalesMetadataHolderService : Service not found
09-30 13:57:37.313  1074  1074 D CompatChangeReporter: Compat change id reported: 377864165; UID 10859; state: ENABLED
09-30 13:57:37.322  1074  1074 D nativeloader: Load /data/app/~~m5tueVBYmOzVExdgX7IWNA==/com.maplibrestartuprepro-JVPr-V5IjhCm_qQzdQMbsg==/base.apk!/lib/arm64-v8a/libhermesvm.so using class loader ns clns-9 (caller=/data/app/~~m5tueVBYmOzVExdgX7IWNA==/com.maplibrestartuprepro-JVPr-V5IjhCm_qQzdQMbsg==/base.apk): ok
09-30 13:57:37.323  1074  1074 D nativeloader: Load /data/app/~~m5tueVBYmOzVExdgX7IWNA==/com.maplibrestartuprepro-JVPr-V5IjhCm_qQzdQMbsg==/base.apk!/lib/arm64-v8a/libhermestooling.so using class loader ns clns-9 (caller=/data/app/~~m5tueVBYmOzVExdgX7IWNA==/com.maplibrestartuprepro-JVPr-V5IjhCm_qQzdQMbsg==/base.apk): ok
09-30 13:57:37.323  1074  1074 D jni_lib_merge: Entering merged library JNI_OnLoad.
09-30 13:57:37.323  1074  1074 D jni_lib_merge: Preparing 4 pre-merged libs (including stub)
09-30 13:57:37.323  1074  1074 D jni_lib_merge: Preparing to register libhermes_executor_so.  onload_func: 0x764f762eec
09-30 13:57:37.323  1074  1074 D jni_lib_merge: Preparing to register libhermesinstancejni_so.  onload_func: 0x764f76a69c
09-30 13:57:37.323  1074  1074 D jni_lib_merge: Preparing to register libjsijniprofiler_so.  onload_func: 0x764f76af44
09-30 13:57:37.323  1074  1074 D jni_lib_merge: About to register 3 actual methods.
09-30 13:57:37.339  1074  1074 W unknown:BridgelessReact: ReactHost{0}.startSurface(surfaceId = 0): Schedule
09-30 13:57:37.339  1074  1074 W unknown:BridgelessReact: ReactHost{0}.attachSurface(surfaceId = 0)
09-30 13:57:37.340  1074  1110 W unknown:BridgelessReact: ReactHost{0}.getOrCreateReactInstanceTask()
09-30 13:57:37.340  1074  1110 W unknown:BridgelessReact: ReactHost{0}.getOrCreateReactInstanceTask(): Start
09-30 13:57:37.340  1074  1110 W unknown:BridgelessReact: ReactHost{0}.getJSBundleLoader()
09-30 13:57:37.341  1074  1110 W unknown:BridgelessReact: ReactHost{0}.getOrCreateReactInstanceTask(): Creating BridgelessReactContext
09-30 13:57:37.346  1074  1110 W unknown:BridgelessReact: ReactHost{0}.getOrCreateReactInstanceTask(): Creating ReactInstance
09-30 13:57:37.348  1074  1074 I ContentCaptureHelper: Setting logging level to OFF
09-30 13:57:37.370  1074  1074 W unknown:BridgelessReact: ReactHost{0}.onHostResume(activity)
09-30 13:57:37.371  1074  1074 W unknown:BridgelessReact: ReactHost{0}.ReactContext.onHostResume()
09-30 13:57:37.399  1074  1110 W unknown:BridgelessReact: ReactHost{0}.getOrCreateReactInstanceTask(): Loading JS Bundle
09-30 13:57:37.400  1074  1074 D WindowOnBackDispatcher: setTopOnBackInvokedCallback (unwrapped): android.app.Activity$$ExternalSyntheticLambda0@7a7ebf7
09-30 13:57:37.400  1074  1074 D WindowOnBackDispatcher: setTopOnBackInvokedCallback (unwrapped): androidx.activity.OnBackPressedDispatcher$Api34Impl$createOnBackAnimationCallback$1@bfc74cd
09-30 13:57:37.400  1074  1074 D VRI[MainActivity]: WindowInsets changed: 1080x2400 statusBars:[0,136,0,0] navigationBars:[0,0,0,63] mandatorySystemGestures:[0,168,0,84] 
09-30 13:57:37.400  1074  1113 D WindowOnBackDispatcher: setOnBackInvokedCallbackInfo: androidx.activity.OnBackPressedDispatcher$Api34Impl$createOnBackAnimationCallback$1@bfc74cd
09-30 13:57:37.400  1074  1110 W unknown:BridgelessReact: ReactHost{0}.getOrCreateReactInstanceTask(): DevSupportManager.onNewReactContextCreated()
09-30 13:57:37.401  1074  1110 W unknown:BridgelessReact: ReactHost{0}.startSurface(surfaceId = 0): Execute
09-30 13:57:37.407  1074  1074 I Surface : Creating surface for consumer unnamed-1074-0 with slotExpansion=1 for 64 slots
09-30 13:57:37.408  1074  1074 I Surface : Creating surface for consumer VRI[MainActivity]#0(BLAST Consumer)0 with slotExpansion=1 for 64 slots
09-30 13:57:37.410  1074  1111 I ReactNativeJS: Running "MapLibreStartupRepro"
09-30 13:57:37.419  1074  1111 W unknown:ViewManagerPropertyUpdater: Could not find generated setter for class com.th3rdwave.safeareacontext.SafeAreaProviderManager
09-30 13:57:37.421  1074  1074 W unknown:BridgelessReact: ReactHost{0}.ReactContext.onHostResume()
09-30 13:57:37.421  1074  1074 W unknown:BridgelessReact: ReactHost{0}.getOrCreateReactInstanceTask(): Executing ReactInstanceEventListeners
09-30 13:57:37.421  1074  1111 W unknown:ViewManagerPropertyUpdater: Could not find generated setter for class com.facebook.react.uimanager.LayoutShadowNode
09-30 13:57:37.422  1074  1111 W unknown:ViewManagerPropertyUpdater: Could not find generated setter for class org.maplibre.reactnative.components.sources.geojsonsource.MLRNGeoJSONSourceManager
09-30 13:57:37.423  1074  1111 W unknown:ViewManagerPropertyUpdater: Could not find generated setter for class org.maplibre.reactnative.components.annotations.markerview.MLRNMarkerViewManager
09-30 13:57:37.423  1074  1111 W unknown:ViewManagerPropertyUpdater: Could not find generated setter for class org.maplibre.reactnative.components.sources.imagesource.MLRNImageSourceManager
09-30 13:57:37.424  1074  1111 W unknown:ViewManagerPropertyUpdater: Could not find generated setter for class org.maplibre.reactnative.components.sources.tilesources.rastersource.MLRNRasterSourceManager
09-30 13:57:37.424  1074  1111 W unknown:ViewManagerPropertyUpdater: Could not find generated setter for class org.maplibre.reactnative.components.camera.MLRNCameraManager
09-30 13:57:37.424  1074  1111 W unknown:ViewManagerPropertyUpdater: Could not find generated setter for class org.maplibre.reactnative.components.sources.tilesources.vectorsource.MLRNVectorSourceManager
09-30 13:57:37.425  1074  1111 W unknown:ViewManagerPropertyUpdater: Could not find generated setter for class org.maplibre.reactnative.components.mapview.MLRNMapViewManager
09-30 13:57:37.425  1074  1111 W unknown:ViewManagerPropertyUpdater: Could not find generated setter for class org.maplibre.reactnative.components.mapview.MLRNMapViewManager$MapShadowNode
09-30 13:57:37.426  1074  1111 W unknown:ViewManagerPropertyUpdater: Could not find generated setter for class org.maplibre.reactnative.components.layer.MLRNLayerManager
09-30 13:57:37.426  1074  1111 W unknown:ViewManagerPropertyUpdater: Could not find generated setter for class com.th3rdwave.safeareacontext.SafeAreaViewManager
09-30 13:57:37.427  1074  1111 W unknown:ViewManagerPropertyUpdater: Could not find generated setter for class com.th3rdwave.safeareacontext.SafeAreaViewShadowNode
09-30 13:57:37.427  1074  1111 W unknown:ViewManagerPropertyUpdater: Could not find generated setter for class org.maplibre.reactnative.components.mapview.MLRNAndroidTextureMapViewManager
09-30 13:57:37.427  1074  1111 W unknown:ViewManagerPropertyUpdater: Could not find generated setter for class org.maplibre.reactnative.components.sources.tilesources.rasterdemsource.MLRNRasterDEMSourceManager
09-30 13:57:37.427  1074  1111 W unknown:ViewManagerPropertyUpdater: Could not find generated setter for class org.maplibre.reactnative.components.location.MLRNNativeUserLocationManager
09-30 13:57:37.428  1074  1111 W unknown:ViewManagerPropertyUpdater: Could not find generated setter for class org.maplibre.reactnative.components.annotations.pointannotation.MLRNPointAnnotationManager
09-30 13:57:37.428  1074  1111 W unknown:ViewManagerPropertyUpdater: Could not find generated setter for class org.maplibre.reactnative.components.images.MLRNImagesManager
09-30 13:57:37.428  1074  1111 W unknown:ViewManagerPropertyUpdater: Could not find generated setter for class org.maplibre.reactnative.components.annotations.callout.MLRNCalloutManager
09-30 13:57:37.438  1074  1111 W unknown:ViewManagerPropertyUpdater: Could not find generated setter for class com.facebook.react.views.safeareaview.ReactSafeAreaViewManager
09-30 13:57:37.439  1074  1111 W unknown:ViewManagerPropertyUpdater: Could not find generated setter for class com.facebook.react.views.modal.ReactModalHostManager
09-30 13:57:37.440  1074  1111 W unknown:ViewManagerPropertyUpdater: Could not find generated setter for class com.facebook.react.views.progressbar.ReactProgressBarViewManager
09-30 13:57:37.441  1074  1111 W unknown:ViewManagerPropertyUpdater: Could not find generated setter for class com.facebook.react.views.scroll.ReactHorizontalScrollViewManager
09-30 13:57:37.443  1074  1111 W unknown:ViewManagerPropertyUpdater: Could not find generated setter for class com.facebook.react.views.image.ReactImageManager
09-30 13:57:37.445  1074  1111 W unknown:ViewManagerPropertyUpdater: Could not find generated setter for class com.facebook.react.views.text.ReactTextViewManager
09-30 13:57:37.447  1074  1074 D InsetsController: hide(ime())
09-30 13:57:37.447  1074  1074 I ImeTracker: com.maplibrestartuprepro:a8fa9996: onCancelled at PHASE_CLIENT_ALREADY_HIDDEN
09-30 13:57:37.450  1074  1111 W unknown:ViewManagerPropertyUpdater: Could not find generated setter for class com.facebook.react.views.scroll.ReactHorizontalScrollContainerViewManager
09-30 13:57:37.451  1074  1111 W unknown:ViewManagerPropertyUpdater: Could not find generated setter for class com.facebook.react.views.unimplementedview.ReactUnimplementedViewManager
09-30 13:57:37.454  1074  1111 W unknown:ViewManagerPropertyUpdater: Could not find generated setter for class com.facebook.react.views.scroll.ReactScrollViewManager
09-30 13:57:37.456  1074  1111 W unknown:ViewManagerPropertyUpdater: Could not find generated setter for class com.facebook.react.views.view.ReactViewManager
09-30 13:57:37.456  1074  1111 W unknown:ViewManagerPropertyUpdater: Could not find generated setter for class com.facebook.react.views.drawer.ReactDrawerLayoutManager
09-30 13:57:37.458  1074  1111 W unknown:ViewManagerPropertyUpdater: Could not find generated setter for class com.facebook.react.views.switchview.ReactSwitchManager
09-30 13:57:37.459  1074  1111 W unknown:ViewManagerPropertyUpdater: Could not find generated setter for class com.facebook.react.views.swiperefresh.SwipeRefreshLayoutManager
09-30 13:57:37.460  1074  1111 W unknown:ViewManagerPropertyUpdater: Could not find generated setter for class com.facebook.react.views.textinput.ReactTextInputManager
09-30 13:57:37.462  1074  1111 W unknown:ViewManagerPropertyUpdater: Could not find generated setter for class com.facebook.react.views.text.SelectableTextViewManager
09-30 13:57:37.463  1074  1111 W unknown:ViewManagerPropertyUpdater: Could not find generated setter for class com.facebook.react.views.virtual.view.ReactVirtualViewManager
09-30 13:57:37.494  1074  1111 I HWUI    : Using FreeType backend (prop=Auto)
09-30 13:57:37.545  1074  1111 I ReactNativeJS: [repro] first effect: calling OfflineManager
09-30 13:57:37.608  1074  1074 D nativeloader: Load /data/app/~~m5tueVBYmOzVExdgX7IWNA==/com.maplibrestartuprepro-JVPr-V5IjhCm_qQzdQMbsg==/base.apk!/lib/arm64-v8a/libmaplibre.so using class loader ns clns-9 (caller=/data/app/~~m5tueVBYmOzVExdgX7IWNA==/com.maplibrestartuprepro-JVPr-V5IjhCm_qQzdQMbsg==/base.apk!classes3.dex): ok
09-30 13:58:01.384  1074  1077 I brestartuprepro: Thread[2,tid=1077,WaitingInMainSignalCatcherLoop,Thread*=0xb4000077092f77b0,peer=0x2041020,"Signal Catcher"]: reacting to signal 3
09-30 13:58:01.384  1074  1077 I brestartuprepro: 
09-30 13:58:01.765  1074  1077 I brestartuprepro: Wrote stack traces to tombstoned
