09-30 13:53:05.399 23557 23557 I libprocessgroup: Created cgroup /sys/fs/cgroup/apps/uid_10845
09-30 13:53:05.400 23557 23557 I libprocessgroup: Created cgroup /sys/fs/cgroup/apps/uid_10845/pid_23557
09-30 13:53:05.405 23557 23557 I Zygote  : Process 23557 created for com.maplibrestartuprepro
09-30 13:53:05.406 23557 23557 I brestartuprepro: Using generational CollectorTypeCMC GC.
09-30 13:53:05.418 23557 23557 D nativeloader: Load libframework-connectivity-tiramisu-jni.so using APEX ns com_android_tethering for caller /apex/com.android.tethering/javalib/framework-connectivity-t.jar: ok
09-30 13:53:05.435 23557 23557 D ApplicationLoaders: Returning zygote-cached class loader: /system_ext/framework/androidx.window.extensions.jar
09-30 13:53:05.435 23557 23557 D ApplicationLoaders: Returning zygote-cached class loader: /system_ext/framework/androidx.window.sidecar.jar
09-30 13:53:05.437 23557 23557 D nativeloader: Configuring clns-9 for other apk /data/app/~~l6-fYM5A4uPH5BjBAbgbPA==/com.maplibrestartuprepro-AzX4mMlI03wzNp_3XmZ-Dw==/base.apk. target_sdk_version=36, uses_libraries=, library_path=/data/app/~~l6-fYM5A4uPH5BjBAbgbPA==/com.maplibrestartuprepro-AzX4mMlI03wzNp_3XmZ-Dw==/lib/arm64:/data/app/~~l6-fYM5A4uPH5BjBAbgbPA==/com.maplibrestartuprepro-AzX4mMlI03wzNp_3XmZ-Dw==/base.apk!/lib/arm64-v8a, permitted_path=/data:/mnt/expand:/data/user/0/com.maplibrestartuprepro
09-30 13:53:05.441 23557 23557 D ActivityThread: Set OS env TMPDIR to /data/user/0/com.maplibrestartuprepro/cache
09-30 13:53:05.441 23557 23557 V GraphicsEnvironment: Currently set values for:
09-30 13:53:05.441 23557 23557 V GraphicsEnvironment:   angle_gl_driver_selection_pkgs=[com.android.angle]
09-30 13:53:05.441 23557 23557 V GraphicsEnvironment:   angle_gl_driver_selection_values=[angle]
09-30 13:53:05.441 23557 23557 V GraphicsEnvironment: com.maplibrestartuprepro is not listed in per-application setting
09-30 13:53:05.441 23557 23557 V GraphicsEnvironment: No special selections for ANGLE, returning default driver choice
09-30 13:53:05.442 23557 23557 V GraphicsEnvironment: Neither updatable production driver nor prerelease driver is supported.
09-30 13:53:05.449 23557 23557 W SoLoader: Initializing SoLoader: 0
09-30 13:53:05.449 23557 23557 W SoLoader: Recording new base apk path: /data/app/~~l6-fYM5A4uPH5BjBAbgbPA==/com.maplibrestartuprepro-AzX4mMlI03wzNp_3XmZ-Dw==/base.apk
09-30 13:53:05.449 23557 23557 W SoLoader: Previously recorded 0 base apk paths.
09-30 13:53:05.449 23557 23557 I SoLoader: Preparing SO source: DirectorySoSource[root = /vendor/lib64 flags = 2]
09-30 13:53:05.450 23557 23557 I SoLoader: Preparing SO source: DirectorySoSource[root = /system/lib64 flags = 2]
09-30 13:53:05.450 23557 23557 I SoLoader: Preparing SO source: DirectApkSoSource[root = [/data/app/~~l6-fYM5A4uPH5BjBAbgbPA==/com.maplibrestartuprepro-AzX4mMlI03wzNp_3XmZ-Dw==/base.apk!/lib/arm64-v8a]]
09-30 13:53:05.451 23557 23557 I SoLoader: Preparing SO source: ApplicationSoSource[DirectorySoSource[root = /data/app/~~l6-fYM5A4uPH5BjBAbgbPA==/com.maplibrestartuprepro-AzX4mMlI03wzNp_3XmZ-Dw==/lib/arm64 flags = 0]]
09-30 13:53:05.451 23557 23557 I SoLoader: init finish: 4 SO sources prepared
09-30 13:53:05.451 23557 23557 W SoLoader: SoLoader initialized: 8
09-30 13:53:05.456 23557 23557 D nativeloader: Load /data/app/~~l6-fYM5A4uPH5BjBAbgbPA==/com.maplibrestartuprepro-AzX4mMlI03wzNp_3XmZ-Dw==/base.apk!/lib/arm64-v8a/libc++_shared.so using class loader ns clns-9 (caller=/data/app/~~l6-fYM5A4uPH5BjBAbgbPA==/com.maplibrestartuprepro-AzX4mMlI03wzNp_3XmZ-Dw==/base.apk): ok
09-30 13:53:05.459 23557 23557 D nativeloader: Load /data/app/~~l6-fYM5A4uPH5BjBAbgbPA==/com.maplibrestartuprepro-AzX4mMlI03wzNp_3XmZ-Dw==/base.apk!/lib/arm64-v8a/libjsi.so using class loader ns clns-9 (caller=/data/app/~~l6-fYM5A4uPH5BjBAbgbPA==/com.maplibrestartuprepro-AzX4mMlI03wzNp_3XmZ-Dw==/base.apk): ok
09-30 13:53:05.461 23557 23557 D nativeloader: Load /data/app/~~l6-fYM5A4uPH5BjBAbgbPA==/com.maplibrestartuprepro-AzX4mMlI03wzNp_3XmZ-Dw==/base.apk!/lib/arm64-v8a/libfbjni.so using class loader ns clns-9 (caller=/data/app/~~l6-fYM5A4uPH5BjBAbgbPA==/com.maplibrestartuprepro-AzX4mMlI03wzNp_3XmZ-Dw==/base.apk): ok
09-30 13:53:05.463 23557 23557 D nativeloader: Load /data/app/~~l6-fYM5A4uPH5BjBAbgbPA==/com.maplibrestartuprepro-AzX4mMlI03wzNp_3XmZ-Dw==/base.apk!/lib/arm64-v8a/libreactnative.so using class loader ns clns-9 (caller=/data/app/~~l6-fYM5A4uPH5BjBAbgbPA==/com.maplibrestartuprepro-AzX4mMlI03wzNp_3XmZ-Dw==/base.apk): ok
09-30 13:53:05.464 23557 23557 D jni_lib_merge: Entering merged library JNI_OnLoad.
09-30 13:53:05.464 23557 23557 D jni_lib_merge: Preparing 13 pre-merged libs (including stub)
09-30 13:53:05.464 23557 23557 D jni_lib_merge: Preparing to register libfabricjni_so.  onload_func: 0x75b09e9b5c
09-30 13:53:05.464 23557 23557 D jni_lib_merge: Preparing to register libreact_devsupportjni_so.  onload_func: 0x75b0ac13d0
09-30 13:53:05.464 23557 23557 D jni_lib_merge: Preparing to register libreact_featureflagsjni_so.  onload_func: 0x75b0ada64c
09-30 13:53:05.464 23557 23557 D jni_lib_merge: Preparing to register libreact_newarchdefaults_so.  onload_func: 0x75b0b1c1d8
09-30 13:53:05.464 23557 23557 D jni_lib_merge: Preparing to register libreact_tracingjni_so.  onload_func: 0x75b0c034cc
09-30 13:53:05.464 23557 23557 D jni_lib_merge: Preparing to register libreactnativeblob_so.  onload_func: 0x75b0c08760
09-30 13:53:05.464 23557 23557 D jni_lib_merge: Preparing to register libreactnativejni_so.  onload_func: 0x75b0c147f4
09-30 13:53:05.464 23557 23557 D jni_lib_merge: Preparing to register libreactnativejni_common_so.  onload_func: 0x75b0c17838
09-30 13:53:05.464 23557 23557 D jni_lib_merge: Preparing to register librninstance_so.  onload_func: 0x75b0c3cf50
09-30 13:53:05.464 23557 23557 D jni_lib_merge: Preparing to register libturbomodulejsijni_so.  onload_func: 0x75b0cd2f48
09-30 13:53:05.464 23557 23557 D jni_lib_merge: Preparing to register libuimanagerjni_so.  onload_func: 0x75b0cd993c
09-30 13:53:05.464 23557 23557 D jni_lib_merge: Preparing to register libyoga_so.  onload_func: 0x75b0ce13b8
09-30 13:53:05.464 23557 23557 D jni_lib_merge: About to register 12 actual methods.
09-30 13:53:05.467 23557 23557 D nativeloader: Load /data/app/~~l6-fYM5A4uPH5BjBAbgbPA==/com.maplibrestartuprepro-AzX4mMlI03wzNp_3XmZ-Dw==/base.apk!/lib/arm64-v8a/libreact_codegen_safeareacontext.so using class loader ns clns-9 (caller=/data/app/~~l6-fYM5A4uPH5BjBAbgbPA==/com.maplibrestartuprepro-AzX4mMlI03wzNp_3XmZ-Dw==/base.apk): ok
09-30 13:53:05.468 23557 23557 D nativeloader: Load /data/app/~~l6-fYM5A4uPH5BjBAbgbPA==/com.maplibrestartuprepro-AzX4mMlI03wzNp_3XmZ-Dw==/base.apk!/lib/arm64-v8a/libappmodules.so using class loader ns clns-9 (caller=/data/app/~~l6-fYM5A4uPH5BjBAbgbPA==/com.maplibrestartuprepro-AzX4mMlI03wzNp_3XmZ-Dw==/base.apk): ok
09-30 13:53:05.472 23557 23574 I DisplayManager: Choreographer implicitly registered for the refresh rate.
09-30 13:53:05.474 23557 23574 D vulkan  : searching for layers in '/data/app/~~l6-fYM5A4uPH5BjBAbgbPA==/com.maplibrestartuprepro-AzX4mMlI03wzNp_3XmZ-Dw==/lib/arm64'
09-30 13:53:05.474 23557 23574 D vulkan  : searching for layers in '/data/app/~~l6-fYM5A4uPH5BjBAbgbPA==/com.maplibrestartuprepro-AzX4mMlI03wzNp_3XmZ-Dw==/base.apk!/lib/arm64-v8a'
09-30 13:53:05.484 23557 23557 D AppCompatDelegate: Checking for metadata for AppLocalesMetadataHolderService : Service not found
09-30 13:53:05.494 23557 23557 D CompatChangeReporter: Compat change id reported: 377864165; UID 10845; state: ENABLED
09-30 13:53:05.500 23557 23557 D nativeloader: Load /data/app/~~l6-fYM5A4uPH5BjBAbgbPA==/com.maplibrestartuprepro-AzX4mMlI03wzNp_3XmZ-Dw==/base.apk!/lib/arm64-v8a/libhermesvm.so using class loader ns clns-9 (caller=/data/app/~~l6-fYM5A4uPH5BjBAbgbPA==/com.maplibrestartuprepro-AzX4mMlI03wzNp_3XmZ-Dw==/base.apk): ok
09-30 13:53:05.501 23557 23557 D nativeloader: Load /data/app/~~l6-fYM5A4uPH5BjBAbgbPA==/com.maplibrestartuprepro-AzX4mMlI03wzNp_3XmZ-Dw==/base.apk!/lib/arm64-v8a/libhermestooling.so using class loader ns clns-9 (caller=/data/app/~~l6-fYM5A4uPH5BjBAbgbPA==/com.maplibrestartuprepro-AzX4mMlI03wzNp_3XmZ-Dw==/base.apk): ok
09-30 13:53:05.501 23557 23557 D jni_lib_merge: Entering merged library JNI_OnLoad.
09-30 13:53:05.501 23557 23557 D jni_lib_merge: Preparing 4 pre-merged libs (including stub)
09-30 13:53:05.501 23557 23557 D jni_lib_merge: Preparing to register libhermes_executor_so.  onload_func: 0x764f76aeec
09-30 13:53:05.501 23557 23557 D jni_lib_merge: Preparing to register libhermesinstancejni_so.  onload_func: 0x764f77269c
09-30 13:53:05.501 23557 23557 D jni_lib_merge: Preparing to register libjsijniprofiler_so.  onload_func: 0x764f772f44
09-30 13:53:05.501 23557 23557 D jni_lib_merge: About to register 3 actual methods.
09-30 13:53:05.513 23557 23557 W unknown:BridgelessReact: ReactHost{0}.startSurface(surfaceId = 0): Schedule
09-30 13:53:05.513 23557 23557 W unknown:BridgelessReact: ReactHost{0}.attachSurface(surfaceId = 0)
09-30 13:53:05.514 23557 23587 W unknown:BridgelessReact: ReactHost{0}.getOrCreateReactInstanceTask()
09-30 13:53:05.514 23557 23587 W unknown:BridgelessReact: ReactHost{0}.getOrCreateReactInstanceTask(): Start
09-30 13:53:05.514 23557 23587 W unknown:BridgelessReact: ReactHost{0}.getJSBundleLoader()
09-30 13:53:05.514 23557 23587 W unknown:BridgelessReact: ReactHost{0}.getOrCreateReactInstanceTask(): Creating BridgelessReactContext
09-30 13:53:05.514 23557 23587 W unknown:BridgelessReact: ReactHost{0}.getOrCreateReactInstanceTask(): Creating ReactInstance
09-30 13:53:05.517 23557 23557 I ContentCaptureHelper: Setting logging level to OFF
09-30 13:53:05.522 23557 23557 W unknown:BridgelessReact: ReactHost{0}.onHostResume(activity)
09-30 13:53:05.522 23557 23557 W unknown:BridgelessReact: ReactHost{0}.ReactContext.onHostResume()
09-30 13:53:05.525 23557 23587 W unknown:BridgelessReact: ReactHost{0}.getOrCreateReactInstanceTask(): Loading JS Bundle
09-30 13:53:05.525 23557 23587 W unknown:BridgelessReact: ReactHost{0}.getOrCreateReactInstanceTask(): DevSupportManager.onNewReactContextCreated()
09-30 13:53:05.525 23557 23587 W unknown:BridgelessReact: ReactHost{0}.startSurface(surfaceId = 0): Execute
09-30 13:53:05.528 23557 23588 I ReactNativeJS: Running "MapLibreStartupRepro"
09-30 13:53:05.530 23557 23588 W unknown:ViewManagerPropertyUpdater: Could not find generated setter for class com.th3rdwave.safeareacontext.SafeAreaProviderManager
09-30 13:53:05.532 23557 23588 W unknown:ViewManagerPropertyUpdater: Could not find generated setter for class com.facebook.react.uimanager.LayoutShadowNode
09-30 13:53:05.532 23557 23588 W unknown:ViewManagerPropertyUpdater: Could not find generated setter for class org.maplibre.reactnative.components.sources.geojsonsource.MLRNGeoJSONSourceManager
09-30 13:53:05.533 23557 23588 W unknown:ViewManagerPropertyUpdater: Could not find generated setter for class org.maplibre.reactnative.components.annotations.markerview.MLRNMarkerViewManager
09-30 13:53:05.533 23557 23588 W unknown:ViewManagerPropertyUpdater: Could not find generated setter for class org.maplibre.reactnative.components.sources.imagesource.MLRNImageSourceManager
09-30 13:53:05.534 23557 23588 W unknown:ViewManagerPropertyUpdater: Could not find generated setter for class org.maplibre.reactnative.components.sources.tilesources.rastersource.MLRNRasterSourceManager
09-30 13:53:05.535 23557 23588 W unknown:ViewManagerPropertyUpdater: Could not find generated setter for class org.maplibre.reactnative.components.camera.MLRNCameraManager
09-30 13:53:05.535 23557 23588 W unknown:ViewManagerPropertyUpdater: Could not find generated setter for class org.maplibre.reactnative.components.sources.tilesources.vectorsource.MLRNVectorSourceManager
09-30 13:53:05.535 23557 23588 W unknown:ViewManagerPropertyUpdater: Could not find generated setter for class org.maplibre.reactnative.components.mapview.MLRNMapViewManager
09-30 13:53:05.536 23557 23588 W unknown:ViewManagerPropertyUpdater: Could not find generated setter for class org.maplibre.reactnative.components.mapview.MLRNMapViewManager$MapShadowNode
09-30 13:53:05.536 23557 23588 W unknown:ViewManagerPropertyUpdater: Could not find generated setter for class org.maplibre.reactnative.components.layer.MLRNLayerManager
09-30 13:53:05.536 23557 23588 W unknown:ViewManagerPropertyUpdater: Could not find generated setter for class com.th3rdwave.safeareacontext.SafeAreaViewManager
09-30 13:53:05.537 23557 23588 W unknown:ViewManagerPropertyUpdater: Could not find generated setter for class com.th3rdwave.safeareacontext.SafeAreaViewShadowNode
09-30 13:53:05.537 23557 23588 W unknown:ViewManagerPropertyUpdater: Could not find generated setter for class org.maplibre.reactnative.components.mapview.MLRNAndroidTextureMapViewManager
09-30 13:53:05.537 23557 23588 W unknown:ViewManagerPropertyUpdater: Could not find generated setter for class org.maplibre.reactnative.components.sources.tilesources.rasterdemsource.MLRNRasterDEMSourceManager
09-30 13:53:05.537 23557 23588 W unknown:ViewManagerPropertyUpdater: Could not find generated setter for class org.maplibre.reactnative.components.location.MLRNNativeUserLocationManager
09-30 13:53:05.538 23557 23588 W unknown:ViewManagerPropertyUpdater: Could not find generated setter for class org.maplibre.reactnative.components.annotations.pointannotation.MLRNPointAnnotationManager
09-30 13:53:05.538 23557 23588 W unknown:ViewManagerPropertyUpdater: Could not find generated setter for class org.maplibre.reactnative.components.images.MLRNImagesManager
09-30 13:53:05.538 23557 23588 W unknown:ViewManagerPropertyUpdater: Could not find generated setter for class org.maplibre.reactnative.components.annotations.callout.MLRNCalloutManager
09-30 13:53:05.545 23557 23588 W unknown:ViewManagerPropertyUpdater: Could not find generated setter for class com.facebook.react.views.safeareaview.ReactSafeAreaViewManager
09-30 13:53:05.546 23557 23588 W unknown:ViewManagerPropertyUpdater: Could not find generated setter for class com.facebook.react.views.modal.ReactModalHostManager
09-30 13:53:05.547 23557 23588 W unknown:ViewManagerPropertyUpdater: Could not find generated setter for class com.facebook.react.views.progressbar.ReactProgressBarViewManager
09-30 13:53:05.548 23557 23588 W unknown:ViewManagerPropertyUpdater: Could not find generated setter for class com.facebook.react.views.scroll.ReactHorizontalScrollViewManager
09-30 13:53:05.549 23557 23588 W unknown:ViewManagerPropertyUpdater: Could not find generated setter for class com.facebook.react.views.image.ReactImageManager
09-30 13:53:05.550 23557 23588 W unknown:ViewManagerPropertyUpdater: Could not find generated setter for class com.facebook.react.views.text.ReactTextViewManager
09-30 13:53:05.551 23557 23588 W unknown:ViewManagerPropertyUpdater: Could not find generated setter for class com.facebook.react.views.scroll.ReactHorizontalScrollContainerViewManager
09-30 13:53:05.552 23557 23588 W unknown:ViewManagerPropertyUpdater: Could not find generated setter for class com.facebook.react.views.unimplementedview.ReactUnimplementedViewManager
09-30 13:53:05.553 23557 23588 W unknown:ViewManagerPropertyUpdater: Could not find generated setter for class com.facebook.react.views.scroll.ReactScrollViewManager
09-30 13:53:05.554 23557 23588 W unknown:ViewManagerPropertyUpdater: Could not find generated setter for class com.facebook.react.views.view.ReactViewManager
09-30 13:53:05.555 23557 23588 W unknown:ViewManagerPropertyUpdater: Could not find generated setter for class com.facebook.react.views.drawer.ReactDrawerLayoutManager
09-30 13:53:05.556 23557 23588 W unknown:ViewManagerPropertyUpdater: Could not find generated setter for class com.facebook.react.views.switchview.ReactSwitchManager
09-30 13:53:05.557 23557 23588 W unknown:ViewManagerPropertyUpdater: Could not find generated setter for class com.facebook.react.views.swiperefresh.SwipeRefreshLayoutManager
09-30 13:53:05.558 23557 23588 W unknown:ViewManagerPropertyUpdater: Could not find generated setter for class com.facebook.react.views.textinput.ReactTextInputManager
09-30 13:53:05.560 23557 23588 W unknown:ViewManagerPropertyUpdater: Could not find generated setter for class com.facebook.react.views.text.SelectableTextViewManager
09-30 13:53:05.560 23557 23588 W unknown:ViewManagerPropertyUpdater: Could not find generated setter for class com.facebook.react.views.virtual.view.ReactVirtualViewManager
09-30 13:53:05.565 23557 23588 I HWUI    : Using FreeType backend (prop=Auto)
09-30 13:53:05.567 23557 23588 I ReactNativeJS: [repro] first effect: calling OfflineManager
09-30 13:53:05.573 23557 23589 D nativeloader: Load /data/app/~~l6-fYM5A4uPH5BjBAbgbPA==/com.maplibrestartuprepro-AzX4mMlI03wzNp_3XmZ-Dw==/base.apk!/lib/arm64-v8a/libmaplibre.so using class loader ns clns-9 (caller=/data/app/~~l6-fYM5A4uPH5BjBAbgbPA==/com.maplibrestartuprepro-AzX4mMlI03wzNp_3XmZ-Dw==/base.apk!classes3.dex): ok
09-30 13:53:05.583 23557 23557 W unknown:BridgelessReact: ReactHost{0}.ReactContext.onHostResume()
09-30 13:53:05.583 23557 23557 W unknown:BridgelessReact: ReactHost{0}.getOrCreateReactInstanceTask(): Executing ReactInstanceEventListeners
09-30 13:53:05.594 23557 23557 D WindowOnBackDispatcher: setTopOnBackInvokedCallback (unwrapped): android.app.Activity$$ExternalSyntheticLambda0@f92cbf0
09-30 13:53:05.594 23557 23557 D WindowOnBackDispatcher: setTopOnBackInvokedCallback (unwrapped): androidx.activity.OnBackPressedDispatcher$Api34Impl$createOnBackAnimationCallback$1@3a01bee
09-30 13:53:05.594 23557 23591 D WindowOnBackDispatcher: setOnBackInvokedCallbackInfo: androidx.activity.OnBackPressedDispatcher$Api34Impl$createOnBackAnimationCallback$1@3a01bee
09-30 13:53:05.594 23557 23557 D VRI[MainActivity]: WindowInsets changed: 1080x2400 statusBars:[0,136,0,0] navigationBars:[0,0,0,63] mandatorySystemGestures:[0,168,0,84] 
09-30 13:53:05.594 23557 23591 D WindowOnBackDispatcher: setOnBackInvokedCallbackInfo: androidx.activity.OnBackPressedDispatcher$Api34Impl$createOnBackAnimationCallback$1@3a01bee
09-30 13:53:05.595 23557 23557 W unknown:ViewManagerPropertyUpdater: Could not find generated setter for class com.facebook.react.uimanager.RootViewManager
09-30 13:53:05.599 23557 23557 I Surface : Creating surface for consumer unnamed-23557-0 with slotExpansion=1 for 64 slots
09-30 13:53:05.599 23557 23557 I Surface : Creating surface for consumer VRI[MainActivity]#0(BLAST Consumer)0 with slotExpansion=1 for 64 slots
09-30 13:53:05.617 23557 23589 W unknown:BridgelessReact: ReactHost{0}.handleHostException(message = "
09-30 13:53:05.617 23557 23589 W unknown:BridgelessReact: Using MapView requires calling MapLibre.getInstance(Context context, String apiKey, WellKnownTileServer wellKnownTileServer) before inflating or creating the view.")
09-30 13:53:05.618 23557 23589 E AndroidRuntime: FATAL EXCEPTION: mqt_v_native
09-30 13:53:05.618 23557 23589 E AndroidRuntime: Process: com.maplibrestartuprepro, PID: 23557
09-30 13:53:05.618 23557 23589 E AndroidRuntime: org.maplibre.android.exceptions.MapLibreConfigurationException: 
09-30 13:53:05.618 23557 23589 E AndroidRuntime: Using MapView requires calling MapLibre.getInstance(Context context, String apiKey, WellKnownTileServer wellKnownTileServer) before inflating or creating the view.
09-30 13:53:05.618 23557 23589 E AndroidRuntime: 	at org.maplibre.android.MapLibre.validateMapLibre(MapLibre.java:261)
09-30 13:53:05.618 23557 23589 E AndroidRuntime: 	at org.maplibre.android.MapLibre.getTileServerOptions(MapLibre.java:164)
09-30 13:53:05.618 23557 23589 E AndroidRuntime: 	at org.maplibre.android.storage.FileSource.<init>(FileSource.java:348)
09-30 13:53:05.618 23557 23589 E AndroidRuntime: 	at org.maplibre.android.storage.FileSource.getInstance(FileSource.java:95)
09-30 13:53:05.618 23557 23589 E AndroidRuntime: 	at org.maplibre.android.offline.OfflineManager.<init>(OfflineManager.kt:133)
09-30 13:53:05.618 23557 23589 E AndroidRuntime: 	at org.maplibre.android.offline.OfflineManager.<init>(OfflineManager.kt:0)
09-30 13:53:05.618 23557 23589 E AndroidRuntime: 	at org.maplibre.android.offline.OfflineManager$Companion.getInstance(OfflineManager.kt:653)
09-30 13:53:05.618 23557 23589 E AndroidRuntime: 	at org.maplibre.reactnative.modules.MLRNOfflineModule.setTileCountLimit(MLRNOfflineModule.kt:412)
09-30 13:53:05.618 23557 23589 E AndroidRuntime: 	at com.facebook.jni.NativeRunnable.run(Native Method)
09-30 13:53:05.618 23557 23589 E AndroidRuntime: 	at android.os.Handler.handleCallback(Handler.java:1082)
09-30 13:53:05.618 23557 23589 E AndroidRuntime: 	at android.os.Handler.dispatchMessageImpl(Handler.java:135)
09-30 13:53:05.618 23557 23589 E AndroidRuntime: 	at android.os.Handler.dispatchMessage(Handler.java:126)
09-30 13:53:05.618 23557 23589 E AndroidRuntime: 	at com.facebook.react.bridge.queue.MessageQueueThreadHandler.dispatchMessage(MessageQueueThreadHandler.kt:21)
09-30 13:53:05.618 23557 23589 E AndroidRuntime: 	at android.os.Looper.loopOnce(Looper.java:295)
09-30 13:53:05.618 23557 23589 E AndroidRuntime: 	at android.os.Looper.loop(Looper.java:398)
09-30 13:53:05.618 23557 23589 E AndroidRuntime: 	at com.facebook.react.bridge.queue.MessageQueueThreadImpl$Companion.startNewBackgroundThread$lambda$0(MessageQueueThreadImpl.kt:152)
09-30 13:53:05.618 23557 23589 E AndroidRuntime: 	at com.facebook.react.bridge.queue.MessageQueueThreadImpl$Companion$$ExternalSyntheticLambda0.run(D8$$SyntheticClass:0)
09-30 13:53:05.618 23557 23589 E AndroidRuntime: 	at java.lang.Thread.run(Thread.java:1571)
09-30 13:53:05.628 23557 23589 I Process : Sending signal. PID: 23557 SIG: 9
