09-30 13:50:44.575 17949 17949 I libprocessgroup: Created cgroup /sys/fs/cgroup/apps/uid_10840
09-30 13:50:44.577 17949 17949 I libprocessgroup: Created cgroup /sys/fs/cgroup/apps/uid_10840/pid_17949
09-30 13:50:44.587 17949 17949 I Zygote  : Process 17949 created for com.maplibrestartuprepro
09-30 13:50:44.588 17949 17949 I brestartuprepro: Using generational CollectorTypeCMC GC.
09-30 13:50:44.612 17949 17949 D nativeloader: Load libframework-connectivity-tiramisu-jni.so using APEX ns com_android_tethering for caller /apex/com.android.tethering/javalib/framework-connectivity-t.jar: ok
09-30 13:50:44.704 17949 17949 D ApplicationLoaders: Returning zygote-cached class loader: /system_ext/framework/androidx.window.extensions.jar
09-30 13:50:44.704 17949 17949 D ApplicationLoaders: Returning zygote-cached class loader: /system_ext/framework/androidx.window.sidecar.jar
09-30 13:50:44.723 17949 17949 D nativeloader: Configuring clns-9 for other apk /data/app/~~ZZePCDUdO8qjgk88MzcILw==/com.maplibrestartuprepro-n5u1IVON7DURRVrbVV6kEA==/base.apk. target_sdk_version=36, uses_libraries=, library_path=/data/app/~~ZZePCDUdO8qjgk88MzcILw==/com.maplibrestartuprepro-n5u1IVON7DURRVrbVV6kEA==/lib/arm64:/data/app/~~ZZePCDUdO8qjgk88MzcILw==/com.maplibrestartuprepro-n5u1IVON7DURRVrbVV6kEA==/base.apk!/lib/arm64-v8a, permitted_path=/data:/mnt/expand:/data/user/0/com.maplibrestartuprepro
09-30 13:50:44.731 17949 17949 D ActivityThread: Set OS env TMPDIR to /data/user/0/com.maplibrestartuprepro/cache
09-30 13:50:44.732 17949 17949 V GraphicsEnvironment: Currently set values for:
09-30 13:50:44.732 17949 17949 V GraphicsEnvironment:   angle_gl_driver_selection_pkgs=[com.android.angle]
09-30 13:50:44.732 17949 17949 V GraphicsEnvironment:   angle_gl_driver_selection_values=[angle]
09-30 13:50:44.732 17949 17949 V GraphicsEnvironment: com.maplibrestartuprepro is not listed in per-application setting
09-30 13:50:44.733 17949 17949 V GraphicsEnvironment: No special selections for ANGLE, returning default driver choice
09-30 13:50:44.735 17949 17949 V GraphicsEnvironment: Neither updatable production driver nor prerelease driver is supported.
09-30 13:50:44.744 17949 17949 W SoLoader: Initializing SoLoader: 0
09-30 13:50:44.744 17949 17949 W SoLoader: Recording new base apk path: /data/app/~~ZZePCDUdO8qjgk88MzcILw==/com.maplibrestartuprepro-n5u1IVON7DURRVrbVV6kEA==/base.apk
09-30 13:50:44.744 17949 17949 W SoLoader: Previously recorded 0 base apk paths.
09-30 13:50:44.745 17949 17949 I SoLoader: Preparing SO source: DirectorySoSource[root = /vendor/lib64 flags = 2]
09-30 13:50:44.745 17949 17949 I SoLoader: Preparing SO source: DirectorySoSource[root = /system/lib64 flags = 2]
09-30 13:50:44.745 17949 17949 I SoLoader: Preparing SO source: DirectApkSoSource[root = [/data/app/~~ZZePCDUdO8qjgk88MzcILw==/com.maplibrestartuprepro-n5u1IVON7DURRVrbVV6kEA==/base.apk!/lib/arm64-v8a]]
09-30 13:50:44.746 17949 17949 I SoLoader: Preparing SO source: ApplicationSoSource[DirectorySoSource[root = /data/app/~~ZZePCDUdO8qjgk88MzcILw==/com.maplibrestartuprepro-n5u1IVON7DURRVrbVV6kEA==/lib/arm64 flags = 0]]
09-30 13:50:44.746 17949 17949 I SoLoader: init finish: 4 SO sources prepared
09-30 13:50:44.746 17949 17949 W SoLoader: SoLoader initialized: 8
09-30 13:50:44.758 17949 17949 D nativeloader: Load /data/app/~~ZZePCDUdO8qjgk88MzcILw==/com.maplibrestartuprepro-n5u1IVON7DURRVrbVV6kEA==/base.apk!/lib/arm64-v8a/libc++_shared.so using class loader ns clns-9 (caller=/data/app/~~ZZePCDUdO8qjgk88MzcILw==/com.maplibrestartuprepro-n5u1IVON7DURRVrbVV6kEA==/base.apk): ok
09-30 13:50:44.761 17949 17949 D nativeloader: Load /data/app/~~ZZePCDUdO8qjgk88MzcILw==/com.maplibrestartuprepro-n5u1IVON7DURRVrbVV6kEA==/base.apk!/lib/arm64-v8a/libjsi.so using class loader ns clns-9 (caller=/data/app/~~ZZePCDUdO8qjgk88MzcILw==/com.maplibrestartuprepro-n5u1IVON7DURRVrbVV6kEA==/base.apk): ok
09-30 13:50:44.763 17949 17949 D nativeloader: Load /data/app/~~ZZePCDUdO8qjgk88MzcILw==/com.maplibrestartuprepro-n5u1IVON7DURRVrbVV6kEA==/base.apk!/lib/arm64-v8a/libfbjni.so using class loader ns clns-9 (caller=/data/app/~~ZZePCDUdO8qjgk88MzcILw==/com.maplibrestartuprepro-n5u1IVON7DURRVrbVV6kEA==/base.apk): ok
09-30 13:50:44.821 17949 17949 D nativeloader: Load /data/app/~~ZZePCDUdO8qjgk88MzcILw==/com.maplibrestartuprepro-n5u1IVON7DURRVrbVV6kEA==/base.apk!/lib/arm64-v8a/libreactnative.so using class loader ns clns-9 (caller=/data/app/~~ZZePCDUdO8qjgk88MzcILw==/com.maplibrestartuprepro-n5u1IVON7DURRVrbVV6kEA==/base.apk): ok
09-30 13:50:44.821 17949 17949 D jni_lib_merge: Entering merged library JNI_OnLoad.
09-30 13:50:44.821 17949 17949 D jni_lib_merge: Preparing 13 pre-merged libs (including stub)
09-30 13:50:44.821 17949 17949 D jni_lib_merge: Preparing to register libfabricjni_so.  onload_func: 0x75aff78b5c
09-30 13:50:44.821 17949 17949 D jni_lib_merge: Preparing to register libreact_devsupportjni_so.  onload_func: 0x75b00503d0
09-30 13:50:44.821 17949 17949 D jni_lib_merge: Preparing to register libreact_featureflagsjni_so.  onload_func: 0x75b006964c
09-30 13:50:44.821 17949 17949 D jni_lib_merge: Preparing to register libreact_newarchdefaults_so.  onload_func: 0x75b00ab1d8
09-30 13:50:44.821 17949 17949 D jni_lib_merge: Preparing to register libreact_tracingjni_so.  onload_func: 0x75b01924cc
09-30 13:50:44.821 17949 17949 D jni_lib_merge: Preparing to register libreactnativeblob_so.  onload_func: 0x75b0197760
09-30 13:50:44.821 17949 17949 D jni_lib_merge: Preparing to register libreactnativejni_so.  onload_func: 0x75b01a37f4
09-30 13:50:44.821 17949 17949 D jni_lib_merge: Preparing to register libreactnativejni_common_so.  onload_func: 0x75b01a6838
09-30 13:50:44.821 17949 17949 D jni_lib_merge: Preparing to register librninstance_so.  onload_func: 0x75b01cbf50
09-30 13:50:44.821 17949 17949 D jni_lib_merge: Preparing to register libturbomodulejsijni_so.  onload_func: 0x75b0261f48
09-30 13:50:44.821 17949 17949 D jni_lib_merge: Preparing to register libuimanagerjni_so.  onload_func: 0x75b026893c
09-30 13:50:44.821 17949 17949 D jni_lib_merge: Preparing to register libyoga_so.  onload_func: 0x75b02703b8
09-30 13:50:44.821 17949 17949 D jni_lib_merge: About to register 12 actual methods.
09-30 13:50:44.830 17949 17949 D nativeloader: Load /data/app/~~ZZePCDUdO8qjgk88MzcILw==/com.maplibrestartuprepro-n5u1IVON7DURRVrbVV6kEA==/base.apk!/lib/arm64-v8a/libreact_codegen_safeareacontext.so using class loader ns clns-9 (caller=/data/app/~~ZZePCDUdO8qjgk88MzcILw==/com.maplibrestartuprepro-n5u1IVON7DURRVrbVV6kEA==/base.apk): ok
09-30 13:50:44.841 17949 17949 D nativeloader: Load /data/app/~~ZZePCDUdO8qjgk88MzcILw==/com.maplibrestartuprepro-n5u1IVON7DURRVrbVV6kEA==/base.apk!/lib/arm64-v8a/libappmodules.so using class loader ns clns-9 (caller=/data/app/~~ZZePCDUdO8qjgk88MzcILw==/com.maplibrestartuprepro-n5u1IVON7DURRVrbVV6kEA==/base.apk): ok
09-30 13:50:44.844 17949 17969 I DisplayManager: Choreographer implicitly registered for the refresh rate.
09-30 13:50:44.845 17949 17969 D vulkan  : searching for layers in '/data/app/~~ZZePCDUdO8qjgk88MzcILw==/com.maplibrestartuprepro-n5u1IVON7DURRVrbVV6kEA==/lib/arm64'
09-30 13:50:44.846 17949 17969 D vulkan  : searching for layers in '/data/app/~~ZZePCDUdO8qjgk88MzcILw==/com.maplibrestartuprepro-n5u1IVON7DURRVrbVV6kEA==/base.apk!/lib/arm64-v8a'
09-30 13:50:44.854 17949 17949 D AppCompatDelegate: Checking for metadata for AppLocalesMetadataHolderService : Service not found
09-30 13:50:44.864 17949 17949 D CompatChangeReporter: Compat change id reported: 377864165; UID 10840; state: ENABLED
09-30 13:50:44.881 17949 17949 D nativeloader: Load /data/app/~~ZZePCDUdO8qjgk88MzcILw==/com.maplibrestartuprepro-n5u1IVON7DURRVrbVV6kEA==/base.apk!/lib/arm64-v8a/libhermesvm.so using class loader ns clns-9 (caller=/data/app/~~ZZePCDUdO8qjgk88MzcILw==/com.maplibrestartuprepro-n5u1IVON7DURRVrbVV6kEA==/base.apk): ok
09-30 13:50:44.883 17949 17949 D nativeloader: Load /data/app/~~ZZePCDUdO8qjgk88MzcILw==/com.maplibrestartuprepro-n5u1IVON7DURRVrbVV6kEA==/base.apk!/lib/arm64-v8a/libhermestooling.so using class loader ns clns-9 (caller=/data/app/~~ZZePCDUdO8qjgk88MzcILw==/com.maplibrestartuprepro-n5u1IVON7DURRVrbVV6kEA==/base.apk): ok
09-30 13:50:44.883 17949 17949 D jni_lib_merge: Entering merged library JNI_OnLoad.
09-30 13:50:44.883 17949 17949 D jni_lib_merge: Preparing 4 pre-merged libs (including stub)
09-30 13:50:44.883 17949 17949 D jni_lib_merge: Preparing to register libhermes_executor_so.  onload_func: 0x764f769eec
09-30 13:50:44.883 17949 17949 D jni_lib_merge: Preparing to register libhermesinstancejni_so.  onload_func: 0x764f77169c
09-30 13:50:44.883 17949 17949 D jni_lib_merge: Preparing to register libjsijniprofiler_so.  onload_func: 0x764f771f44
09-30 13:50:44.883 17949 17949 D jni_lib_merge: About to register 3 actual methods.
09-30 13:50:44.901 17949 17949 W unknown:BridgelessReact: ReactHost{0}.startSurface(surfaceId = 0): Schedule
09-30 13:50:44.901 17949 17949 W unknown:BridgelessReact: ReactHost{0}.attachSurface(surfaceId = 0)
09-30 13:50:44.902 17949 17980 W unknown:BridgelessReact: ReactHost{0}.getOrCreateReactInstanceTask()
09-30 13:50:44.902 17949 17980 W unknown:BridgelessReact: ReactHost{0}.getOrCreateReactInstanceTask(): Start
09-30 13:50:44.902 17949 17980 W unknown:BridgelessReact: ReactHost{0}.getJSBundleLoader()
09-30 13:50:44.902 17949 17980 W unknown:BridgelessReact: ReactHost{0}.getOrCreateReactInstanceTask(): Creating BridgelessReactContext
09-30 13:50:44.903 17949 17980 W unknown:BridgelessReact: ReactHost{0}.getOrCreateReactInstanceTask(): Creating ReactInstance
09-30 13:50:44.907 17949 17949 I ContentCaptureHelper: Setting logging level to OFF
09-30 13:50:44.914 17949 17949 W unknown:BridgelessReact: ReactHost{0}.onHostResume(activity)
09-30 13:50:44.914 17949 17949 W unknown:BridgelessReact: ReactHost{0}.ReactContext.onHostResume()
09-30 13:50:44.929 17949 17949 D WindowOnBackDispatcher: setTopOnBackInvokedCallback (unwrapped): android.app.Activity$$ExternalSyntheticLambda0@bd47bff
09-30 13:50:44.929 17949 17949 D WindowOnBackDispatcher: setTopOnBackInvokedCallback (unwrapped): androidx.activity.OnBackPressedDispatcher$Api34Impl$createOnBackAnimationCallback$1@5f85815
09-30 13:50:44.929 17949 17984 D WindowOnBackDispatcher: setOnBackInvokedCallbackInfo: androidx.activity.OnBackPressedDispatcher$Api34Impl$createOnBackAnimationCallback$1@5f85815
09-30 13:50:44.929 17949 17949 D VRI[MainActivity]: WindowInsets changed: 1080x2400 statusBars:[0,136,0,0] navigationBars:[0,0,0,63] mandatorySystemGestures:[0,168,0,84] 
09-30 13:50:44.929 17949 17984 D WindowOnBackDispatcher: setOnBackInvokedCallbackInfo: androidx.activity.OnBackPressedDispatcher$Api34Impl$createOnBackAnimationCallback$1@5f85815
09-30 13:50:44.933 17949 17949 I Surface : Creating surface for consumer unnamed-17949-0 with slotExpansion=1 for 64 slots
09-30 13:50:44.934 17949 17949 I Surface : Creating surface for consumer VRI[MainActivity]#0(BLAST Consumer)0 with slotExpansion=1 for 64 slots
09-30 13:50:44.984 17949 17980 W unknown:BridgelessReact: ReactHost{0}.getOrCreateReactInstanceTask(): Loading JS Bundle
09-30 13:50:44.984 17949 17949 D InsetsController: hide(ime())
09-30 13:50:44.984 17949 17949 I ImeTracker: com.maplibrestartuprepro:8d04057e: onCancelled at PHASE_CLIENT_ALREADY_HIDDEN
09-30 13:50:44.985 17949 17980 W unknown:BridgelessReact: ReactHost{0}.getOrCreateReactInstanceTask(): DevSupportManager.onNewReactContextCreated()
09-30 13:50:44.985 17949 17949 W unknown:BridgelessReact: ReactHost{0}.ReactContext.onHostResume()
09-30 13:50:44.985 17949 17949 W unknown:BridgelessReact: ReactHost{0}.getOrCreateReactInstanceTask(): Executing ReactInstanceEventListeners
09-30 13:50:44.985 17949 17980 W unknown:BridgelessReact: ReactHost{0}.startSurface(surfaceId = 0): Execute
09-30 13:50:45.023 17949 17981 I ReactNativeJS: Running "MapLibreStartupRepro"
09-30 13:50:45.035 17949 17981 W unknown:ViewManagerPropertyUpdater: Could not find generated setter for class com.th3rdwave.safeareacontext.SafeAreaProviderManager
09-30 13:50:45.041 17949 17981 W unknown:ViewManagerPropertyUpdater: Could not find generated setter for class com.facebook.react.uimanager.LayoutShadowNode
09-30 13:50:45.044 17949 17981 W unknown:ViewManagerPropertyUpdater: Could not find generated setter for class org.maplibre.reactnative.components.sources.geojsonsource.MLRNGeoJSONSourceManager
09-30 13:50:45.048 17949 17981 W unknown:ViewManagerPropertyUpdater: Could not find generated setter for class org.maplibre.reactnative.components.annotations.markerview.MLRNMarkerViewManager
09-30 13:50:45.049 17949 17981 W unknown:ViewManagerPropertyUpdater: Could not find generated setter for class org.maplibre.reactnative.components.sources.imagesource.MLRNImageSourceManager
09-30 13:50:45.050 17949 17981 W unknown:ViewManagerPropertyUpdater: Could not find generated setter for class org.maplibre.reactnative.components.sources.tilesources.rastersource.MLRNRasterSourceManager
09-30 13:50:45.052 17949 17981 W unknown:ViewManagerPropertyUpdater: Could not find generated setter for class org.maplibre.reactnative.components.camera.MLRNCameraManager
09-30 13:50:45.054 17949 17981 W unknown:ViewManagerPropertyUpdater: Could not find generated setter for class org.maplibre.reactnative.components.sources.tilesources.vectorsource.MLRNVectorSourceManager
09-30 13:50:45.055 17949 17981 W unknown:ViewManagerPropertyUpdater: Could not find generated setter for class org.maplibre.reactnative.components.mapview.MLRNMapViewManager
09-30 13:50:45.057 17949 17981 W unknown:ViewManagerPropertyUpdater: Could not find generated setter for class org.maplibre.reactnative.components.mapview.MLRNMapViewManager$MapShadowNode
09-30 13:50:45.057 17949 17981 W unknown:ViewManagerPropertyUpdater: Could not find generated setter for class org.maplibre.reactnative.components.layer.MLRNLayerManager
09-30 13:50:45.058 17949 17981 W unknown:ViewManagerPropertyUpdater: Could not find generated setter for class com.th3rdwave.safeareacontext.SafeAreaViewManager
09-30 13:50:45.058 17949 17981 W unknown:ViewManagerPropertyUpdater: Could not find generated setter for class com.th3rdwave.safeareacontext.SafeAreaViewShadowNode
09-30 13:50:45.058 17949 17981 W unknown:ViewManagerPropertyUpdater: Could not find generated setter for class org.maplibre.reactnative.components.mapview.MLRNAndroidTextureMapViewManager
09-30 13:50:45.059 17949 17981 W unknown:ViewManagerPropertyUpdater: Could not find generated setter for class org.maplibre.reactnative.components.sources.tilesources.rasterdemsource.MLRNRasterDEMSourceManager
09-30 13:50:45.059 17949 17981 W unknown:ViewManagerPropertyUpdater: Could not find generated setter for class org.maplibre.reactnative.components.location.MLRNNativeUserLocationManager
09-30 13:50:45.059 17949 17981 W unknown:ViewManagerPropertyUpdater: Could not find generated setter for class org.maplibre.reactnative.components.annotations.pointannotation.MLRNPointAnnotationManager
09-30 13:50:45.059 17949 17981 W unknown:ViewManagerPropertyUpdater: Could not find generated setter for class org.maplibre.reactnative.components.images.MLRNImagesManager
09-30 13:50:45.060 17949 17981 W unknown:ViewManagerPropertyUpdater: Could not find generated setter for class org.maplibre.reactnative.components.annotations.callout.MLRNCalloutManager
09-30 13:50:45.072 17949 17981 W unknown:ViewManagerPropertyUpdater: Could not find generated setter for class com.facebook.react.views.safeareaview.ReactSafeAreaViewManager
09-30 13:50:45.073 17949 17981 W unknown:ViewManagerPropertyUpdater: Could not find generated setter for class com.facebook.react.views.modal.ReactModalHostManager
09-30 13:50:45.074 17949 17981 W unknown:ViewManagerPropertyUpdater: Could not find generated setter for class com.facebook.react.views.progressbar.ReactProgressBarViewManager
09-30 13:50:45.074 17949 17981 W unknown:ViewManagerPropertyUpdater: Could not find generated setter for class com.facebook.react.views.scroll.ReactHorizontalScrollViewManager
09-30 13:50:45.076 17949 17981 W unknown:ViewManagerPropertyUpdater: Could not find generated setter for class com.facebook.react.views.image.ReactImageManager
09-30 13:50:45.077 17949 17981 W unknown:ViewManagerPropertyUpdater: Could not find generated setter for class com.facebook.react.views.text.ReactTextViewManager
09-30 13:50:45.078 17949 17981 W unknown:ViewManagerPropertyUpdater: Could not find generated setter for class com.facebook.react.views.scroll.ReactHorizontalScrollContainerViewManager
09-30 13:50:45.079 17949 17981 W unknown:ViewManagerPropertyUpdater: Could not find generated setter for class com.facebook.react.views.unimplementedview.ReactUnimplementedViewManager
09-30 13:50:45.080 17949 17981 W unknown:ViewManagerPropertyUpdater: Could not find generated setter for class com.facebook.react.views.scroll.ReactScrollViewManager
09-30 13:50:45.082 17949 17981 W unknown:ViewManagerPropertyUpdater: Could not find generated setter for class com.facebook.react.views.view.ReactViewManager
09-30 13:50:45.083 17949 17981 W unknown:ViewManagerPropertyUpdater: Could not find generated setter for class com.facebook.react.views.drawer.ReactDrawerLayoutManager
09-30 13:50:45.084 17949 17981 W unknown:ViewManagerPropertyUpdater: Could not find generated setter for class com.facebook.react.views.switchview.ReactSwitchManager
09-30 13:50:45.086 17949 17981 W unknown:ViewManagerPropertyUpdater: Could not find generated setter for class com.facebook.react.views.swiperefresh.SwipeRefreshLayoutManager
09-30 13:50:45.087 17949 17981 W unknown:ViewManagerPropertyUpdater: Could not find generated setter for class com.facebook.react.views.textinput.ReactTextInputManager
09-30 13:50:45.089 17949 17981 W unknown:ViewManagerPropertyUpdater: Could not find generated setter for class com.facebook.react.views.text.SelectableTextViewManager
09-30 13:50:45.090 17949 17981 W unknown:ViewManagerPropertyUpdater: Could not find generated setter for class com.facebook.react.views.virtual.view.ReactVirtualViewManager
09-30 13:50:45.120 17949 17981 I HWUI    : Using FreeType backend (prop=Auto)
09-30 13:50:45.161 17949 17981 I ReactNativeJS: [repro] first effect: calling OfflineManager
09-30 13:50:45.200 17949 17949 D nativeloader: Load /data/app/~~ZZePCDUdO8qjgk88MzcILw==/com.maplibrestartuprepro-n5u1IVON7DURRVrbVV6kEA==/base.apk!/lib/arm64-v8a/libmaplibre.so using class loader ns clns-9 (caller=/data/app/~~ZZePCDUdO8qjgk88MzcILw==/com.maplibrestartuprepro-n5u1IVON7DURRVrbVV6kEA==/base.apk!classes3.dex): ok
09-30 13:51:14.970 17949 17952 I brestartuprepro: Thread[2,tid=17952,WaitingInMainSignalCatcherLoop,Thread*=0xb4000077092f77b0,peer=0x2041020,"Signal Catcher"]: reacting to signal 3
09-30 13:51:14.970 17949 17952 I brestartuprepro: 
09-30 13:51:15.229 17949 17952 I brestartuprepro: Wrote stack traces to tombstoned
