09-30 14:02:05.942 10938 10938 I libprocessgroup: Created cgroup /sys/fs/cgroup/apps/uid_10872
09-30 14:02:05.943 10938 10938 I libprocessgroup: Created cgroup /sys/fs/cgroup/apps/uid_10872/pid_10938
09-30 14:02:05.951 10938 10938 I Zygote  : Process 10938 created for com.maplibrestartuprepro
09-30 14:02:05.951 10938 10938 I brestartuprepro: Using generational CollectorTypeCMC GC.
09-30 14:02:05.959 10938 10938 D nativeloader: Load libframework-connectivity-tiramisu-jni.so using APEX ns com_android_tethering for caller /apex/com.android.tethering/javalib/framework-connectivity-t.jar: ok
09-30 14:02:05.977 10938 10938 D ApplicationLoaders: Returning zygote-cached class loader: /system_ext/framework/androidx.window.extensions.jar
09-30 14:02:05.977 10938 10938 D ApplicationLoaders: Returning zygote-cached class loader: /system_ext/framework/androidx.window.sidecar.jar
09-30 14:02:05.979 10938 10938 D nativeloader: Configuring clns-9 for other apk /data/app/~~Hu1j3E6v1nYXIr9X6MOEbw==/com.maplibrestartuprepro-bKnvEDs8nJMeTe7UhhtbOg==/base.apk. target_sdk_version=36, uses_libraries=, library_path=/data/app/~~Hu1j3E6v1nYXIr9X6MOEbw==/com.maplibrestartuprepro-bKnvEDs8nJMeTe7UhhtbOg==/lib/arm64:/data/app/~~Hu1j3E6v1nYXIr9X6MOEbw==/com.maplibrestartuprepro-bKnvEDs8nJMeTe7UhhtbOg==/base.apk!/lib/arm64-v8a, permitted_path=/data:/mnt/expand:/data/user/0/com.maplibrestartuprepro
09-30 14:02:05.983 10938 10938 D ActivityThread: Set OS env TMPDIR to /data/user/0/com.maplibrestartuprepro/cache
09-30 14:02:05.984 10938 10938 V GraphicsEnvironment: Currently set values for:
09-30 14:02:05.984 10938 10938 V GraphicsEnvironment:   angle_gl_driver_selection_pkgs=[com.android.angle]
09-30 14:02:05.984 10938 10938 V GraphicsEnvironment:   angle_gl_driver_selection_values=[angle]
09-30 14:02:05.984 10938 10938 V GraphicsEnvironment: com.maplibrestartuprepro is not listed in per-application setting
09-30 14:02:05.984 10938 10938 V GraphicsEnvironment: No special selections for ANGLE, returning default driver choice
09-30 14:02:05.984 10938 10938 V GraphicsEnvironment: Neither updatable production driver nor prerelease driver is supported.
09-30 14:02:05.992 10938 10938 W SoLoader: Initializing SoLoader: 0
09-30 14:02:05.992 10938 10938 W SoLoader: Recording new base apk path: /data/app/~~Hu1j3E6v1nYXIr9X6MOEbw==/com.maplibrestartuprepro-bKnvEDs8nJMeTe7UhhtbOg==/base.apk
09-30 14:02:05.992 10938 10938 W SoLoader: Previously recorded 0 base apk paths.
09-30 14:02:05.993 10938 10938 I SoLoader: Preparing SO source: DirectorySoSource[root = /vendor/lib64 flags = 2]
09-30 14:02:05.993 10938 10938 I SoLoader: Preparing SO source: DirectorySoSource[root = /system/lib64 flags = 2]
09-30 14:02:05.993 10938 10938 I SoLoader: Preparing SO source: DirectApkSoSource[root = [/data/app/~~Hu1j3E6v1nYXIr9X6MOEbw==/com.maplibrestartuprepro-bKnvEDs8nJMeTe7UhhtbOg==/base.apk!/lib/arm64-v8a]]
09-30 14:02:05.994 10938 10938 I SoLoader: Preparing SO source: ApplicationSoSource[DirectorySoSource[root = /data/app/~~Hu1j3E6v1nYXIr9X6MOEbw==/com.maplibrestartuprepro-bKnvEDs8nJMeTe7UhhtbOg==/lib/arm64 flags = 0]]
09-30 14:02:05.994 10938 10938 I SoLoader: init finish: 4 SO sources prepared
09-30 14:02:05.994 10938 10938 W SoLoader: SoLoader initialized: 8
09-30 14:02:06.000 10938 10938 D nativeloader: Load /data/app/~~Hu1j3E6v1nYXIr9X6MOEbw==/com.maplibrestartuprepro-bKnvEDs8nJMeTe7UhhtbOg==/base.apk!/lib/arm64-v8a/libc++_shared.so using class loader ns clns-9 (caller=/data/app/~~Hu1j3E6v1nYXIr9X6MOEbw==/com.maplibrestartuprepro-bKnvEDs8nJMeTe7UhhtbOg==/base.apk): ok
09-30 14:02:06.002 10938 10938 D nativeloader: Load /data/app/~~Hu1j3E6v1nYXIr9X6MOEbw==/com.maplibrestartuprepro-bKnvEDs8nJMeTe7UhhtbOg==/base.apk!/lib/arm64-v8a/libjsi.so using class loader ns clns-9 (caller=/data/app/~~Hu1j3E6v1nYXIr9X6MOEbw==/com.maplibrestartuprepro-bKnvEDs8nJMeTe7UhhtbOg==/base.apk): ok
09-30 14:02:06.005 10938 10938 D nativeloader: Load /data/app/~~Hu1j3E6v1nYXIr9X6MOEbw==/com.maplibrestartuprepro-bKnvEDs8nJMeTe7UhhtbOg==/base.apk!/lib/arm64-v8a/libfbjni.so using class loader ns clns-9 (caller=/data/app/~~Hu1j3E6v1nYXIr9X6MOEbw==/com.maplibrestartuprepro-bKnvEDs8nJMeTe7UhhtbOg==/base.apk): ok
09-30 14:02:06.008 10938 10938 D nativeloader: Load /data/app/~~Hu1j3E6v1nYXIr9X6MOEbw==/com.maplibrestartuprepro-bKnvEDs8nJMeTe7UhhtbOg==/base.apk!/lib/arm64-v8a/libreactnative.so using class loader ns clns-9 (caller=/data/app/~~Hu1j3E6v1nYXIr9X6MOEbw==/com.maplibrestartuprepro-bKnvEDs8nJMeTe7UhhtbOg==/base.apk): ok
09-30 14:02:06.008 10938 10938 D jni_lib_merge: Entering merged library JNI_OnLoad.
09-30 14:02:06.008 10938 10938 D jni_lib_merge: Preparing 13 pre-merged libs (including stub)
09-30 14:02:06.008 10938 10938 D jni_lib_merge: Preparing to register libfabricjni_so.  onload_func: 0x75adc4db5c
09-30 14:02:06.008 10938 10938 D jni_lib_merge: Preparing to register libreact_devsupportjni_so.  onload_func: 0x75add253d0
09-30 14:02:06.008 10938 10938 D jni_lib_merge: Preparing to register libreact_featureflagsjni_so.  onload_func: 0x75add3e64c
09-30 14:02:06.008 10938 10938 D jni_lib_merge: Preparing to register libreact_newarchdefaults_so.  onload_func: 0x75add801d8
09-30 14:02:06.008 10938 10938 D jni_lib_merge: Preparing to register libreact_tracingjni_so.  onload_func: 0x75ade674cc
09-30 14:02:06.008 10938 10938 D jni_lib_merge: Preparing to register libreactnativeblob_so.  onload_func: 0x75ade6c760
09-30 14:02:06.008 10938 10938 D jni_lib_merge: Preparing to register libreactnativejni_so.  onload_func: 0x75ade787f4
09-30 14:02:06.008 10938 10938 D jni_lib_merge: Preparing to register libreactnativejni_common_so.  onload_func: 0x75ade7b838
09-30 14:02:06.008 10938 10938 D jni_lib_merge: Preparing to register librninstance_so.  onload_func: 0x75adea0f50
09-30 14:02:06.008 10938 10938 D jni_lib_merge: Preparing to register libturbomodulejsijni_so.  onload_func: 0x75adf36f48
09-30 14:02:06.008 10938 10938 D jni_lib_merge: Preparing to register libuimanagerjni_so.  onload_func: 0x75adf3d93c
09-30 14:02:06.008 10938 10938 D jni_lib_merge: Preparing to register libyoga_so.  onload_func: 0x75adf453b8
09-30 14:02:06.008 10938 10938 D jni_lib_merge: About to register 12 actual methods.
09-30 14:02:06.012 10938 10938 D nativeloader: Load /data/app/~~Hu1j3E6v1nYXIr9X6MOEbw==/com.maplibrestartuprepro-bKnvEDs8nJMeTe7UhhtbOg==/base.apk!/lib/arm64-v8a/libreact_codegen_safeareacontext.so using class loader ns clns-9 (caller=/data/app/~~Hu1j3E6v1nYXIr9X6MOEbw==/com.maplibrestartuprepro-bKnvEDs8nJMeTe7UhhtbOg==/base.apk): ok
09-30 14:02:06.013 10938 10938 D nativeloader: Load /data/app/~~Hu1j3E6v1nYXIr9X6MOEbw==/com.maplibrestartuprepro-bKnvEDs8nJMeTe7UhhtbOg==/base.apk!/lib/arm64-v8a/libappmodules.so using class loader ns clns-9 (caller=/data/app/~~Hu1j3E6v1nYXIr9X6MOEbw==/com.maplibrestartuprepro-bKnvEDs8nJMeTe7UhhtbOg==/base.apk): ok
09-30 14:02:06.020 10938 10953 I DisplayManager: Choreographer implicitly registered for the refresh rate.
09-30 14:02:06.022 10938 10953 D vulkan  : searching for layers in '/data/app/~~Hu1j3E6v1nYXIr9X6MOEbw==/com.maplibrestartuprepro-bKnvEDs8nJMeTe7UhhtbOg==/lib/arm64'
09-30 14:02:06.022 10938 10953 D vulkan  : searching for layers in '/data/app/~~Hu1j3E6v1nYXIr9X6MOEbw==/com.maplibrestartuprepro-bKnvEDs8nJMeTe7UhhtbOg==/base.apk!/lib/arm64-v8a'
09-30 14:02:06.026 10938 10938 D AppCompatDelegate: Checking for metadata for AppLocalesMetadataHolderService : Service not found
09-30 14:02:06.043 10938 10938 D CompatChangeReporter: Compat change id reported: 377864165; UID 10872; state: ENABLED
09-30 14:02:06.050 10938 10938 D nativeloader: Load /data/app/~~Hu1j3E6v1nYXIr9X6MOEbw==/com.maplibrestartuprepro-bKnvEDs8nJMeTe7UhhtbOg==/base.apk!/lib/arm64-v8a/libhermesvm.so using class loader ns clns-9 (caller=/data/app/~~Hu1j3E6v1nYXIr9X6MOEbw==/com.maplibrestartuprepro-bKnvEDs8nJMeTe7UhhtbOg==/base.apk): ok
09-30 14:02:06.051 10938 10938 D nativeloader: Load /data/app/~~Hu1j3E6v1nYXIr9X6MOEbw==/com.maplibrestartuprepro-bKnvEDs8nJMeTe7UhhtbOg==/base.apk!/lib/arm64-v8a/libhermestooling.so using class loader ns clns-9 (caller=/data/app/~~Hu1j3E6v1nYXIr9X6MOEbw==/com.maplibrestartuprepro-bKnvEDs8nJMeTe7UhhtbOg==/base.apk): ok
09-30 14:02:06.051 10938 10938 D jni_lib_merge: Entering merged library JNI_OnLoad.
09-30 14:02:06.051 10938 10938 D jni_lib_merge: Preparing 4 pre-merged libs (including stub)
09-30 14:02:06.051 10938 10938 D jni_lib_merge: Preparing to register libhermes_executor_so.  onload_func: 0x764f75ceec
09-30 14:02:06.051 10938 10938 D jni_lib_merge: Preparing to register libhermesinstancejni_so.  onload_func: 0x764f76469c
09-30 14:02:06.051 10938 10938 D jni_lib_merge: Preparing to register libjsijniprofiler_so.  onload_func: 0x764f764f44
09-30 14:02:06.051 10938 10938 D jni_lib_merge: About to register 3 actual methods.
09-30 14:02:06.061 10938 10938 W unknown:BridgelessReact: ReactHost{0}.startSurface(surfaceId = 0): Schedule
09-30 14:02:06.061 10938 10938 W unknown:BridgelessReact: ReactHost{0}.attachSurface(surfaceId = 0)
09-30 14:02:06.061 10938 10968 W unknown:BridgelessReact: ReactHost{0}.getOrCreateReactInstanceTask()
09-30 14:02:06.061 10938 10968 W unknown:BridgelessReact: ReactHost{0}.getOrCreateReactInstanceTask(): Start
09-30 14:02:06.061 10938 10968 W unknown:BridgelessReact: ReactHost{0}.getJSBundleLoader()
09-30 14:02:06.062 10938 10968 W unknown:BridgelessReact: ReactHost{0}.getOrCreateReactInstanceTask(): Creating BridgelessReactContext
09-30 14:02:06.062 10938 10968 W unknown:BridgelessReact: ReactHost{0}.getOrCreateReactInstanceTask(): Creating ReactInstance
09-30 14:02:06.065 10938 10938 I ContentCaptureHelper: Setting logging level to OFF
09-30 14:02:06.076 10938 10968 W unknown:BridgelessReact: ReactHost{0}.getOrCreateReactInstanceTask(): Loading JS Bundle
09-30 14:02:06.076 10938 10968 W unknown:BridgelessReact: ReactHost{0}.getOrCreateReactInstanceTask(): DevSupportManager.onNewReactContextCreated()
09-30 14:02:06.076 10938 10968 W unknown:BridgelessReact: ReactHost{0}.startSurface(surfaceId = 0): Execute
09-30 14:02:06.080 10938 10969 I ReactNativeJS: [repro] bundle load: calling OfflineManager
09-30 14:02:06.082 10938 10969 I ReactNativeJS: Running "MapLibreStartupRepro"
09-30 14:02:06.087 10938 10969 W unknown:ViewManagerPropertyUpdater: Could not find generated setter for class com.th3rdwave.safeareacontext.SafeAreaProviderManager
09-30 14:02:06.088 10938 10969 W unknown:ViewManagerPropertyUpdater: Could not find generated setter for class com.facebook.react.uimanager.LayoutShadowNode
09-30 14:02:06.089 10938 10969 W unknown:ViewManagerPropertyUpdater: Could not find generated setter for class org.maplibre.reactnative.components.sources.geojsonsource.MLRNGeoJSONSourceManager
09-30 14:02:06.089 10938 10969 W unknown:ViewManagerPropertyUpdater: Could not find generated setter for class org.maplibre.reactnative.components.annotations.markerview.MLRNMarkerViewManager
09-30 14:02:06.090 10938 10969 W unknown:ViewManagerPropertyUpdater: Could not find generated setter for class org.maplibre.reactnative.components.sources.imagesource.MLRNImageSourceManager
09-30 14:02:06.090 10938 10969 W unknown:ViewManagerPropertyUpdater: Could not find generated setter for class org.maplibre.reactnative.components.sources.tilesources.rastersource.MLRNRasterSourceManager
09-30 14:02:06.091 10938 10969 W unknown:ViewManagerPropertyUpdater: Could not find generated setter for class org.maplibre.reactnative.components.camera.MLRNCameraManager
09-30 14:02:06.091 10938 10969 W unknown:ViewManagerPropertyUpdater: Could not find generated setter for class org.maplibre.reactnative.components.sources.tilesources.vectorsource.MLRNVectorSourceManager
09-30 14:02:06.092 10938 10969 W unknown:ViewManagerPropertyUpdater: Could not find generated setter for class org.maplibre.reactnative.components.mapview.MLRNMapViewManager
09-30 14:02:06.092 10938 10969 W unknown:ViewManagerPropertyUpdater: Could not find generated setter for class org.maplibre.reactnative.components.mapview.MLRNMapViewManager$MapShadowNode
09-30 14:02:06.092 10938 10969 W unknown:ViewManagerPropertyUpdater: Could not find generated setter for class org.maplibre.reactnative.components.layer.MLRNLayerManager
09-30 14:02:06.093 10938 10969 W unknown:ViewManagerPropertyUpdater: Could not find generated setter for class com.th3rdwave.safeareacontext.SafeAreaViewManager
09-30 14:02:06.093 10938 10971 D nativeloader: Load /data/app/~~Hu1j3E6v1nYXIr9X6MOEbw==/com.maplibrestartuprepro-bKnvEDs8nJMeTe7UhhtbOg==/base.apk!/lib/arm64-v8a/libmaplibre.so using class loader ns clns-9 (caller=/data/app/~~Hu1j3E6v1nYXIr9X6MOEbw==/com.maplibrestartuprepro-bKnvEDs8nJMeTe7UhhtbOg==/base.apk!classes3.dex): ok
09-30 14:02:06.094 10938 10969 W unknown:ViewManagerPropertyUpdater: Could not find generated setter for class com.th3rdwave.safeareacontext.SafeAreaViewShadowNode
09-30 14:02:06.094 10938 10969 W unknown:ViewManagerPropertyUpdater: Could not find generated setter for class org.maplibre.reactnative.components.mapview.MLRNAndroidTextureMapViewManager
09-30 14:02:06.094 10938 10969 W unknown:ViewManagerPropertyUpdater: Could not find generated setter for class org.maplibre.reactnative.components.sources.tilesources.rasterdemsource.MLRNRasterDEMSourceManager
09-30 14:02:06.094 10938 10969 W unknown:ViewManagerPropertyUpdater: Could not find generated setter for class org.maplibre.reactnative.components.location.MLRNNativeUserLocationManager
09-30 14:02:06.095 10938 10969 W unknown:ViewManagerPropertyUpdater: Could not find generated setter for class org.maplibre.reactnative.components.annotations.pointannotation.MLRNPointAnnotationManager
09-30 14:02:06.095 10938 10969 W unknown:ViewManagerPropertyUpdater: Could not find generated setter for class org.maplibre.reactnative.components.images.MLRNImagesManager
09-30 14:02:06.096 10938 10969 W unknown:ViewManagerPropertyUpdater: Could not find generated setter for class org.maplibre.reactnative.components.annotations.callout.MLRNCalloutManager
09-30 14:02:06.103 10938 10971 W unknown:BridgelessReact: ReactHost{0}.handleHostException(message = "
09-30 14:02:06.103 10938 10971 W unknown:BridgelessReact: Using MapView requires calling MapLibre.getInstance(Context context, String apiKey, WellKnownTileServer wellKnownTileServer) before inflating or creating the view.")
09-30 14:02:06.103 10938 10971 E AndroidRuntime: FATAL EXCEPTION: mqt_v_native
09-30 14:02:06.103 10938 10971 E AndroidRuntime: Process: com.maplibrestartuprepro, PID: 10938
09-30 14:02:06.103 10938 10971 E AndroidRuntime: org.maplibre.android.exceptions.MapLibreConfigurationException: 
09-30 14:02:06.103 10938 10971 E AndroidRuntime: Using MapView requires calling MapLibre.getInstance(Context context, String apiKey, WellKnownTileServer wellKnownTileServer) before inflating or creating the view.
09-30 14:02:06.103 10938 10971 E AndroidRuntime: 	at org.maplibre.android.MapLibre.validateMapLibre(MapLibre.java:261)
09-30 14:02:06.103 10938 10971 E AndroidRuntime: 	at org.maplibre.android.MapLibre.getTileServerOptions(MapLibre.java:164)
09-30 14:02:06.103 10938 10971 E AndroidRuntime: 	at org.maplibre.android.storage.FileSource.<init>(FileSource.java:348)
09-30 14:02:06.103 10938 10971 E AndroidRuntime: 	at org.maplibre.android.storage.FileSource.getInstance(FileSource.java:95)
09-30 14:02:06.103 10938 10971 E AndroidRuntime: 	at org.maplibre.android.offline.OfflineManager.<init>(OfflineManager.kt:133)
09-30 14:02:06.103 10938 10971 E AndroidRuntime: 	at org.maplibre.android.offline.OfflineManager.<init>(OfflineManager.kt:0)
09-30 14:02:06.103 10938 10971 E AndroidRuntime: 	at org.maplibre.android.offline.OfflineManager$Companion.getInstance(OfflineManager.kt:653)
09-30 14:02:06.103 10938 10971 E AndroidRuntime: 	at org.maplibre.reactnative.modules.MLRNOfflineModule.setTileCountLimit(MLRNOfflineModule.kt:412)
09-30 14:02:06.103 10938 10971 E AndroidRuntime: 	at com.facebook.jni.NativeRunnable.run(Native Method)
09-30 14:02:06.103 10938 10971 E AndroidRuntime: 	at android.os.Handler.handleCallback(Handler.java:1082)
09-30 14:02:06.103 10938 10971 E AndroidRuntime: 	at android.os.Handler.dispatchMessageImpl(Handler.java:135)
09-30 14:02:06.103 10938 10971 E AndroidRuntime: 	at android.os.Handler.dispatchMessage(Handler.java:126)
09-30 14:02:06.103 10938 10971 E AndroidRuntime: 	at com.facebook.react.bridge.queue.MessageQueueThreadHandler.dispatchMessage(MessageQueueThreadHandler.kt:21)
09-30 14:02:06.103 10938 10971 E AndroidRuntime: 	at android.os.Looper.loopOnce(Looper.java:295)
09-30 14:02:06.103 10938 10971 E AndroidRuntime: 	at android.os.Looper.loop(Looper.java:398)
09-30 14:02:06.103 10938 10971 E AndroidRuntime: 	at com.facebook.react.bridge.queue.MessageQueueThreadImpl$Companion.startNewBackgroundThread$lambda$0(MessageQueueThreadImpl.kt:152)
09-30 14:02:06.103 10938 10971 E AndroidRuntime: 	at com.facebook.react.bridge.queue.MessageQueueThreadImpl$Companion$$ExternalSyntheticLambda0.run(D8$$SyntheticClass:0)
09-30 14:02:06.103 10938 10971 E AndroidRuntime: 	at java.lang.Thread.run(Thread.java:1571)
09-30 14:02:06.104 10938 10969 W unknown:ViewManagerPropertyUpdater: Could not find generated setter for class com.facebook.react.views.safeareaview.ReactSafeAreaViewManager
09-30 14:02:06.105 10938 10969 W unknown:ViewManagerPropertyUpdater: Could not find generated setter for class com.facebook.react.views.modal.ReactModalHostManager
09-30 14:02:06.106 10938 10969 W unknown:ViewManagerPropertyUpdater: Could not find generated setter for class com.facebook.react.views.progressbar.ReactProgressBarViewManager
09-30 14:02:06.107 10938 10969 W unknown:ViewManagerPropertyUpdater: Could not find generated setter for class com.facebook.react.views.scroll.ReactHorizontalScrollViewManager
09-30 14:02:06.108 10938 10969 W unknown:ViewManagerPropertyUpdater: Could not find generated setter for class com.facebook.react.views.image.ReactImageManager
09-30 14:02:06.109 10938 10969 W unknown:ViewManagerPropertyUpdater: Could not find generated setter for class com.facebook.react.views.text.ReactTextViewManager
09-30 14:02:06.111 10938 10969 W unknown:ViewManagerPropertyUpdater: Could not find generated setter for class com.facebook.react.views.scroll.ReactHorizontalScrollContainerViewManager
09-30 14:02:06.111 10938 10969 W unknown:ViewManagerPropertyUpdater: Could not find generated setter for class com.facebook.react.views.unimplementedview.ReactUnimplementedViewManager
09-30 14:02:06.112 10938 10969 W unknown:ViewManagerPropertyUpdater: Could not find generated setter for class com.facebook.react.views.scroll.ReactScrollViewManager
09-30 14:02:06.113 10938 10969 W unknown:ViewManagerPropertyUpdater: Could not find generated setter for class com.facebook.react.views.view.ReactViewManager
09-30 14:02:06.114 10938 10969 W unknown:ViewManagerPropertyUpdater: Could not find generated setter for class com.facebook.react.views.drawer.ReactDrawerLayoutManager
09-30 14:02:06.115 10938 10969 W unknown:ViewManagerPropertyUpdater: Could not find generated setter for class com.facebook.react.views.switchview.ReactSwitchManager
09-30 14:02:06.116 10938 10969 W unknown:ViewManagerPropertyUpdater: Could not find generated setter for class com.facebook.react.views.swiperefresh.SwipeRefreshLayoutManager
09-30 14:02:06.118 10938 10969 W unknown:ViewManagerPropertyUpdater: Could not find generated setter for class com.facebook.react.views.textinput.ReactTextInputManager
09-30 14:02:06.120 10938 10969 W unknown:ViewManagerPropertyUpdater: Could not find generated setter for class com.facebook.react.views.text.SelectableTextViewManager
09-30 14:02:06.120 10938 10969 W unknown:ViewManagerPropertyUpdater: Could not find generated setter for class com.facebook.react.views.virtual.view.ReactVirtualViewManager
09-30 14:02:06.126 10938 10969 I HWUI    : Using FreeType backend (prop=Auto)
09-30 14:02:06.128 10938 10969 I ReactNativeJS: [repro] first effect: calling OfflineManager
09-30 14:02:06.158 10938 10938 W unknown:BridgelessReact: ReactHost{0}.onHostResume(activity)
09-30 14:02:06.159 10938 10938 W unknown:BridgelessReact: ReactHost{0}.ReactContext.onHostResume()
09-30 14:02:06.159 10938 10971 I Process : Sending signal. PID: 10938 SIG: 9
