09-30 14:04:24.537 16430 16430 I libprocessgroup: Created cgroup /sys/fs/cgroup/apps/uid_10883
09-30 14:04:24.538 16430 16430 I libprocessgroup: Created cgroup /sys/fs/cgroup/apps/uid_10883/pid_16430
09-30 14:04:24.551 16430 16430 I Zygote  : Process 16430 created for com.maplibrestartuprepro
09-30 14:04:24.551 16430 16430 I brestartuprepro: Using generational CollectorTypeCMC GC.
09-30 14:04:24.559 16430 16430 D nativeloader: Load libframework-connectivity-tiramisu-jni.so using APEX ns com_android_tethering for caller /apex/com.android.tethering/javalib/framework-connectivity-t.jar: ok
09-30 14:04:24.574 16430 16430 D ApplicationLoaders: Returning zygote-cached class loader: /system_ext/framework/androidx.window.extensions.jar
09-30 14:04:24.574 16430 16430 D ApplicationLoaders: Returning zygote-cached class loader: /system_ext/framework/androidx.window.sidecar.jar
09-30 14:04:24.576 16430 16430 D nativeloader: Configuring clns-9 for other apk /data/app/~~qLgvwpJ6XzizRma8hrOMMA==/com.maplibrestartuprepro-l2f6hmsGSmLywNd9pb3ltA==/base.apk. target_sdk_version=36, uses_libraries=, library_path=/data/app/~~qLgvwpJ6XzizRma8hrOMMA==/com.maplibrestartuprepro-l2f6hmsGSmLywNd9pb3ltA==/lib/arm64:/data/app/~~qLgvwpJ6XzizRma8hrOMMA==/com.maplibrestartuprepro-l2f6hmsGSmLywNd9pb3ltA==/base.apk!/lib/arm64-v8a, permitted_path=/data:/mnt/expand:/data/user/0/com.maplibrestartuprepro
09-30 14:04:24.579 16430 16430 D ActivityThread: Set OS env TMPDIR to /data/user/0/com.maplibrestartuprepro/cache
09-30 14:04:24.580 16430 16430 V GraphicsEnvironment: Currently set values for:
09-30 14:04:24.580 16430 16430 V GraphicsEnvironment:   angle_gl_driver_selection_pkgs=[com.android.angle]
09-30 14:04:24.580 16430 16430 V GraphicsEnvironment:   angle_gl_driver_selection_values=[angle]
09-30 14:04:24.580 16430 16430 V GraphicsEnvironment: com.maplibrestartuprepro is not listed in per-application setting
09-30 14:04:24.580 16430 16430 V GraphicsEnvironment: No special selections for ANGLE, returning default driver choice
09-30 14:04:24.580 16430 16430 V GraphicsEnvironment: Neither updatable production driver nor prerelease driver is supported.
09-30 14:04:24.588 16430 16430 W SoLoader: Initializing SoLoader: 0
09-30 14:04:24.588 16430 16430 W SoLoader: Recording new base apk path: /data/app/~~qLgvwpJ6XzizRma8hrOMMA==/com.maplibrestartuprepro-l2f6hmsGSmLywNd9pb3ltA==/base.apk
09-30 14:04:24.588 16430 16430 W SoLoader: Previously recorded 0 base apk paths.
09-30 14:04:24.589 16430 16430 I SoLoader: Preparing SO source: DirectorySoSource[root = /vendor/lib64 flags = 2]
09-30 14:04:24.589 16430 16430 I SoLoader: Preparing SO source: DirectorySoSource[root = /system/lib64 flags = 2]
09-30 14:04:24.589 16430 16430 I SoLoader: Preparing SO source: DirectApkSoSource[root = [/data/app/~~qLgvwpJ6XzizRma8hrOMMA==/com.maplibrestartuprepro-l2f6hmsGSmLywNd9pb3ltA==/base.apk!/lib/arm64-v8a]]
09-30 14:04:24.590 16430 16430 I SoLoader: Preparing SO source: ApplicationSoSource[DirectorySoSource[root = /data/app/~~qLgvwpJ6XzizRma8hrOMMA==/com.maplibrestartuprepro-l2f6hmsGSmLywNd9pb3ltA==/lib/arm64 flags = 0]]
09-30 14:04:24.590 16430 16430 I SoLoader: init finish: 4 SO sources prepared
09-30 14:04:24.590 16430 16430 W SoLoader: SoLoader initialized: 8
09-30 14:04:24.596 16430 16430 D nativeloader: Load /data/app/~~qLgvwpJ6XzizRma8hrOMMA==/com.maplibrestartuprepro-l2f6hmsGSmLywNd9pb3ltA==/base.apk!/lib/arm64-v8a/libc++_shared.so using class loader ns clns-9 (caller=/data/app/~~qLgvwpJ6XzizRma8hrOMMA==/com.maplibrestartuprepro-l2f6hmsGSmLywNd9pb3ltA==/base.apk): ok
09-30 14:04:24.598 16430 16430 D nativeloader: Load /data/app/~~qLgvwpJ6XzizRma8hrOMMA==/com.maplibrestartuprepro-l2f6hmsGSmLywNd9pb3ltA==/base.apk!/lib/arm64-v8a/libjsi.so using class loader ns clns-9 (caller=/data/app/~~qLgvwpJ6XzizRma8hrOMMA==/com.maplibrestartuprepro-l2f6hmsGSmLywNd9pb3ltA==/base.apk): ok
09-30 14:04:24.600 16430 16430 D nativeloader: Load /data/app/~~qLgvwpJ6XzizRma8hrOMMA==/com.maplibrestartuprepro-l2f6hmsGSmLywNd9pb3ltA==/base.apk!/lib/arm64-v8a/libfbjni.so using class loader ns clns-9 (caller=/data/app/~~qLgvwpJ6XzizRma8hrOMMA==/com.maplibrestartuprepro-l2f6hmsGSmLywNd9pb3ltA==/base.apk): ok
09-30 14:04:24.603 16430 16430 D nativeloader: Load /data/app/~~qLgvwpJ6XzizRma8hrOMMA==/com.maplibrestartuprepro-l2f6hmsGSmLywNd9pb3ltA==/base.apk!/lib/arm64-v8a/libreactnative.so using class loader ns clns-9 (caller=/data/app/~~qLgvwpJ6XzizRma8hrOMMA==/com.maplibrestartuprepro-l2f6hmsGSmLywNd9pb3ltA==/base.apk): ok
09-30 14:04:24.603 16430 16430 D jni_lib_merge: Entering merged library JNI_OnLoad.
09-30 14:04:24.603 16430 16430 D jni_lib_merge: Preparing 13 pre-merged libs (including stub)
09-30 14:04:24.603 16430 16430 D jni_lib_merge: Preparing to register libfabricjni_so.  onload_func: 0x75b0622b5c
09-30 14:04:24.603 16430 16430 D jni_lib_merge: Preparing to register libreact_devsupportjni_so.  onload_func: 0x75b06fa3d0
09-30 14:04:24.603 16430 16430 D jni_lib_merge: Preparing to register libreact_featureflagsjni_so.  onload_func: 0x75b071364c
09-30 14:04:24.603 16430 16430 D jni_lib_merge: Preparing to register libreact_newarchdefaults_so.  onload_func: 0x75b07551d8
09-30 14:04:24.603 16430 16430 D jni_lib_merge: Preparing to register libreact_tracingjni_so.  onload_func: 0x75b083c4cc
09-30 14:04:24.603 16430 16430 D jni_lib_merge: Preparing to register libreactnativeblob_so.  onload_func: 0x75b0841760
09-30 14:04:24.603 16430 16430 D jni_lib_merge: Preparing to register libreactnativejni_so.  onload_func: 0x75b084d7f4
09-30 14:04:24.603 16430 16430 D jni_lib_merge: Preparing to register libreactnativejni_common_so.  onload_func: 0x75b0850838
09-30 14:04:24.603 16430 16430 D jni_lib_merge: Preparing to register librninstance_so.  onload_func: 0x75b0875f50
09-30 14:04:24.603 16430 16430 D jni_lib_merge: Preparing to register libturbomodulejsijni_so.  onload_func: 0x75b090bf48
09-30 14:04:24.603 16430 16430 D jni_lib_merge: Preparing to register libuimanagerjni_so.  onload_func: 0x75b091293c
09-30 14:04:24.603 16430 16430 D jni_lib_merge: Preparing to register libyoga_so.  onload_func: 0x75b091a3b8
09-30 14:04:24.603 16430 16430 D jni_lib_merge: About to register 12 actual methods.
09-30 14:04:24.608 16430 16430 D nativeloader: Load /data/app/~~qLgvwpJ6XzizRma8hrOMMA==/com.maplibrestartuprepro-l2f6hmsGSmLywNd9pb3ltA==/base.apk!/lib/arm64-v8a/libreact_codegen_safeareacontext.so using class loader ns clns-9 (caller=/data/app/~~qLgvwpJ6XzizRma8hrOMMA==/com.maplibrestartuprepro-l2f6hmsGSmLywNd9pb3ltA==/base.apk): ok
09-30 14:04:24.609 16430 16430 D nativeloader: Load /data/app/~~qLgvwpJ6XzizRma8hrOMMA==/com.maplibrestartuprepro-l2f6hmsGSmLywNd9pb3ltA==/base.apk!/lib/arm64-v8a/libappmodules.so using class loader ns clns-9 (caller=/data/app/~~qLgvwpJ6XzizRma8hrOMMA==/com.maplibrestartuprepro-l2f6hmsGSmLywNd9pb3ltA==/base.apk): ok
09-30 14:04:24.616 16430 16445 I DisplayManager: Choreographer implicitly registered for the refresh rate.
09-30 14:04:24.623 16430 16445 D vulkan  : searching for layers in '/data/app/~~qLgvwpJ6XzizRma8hrOMMA==/com.maplibrestartuprepro-l2f6hmsGSmLywNd9pb3ltA==/lib/arm64'
09-30 14:04:24.623 16430 16430 D AppCompatDelegate: Checking for metadata for AppLocalesMetadataHolderService : Service not found
09-30 14:04:24.624 16430 16445 D vulkan  : searching for layers in '/data/app/~~qLgvwpJ6XzizRma8hrOMMA==/com.maplibrestartuprepro-l2f6hmsGSmLywNd9pb3ltA==/base.apk!/lib/arm64-v8a'
09-30 14:04:24.634 16430 16430 D CompatChangeReporter: Compat change id reported: 377864165; UID 10883; state: ENABLED
09-30 14:04:24.653 16430 16430 D nativeloader: Load /data/app/~~qLgvwpJ6XzizRma8hrOMMA==/com.maplibrestartuprepro-l2f6hmsGSmLywNd9pb3ltA==/base.apk!/lib/arm64-v8a/libhermesvm.so using class loader ns clns-9 (caller=/data/app/~~qLgvwpJ6XzizRma8hrOMMA==/com.maplibrestartuprepro-l2f6hmsGSmLywNd9pb3ltA==/base.apk): ok
09-30 14:04:24.653 16430 16430 D nativeloader: Load /data/app/~~qLgvwpJ6XzizRma8hrOMMA==/com.maplibrestartuprepro-l2f6hmsGSmLywNd9pb3ltA==/base.apk!/lib/arm64-v8a/libhermestooling.so using class loader ns clns-9 (caller=/data/app/~~qLgvwpJ6XzizRma8hrOMMA==/com.maplibrestartuprepro-l2f6hmsGSmLywNd9pb3ltA==/base.apk): ok
09-30 14:04:24.654 16430 16430 D jni_lib_merge: Entering merged library JNI_OnLoad.
09-30 14:04:24.654 16430 16430 D jni_lib_merge: Preparing 4 pre-merged libs (including stub)
09-30 14:04:24.654 16430 16430 D jni_lib_merge: Preparing to register libhermes_executor_so.  onload_func: 0x764f767eec
09-30 14:04:24.654 16430 16430 D jni_lib_merge: Preparing to register libhermesinstancejni_so.  onload_func: 0x764f76f69c
09-30 14:04:24.654 16430 16430 D jni_lib_merge: Preparing to register libjsijniprofiler_so.  onload_func: 0x764f76ff44
09-30 14:04:24.654 16430 16430 D jni_lib_merge: About to register 3 actual methods.
09-30 14:04:24.665 16430 16430 W unknown:BridgelessReact: ReactHost{0}.startSurface(surfaceId = 0): Schedule
09-30 14:04:24.665 16430 16430 W unknown:BridgelessReact: ReactHost{0}.attachSurface(surfaceId = 0)
09-30 14:04:24.666 16430 16461 W unknown:BridgelessReact: ReactHost{0}.getOrCreateReactInstanceTask()
09-30 14:04:24.666 16430 16461 W unknown:BridgelessReact: ReactHost{0}.getOrCreateReactInstanceTask(): Start
09-30 14:04:24.666 16430 16461 W unknown:BridgelessReact: ReactHost{0}.getJSBundleLoader()
09-30 14:04:24.666 16430 16461 W unknown:BridgelessReact: ReactHost{0}.getOrCreateReactInstanceTask(): Creating BridgelessReactContext
09-30 14:04:24.667 16430 16461 W unknown:BridgelessReact: ReactHost{0}.getOrCreateReactInstanceTask(): Creating ReactInstance
09-30 14:04:24.668 16430 16430 I ContentCaptureHelper: Setting logging level to OFF
09-30 14:04:24.678 16430 16430 W unknown:BridgelessReact: ReactHost{0}.onHostResume(activity)
09-30 14:04:24.678 16430 16430 W unknown:BridgelessReact: ReactHost{0}.ReactContext.onHostResume()
09-30 14:04:24.679 16430 16461 W unknown:BridgelessReact: ReactHost{0}.getOrCreateReactInstanceTask(): Loading JS Bundle
09-30 14:04:24.679 16430 16461 W unknown:BridgelessReact: ReactHost{0}.getOrCreateReactInstanceTask(): DevSupportManager.onNewReactContextCreated()
09-30 14:04:24.679 16430 16461 W unknown:BridgelessReact: ReactHost{0}.startSurface(surfaceId = 0): Execute
09-30 14:04:24.681 16430 16462 I ReactNativeJS: [repro] bundle load: calling OfflineManager
09-30 14:04:24.683 16430 16462 I ReactNativeJS: Running "MapLibreStartupRepro"
09-30 14:04:24.688 16430 16462 W unknown:ViewManagerPropertyUpdater: Could not find generated setter for class com.th3rdwave.safeareacontext.SafeAreaProviderManager
09-30 14:04:24.691 16430 16462 W unknown:ViewManagerPropertyUpdater: Could not find generated setter for class com.facebook.react.uimanager.LayoutShadowNode
09-30 14:04:24.692 16430 16430 W unknown:BridgelessReact: ReactHost{0}.ReactContext.onHostResume()
09-30 14:04:24.692 16430 16430 W unknown:BridgelessReact: ReactHost{0}.getOrCreateReactInstanceTask(): Executing ReactInstanceEventListeners
09-30 14:04:24.694 16430 16462 W unknown:ViewManagerPropertyUpdater: Could not find generated setter for class org.maplibre.reactnative.components.sources.geojsonsource.MLRNGeoJSONSourceManager
09-30 14:04:24.698 16430 16462 W unknown:ViewManagerPropertyUpdater: Could not find generated setter for class org.maplibre.reactnative.components.annotations.markerview.MLRNMarkerViewManager
09-30 14:04:24.698 16430 16462 W unknown:ViewManagerPropertyUpdater: Could not find generated setter for class org.maplibre.reactnative.components.sources.imagesource.MLRNImageSourceManager
09-30 14:04:24.699 16430 16462 W unknown:ViewManagerPropertyUpdater: Could not find generated setter for class org.maplibre.reactnative.components.sources.tilesources.rastersource.MLRNRasterSourceManager
09-30 14:04:24.700 16430 16462 W unknown:ViewManagerPropertyUpdater: Could not find generated setter for class org.maplibre.reactnative.components.camera.MLRNCameraManager
09-30 14:04:24.700 16430 16462 W unknown:ViewManagerPropertyUpdater: Could not find generated setter for class org.maplibre.reactnative.components.sources.tilesources.vectorsource.MLRNVectorSourceManager
09-30 14:04:24.701 16430 16462 W unknown:ViewManagerPropertyUpdater: Could not find generated setter for class org.maplibre.reactnative.components.mapview.MLRNMapViewManager
09-30 14:04:24.702 16430 16462 W unknown:ViewManagerPropertyUpdater: Could not find generated setter for class org.maplibre.reactnative.components.mapview.MLRNMapViewManager$MapShadowNode
09-30 14:04:24.702 16430 16462 W unknown:ViewManagerPropertyUpdater: Could not find generated setter for class org.maplibre.reactnative.components.layer.MLRNLayerManager
09-30 14:04:24.702 16430 16462 W unknown:ViewManagerPropertyUpdater: Could not find generated setter for class com.th3rdwave.safeareacontext.SafeAreaViewManager
09-30 14:04:24.703 16430 16462 W unknown:ViewManagerPropertyUpdater: Could not find generated setter for class com.th3rdwave.safeareacontext.SafeAreaViewShadowNode
09-30 14:04:24.703 16430 16462 W unknown:ViewManagerPropertyUpdater: Could not find generated setter for class org.maplibre.reactnative.components.mapview.MLRNAndroidTextureMapViewManager
09-30 14:04:24.704 16430 16462 W unknown:ViewManagerPropertyUpdater: Could not find generated setter for class org.maplibre.reactnative.components.sources.tilesources.rasterdemsource.MLRNRasterDEMSourceManager
09-30 14:04:24.704 16430 16462 W unknown:ViewManagerPropertyUpdater: Could not find generated setter for class org.maplibre.reactnative.components.location.MLRNNativeUserLocationManager
09-30 14:04:24.704 16430 16462 W unknown:ViewManagerPropertyUpdater: Could not find generated setter for class org.maplibre.reactnative.components.annotations.pointannotation.MLRNPointAnnotationManager
09-30 14:04:24.705 16430 16462 W unknown:ViewManagerPropertyUpdater: Could not find generated setter for class org.maplibre.reactnative.components.images.MLRNImagesManager
09-30 14:04:24.705 16430 16462 W unknown:ViewManagerPropertyUpdater: Could not find generated setter for class org.maplibre.reactnative.components.annotations.callout.MLRNCalloutManager
09-30 14:04:24.712 16430 16462 W unknown:ViewManagerPropertyUpdater: Could not find generated setter for class com.facebook.react.views.safeareaview.ReactSafeAreaViewManager
09-30 14:04:24.713 16430 16462 W unknown:ViewManagerPropertyUpdater: Could not find generated setter for class com.facebook.react.views.modal.ReactModalHostManager
09-30 14:04:24.714 16430 16462 W unknown:ViewManagerPropertyUpdater: Could not find generated setter for class com.facebook.react.views.progressbar.ReactProgressBarViewManager
09-30 14:04:24.715 16430 16462 W unknown:ViewManagerPropertyUpdater: Could not find generated setter for class com.facebook.react.views.scroll.ReactHorizontalScrollViewManager
09-30 14:04:24.717 16430 16462 W unknown:ViewManagerPropertyUpdater: Could not find generated setter for class com.facebook.react.views.image.ReactImageManager
09-30 14:04:24.718 16430 16462 W unknown:ViewManagerPropertyUpdater: Could not find generated setter for class com.facebook.react.views.text.ReactTextViewManager
09-30 14:04:24.719 16430 16462 W unknown:ViewManagerPropertyUpdater: Could not find generated setter for class com.facebook.react.views.scroll.ReactHorizontalScrollContainerViewManager
09-30 14:04:24.720 16430 16462 W unknown:ViewManagerPropertyUpdater: Could not find generated setter for class com.facebook.react.views.unimplementedview.ReactUnimplementedViewManager
09-30 14:04:24.720 16430 16463 D nativeloader: Load /data/app/~~qLgvwpJ6XzizRma8hrOMMA==/com.maplibrestartuprepro-l2f6hmsGSmLywNd9pb3ltA==/base.apk!/lib/arm64-v8a/libmaplibre.so using class loader ns clns-9 (caller=/data/app/~~qLgvwpJ6XzizRma8hrOMMA==/com.maplibrestartuprepro-l2f6hmsGSmLywNd9pb3ltA==/base.apk!classes3.dex): ok
09-30 14:04:24.720 16430 16430 D AndroidRuntime: Shutting down VM
09-30 14:04:24.721 16430 16430 E AndroidRuntime: FATAL EXCEPTION: main
09-30 14:04:24.721 16430 16430 E AndroidRuntime: Process: com.maplibrestartuprepro, PID: 16430
09-30 14:04:24.721 16430 16430 E AndroidRuntime: org.maplibre.android.exceptions.MapLibreConfigurationException: 
09-30 14:04:24.721 16430 16430 E AndroidRuntime: Using MapView requires calling MapLibre.getInstance(Context context, String apiKey, WellKnownTileServer wellKnownTileServer) before inflating or creating the view.
09-30 14:04:24.721 16430 16430 E AndroidRuntime: 	at org.maplibre.android.MapLibre.validateMapLibre(MapLibre.java:261)
09-30 14:04:24.721 16430 16430 E AndroidRuntime: 	at org.maplibre.android.MapLibre.getTileServerOptions(MapLibre.java:164)
09-30 14:04:24.721 16430 16430 E AndroidRuntime: 	at org.maplibre.android.storage.FileSource.<init>(FileSource.java:348)
09-30 14:04:24.721 16430 16430 E AndroidRuntime: 	at org.maplibre.android.storage.FileSource.getInstance(FileSource.java:95)
09-30 14:04:24.721 16430 16430 E AndroidRuntime: 	at org.maplibre.reactnative.modules.MLRNOfflineModule.activateFileSource(MLRNOfflineModule.kt:650)
09-30 14:04:24.721 16430 16430 E AndroidRuntime: 	at org.maplibre.reactnative.modules.MLRNOfflineModule.runMigrations(MLRNOfflineModule.kt:441)
09-30 14:04:24.721 16430 16430 E AndroidRuntime: 	at org.maplibre.reactnative.modules.MLRNOfflineModule.initialize$lambda$0(MLRNOfflineModule.kt:43)
09-30 14:04:24.721 16430 16430 E AndroidRuntime: 	at org.maplibre.reactnative.modules.MLRNOfflineModule$$ExternalSyntheticLambda1.run(D8$$SyntheticClass:0)
09-30 14:04:24.721 16430 16430 E AndroidRuntime: 	at android.os.Handler.handleCallback(Handler.java:1082)
09-30 14:04:24.721 16430 16430 E AndroidRuntime: 	at android.os.Handler.dispatchMessageImpl(Handler.java:135)
09-30 14:04:24.721 16430 16430 E AndroidRuntime: 	at android.os.Handler.dispatchMessage(Handler.java:126)
09-30 14:04:24.721 16430 16430 E AndroidRuntime: 	at android.os.Looper.loopOnce(Looper.java:295)
09-30 14:04:24.721 16430 16430 E AndroidRuntime: 	at android.os.Looper.loop(Looper.java:398)
09-30 14:04:24.721 16430 16430 E AndroidRuntime: 	at android.app.ActivityThread.main(ActivityThread.java:9569)
09-30 14:04:24.721 16430 16430 E AndroidRuntime: 	at java.lang.reflect.Method.invoke(Native Method)
09-30 14:04:24.721 16430 16430 E AndroidRuntime: 	at com.android.internal.os.RuntimeInit$MethodAndArgsCaller.run(RuntimeInit.java:575)
09-30 14:04:24.721 16430 16430 E AndroidRuntime: 	at com.android.internal.os.ZygoteInit.main(ZygoteInit.java:918)
09-30 14:04:24.721 16430 16462 W unknown:ViewManagerPropertyUpdater: Could not find generated setter for class com.facebook.react.views.scroll.ReactScrollViewManager
09-30 14:04:24.723 16430 16462 W unknown:ViewManagerPropertyUpdater: Could not find generated setter for class com.facebook.react.views.view.ReactViewManager
09-30 14:04:24.724 16430 16462 W unknown:ViewManagerPropertyUpdater: Could not find generated setter for class com.facebook.react.views.drawer.ReactDrawerLayoutManager
09-30 14:04:24.725 16430 16462 W unknown:ViewManagerPropertyUpdater: Could not find generated setter for class com.facebook.react.views.switchview.ReactSwitchManager
09-30 14:04:24.729 16430 16462 W unknown:ViewManagerPropertyUpdater: Could not find generated setter for class com.facebook.react.views.swiperefresh.SwipeRefreshLayoutManager
09-30 14:04:24.732 16430 16462 W unknown:ViewManagerPropertyUpdater: Could not find generated setter for class com.facebook.react.views.textinput.ReactTextInputManager
09-30 14:04:24.734 16430 16430 I Process : Sending signal. PID: 16430 SIG: 9
