09-30 14:01:55.562 10593 10593 I libprocessgroup: Created cgroup /sys/fs/cgroup/apps/uid_10871
09-30 14:01:55.563 10593 10593 I libprocessgroup: Created cgroup /sys/fs/cgroup/apps/uid_10871/pid_10593
09-30 14:01:55.569 10593 10593 I Zygote  : Process 10593 created for com.maplibrestartuprepro
09-30 14:01:55.569 10593 10593 I brestartuprepro: Using generational CollectorTypeCMC GC.
09-30 14:01:55.575 10593 10593 D nativeloader: Load libframework-connectivity-tiramisu-jni.so using APEX ns com_android_tethering for caller /apex/com.android.tethering/javalib/framework-connectivity-t.jar: ok
09-30 14:01:55.586 10593 10593 D ApplicationLoaders: Returning zygote-cached class loader: /system_ext/framework/androidx.window.extensions.jar
09-30 14:01:55.586 10593 10593 D ApplicationLoaders: Returning zygote-cached class loader: /system_ext/framework/androidx.window.sidecar.jar
09-30 14:01:55.588 10593 10593 D nativeloader: Configuring clns-9 for other apk /data/app/~~p52a_CUhOjgU2DskNXk8rQ==/com.maplibrestartuprepro-5TiDq5D0sTbv5ZEP9DgaBA==/base.apk. target_sdk_version=36, uses_libraries=, library_path=/data/app/~~p52a_CUhOjgU2DskNXk8rQ==/com.maplibrestartuprepro-5TiDq5D0sTbv5ZEP9DgaBA==/lib/arm64:/data/app/~~p52a_CUhOjgU2DskNXk8rQ==/com.maplibrestartuprepro-5TiDq5D0sTbv5ZEP9DgaBA==/base.apk!/lib/arm64-v8a, permitted_path=/data:/mnt/expand:/data/user/0/com.maplibrestartuprepro
09-30 14:01:55.592 10593 10593 D ActivityThread: Set OS env TMPDIR to /data/user/0/com.maplibrestartuprepro/cache
09-30 14:01:55.593 10593 10593 V GraphicsEnvironment: Currently set values for:
09-30 14:01:55.593 10593 10593 V GraphicsEnvironment:   angle_gl_driver_selection_pkgs=[com.android.angle]
09-30 14:01:55.593 10593 10593 V GraphicsEnvironment:   angle_gl_driver_selection_values=[angle]
09-30 14:01:55.593 10593 10593 V GraphicsEnvironment: com.maplibrestartuprepro is not listed in per-application setting
09-30 14:01:55.593 10593 10593 V GraphicsEnvironment: No special selections for ANGLE, returning default driver choice
09-30 14:01:55.595 10593 10593 V GraphicsEnvironment: Neither updatable production driver nor prerelease driver is supported.
09-30 14:01:55.603 10593 10593 W SoLoader: Initializing SoLoader: 0
09-30 14:01:55.603 10593 10593 W SoLoader: Recording new base apk path: /data/app/~~p52a_CUhOjgU2DskNXk8rQ==/com.maplibrestartuprepro-5TiDq5D0sTbv5ZEP9DgaBA==/base.apk
09-30 14:01:55.603 10593 10593 W SoLoader: Previously recorded 0 base apk paths.
09-30 14:01:55.604 10593 10593 I SoLoader: Preparing SO source: DirectorySoSource[root = /vendor/lib64 flags = 2]
09-30 14:01:55.604 10593 10593 I SoLoader: Preparing SO source: DirectorySoSource[root = /system/lib64 flags = 2]
09-30 14:01:55.604 10593 10593 I SoLoader: Preparing SO source: DirectApkSoSource[root = [/data/app/~~p52a_CUhOjgU2DskNXk8rQ==/com.maplibrestartuprepro-5TiDq5D0sTbv5ZEP9DgaBA==/base.apk!/lib/arm64-v8a]]
09-30 14:01:55.605 10593 10593 I SoLoader: Preparing SO source: ApplicationSoSource[DirectorySoSource[root = /data/app/~~p52a_CUhOjgU2DskNXk8rQ==/com.maplibrestartuprepro-5TiDq5D0sTbv5ZEP9DgaBA==/lib/arm64 flags = 0]]
09-30 14:01:55.605 10593 10593 I SoLoader: init finish: 4 SO sources prepared
09-30 14:01:55.605 10593 10593 W SoLoader: SoLoader initialized: 8
09-30 14:01:55.610 10593 10593 D nativeloader: Load /data/app/~~p52a_CUhOjgU2DskNXk8rQ==/com.maplibrestartuprepro-5TiDq5D0sTbv5ZEP9DgaBA==/base.apk!/lib/arm64-v8a/libc++_shared.so using class loader ns clns-9 (caller=/data/app/~~p52a_CUhOjgU2DskNXk8rQ==/com.maplibrestartuprepro-5TiDq5D0sTbv5ZEP9DgaBA==/base.apk): ok
09-30 14:01:55.613 10593 10593 D nativeloader: Load /data/app/~~p52a_CUhOjgU2DskNXk8rQ==/com.maplibrestartuprepro-5TiDq5D0sTbv5ZEP9DgaBA==/base.apk!/lib/arm64-v8a/libjsi.so using class loader ns clns-9 (caller=/data/app/~~p52a_CUhOjgU2DskNXk8rQ==/com.maplibrestartuprepro-5TiDq5D0sTbv5ZEP9DgaBA==/base.apk): ok
09-30 14:01:55.615 10593 10593 D nativeloader: Load /data/app/~~p52a_CUhOjgU2DskNXk8rQ==/com.maplibrestartuprepro-5TiDq5D0sTbv5ZEP9DgaBA==/base.apk!/lib/arm64-v8a/libfbjni.so using class loader ns clns-9 (caller=/data/app/~~p52a_CUhOjgU2DskNXk8rQ==/com.maplibrestartuprepro-5TiDq5D0sTbv5ZEP9DgaBA==/base.apk): ok
09-30 14:01:55.617 10593 10593 D nativeloader: Load /data/app/~~p52a_CUhOjgU2DskNXk8rQ==/com.maplibrestartuprepro-5TiDq5D0sTbv5ZEP9DgaBA==/base.apk!/lib/arm64-v8a/libreactnative.so using class loader ns clns-9 (caller=/data/app/~~p52a_CUhOjgU2DskNXk8rQ==/com.maplibrestartuprepro-5TiDq5D0sTbv5ZEP9DgaBA==/base.apk): ok
09-30 14:01:55.617 10593 10593 D jni_lib_merge: Entering merged library JNI_OnLoad.
09-30 14:01:55.617 10593 10593 D jni_lib_merge: Preparing 13 pre-merged libs (including stub)
09-30 14:01:55.618 10593 10593 D jni_lib_merge: Preparing to register libfabricjni_so.  onload_func: 0x75abbcbb5c
09-30 14:01:55.618 10593 10593 D jni_lib_merge: Preparing to register libreact_devsupportjni_so.  onload_func: 0x75abca33d0
09-30 14:01:55.618 10593 10593 D jni_lib_merge: Preparing to register libreact_featureflagsjni_so.  onload_func: 0x75abcbc64c
09-30 14:01:55.618 10593 10593 D jni_lib_merge: Preparing to register libreact_newarchdefaults_so.  onload_func: 0x75abcfe1d8
09-30 14:01:55.618 10593 10593 D jni_lib_merge: Preparing to register libreact_tracingjni_so.  onload_func: 0x75abde54cc
09-30 14:01:55.618 10593 10593 D jni_lib_merge: Preparing to register libreactnativeblob_so.  onload_func: 0x75abdea760
09-30 14:01:55.618 10593 10593 D jni_lib_merge: Preparing to register libreactnativejni_so.  onload_func: 0x75abdf67f4
09-30 14:01:55.618 10593 10593 D jni_lib_merge: Preparing to register libreactnativejni_common_so.  onload_func: 0x75abdf9838
09-30 14:01:55.618 10593 10593 D jni_lib_merge: Preparing to register librninstance_so.  onload_func: 0x75abe1ef50
09-30 14:01:55.618 10593 10593 D jni_lib_merge: Preparing to register libturbomodulejsijni_so.  onload_func: 0x75abeb4f48
09-30 14:01:55.618 10593 10593 D jni_lib_merge: Preparing to register libuimanagerjni_so.  onload_func: 0x75abebb93c
09-30 14:01:55.618 10593 10593 D jni_lib_merge: Preparing to register libyoga_so.  onload_func: 0x75abec33b8
09-30 14:01:55.618 10593 10593 D jni_lib_merge: About to register 12 actual methods.
09-30 14:01:55.621 10593 10593 D nativeloader: Load /data/app/~~p52a_CUhOjgU2DskNXk8rQ==/com.maplibrestartuprepro-5TiDq5D0sTbv5ZEP9DgaBA==/base.apk!/lib/arm64-v8a/libreact_codegen_safeareacontext.so using class loader ns clns-9 (caller=/data/app/~~p52a_CUhOjgU2DskNXk8rQ==/com.maplibrestartuprepro-5TiDq5D0sTbv5ZEP9DgaBA==/base.apk): ok
09-30 14:01:55.623 10593 10593 D nativeloader: Load /data/app/~~p52a_CUhOjgU2DskNXk8rQ==/com.maplibrestartuprepro-5TiDq5D0sTbv5ZEP9DgaBA==/base.apk!/lib/arm64-v8a/libappmodules.so using class loader ns clns-9 (caller=/data/app/~~p52a_CUhOjgU2DskNXk8rQ==/com.maplibrestartuprepro-5TiDq5D0sTbv5ZEP9DgaBA==/base.apk): ok
09-30 14:01:55.628 10593 10606 I DisplayManager: Choreographer implicitly registered for the refresh rate.
09-30 14:01:55.629 10593 10606 D vulkan  : searching for layers in '/data/app/~~p52a_CUhOjgU2DskNXk8rQ==/com.maplibrestartuprepro-5TiDq5D0sTbv5ZEP9DgaBA==/lib/arm64'
09-30 14:01:55.629 10593 10606 D vulkan  : searching for layers in '/data/app/~~p52a_CUhOjgU2DskNXk8rQ==/com.maplibrestartuprepro-5TiDq5D0sTbv5ZEP9DgaBA==/base.apk!/lib/arm64-v8a'
09-30 14:01:55.636 10593 10593 D AppCompatDelegate: Checking for metadata for AppLocalesMetadataHolderService : Service not found
09-30 14:01:55.647 10593 10593 D CompatChangeReporter: Compat change id reported: 377864165; UID 10871; state: ENABLED
09-30 14:01:55.656 10593 10593 D nativeloader: Load /data/app/~~p52a_CUhOjgU2DskNXk8rQ==/com.maplibrestartuprepro-5TiDq5D0sTbv5ZEP9DgaBA==/base.apk!/lib/arm64-v8a/libhermesvm.so using class loader ns clns-9 (caller=/data/app/~~p52a_CUhOjgU2DskNXk8rQ==/com.maplibrestartuprepro-5TiDq5D0sTbv5ZEP9DgaBA==/base.apk): ok
09-30 14:01:55.657 10593 10593 D nativeloader: Load /data/app/~~p52a_CUhOjgU2DskNXk8rQ==/com.maplibrestartuprepro-5TiDq5D0sTbv5ZEP9DgaBA==/base.apk!/lib/arm64-v8a/libhermestooling.so using class loader ns clns-9 (caller=/data/app/~~p52a_CUhOjgU2DskNXk8rQ==/com.maplibrestartuprepro-5TiDq5D0sTbv5ZEP9DgaBA==/base.apk): ok
09-30 14:01:55.657 10593 10593 D jni_lib_merge: Entering merged library JNI_OnLoad.
09-30 14:01:55.657 10593 10593 D jni_lib_merge: Preparing 4 pre-merged libs (including stub)
09-30 14:01:55.657 10593 10593 D jni_lib_merge: Preparing to register libhermes_executor_so.  onload_func: 0x764f763eec
09-30 14:01:55.657 10593 10593 D jni_lib_merge: Preparing to register libhermesinstancejni_so.  onload_func: 0x764f76b69c
09-30 14:01:55.657 10593 10593 D jni_lib_merge: Preparing to register libjsijniprofiler_so.  onload_func: 0x764f76bf44
09-30 14:01:55.657 10593 10593 D jni_lib_merge: About to register 3 actual methods.
09-30 14:01:55.665 10593 10593 W unknown:BridgelessReact: ReactHost{0}.startSurface(surfaceId = 0): Schedule
09-30 14:01:55.665 10593 10593 W unknown:BridgelessReact: ReactHost{0}.attachSurface(surfaceId = 0)
09-30 14:01:55.665 10593 10625 W unknown:BridgelessReact: ReactHost{0}.getOrCreateReactInstanceTask()
09-30 14:01:55.665 10593 10625 W unknown:BridgelessReact: ReactHost{0}.getOrCreateReactInstanceTask(): Start
09-30 14:01:55.665 10593 10625 W unknown:BridgelessReact: ReactHost{0}.getJSBundleLoader()
09-30 14:01:55.666 10593 10625 W unknown:BridgelessReact: ReactHost{0}.getOrCreateReactInstanceTask(): Creating BridgelessReactContext
09-30 14:01:55.666 10593 10625 W unknown:BridgelessReact: ReactHost{0}.getOrCreateReactInstanceTask(): Creating ReactInstance
09-30 14:01:55.670 10593 10593 I ContentCaptureHelper: Setting logging level to OFF
09-30 14:01:55.676 10593 10625 W unknown:BridgelessReact: ReactHost{0}.getOrCreateReactInstanceTask(): Loading JS Bundle
09-30 14:01:55.676 10593 10625 W unknown:BridgelessReact: ReactHost{0}.getOrCreateReactInstanceTask(): DevSupportManager.onNewReactContextCreated()
09-30 14:01:55.677 10593 10625 W unknown:BridgelessReact: ReactHost{0}.startSurface(surfaceId = 0): Execute
09-30 14:01:55.680 10593 10626 I ReactNativeJS: [repro] bundle load: calling OfflineManager
09-30 14:01:55.680 10593 10626 I ReactNativeJS: Running "MapLibreStartupRepro"
09-30 14:01:55.683 10593 10626 W unknown:ViewManagerPropertyUpdater: Could not find generated setter for class com.th3rdwave.safeareacontext.SafeAreaProviderManager
09-30 14:01:55.685 10593 10626 W unknown:ViewManagerPropertyUpdater: Could not find generated setter for class com.facebook.react.uimanager.LayoutShadowNode
09-30 14:01:55.686 10593 10626 W unknown:ViewManagerPropertyUpdater: Could not find generated setter for class org.maplibre.reactnative.components.sources.geojsonsource.MLRNGeoJSONSourceManager
09-30 14:01:55.687 10593 10626 W unknown:ViewManagerPropertyUpdater: Could not find generated setter for class org.maplibre.reactnative.components.annotations.markerview.MLRNMarkerViewManager
09-30 14:01:55.687 10593 10626 W unknown:ViewManagerPropertyUpdater: Could not find generated setter for class org.maplibre.reactnative.components.sources.imagesource.MLRNImageSourceManager
09-30 14:01:55.687 10593 10626 W unknown:ViewManagerPropertyUpdater: Could not find generated setter for class org.maplibre.reactnative.components.sources.tilesources.rastersource.MLRNRasterSourceManager
09-30 14:01:55.688 10593 10626 W unknown:ViewManagerPropertyUpdater: Could not find generated setter for class org.maplibre.reactnative.components.camera.MLRNCameraManager
09-30 14:01:55.689 10593 10626 W unknown:ViewManagerPropertyUpdater: Could not find generated setter for class org.maplibre.reactnative.components.sources.tilesources.vectorsource.MLRNVectorSourceManager
09-30 14:01:55.689 10593 10626 W unknown:ViewManagerPropertyUpdater: Could not find generated setter for class org.maplibre.reactnative.components.mapview.MLRNMapViewManager
09-30 14:01:55.690 10593 10626 W unknown:ViewManagerPropertyUpdater: Could not find generated setter for class org.maplibre.reactnative.components.mapview.MLRNMapViewManager$MapShadowNode
09-30 14:01:55.690 10593 10626 W unknown:ViewManagerPropertyUpdater: Could not find generated setter for class org.maplibre.reactnative.components.layer.MLRNLayerManager
09-30 14:01:55.691 10593 10626 W unknown:ViewManagerPropertyUpdater: Could not find generated setter for class com.th3rdwave.safeareacontext.SafeAreaViewManager
09-30 14:01:55.691 10593 10626 W unknown:ViewManagerPropertyUpdater: Could not find generated setter for class com.th3rdwave.safeareacontext.SafeAreaViewShadowNode
09-30 14:01:55.692 10593 10626 W unknown:ViewManagerPropertyUpdater: Could not find generated setter for class org.maplibre.reactnative.components.mapview.MLRNAndroidTextureMapViewManager
09-30 14:01:55.692 10593 10626 W unknown:ViewManagerPropertyUpdater: Could not find generated setter for class org.maplibre.reactnative.components.sources.tilesources.rasterdemsource.MLRNRasterDEMSourceManager
09-30 14:01:55.692 10593 10626 W unknown:ViewManagerPropertyUpdater: Could not find generated setter for class org.maplibre.reactnative.components.location.MLRNNativeUserLocationManager
09-30 14:01:55.692 10593 10626 W unknown:ViewManagerPropertyUpdater: Could not find generated setter for class org.maplibre.reactnative.components.annotations.pointannotation.MLRNPointAnnotationManager
09-30 14:01:55.693 10593 10627 D nativeloader: Load /data/app/~~p52a_CUhOjgU2DskNXk8rQ==/com.maplibrestartuprepro-5TiDq5D0sTbv5ZEP9DgaBA==/base.apk!/lib/arm64-v8a/libmaplibre.so using class loader ns clns-9 (caller=/data/app/~~p52a_CUhOjgU2DskNXk8rQ==/com.maplibrestartuprepro-5TiDq5D0sTbv5ZEP9DgaBA==/base.apk!classes3.dex): ok
09-30 14:01:55.693 10593 10626 W unknown:ViewManagerPropertyUpdater: Could not find generated setter for class org.maplibre.reactnative.components.images.MLRNImagesManager
09-30 14:01:55.693 10593 10626 W unknown:ViewManagerPropertyUpdater: Could not find generated setter for class org.maplibre.reactnative.components.annotations.callout.MLRNCalloutManager
09-30 14:01:55.699 10593 10627 W unknown:BridgelessReact: ReactHost{0}.handleHostException(message = "
09-30 14:01:55.699 10593 10627 W unknown:BridgelessReact: Using MapView requires calling MapLibre.getInstance(Context context, String apiKey, WellKnownTileServer wellKnownTileServer) before inflating or creating the view.")
09-30 14:01:55.700 10593 10627 E AndroidRuntime: FATAL EXCEPTION: mqt_v_native
09-30 14:01:55.700 10593 10627 E AndroidRuntime: Process: com.maplibrestartuprepro, PID: 10593
09-30 14:01:55.700 10593 10627 E AndroidRuntime: org.maplibre.android.exceptions.MapLibreConfigurationException: 
09-30 14:01:55.700 10593 10627 E AndroidRuntime: Using MapView requires calling MapLibre.getInstance(Context context, String apiKey, WellKnownTileServer wellKnownTileServer) before inflating or creating the view.
09-30 14:01:55.700 10593 10627 E AndroidRuntime: 	at org.maplibre.android.MapLibre.validateMapLibre(MapLibre.java:261)
09-30 14:01:55.700 10593 10627 E AndroidRuntime: 	at org.maplibre.android.MapLibre.getTileServerOptions(MapLibre.java:164)
09-30 14:01:55.700 10593 10627 E AndroidRuntime: 	at org.maplibre.android.storage.FileSource.<init>(FileSource.java:348)
09-30 14:01:55.700 10593 10627 E AndroidRuntime: 	at org.maplibre.android.storage.FileSource.getInstance(FileSource.java:95)
09-30 14:01:55.700 10593 10627 E AndroidRuntime: 	at org.maplibre.android.offline.OfflineManager.<init>(OfflineManager.kt:133)
09-30 14:01:55.700 10593 10627 E AndroidRuntime: 	at org.maplibre.android.offline.OfflineManager.<init>(OfflineManager.kt:0)
09-30 14:01:55.700 10593 10627 E AndroidRuntime: 	at org.maplibre.android.offline.OfflineManager$Companion.getInstance(OfflineManager.kt:653)
09-30 14:01:55.700 10593 10627 E AndroidRuntime: 	at org.maplibre.reactnative.modules.MLRNOfflineModule.setTileCountLimit(MLRNOfflineModule.kt:412)
09-30 14:01:55.700 10593 10627 E AndroidRuntime: 	at com.facebook.jni.NativeRunnable.run(Native Method)
09-30 14:01:55.700 10593 10627 E AndroidRuntime: 	at android.os.Handler.handleCallback(Handler.java:1082)
09-30 14:01:55.700 10593 10627 E AndroidRuntime: 	at android.os.Handler.dispatchMessageImpl(Handler.java:135)
09-30 14:01:55.700 10593 10627 E AndroidRuntime: 	at android.os.Handler.dispatchMessage(Handler.java:126)
09-30 14:01:55.700 10593 10627 E AndroidRuntime: 	at com.facebook.react.bridge.queue.MessageQueueThreadHandler.dispatchMessage(MessageQueueThreadHandler.kt:21)
09-30 14:01:55.700 10593 10627 E AndroidRuntime: 	at android.os.Looper.loopOnce(Looper.java:295)
09-30 14:01:55.700 10593 10627 E AndroidRuntime: 	at android.os.Looper.loop(Looper.java:398)
09-30 14:01:55.700 10593 10627 E AndroidRuntime: 	at com.facebook.react.bridge.queue.MessageQueueThreadImpl$Companion.startNewBackgroundThread$lambda$0(MessageQueueThreadImpl.kt:152)
09-30 14:01:55.700 10593 10627 E AndroidRuntime: 	at com.facebook.react.bridge.queue.MessageQueueThreadImpl$Companion$$ExternalSyntheticLambda0.run(D8$$SyntheticClass:0)
09-30 14:01:55.700 10593 10627 E AndroidRuntime: 	at java.lang.Thread.run(Thread.java:1571)
09-30 14:01:55.702 10593 10626 W unknown:ViewManagerPropertyUpdater: Could not find generated setter for class com.facebook.react.views.safeareaview.ReactSafeAreaViewManager
09-30 14:01:55.703 10593 10626 W unknown:ViewManagerPropertyUpdater: Could not find generated setter for class com.facebook.react.views.modal.ReactModalHostManager
09-30 14:01:55.704 10593 10626 W unknown:ViewManagerPropertyUpdater: Could not find generated setter for class com.facebook.react.views.progressbar.ReactProgressBarViewManager
09-30 14:01:55.705 10593 10626 W unknown:ViewManagerPropertyUpdater: Could not find generated setter for class com.facebook.react.views.scroll.ReactHorizontalScrollViewManager
09-30 14:01:55.706 10593 10626 W unknown:ViewManagerPropertyUpdater: Could not find generated setter for class com.facebook.react.views.image.ReactImageManager
09-30 14:01:55.708 10593 10626 W unknown:ViewManagerPropertyUpdater: Could not find generated setter for class com.facebook.react.views.text.ReactTextViewManager
09-30 14:01:55.709 10593 10626 W unknown:ViewManagerPropertyUpdater: Could not find generated setter for class com.facebook.react.views.scroll.ReactHorizontalScrollContainerViewManager
09-30 14:01:55.710 10593 10626 W unknown:ViewManagerPropertyUpdater: Could not find generated setter for class com.facebook.react.views.unimplementedview.ReactUnimplementedViewManager
09-30 14:01:55.711 10593 10626 W unknown:ViewManagerPropertyUpdater: Could not find generated setter for class com.facebook.react.views.scroll.ReactScrollViewManager
09-30 14:01:55.712 10593 10626 W unknown:ViewManagerPropertyUpdater: Could not find generated setter for class com.facebook.react.views.view.ReactViewManager
09-30 14:01:55.713 10593 10626 W unknown:ViewManagerPropertyUpdater: Could not find generated setter for class com.facebook.react.views.drawer.ReactDrawerLayoutManager
09-30 14:01:55.714 10593 10626 W unknown:ViewManagerPropertyUpdater: Could not find generated setter for class com.facebook.react.views.switchview.ReactSwitchManager
09-30 14:01:55.715 10593 10626 W unknown:ViewManagerPropertyUpdater: Could not find generated setter for class com.facebook.react.views.swiperefresh.SwipeRefreshLayoutManager
09-30 14:01:55.717 10593 10626 W unknown:ViewManagerPropertyUpdater: Could not find generated setter for class com.facebook.react.views.textinput.ReactTextInputManager
09-30 14:01:55.718 10593 10626 W unknown:ViewManagerPropertyUpdater: Could not find generated setter for class com.facebook.react.views.text.SelectableTextViewManager
09-30 14:01:55.719 10593 10626 W unknown:ViewManagerPropertyUpdater: Could not find generated setter for class com.facebook.react.views.virtual.view.ReactVirtualViewManager
09-30 14:01:55.724 10593 10626 I HWUI    : Using FreeType backend (prop=Auto)
09-30 14:01:55.751 10593 10626 I ReactNativeJS: [repro] first effect: calling OfflineManager
09-30 14:01:55.770 10593 10593 W unknown:BridgelessReact: ReactHost{0}.onHostResume(activity)
09-30 14:01:55.771 10593 10593 W unknown:BridgelessReact: ReactHost{0}.ReactContext.onHostResume()
09-30 14:01:55.776 10593 10627 I Process : Sending signal. PID: 10593 SIG: 9
