09-30 14:02:17.798 11640 11640 I libprocessgroup: Created cgroup /sys/fs/cgroup/apps/uid_10873
09-30 14:02:17.799 11640 11640 I libprocessgroup: Created cgroup /sys/fs/cgroup/apps/uid_10873/pid_11640
09-30 14:02:17.809 11640 11640 I Zygote  : Process 11640 created for com.maplibrestartuprepro
09-30 14:02:17.810 11640 11640 I brestartuprepro: Using generational CollectorTypeCMC GC.
09-30 14:02:17.816 11640 11640 D nativeloader: Load libframework-connectivity-tiramisu-jni.so using APEX ns com_android_tethering for caller /apex/com.android.tethering/javalib/framework-connectivity-t.jar: ok
09-30 14:02:17.832 11640 11640 D ApplicationLoaders: Returning zygote-cached class loader: /system_ext/framework/androidx.window.extensions.jar
09-30 14:02:17.832 11640 11640 D ApplicationLoaders: Returning zygote-cached class loader: /system_ext/framework/androidx.window.sidecar.jar
09-30 14:02:17.834 11640 11640 D nativeloader: Configuring clns-9 for other apk /data/app/~~iT2vvmENdsFx2TksPrwpfw==/com.maplibrestartuprepro-H3WMEzlcEUIgzIqfDbZiWQ==/base.apk. target_sdk_version=36, uses_libraries=, library_path=/data/app/~~iT2vvmENdsFx2TksPrwpfw==/com.maplibrestartuprepro-H3WMEzlcEUIgzIqfDbZiWQ==/lib/arm64:/data/app/~~iT2vvmENdsFx2TksPrwpfw==/com.maplibrestartuprepro-H3WMEzlcEUIgzIqfDbZiWQ==/base.apk!/lib/arm64-v8a, permitted_path=/data:/mnt/expand:/data/user/0/com.maplibrestartuprepro
09-30 14:02:17.838 11640 11640 D ActivityThread: Set OS env TMPDIR to /data/user/0/com.maplibrestartuprepro/cache
09-30 14:02:17.839 11640 11640 V GraphicsEnvironment: Currently set values for:
09-30 14:02:17.839 11640 11640 V GraphicsEnvironment:   angle_gl_driver_selection_pkgs=[com.android.angle]
09-30 14:02:17.839 11640 11640 V GraphicsEnvironment:   angle_gl_driver_selection_values=[angle]
09-30 14:02:17.839 11640 11640 V GraphicsEnvironment: com.maplibrestartuprepro is not listed in per-application setting
09-30 14:02:17.839 11640 11640 V GraphicsEnvironment: No special selections for ANGLE, returning default driver choice
09-30 14:02:17.840 11640 11640 V GraphicsEnvironment: Neither updatable production driver nor prerelease driver is supported.
09-30 14:02:17.850 11640 11640 W SoLoader: Initializing SoLoader: 0
09-30 14:02:17.850 11640 11640 W SoLoader: Recording new base apk path: /data/app/~~iT2vvmENdsFx2TksPrwpfw==/com.maplibrestartuprepro-H3WMEzlcEUIgzIqfDbZiWQ==/base.apk
09-30 14:02:17.850 11640 11640 W SoLoader: Previously recorded 0 base apk paths.
09-30 14:02:17.851 11640 11640 I SoLoader: Preparing SO source: DirectorySoSource[root = /vendor/lib64 flags = 2]
09-30 14:02:17.851 11640 11640 I SoLoader: Preparing SO source: DirectorySoSource[root = /system/lib64 flags = 2]
09-30 14:02:17.851 11640 11640 I SoLoader: Preparing SO source: DirectApkSoSource[root = [/data/app/~~iT2vvmENdsFx2TksPrwpfw==/com.maplibrestartuprepro-H3WMEzlcEUIgzIqfDbZiWQ==/base.apk!/lib/arm64-v8a]]
09-30 14:02:17.852 11640 11640 I SoLoader: Preparing SO source: ApplicationSoSource[DirectorySoSource[root = /data/app/~~iT2vvmENdsFx2TksPrwpfw==/com.maplibrestartuprepro-H3WMEzlcEUIgzIqfDbZiWQ==/lib/arm64 flags = 0]]
09-30 14:02:17.852 11640 11640 I SoLoader: init finish: 4 SO sources prepared
09-30 14:02:17.852 11640 11640 W SoLoader: SoLoader initialized: 8
09-30 14:02:17.858 11640 11640 D nativeloader: Load /data/app/~~iT2vvmENdsFx2TksPrwpfw==/com.maplibrestartuprepro-H3WMEzlcEUIgzIqfDbZiWQ==/base.apk!/lib/arm64-v8a/libc++_shared.so using class loader ns clns-9 (caller=/data/app/~~iT2vvmENdsFx2TksPrwpfw==/com.maplibrestartuprepro-H3WMEzlcEUIgzIqfDbZiWQ==/base.apk): ok
09-30 14:02:17.860 11640 11640 D nativeloader: Load /data/app/~~iT2vvmENdsFx2TksPrwpfw==/com.maplibrestartuprepro-H3WMEzlcEUIgzIqfDbZiWQ==/base.apk!/lib/arm64-v8a/libjsi.so using class loader ns clns-9 (caller=/data/app/~~iT2vvmENdsFx2TksPrwpfw==/com.maplibrestartuprepro-H3WMEzlcEUIgzIqfDbZiWQ==/base.apk): ok
09-30 14:02:17.862 11640 11640 D nativeloader: Load /data/app/~~iT2vvmENdsFx2TksPrwpfw==/com.maplibrestartuprepro-H3WMEzlcEUIgzIqfDbZiWQ==/base.apk!/lib/arm64-v8a/libfbjni.so using class loader ns clns-9 (caller=/data/app/~~iT2vvmENdsFx2TksPrwpfw==/com.maplibrestartuprepro-H3WMEzlcEUIgzIqfDbZiWQ==/base.apk): ok
09-30 14:02:17.865 11640 11640 D nativeloader: Load /data/app/~~iT2vvmENdsFx2TksPrwpfw==/com.maplibrestartuprepro-H3WMEzlcEUIgzIqfDbZiWQ==/base.apk!/lib/arm64-v8a/libreactnative.so using class loader ns clns-9 (caller=/data/app/~~iT2vvmENdsFx2TksPrwpfw==/com.maplibrestartuprepro-H3WMEzlcEUIgzIqfDbZiWQ==/base.apk): ok
09-30 14:02:17.865 11640 11640 D jni_lib_merge: Entering merged library JNI_OnLoad.
09-30 14:02:17.865 11640 11640 D jni_lib_merge: Preparing 13 pre-merged libs (including stub)
09-30 14:02:17.865 11640 11640 D jni_lib_merge: Preparing to register libfabricjni_so.  onload_func: 0x75abd7eb5c
09-30 14:02:17.865 11640 11640 D jni_lib_merge: Preparing to register libreact_devsupportjni_so.  onload_func: 0x75abe563d0
09-30 14:02:17.865 11640 11640 D jni_lib_merge: Preparing to register libreact_featureflagsjni_so.  onload_func: 0x75abe6f64c
09-30 14:02:17.865 11640 11640 D jni_lib_merge: Preparing to register libreact_newarchdefaults_so.  onload_func: 0x75abeb11d8
09-30 14:02:17.865 11640 11640 D jni_lib_merge: Preparing to register libreact_tracingjni_so.  onload_func: 0x75abf984cc
09-30 14:02:17.865 11640 11640 D jni_lib_merge: Preparing to register libreactnativeblob_so.  onload_func: 0x75abf9d760
09-30 14:02:17.865 11640 11640 D jni_lib_merge: Preparing to register libreactnativejni_so.  onload_func: 0x75abfa97f4
09-30 14:02:17.865 11640 11640 D jni_lib_merge: Preparing to register libreactnativejni_common_so.  onload_func: 0x75abfac838
09-30 14:02:17.865 11640 11640 D jni_lib_merge: Preparing to register librninstance_so.  onload_func: 0x75abfd1f50
09-30 14:02:17.865 11640 11640 D jni_lib_merge: Preparing to register libturbomodulejsijni_so.  onload_func: 0x75ac067f48
09-30 14:02:17.865 11640 11640 D jni_lib_merge: Preparing to register libuimanagerjni_so.  onload_func: 0x75ac06e93c
09-30 14:02:17.865 11640 11640 D jni_lib_merge: Preparing to register libyoga_so.  onload_func: 0x75ac0763b8
09-30 14:02:17.865 11640 11640 D jni_lib_merge: About to register 12 actual methods.
09-30 14:02:17.869 11640 11640 D nativeloader: Load /data/app/~~iT2vvmENdsFx2TksPrwpfw==/com.maplibrestartuprepro-H3WMEzlcEUIgzIqfDbZiWQ==/base.apk!/lib/arm64-v8a/libreact_codegen_safeareacontext.so using class loader ns clns-9 (caller=/data/app/~~iT2vvmENdsFx2TksPrwpfw==/com.maplibrestartuprepro-H3WMEzlcEUIgzIqfDbZiWQ==/base.apk): ok
09-30 14:02:17.870 11640 11640 D nativeloader: Load /data/app/~~iT2vvmENdsFx2TksPrwpfw==/com.maplibrestartuprepro-H3WMEzlcEUIgzIqfDbZiWQ==/base.apk!/lib/arm64-v8a/libappmodules.so using class loader ns clns-9 (caller=/data/app/~~iT2vvmENdsFx2TksPrwpfw==/com.maplibrestartuprepro-H3WMEzlcEUIgzIqfDbZiWQ==/base.apk): ok
09-30 14:02:17.877 11640 11746 I DisplayManager: Choreographer implicitly registered for the refresh rate.
09-30 14:02:17.884 11640 11746 D vulkan  : searching for layers in '/data/app/~~iT2vvmENdsFx2TksPrwpfw==/com.maplibrestartuprepro-H3WMEzlcEUIgzIqfDbZiWQ==/lib/arm64'
09-30 14:02:17.884 11640 11746 D vulkan  : searching for layers in '/data/app/~~iT2vvmENdsFx2TksPrwpfw==/com.maplibrestartuprepro-H3WMEzlcEUIgzIqfDbZiWQ==/base.apk!/lib/arm64-v8a'
09-30 14:02:17.885 11640 11640 D AppCompatDelegate: Checking for metadata for AppLocalesMetadataHolderService : Service not found
09-30 14:02:17.898 11640 11640 D CompatChangeReporter: Compat change id reported: 377864165; UID 10873; state: ENABLED
09-30 14:02:17.905 11640 11640 D nativeloader: Load /data/app/~~iT2vvmENdsFx2TksPrwpfw==/com.maplibrestartuprepro-H3WMEzlcEUIgzIqfDbZiWQ==/base.apk!/lib/arm64-v8a/libhermesvm.so using class loader ns clns-9 (caller=/data/app/~~iT2vvmENdsFx2TksPrwpfw==/com.maplibrestartuprepro-H3WMEzlcEUIgzIqfDbZiWQ==/base.apk): ok
09-30 14:02:17.906 11640 11640 D nativeloader: Load /data/app/~~iT2vvmENdsFx2TksPrwpfw==/com.maplibrestartuprepro-H3WMEzlcEUIgzIqfDbZiWQ==/base.apk!/lib/arm64-v8a/libhermestooling.so using class loader ns clns-9 (caller=/data/app/~~iT2vvmENdsFx2TksPrwpfw==/com.maplibrestartuprepro-H3WMEzlcEUIgzIqfDbZiWQ==/base.apk): ok
09-30 14:02:17.906 11640 11640 D jni_lib_merge: Entering merged library JNI_OnLoad.
09-30 14:02:17.906 11640 11640 D jni_lib_merge: Preparing 4 pre-merged libs (including stub)
09-30 14:02:17.906 11640 11640 D jni_lib_merge: Preparing to register libhermes_executor_so.  onload_func: 0x764f75deec
09-30 14:02:17.906 11640 11640 D jni_lib_merge: Preparing to register libhermesinstancejni_so.  onload_func: 0x764f76569c
09-30 14:02:17.906 11640 11640 D jni_lib_merge: Preparing to register libjsijniprofiler_so.  onload_func: 0x764f765f44
09-30 14:02:17.906 11640 11640 D jni_lib_merge: About to register 3 actual methods.
09-30 14:02:17.922 11640 11640 W unknown:BridgelessReact: ReactHost{0}.startSurface(surfaceId = 0): Schedule
09-30 14:02:17.922 11640 11640 W unknown:BridgelessReact: ReactHost{0}.attachSurface(surfaceId = 0)
09-30 14:02:17.923 11640 11762 W unknown:BridgelessReact: ReactHost{0}.getOrCreateReactInstanceTask()
09-30 14:02:17.923 11640 11762 W unknown:BridgelessReact: ReactHost{0}.getOrCreateReactInstanceTask(): Start
09-30 14:02:17.923 11640 11762 W unknown:BridgelessReact: ReactHost{0}.getJSBundleLoader()
09-30 14:02:17.923 11640 11762 W unknown:BridgelessReact: ReactHost{0}.getOrCreateReactInstanceTask(): Creating BridgelessReactContext
09-30 14:02:17.924 11640 11762 W unknown:BridgelessReact: ReactHost{0}.getOrCreateReactInstanceTask(): Creating ReactInstance
09-30 14:02:17.926 11640 11640 I ContentCaptureHelper: Setting logging level to OFF
09-30 14:02:17.936 11640 11762 W unknown:BridgelessReact: ReactHost{0}.getOrCreateReactInstanceTask(): Loading JS Bundle
09-30 14:02:17.936 11640 11762 W unknown:BridgelessReact: ReactHost{0}.getOrCreateReactInstanceTask(): DevSupportManager.onNewReactContextCreated()
09-30 14:02:17.937 11640 11762 W unknown:BridgelessReact: ReactHost{0}.startSurface(surfaceId = 0): Execute
09-30 14:02:17.941 11640 11763 I ReactNativeJS: [repro] bundle load: calling OfflineManager
09-30 14:02:17.942 11640 11763 I ReactNativeJS: Running "MapLibreStartupRepro"
09-30 14:02:17.944 11640 11763 W unknown:ViewManagerPropertyUpdater: Could not find generated setter for class com.th3rdwave.safeareacontext.SafeAreaProviderManager
09-30 14:02:17.946 11640 11763 W unknown:ViewManagerPropertyUpdater: Could not find generated setter for class com.facebook.react.uimanager.LayoutShadowNode
09-30 14:02:17.947 11640 11763 W unknown:ViewManagerPropertyUpdater: Could not find generated setter for class org.maplibre.reactnative.components.sources.geojsonsource.MLRNGeoJSONSourceManager
09-30 14:02:17.947 11640 11763 W unknown:ViewManagerPropertyUpdater: Could not find generated setter for class org.maplibre.reactnative.components.annotations.markerview.MLRNMarkerViewManager
09-30 14:02:17.948 11640 11763 W unknown:ViewManagerPropertyUpdater: Could not find generated setter for class org.maplibre.reactnative.components.sources.imagesource.MLRNImageSourceManager
09-30 14:02:17.948 11640 11763 W unknown:ViewManagerPropertyUpdater: Could not find generated setter for class org.maplibre.reactnative.components.sources.tilesources.rastersource.MLRNRasterSourceManager
09-30 14:02:17.948 11640 11763 W unknown:ViewManagerPropertyUpdater: Could not find generated setter for class org.maplibre.reactnative.components.camera.MLRNCameraManager
09-30 14:02:17.949 11640 11763 W unknown:ViewManagerPropertyUpdater: Could not find generated setter for class org.maplibre.reactnative.components.sources.tilesources.vectorsource.MLRNVectorSourceManager
09-30 14:02:17.949 11640 11763 W unknown:ViewManagerPropertyUpdater: Could not find generated setter for class org.maplibre.reactnative.components.mapview.MLRNMapViewManager
09-30 14:02:17.950 11640 11763 W unknown:ViewManagerPropertyUpdater: Could not find generated setter for class org.maplibre.reactnative.components.mapview.MLRNMapViewManager$MapShadowNode
09-30 14:02:17.950 11640 11763 W unknown:ViewManagerPropertyUpdater: Could not find generated setter for class org.maplibre.reactnative.components.layer.MLRNLayerManager
09-30 14:02:17.951 11640 11763 W unknown:ViewManagerPropertyUpdater: Could not find generated setter for class com.th3rdwave.safeareacontext.SafeAreaViewManager
09-30 14:02:17.951 11640 11763 W unknown:ViewManagerPropertyUpdater: Could not find generated setter for class com.th3rdwave.safeareacontext.SafeAreaViewShadowNode
09-30 14:02:17.952 11640 11763 W unknown:ViewManagerPropertyUpdater: Could not find generated setter for class org.maplibre.reactnative.components.mapview.MLRNAndroidTextureMapViewManager
09-30 14:02:17.952 11640 11763 W unknown:ViewManagerPropertyUpdater: Could not find generated setter for class org.maplibre.reactnative.components.sources.tilesources.rasterdemsource.MLRNRasterDEMSourceManager
09-30 14:02:17.952 11640 11763 W unknown:ViewManagerPropertyUpdater: Could not find generated setter for class org.maplibre.reactnative.components.location.MLRNNativeUserLocationManager
09-30 14:02:17.952 11640 11764 D nativeloader: Load /data/app/~~iT2vvmENdsFx2TksPrwpfw==/com.maplibrestartuprepro-H3WMEzlcEUIgzIqfDbZiWQ==/base.apk!/lib/arm64-v8a/libmaplibre.so using class loader ns clns-9 (caller=/data/app/~~iT2vvmENdsFx2TksPrwpfw==/com.maplibrestartuprepro-H3WMEzlcEUIgzIqfDbZiWQ==/base.apk!classes3.dex): ok
09-30 14:02:17.952 11640 11763 W unknown:ViewManagerPropertyUpdater: Could not find generated setter for class org.maplibre.reactnative.components.annotations.pointannotation.MLRNPointAnnotationManager
09-30 14:02:17.953 11640 11763 W unknown:ViewManagerPropertyUpdater: Could not find generated setter for class org.maplibre.reactnative.components.images.MLRNImagesManager
09-30 14:02:17.953 11640 11763 W unknown:ViewManagerPropertyUpdater: Could not find generated setter for class org.maplibre.reactnative.components.annotations.callout.MLRNCalloutManager
09-30 14:02:17.961 11640 11763 W unknown:ViewManagerPropertyUpdater: Could not find generated setter for class com.facebook.react.views.safeareaview.ReactSafeAreaViewManager
09-30 14:02:17.963 11640 11763 W unknown:ViewManagerPropertyUpdater: Could not find generated setter for class com.facebook.react.views.modal.ReactModalHostManager
09-30 14:02:17.964 11640 11763 W unknown:ViewManagerPropertyUpdater: Could not find generated setter for class com.facebook.react.views.progressbar.ReactProgressBarViewManager
09-30 14:02:17.965 11640 11763 W unknown:ViewManagerPropertyUpdater: Could not find generated setter for class com.facebook.react.views.scroll.ReactHorizontalScrollViewManager
09-30 14:02:17.967 11640 11763 W unknown:ViewManagerPropertyUpdater: Could not find generated setter for class com.facebook.react.views.image.ReactImageManager
09-30 14:02:17.968 11640 11763 W unknown:ViewManagerPropertyUpdater: Could not find generated setter for class com.facebook.react.views.text.ReactTextViewManager
09-30 14:02:17.969 11640 11763 W unknown:ViewManagerPropertyUpdater: Could not find generated setter for class com.facebook.react.views.scroll.ReactHorizontalScrollContainerViewManager
09-30 14:02:17.970 11640 11763 W unknown:ViewManagerPropertyUpdater: Could not find generated setter for class com.facebook.react.views.unimplementedview.ReactUnimplementedViewManager
09-30 14:02:17.971 11640 11763 W unknown:ViewManagerPropertyUpdater: Could not find generated setter for class com.facebook.react.views.scroll.ReactScrollViewManager
09-30 14:02:17.972 11640 11763 W unknown:ViewManagerPropertyUpdater: Could not find generated setter for class com.facebook.react.views.view.ReactViewManager
09-30 14:02:17.973 11640 11763 W unknown:ViewManagerPropertyUpdater: Could not find generated setter for class com.facebook.react.views.drawer.ReactDrawerLayoutManager
09-30 14:02:17.974 11640 11763 W unknown:ViewManagerPropertyUpdater: Could not find generated setter for class com.facebook.react.views.switchview.ReactSwitchManager
09-30 14:02:17.975 11640 11763 W unknown:ViewManagerPropertyUpdater: Could not find generated setter for class com.facebook.react.views.swiperefresh.SwipeRefreshLayoutManager
09-30 14:02:17.976 11640 11763 W unknown:ViewManagerPropertyUpdater: Could not find generated setter for class com.facebook.react.views.textinput.ReactTextInputManager
09-30 14:02:17.977 11640 11763 W unknown:ViewManagerPropertyUpdater: Could not find generated setter for class com.facebook.react.views.text.SelectableTextViewManager
09-30 14:02:17.978 11640 11763 W unknown:ViewManagerPropertyUpdater: Could not find generated setter for class com.facebook.react.views.virtual.view.ReactVirtualViewManager
09-30 14:02:17.983 11640 11763 I HWUI    : Using FreeType backend (prop=Auto)
09-30 14:02:17.992 11640 11763 I ReactNativeJS: [repro] first effect: calling OfflineManager
09-30 14:02:18.042 11640 11764 W unknown:BridgelessReact: ReactHost{0}.handleHostException(message = "
09-30 14:02:18.042 11640 11764 W unknown:BridgelessReact: Using MapView requires calling MapLibre.getInstance(Context context, String apiKey, WellKnownTileServer wellKnownTileServer) before inflating or creating the view.")
09-30 14:02:18.042 11640 11764 E AndroidRuntime: FATAL EXCEPTION: mqt_v_native
09-30 14:02:18.042 11640 11764 E AndroidRuntime: Process: com.maplibrestartuprepro, PID: 11640
09-30 14:02:18.042 11640 11764 E AndroidRuntime: org.maplibre.android.exceptions.MapLibreConfigurationException: 
09-30 14:02:18.042 11640 11764 E AndroidRuntime: Using MapView requires calling MapLibre.getInstance(Context context, String apiKey, WellKnownTileServer wellKnownTileServer) before inflating or creating the view.
09-30 14:02:18.042 11640 11764 E AndroidRuntime: 	at org.maplibre.android.MapLibre.validateMapLibre(MapLibre.java:261)
09-30 14:02:18.042 11640 11764 E AndroidRuntime: 	at org.maplibre.android.MapLibre.getTileServerOptions(MapLibre.java:164)
09-30 14:02:18.042 11640 11764 E AndroidRuntime: 	at org.maplibre.android.storage.FileSource.<init>(FileSource.java:348)
09-30 14:02:18.042 11640 11764 E AndroidRuntime: 	at org.maplibre.android.storage.FileSource.getInstance(FileSource.java:95)
09-30 14:02:18.042 11640 11764 E AndroidRuntime: 	at org.maplibre.android.offline.OfflineManager.<init>(OfflineManager.kt:133)
09-30 14:02:18.042 11640 11764 E AndroidRuntime: 	at org.maplibre.android.offline.OfflineManager.<init>(OfflineManager.kt:0)
09-30 14:02:18.042 11640 11764 E AndroidRuntime: 	at org.maplibre.android.offline.OfflineManager$Companion.getInstance(OfflineManager.kt:653)
09-30 14:02:18.042 11640 11764 E AndroidRuntime: 	at org.maplibre.reactnative.modules.MLRNOfflineModule.setTileCountLimit(MLRNOfflineModule.kt:412)
09-30 14:02:18.042 11640 11764 E AndroidRuntime: 	at com.facebook.jni.NativeRunnable.run(Native Method)
09-30 14:02:18.042 11640 11764 E AndroidRuntime: 	at android.os.Handler.handleCallback(Handler.java:1082)
09-30 14:02:18.042 11640 11764 E AndroidRuntime: 	at android.os.Handler.dispatchMessageImpl(Handler.java:135)
09-30 14:02:18.042 11640 11764 E AndroidRuntime: 	at android.os.Handler.dispatchMessage(Handler.java:126)
09-30 14:02:18.042 11640 11764 E AndroidRuntime: 	at com.facebook.react.bridge.queue.MessageQueueThreadHandler.dispatchMessage(MessageQueueThreadHandler.kt:21)
09-30 14:02:18.042 11640 11764 E AndroidRuntime: 	at android.os.Looper.loopOnce(Looper.java:295)
09-30 14:02:18.042 11640 11764 E AndroidRuntime: 	at android.os.Looper.loop(Looper.java:398)
09-30 14:02:18.042 11640 11764 E AndroidRuntime: 	at com.facebook.react.bridge.queue.MessageQueueThreadImpl$Companion.startNewBackgroundThread$lambda$0(MessageQueueThreadImpl.kt:152)
09-30 14:02:18.042 11640 11764 E AndroidRuntime: 	at com.facebook.react.bridge.queue.MessageQueueThreadImpl$Companion$$ExternalSyntheticLambda0.run(D8$$SyntheticClass:0)
09-30 14:02:18.042 11640 11764 E AndroidRuntime: 	at java.lang.Thread.run(Thread.java:1571)
09-30 14:02:18.047 11640 11640 W unknown:BridgelessReact: ReactHost{0}.onHostResume(activity)
09-30 14:02:18.047 11640 11640 W unknown:BridgelessReact: ReactHost{0}.ReactContext.onHostResume()
09-30 14:02:18.051 11640 11764 I Process : Sending signal. PID: 11640 SIG: 9
