09-30 14:03:32.820 14496 14496 I libprocessgroup: Created cgroup /sys/fs/cgroup/apps/uid_10879
09-30 14:03:32.821 14496 14496 I libprocessgroup: Created cgroup /sys/fs/cgroup/apps/uid_10879/pid_14496
09-30 14:03:32.828 14496 14496 I Zygote  : Process 14496 created for com.maplibrestartuprepro
09-30 14:03:32.828 14496 14496 I brestartuprepro: Using generational CollectorTypeCMC GC.
09-30 14:03:32.832 14496 14496 D nativeloader: Load libframework-connectivity-tiramisu-jni.so using APEX ns com_android_tethering for caller /apex/com.android.tethering/javalib/framework-connectivity-t.jar: ok
09-30 14:03:32.847 14496 14496 D ApplicationLoaders: Returning zygote-cached class loader: /system_ext/framework/androidx.window.extensions.jar
09-30 14:03:32.847 14496 14496 D ApplicationLoaders: Returning zygote-cached class loader: /system_ext/framework/androidx.window.sidecar.jar
09-30 14:03:32.850 14496 14496 D nativeloader: Configuring clns-9 for other apk /data/app/~~X4nG33QfgiFD71YudcZcjA==/com.maplibrestartuprepro-m1tn99Rd5LkVzR-d4DmhTw==/base.apk. target_sdk_version=36, uses_libraries=, library_path=/data/app/~~X4nG33QfgiFD71YudcZcjA==/com.maplibrestartuprepro-m1tn99Rd5LkVzR-d4DmhTw==/lib/arm64:/data/app/~~X4nG33QfgiFD71YudcZcjA==/com.maplibrestartuprepro-m1tn99Rd5LkVzR-d4DmhTw==/base.apk!/lib/arm64-v8a, permitted_path=/data:/mnt/expand:/data/user/0/com.maplibrestartuprepro
09-30 14:03:32.853 14496 14496 D ActivityThread: Set OS env TMPDIR to /data/user/0/com.maplibrestartuprepro/cache
09-30 14:03:32.854 14496 14496 V GraphicsEnvironment: Currently set values for:
09-30 14:03:32.854 14496 14496 V GraphicsEnvironment:   angle_gl_driver_selection_pkgs=[com.android.angle]
09-30 14:03:32.854 14496 14496 V GraphicsEnvironment:   angle_gl_driver_selection_values=[angle]
09-30 14:03:32.854 14496 14496 V GraphicsEnvironment: com.maplibrestartuprepro is not listed in per-application setting
09-30 14:03:32.855 14496 14496 V GraphicsEnvironment: No special selections for ANGLE, returning default driver choice
09-30 14:03:32.855 14496 14496 V GraphicsEnvironment: Neither updatable production driver nor prerelease driver is supported.
09-30 14:03:32.864 14496 14496 W SoLoader: Initializing SoLoader: 0
09-30 14:03:32.864 14496 14496 W SoLoader: Recording new base apk path: /data/app/~~X4nG33QfgiFD71YudcZcjA==/com.maplibrestartuprepro-m1tn99Rd5LkVzR-d4DmhTw==/base.apk
09-30 14:03:32.864 14496 14496 W SoLoader: Previously recorded 0 base apk paths.
09-30 14:03:32.865 14496 14496 I SoLoader: Preparing SO source: DirectorySoSource[root = /vendor/lib64 flags = 2]
09-30 14:03:32.865 14496 14496 I SoLoader: Preparing SO source: DirectorySoSource[root = /system/lib64 flags = 2]
09-30 14:03:32.865 14496 14496 I SoLoader: Preparing SO source: DirectApkSoSource[root = [/data/app/~~X4nG33QfgiFD71YudcZcjA==/com.maplibrestartuprepro-m1tn99Rd5LkVzR-d4DmhTw==/base.apk!/lib/arm64-v8a]]
09-30 14:03:32.866 14496 14496 I SoLoader: Preparing SO source: ApplicationSoSource[DirectorySoSource[root = /data/app/~~X4nG33QfgiFD71YudcZcjA==/com.maplibrestartuprepro-m1tn99Rd5LkVzR-d4DmhTw==/lib/arm64 flags = 0]]
09-30 14:03:32.866 14496 14496 I SoLoader: init finish: 4 SO sources prepared
09-30 14:03:32.866 14496 14496 W SoLoader: SoLoader initialized: 8
09-30 14:03:32.871 14496 14496 D nativeloader: Load /data/app/~~X4nG33QfgiFD71YudcZcjA==/com.maplibrestartuprepro-m1tn99Rd5LkVzR-d4DmhTw==/base.apk!/lib/arm64-v8a/libc++_shared.so using class loader ns clns-9 (caller=/data/app/~~X4nG33QfgiFD71YudcZcjA==/com.maplibrestartuprepro-m1tn99Rd5LkVzR-d4DmhTw==/base.apk): ok
09-30 14:03:32.873 14496 14496 D nativeloader: Load /data/app/~~X4nG33QfgiFD71YudcZcjA==/com.maplibrestartuprepro-m1tn99Rd5LkVzR-d4DmhTw==/base.apk!/lib/arm64-v8a/libjsi.so using class loader ns clns-9 (caller=/data/app/~~X4nG33QfgiFD71YudcZcjA==/com.maplibrestartuprepro-m1tn99Rd5LkVzR-d4DmhTw==/base.apk): ok
09-30 14:03:32.876 14496 14496 D nativeloader: Load /data/app/~~X4nG33QfgiFD71YudcZcjA==/com.maplibrestartuprepro-m1tn99Rd5LkVzR-d4DmhTw==/base.apk!/lib/arm64-v8a/libfbjni.so using class loader ns clns-9 (caller=/data/app/~~X4nG33QfgiFD71YudcZcjA==/com.maplibrestartuprepro-m1tn99Rd5LkVzR-d4DmhTw==/base.apk): ok
09-30 14:03:32.878 14496 14496 D nativeloader: Load /data/app/~~X4nG33QfgiFD71YudcZcjA==/com.maplibrestartuprepro-m1tn99Rd5LkVzR-d4DmhTw==/base.apk!/lib/arm64-v8a/libreactnative.so using class loader ns clns-9 (caller=/data/app/~~X4nG33QfgiFD71YudcZcjA==/com.maplibrestartuprepro-m1tn99Rd5LkVzR-d4DmhTw==/base.apk): ok
09-30 14:03:32.878 14496 14496 D jni_lib_merge: Entering merged library JNI_OnLoad.
09-30 14:03:32.878 14496 14496 D jni_lib_merge: Preparing 13 pre-merged libs (including stub)
09-30 14:03:32.878 14496 14496 D jni_lib_merge: Preparing to register libfabricjni_so.  onload_func: 0x75ad03ab5c
09-30 14:03:32.878 14496 14496 D jni_lib_merge: Preparing to register libreact_devsupportjni_so.  onload_func: 0x75ad1123d0
09-30 14:03:32.878 14496 14496 D jni_lib_merge: Preparing to register libreact_featureflagsjni_so.  onload_func: 0x75ad12b64c
09-30 14:03:32.878 14496 14496 D jni_lib_merge: Preparing to register libreact_newarchdefaults_so.  onload_func: 0x75ad16d1d8
09-30 14:03:32.878 14496 14496 D jni_lib_merge: Preparing to register libreact_tracingjni_so.  onload_func: 0x75ad2544cc
09-30 14:03:32.878 14496 14496 D jni_lib_merge: Preparing to register libreactnativeblob_so.  onload_func: 0x75ad259760
09-30 14:03:32.878 14496 14496 D jni_lib_merge: Preparing to register libreactnativejni_so.  onload_func: 0x75ad2657f4
09-30 14:03:32.878 14496 14496 D jni_lib_merge: Preparing to register libreactnativejni_common_so.  onload_func: 0x75ad268838
09-30 14:03:32.878 14496 14496 D jni_lib_merge: Preparing to register librninstance_so.  onload_func: 0x75ad28df50
09-30 14:03:32.878 14496 14496 D jni_lib_merge: Preparing to register libturbomodulejsijni_so.  onload_func: 0x75ad323f48
09-30 14:03:32.878 14496 14496 D jni_lib_merge: Preparing to register libuimanagerjni_so.  onload_func: 0x75ad32a93c
09-30 14:03:32.878 14496 14496 D jni_lib_merge: Preparing to register libyoga_so.  onload_func: 0x75ad3323b8
09-30 14:03:32.878 14496 14496 D jni_lib_merge: About to register 12 actual methods.
09-30 14:03:32.882 14496 14496 D nativeloader: Load /data/app/~~X4nG33QfgiFD71YudcZcjA==/com.maplibrestartuprepro-m1tn99Rd5LkVzR-d4DmhTw==/base.apk!/lib/arm64-v8a/libreact_codegen_safeareacontext.so using class loader ns clns-9 (caller=/data/app/~~X4nG33QfgiFD71YudcZcjA==/com.maplibrestartuprepro-m1tn99Rd5LkVzR-d4DmhTw==/base.apk): ok
09-30 14:03:32.883 14496 14496 D nativeloader: Load /data/app/~~X4nG33QfgiFD71YudcZcjA==/com.maplibrestartuprepro-m1tn99Rd5LkVzR-d4DmhTw==/base.apk!/lib/arm64-v8a/libappmodules.so using class loader ns clns-9 (caller=/data/app/~~X4nG33QfgiFD71YudcZcjA==/com.maplibrestartuprepro-m1tn99Rd5LkVzR-d4DmhTw==/base.apk): ok
09-30 14:03:32.889 14496 14508 I DisplayManager: Choreographer implicitly registered for the refresh rate.
09-30 14:03:32.890 14496 14508 D vulkan  : searching for layers in '/data/app/~~X4nG33QfgiFD71YudcZcjA==/com.maplibrestartuprepro-m1tn99Rd5LkVzR-d4DmhTw==/lib/arm64'
09-30 14:03:32.890 14496 14508 D vulkan  : searching for layers in '/data/app/~~X4nG33QfgiFD71YudcZcjA==/com.maplibrestartuprepro-m1tn99Rd5LkVzR-d4DmhTw==/base.apk!/lib/arm64-v8a'
09-30 14:03:32.895 14496 14496 D AppCompatDelegate: Checking for metadata for AppLocalesMetadataHolderService : Service not found
09-30 14:03:32.905 14496 14496 D CompatChangeReporter: Compat change id reported: 377864165; UID 10879; state: ENABLED
09-30 14:03:32.911 14496 14496 D nativeloader: Load /data/app/~~X4nG33QfgiFD71YudcZcjA==/com.maplibrestartuprepro-m1tn99Rd5LkVzR-d4DmhTw==/base.apk!/lib/arm64-v8a/libhermesvm.so using class loader ns clns-9 (caller=/data/app/~~X4nG33QfgiFD71YudcZcjA==/com.maplibrestartuprepro-m1tn99Rd5LkVzR-d4DmhTw==/base.apk): ok
09-30 14:03:32.912 14496 14496 D nativeloader: Load /data/app/~~X4nG33QfgiFD71YudcZcjA==/com.maplibrestartuprepro-m1tn99Rd5LkVzR-d4DmhTw==/base.apk!/lib/arm64-v8a/libhermestooling.so using class loader ns clns-9 (caller=/data/app/~~X4nG33QfgiFD71YudcZcjA==/com.maplibrestartuprepro-m1tn99Rd5LkVzR-d4DmhTw==/base.apk): ok
09-30 14:03:32.912 14496 14496 D jni_lib_merge: Entering merged library JNI_OnLoad.
09-30 14:03:32.912 14496 14496 D jni_lib_merge: Preparing 4 pre-merged libs (including stub)
09-30 14:03:32.912 14496 14496 D jni_lib_merge: Preparing to register libhermes_executor_so.  onload_func: 0x764f766eec
09-30 14:03:32.912 14496 14496 D jni_lib_merge: Preparing to register libhermesinstancejni_so.  onload_func: 0x764f76e69c
09-30 14:03:32.912 14496 14496 D jni_lib_merge: Preparing to register libjsijniprofiler_so.  onload_func: 0x764f76ef44
09-30 14:03:32.912 14496 14496 D jni_lib_merge: About to register 3 actual methods.
09-30 14:03:32.919 14496 14496 W unknown:BridgelessReact: ReactHost{0}.startSurface(surfaceId = 0): Schedule
09-30 14:03:32.919 14496 14496 W unknown:BridgelessReact: ReactHost{0}.attachSurface(surfaceId = 0)
09-30 14:03:32.919 14496 14522 W unknown:BridgelessReact: ReactHost{0}.getOrCreateReactInstanceTask()
09-30 14:03:32.919 14496 14522 W unknown:BridgelessReact: ReactHost{0}.getOrCreateReactInstanceTask(): Start
09-30 14:03:32.919 14496 14522 W unknown:BridgelessReact: ReactHost{0}.getJSBundleLoader()
09-30 14:03:32.920 14496 14522 W unknown:BridgelessReact: ReactHost{0}.getOrCreateReactInstanceTask(): Creating BridgelessReactContext
09-30 14:03:32.920 14496 14522 W unknown:BridgelessReact: ReactHost{0}.getOrCreateReactInstanceTask(): Creating ReactInstance
09-30 14:03:32.922 14496 14496 I ContentCaptureHelper: Setting logging level to OFF
09-30 14:03:32.930 14496 14522 W unknown:BridgelessReact: ReactHost{0}.getOrCreateReactInstanceTask(): Loading JS Bundle
09-30 14:03:32.930 14496 14522 W unknown:BridgelessReact: ReactHost{0}.getOrCreateReactInstanceTask(): DevSupportManager.onNewReactContextCreated()
09-30 14:03:32.930 14496 14522 W unknown:BridgelessReact: ReactHost{0}.startSurface(surfaceId = 0): Execute
09-30 14:03:32.931 14496 14496 W unknown:BridgelessReact: ReactHost{0}.onHostResume(activity)
09-30 14:03:32.931 14496 14496 W unknown:BridgelessReact: ReactHost{0}.ReactContext.onHostResume()
09-30 14:03:32.937 14496 14524 I ReactNativeJS: [repro] bundle load: calling OfflineManager
09-30 14:03:32.938 14496 14524 I ReactNativeJS: Running "MapLibreStartupRepro"
09-30 14:03:32.943 14496 14524 W unknown:ViewManagerPropertyUpdater: Could not find generated setter for class com.th3rdwave.safeareacontext.SafeAreaProviderManager
09-30 14:03:32.945 14496 14524 W unknown:ViewManagerPropertyUpdater: Could not find generated setter for class com.facebook.react.uimanager.LayoutShadowNode
09-30 14:03:32.945 14496 14524 W unknown:ViewManagerPropertyUpdater: Could not find generated setter for class org.maplibre.reactnative.components.sources.geojsonsource.MLRNGeoJSONSourceManager
09-30 14:03:32.946 14496 14524 W unknown:ViewManagerPropertyUpdater: Could not find generated setter for class org.maplibre.reactnative.components.annotations.markerview.MLRNMarkerViewManager
09-30 14:03:32.946 14496 14496 W unknown:BridgelessReact: ReactHost{0}.ReactContext.onHostResume()
09-30 14:03:32.946 14496 14496 W unknown:BridgelessReact: ReactHost{0}.getOrCreateReactInstanceTask(): Executing ReactInstanceEventListeners
09-30 14:03:32.946 14496 14524 W unknown:ViewManagerPropertyUpdater: Could not find generated setter for class org.maplibre.reactnative.components.sources.imagesource.MLRNImageSourceManager
09-30 14:03:32.947 14496 14524 W unknown:ViewManagerPropertyUpdater: Could not find generated setter for class org.maplibre.reactnative.components.sources.tilesources.rastersource.MLRNRasterSourceManager
09-30 14:03:32.947 14496 14524 W unknown:ViewManagerPropertyUpdater: Could not find generated setter for class org.maplibre.reactnative.components.camera.MLRNCameraManager
09-30 14:03:32.947 14496 14524 W unknown:ViewManagerPropertyUpdater: Could not find generated setter for class org.maplibre.reactnative.components.sources.tilesources.vectorsource.MLRNVectorSourceManager
09-30 14:03:32.948 14496 14524 W unknown:ViewManagerPropertyUpdater: Could not find generated setter for class org.maplibre.reactnative.components.mapview.MLRNMapViewManager
09-30 14:03:32.948 14496 14524 W unknown:ViewManagerPropertyUpdater: Could not find generated setter for class org.maplibre.reactnative.components.mapview.MLRNMapViewManager$MapShadowNode
09-30 14:03:32.949 14496 14524 W unknown:ViewManagerPropertyUpdater: Could not find generated setter for class org.maplibre.reactnative.components.layer.MLRNLayerManager
09-30 14:03:32.949 14496 14524 W unknown:ViewManagerPropertyUpdater: Could not find generated setter for class com.th3rdwave.safeareacontext.SafeAreaViewManager
09-30 14:03:32.950 14496 14524 W unknown:ViewManagerPropertyUpdater: Could not find generated setter for class com.th3rdwave.safeareacontext.SafeAreaViewShadowNode
09-30 14:03:32.950 14496 14524 W unknown:ViewManagerPropertyUpdater: Could not find generated setter for class org.maplibre.reactnative.components.mapview.MLRNAndroidTextureMapViewManager
09-30 14:03:32.950 14496 14524 W unknown:ViewManagerPropertyUpdater: Could not find generated setter for class org.maplibre.reactnative.components.sources.tilesources.rasterdemsource.MLRNRasterDEMSourceManager
09-30 14:03:32.950 14496 14524 W unknown:ViewManagerPropertyUpdater: Could not find generated setter for class org.maplibre.reactnative.components.location.MLRNNativeUserLocationManager
09-30 14:03:32.950 14496 14524 W unknown:ViewManagerPropertyUpdater: Could not find generated setter for class org.maplibre.reactnative.components.annotations.pointannotation.MLRNPointAnnotationManager
09-30 14:03:32.951 14496 14524 W unknown:ViewManagerPropertyUpdater: Could not find generated setter for class org.maplibre.reactnative.components.images.MLRNImagesManager
09-30 14:03:32.951 14496 14524 W unknown:ViewManagerPropertyUpdater: Could not find generated setter for class org.maplibre.reactnative.components.annotations.callout.MLRNCalloutManager
09-30 14:03:32.954 14496 14525 D nativeloader: Load /data/app/~~X4nG33QfgiFD71YudcZcjA==/com.maplibrestartuprepro-m1tn99Rd5LkVzR-d4DmhTw==/base.apk!/lib/arm64-v8a/libmaplibre.so using class loader ns clns-9 (caller=/data/app/~~X4nG33QfgiFD71YudcZcjA==/com.maplibrestartuprepro-m1tn99Rd5LkVzR-d4DmhTw==/base.apk!classes3.dex): ok
09-30 14:03:32.955 14496 14496 D AndroidRuntime: Shutting down VM
09-30 14:03:32.955 14496 14496 E AndroidRuntime: FATAL EXCEPTION: main
09-30 14:03:32.955 14496 14496 E AndroidRuntime: Process: com.maplibrestartuprepro, PID: 14496
09-30 14:03:32.955 14496 14496 E AndroidRuntime: org.maplibre.android.exceptions.MapLibreConfigurationException: 
09-30 14:03:32.955 14496 14496 E AndroidRuntime: Using MapView requires calling MapLibre.getInstance(Context context, String apiKey, WellKnownTileServer wellKnownTileServer) before inflating or creating the view.
09-30 14:03:32.955 14496 14496 E AndroidRuntime: 	at org.maplibre.android.MapLibre.validateMapLibre(MapLibre.java:261)
09-30 14:03:32.955 14496 14496 E AndroidRuntime: 	at org.maplibre.android.MapLibre.getTileServerOptions(MapLibre.java:164)
09-30 14:03:32.955 14496 14496 E AndroidRuntime: 	at org.maplibre.android.storage.FileSource.<init>(FileSource.java:348)
09-30 14:03:32.955 14496 14496 E AndroidRuntime: 	at org.maplibre.android.storage.FileSource.getInstance(FileSource.java:95)
09-30 14:03:32.955 14496 14496 E AndroidRuntime: 	at org.maplibre.reactnative.modules.MLRNOfflineModule.activateFileSource(MLRNOfflineModule.kt:650)
09-30 14:03:32.955 14496 14496 E AndroidRuntime: 	at org.maplibre.reactnative.modules.MLRNOfflineModule.runMigrations(MLRNOfflineModule.kt:441)
09-30 14:03:32.955 14496 14496 E AndroidRuntime: 	at org.maplibre.reactnative.modules.MLRNOfflineModule.initialize$lambda$0(MLRNOfflineModule.kt:43)
09-30 14:03:32.955 14496 14496 E AndroidRuntime: 	at org.maplibre.reactnative.modules.MLRNOfflineModule$$ExternalSyntheticLambda1.run(D8$$SyntheticClass:0)
09-30 14:03:32.955 14496 14496 E AndroidRuntime: 	at android.os.Handler.handleCallback(Handler.java:1082)
09-30 14:03:32.955 14496 14496 E AndroidRuntime: 	at android.os.Handler.dispatchMessageImpl(Handler.java:135)
09-30 14:03:32.955 14496 14496 E AndroidRuntime: 	at android.os.Handler.dispatchMessage(Handler.java:126)
09-30 14:03:32.955 14496 14496 E AndroidRuntime: 	at android.os.Looper.loopOnce(Looper.java:295)
09-30 14:03:32.955 14496 14496 E AndroidRuntime: 	at android.os.Looper.loop(Looper.java:398)
09-30 14:03:32.955 14496 14496 E AndroidRuntime: 	at android.app.ActivityThread.main(ActivityThread.java:9569)
09-30 14:03:32.955 14496 14496 E AndroidRuntime: 	at java.lang.reflect.Method.invoke(Native Method)
09-30 14:03:32.955 14496 14496 E AndroidRuntime: 	at com.android.internal.os.RuntimeInit$MethodAndArgsCaller.run(RuntimeInit.java:575)
09-30 14:03:32.955 14496 14496 E AndroidRuntime: 	at com.android.internal.os.ZygoteInit.main(ZygoteInit.java:918)
09-30 14:03:32.960 14496 14524 W unknown:ViewManagerPropertyUpdater: Could not find generated setter for class com.facebook.react.views.safeareaview.ReactSafeAreaViewManager
09-30 14:03:32.962 14496 14524 W unknown:ViewManagerPropertyUpdater: Could not find generated setter for class com.facebook.react.views.modal.ReactModalHostManager
09-30 14:03:32.962 14496 14496 I Process : Sending signal. PID: 14496 SIG: 9
