09-30 14:00:44.846  8038  8038 I libprocessgroup: Created cgroup /sys/fs/cgroup/apps/uid_10866
09-30 14:00:44.846  8038  8038 I libprocessgroup: Created cgroup /sys/fs/cgroup/apps/uid_10866/pid_8038
09-30 14:00:44.852  8038  8038 I Zygote  : Process 8038 created for com.maplibrestartuprepro
09-30 14:00:44.854  8038  8038 I brestartuprepro: Using generational CollectorTypeCMC GC.
09-30 14:00:44.877  8038  8038 D nativeloader: Load libframework-connectivity-tiramisu-jni.so using APEX ns com_android_tethering for caller /apex/com.android.tethering/javalib/framework-connectivity-t.jar: ok
09-30 14:00:44.970  8038  8038 D ApplicationLoaders: Returning zygote-cached class loader: /system_ext/framework/androidx.window.extensions.jar
09-30 14:00:44.970  8038  8038 D ApplicationLoaders: Returning zygote-cached class loader: /system_ext/framework/androidx.window.sidecar.jar
09-30 14:00:44.981  8038  8038 D nativeloader: Configuring clns-9 for other apk /data/app/~~QDMmCzxSCqcCBW7seK65XA==/com.maplibrestartuprepro-449HsGnVJetecAuktpL-qw==/base.apk. target_sdk_version=36, uses_libraries=, library_path=/data/app/~~QDMmCzxSCqcCBW7seK65XA==/com.maplibrestartuprepro-449HsGnVJetecAuktpL-qw==/lib/arm64:/data/app/~~QDMmCzxSCqcCBW7seK65XA==/com.maplibrestartuprepro-449HsGnVJetecAuktpL-qw==/base.apk!/lib/arm64-v8a, permitted_path=/data:/mnt/expand:/data/user/0/com.maplibrestartuprepro
09-30 14:00:44.990  8038  8038 D ActivityThread: Set OS env TMPDIR to /data/user/0/com.maplibrestartuprepro/cache
09-30 14:00:44.991  8038  8038 V GraphicsEnvironment: Currently set values for:
09-30 14:00:44.991  8038  8038 V GraphicsEnvironment:   angle_gl_driver_selection_pkgs=[com.android.angle]
09-30 14:00:44.991  8038  8038 V GraphicsEnvironment:   angle_gl_driver_selection_values=[angle]
09-30 14:00:44.991  8038  8038 V GraphicsEnvironment: com.maplibrestartuprepro is not listed in per-application setting
09-30 14:00:44.991  8038  8038 V GraphicsEnvironment: No special selections for ANGLE, returning default driver choice
09-30 14:00:44.992  8038  8038 V GraphicsEnvironment: Neither updatable production driver nor prerelease driver is supported.
09-30 14:00:45.000  8038  8038 W SoLoader: Initializing SoLoader: 0
09-30 14:00:45.000  8038  8038 W SoLoader: Recording new base apk path: /data/app/~~QDMmCzxSCqcCBW7seK65XA==/com.maplibrestartuprepro-449HsGnVJetecAuktpL-qw==/base.apk
09-30 14:00:45.000  8038  8038 W SoLoader: Previously recorded 0 base apk paths.
09-30 14:00:45.001  8038  8038 I SoLoader: Preparing SO source: DirectorySoSource[root = /vendor/lib64 flags = 2]
09-30 14:00:45.001  8038  8038 I SoLoader: Preparing SO source: DirectorySoSource[root = /system/lib64 flags = 2]
09-30 14:00:45.001  8038  8038 I SoLoader: Preparing SO source: DirectApkSoSource[root = [/data/app/~~QDMmCzxSCqcCBW7seK65XA==/com.maplibrestartuprepro-449HsGnVJetecAuktpL-qw==/base.apk!/lib/arm64-v8a]]
09-30 14:00:45.002  8038  8038 I SoLoader: Preparing SO source: ApplicationSoSource[DirectorySoSource[root = /data/app/~~QDMmCzxSCqcCBW7seK65XA==/com.maplibrestartuprepro-449HsGnVJetecAuktpL-qw==/lib/arm64 flags = 0]]
09-30 14:00:45.002  8038  8038 I SoLoader: init finish: 4 SO sources prepared
09-30 14:00:45.002  8038  8038 W SoLoader: SoLoader initialized: 8
09-30 14:00:45.008  8038  8038 D nativeloader: Load /data/app/~~QDMmCzxSCqcCBW7seK65XA==/com.maplibrestartuprepro-449HsGnVJetecAuktpL-qw==/base.apk!/lib/arm64-v8a/libc++_shared.so using class loader ns clns-9 (caller=/data/app/~~QDMmCzxSCqcCBW7seK65XA==/com.maplibrestartuprepro-449HsGnVJetecAuktpL-qw==/base.apk): ok
09-30 14:00:45.010  8038  8038 D nativeloader: Load /data/app/~~QDMmCzxSCqcCBW7seK65XA==/com.maplibrestartuprepro-449HsGnVJetecAuktpL-qw==/base.apk!/lib/arm64-v8a/libjsi.so using class loader ns clns-9 (caller=/data/app/~~QDMmCzxSCqcCBW7seK65XA==/com.maplibrestartuprepro-449HsGnVJetecAuktpL-qw==/base.apk): ok
09-30 14:00:45.012  8038  8038 D nativeloader: Load /data/app/~~QDMmCzxSCqcCBW7seK65XA==/com.maplibrestartuprepro-449HsGnVJetecAuktpL-qw==/base.apk!/lib/arm64-v8a/libfbjni.so using class loader ns clns-9 (caller=/data/app/~~QDMmCzxSCqcCBW7seK65XA==/com.maplibrestartuprepro-449HsGnVJetecAuktpL-qw==/base.apk): ok
09-30 14:00:45.015  8038  8038 D nativeloader: Load /data/app/~~QDMmCzxSCqcCBW7seK65XA==/com.maplibrestartuprepro-449HsGnVJetecAuktpL-qw==/base.apk!/lib/arm64-v8a/libreactnative.so using class loader ns clns-9 (caller=/data/app/~~QDMmCzxSCqcCBW7seK65XA==/com.maplibrestartuprepro-449HsGnVJetecAuktpL-qw==/base.apk): ok
09-30 14:00:45.015  8038  8038 D jni_lib_merge: Entering merged library JNI_OnLoad.
09-30 14:00:45.015  8038  8038 D jni_lib_merge: Preparing 13 pre-merged libs (including stub)
09-30 14:00:45.015  8038  8038 D jni_lib_merge: Preparing to register libfabricjni_so.  onload_func: 0x75af3acb5c
09-30 14:00:45.015  8038  8038 D jni_lib_merge: Preparing to register libreact_devsupportjni_so.  onload_func: 0x75af4843d0
09-30 14:00:45.015  8038  8038 D jni_lib_merge: Preparing to register libreact_featureflagsjni_so.  onload_func: 0x75af49d64c
09-30 14:00:45.015  8038  8038 D jni_lib_merge: Preparing to register libreact_newarchdefaults_so.  onload_func: 0x75af4df1d8
09-30 14:00:45.015  8038  8038 D jni_lib_merge: Preparing to register libreact_tracingjni_so.  onload_func: 0x75af5c64cc
09-30 14:00:45.015  8038  8038 D jni_lib_merge: Preparing to register libreactnativeblob_so.  onload_func: 0x75af5cb760
09-30 14:00:45.015  8038  8038 D jni_lib_merge: Preparing to register libreactnativejni_so.  onload_func: 0x75af5d77f4
09-30 14:00:45.015  8038  8038 D jni_lib_merge: Preparing to register libreactnativejni_common_so.  onload_func: 0x75af5da838
09-30 14:00:45.015  8038  8038 D jni_lib_merge: Preparing to register librninstance_so.  onload_func: 0x75af5fff50
09-30 14:00:45.015  8038  8038 D jni_lib_merge: Preparing to register libturbomodulejsijni_so.  onload_func: 0x75af695f48
09-30 14:00:45.015  8038  8038 D jni_lib_merge: Preparing to register libuimanagerjni_so.  onload_func: 0x75af69c93c
09-30 14:00:45.015  8038  8038 D jni_lib_merge: Preparing to register libyoga_so.  onload_func: 0x75af6a43b8
09-30 14:00:45.015  8038  8038 D jni_lib_merge: About to register 12 actual methods.
09-30 14:00:45.019  8038  8038 D nativeloader: Load /data/app/~~QDMmCzxSCqcCBW7seK65XA==/com.maplibrestartuprepro-449HsGnVJetecAuktpL-qw==/base.apk!/lib/arm64-v8a/libreact_codegen_safeareacontext.so using class loader ns clns-9 (caller=/data/app/~~QDMmCzxSCqcCBW7seK65XA==/com.maplibrestartuprepro-449HsGnVJetecAuktpL-qw==/base.apk): ok
09-30 14:00:45.021  8038  8038 D nativeloader: Load /data/app/~~QDMmCzxSCqcCBW7seK65XA==/com.maplibrestartuprepro-449HsGnVJetecAuktpL-qw==/base.apk!/lib/arm64-v8a/libappmodules.so using class loader ns clns-9 (caller=/data/app/~~QDMmCzxSCqcCBW7seK65XA==/com.maplibrestartuprepro-449HsGnVJetecAuktpL-qw==/base.apk): ok
09-30 14:00:45.025  8038  8057 I DisplayManager: Choreographer implicitly registered for the refresh rate.
09-30 14:00:45.026  8038  8057 D vulkan  : searching for layers in '/data/app/~~QDMmCzxSCqcCBW7seK65XA==/com.maplibrestartuprepro-449HsGnVJetecAuktpL-qw==/lib/arm64'
09-30 14:00:45.026  8038  8057 D vulkan  : searching for layers in '/data/app/~~QDMmCzxSCqcCBW7seK65XA==/com.maplibrestartuprepro-449HsGnVJetecAuktpL-qw==/base.apk!/lib/arm64-v8a'
09-30 14:00:45.040  8038  8038 D AppCompatDelegate: Checking for metadata for AppLocalesMetadataHolderService : Service not found
09-30 14:00:45.049  8038  8038 D CompatChangeReporter: Compat change id reported: 377864165; UID 10866; state: ENABLED
09-30 14:00:45.056  8038  8038 D nativeloader: Load /data/app/~~QDMmCzxSCqcCBW7seK65XA==/com.maplibrestartuprepro-449HsGnVJetecAuktpL-qw==/base.apk!/lib/arm64-v8a/libhermesvm.so using class loader ns clns-9 (caller=/data/app/~~QDMmCzxSCqcCBW7seK65XA==/com.maplibrestartuprepro-449HsGnVJetecAuktpL-qw==/base.apk): ok
09-30 14:00:45.057  8038  8038 D nativeloader: Load /data/app/~~QDMmCzxSCqcCBW7seK65XA==/com.maplibrestartuprepro-449HsGnVJetecAuktpL-qw==/base.apk!/lib/arm64-v8a/libhermestooling.so using class loader ns clns-9 (caller=/data/app/~~QDMmCzxSCqcCBW7seK65XA==/com.maplibrestartuprepro-449HsGnVJetecAuktpL-qw==/base.apk): ok
09-30 14:00:45.057  8038  8038 D jni_lib_merge: Entering merged library JNI_OnLoad.
09-30 14:00:45.057  8038  8038 D jni_lib_merge: Preparing 4 pre-merged libs (including stub)
09-30 14:00:45.057  8038  8038 D jni_lib_merge: Preparing to register libhermes_executor_so.  onload_func: 0x764f758eec
09-30 14:00:45.057  8038  8038 D jni_lib_merge: Preparing to register libhermesinstancejni_so.  onload_func: 0x764f76069c
09-30 14:00:45.057  8038  8038 D jni_lib_merge: Preparing to register libjsijniprofiler_so.  onload_func: 0x764f760f44
09-30 14:00:45.057  8038  8038 D jni_lib_merge: About to register 3 actual methods.
09-30 14:00:45.068  8038  8038 W unknown:BridgelessReact: ReactHost{0}.startSurface(surfaceId = 0): Schedule
09-30 14:00:45.068  8038  8038 W unknown:BridgelessReact: ReactHost{0}.attachSurface(surfaceId = 0)
09-30 14:00:45.068  8038  8067 W unknown:BridgelessReact: ReactHost{0}.getOrCreateReactInstanceTask()
09-30 14:00:45.068  8038  8067 W unknown:BridgelessReact: ReactHost{0}.getOrCreateReactInstanceTask(): Start
09-30 14:00:45.068  8038  8067 W unknown:BridgelessReact: ReactHost{0}.getJSBundleLoader()
09-30 14:00:45.068  8038  8067 W unknown:BridgelessReact: ReactHost{0}.getOrCreateReactInstanceTask(): Creating BridgelessReactContext
09-30 14:00:45.069  8038  8067 W unknown:BridgelessReact: ReactHost{0}.getOrCreateReactInstanceTask(): Creating ReactInstance
09-30 14:00:45.072  8038  8038 I ContentCaptureHelper: Setting logging level to OFF
09-30 14:00:45.080  8038  8067 W unknown:BridgelessReact: ReactHost{0}.getOrCreateReactInstanceTask(): Loading JS Bundle
09-30 14:00:45.081  8038  8067 W unknown:BridgelessReact: ReactHost{0}.getOrCreateReactInstanceTask(): DevSupportManager.onNewReactContextCreated()
09-30 14:00:45.081  8038  8067 W unknown:BridgelessReact: ReactHost{0}.startSurface(surfaceId = 0): Execute
09-30 14:00:45.082  8038  8038 W unknown:BridgelessReact: ReactHost{0}.onHostResume(activity)
09-30 14:00:45.082  8038  8038 W unknown:BridgelessReact: ReactHost{0}.ReactContext.onHostResume()
09-30 14:00:45.083  8038  8068 I ReactNativeJS: [repro] bundle load: calling OfflineManager
09-30 14:00:45.085  8038  8068 I ReactNativeJS: Running "MapLibreStartupRepro"
09-30 14:00:45.089  8038  8068 W unknown:ViewManagerPropertyUpdater: Could not find generated setter for class com.th3rdwave.safeareacontext.SafeAreaProviderManager
09-30 14:00:45.091  8038  8068 W unknown:ViewManagerPropertyUpdater: Could not find generated setter for class com.facebook.react.uimanager.LayoutShadowNode
09-30 14:00:45.093  8038  8068 W unknown:ViewManagerPropertyUpdater: Could not find generated setter for class org.maplibre.reactnative.components.sources.geojsonsource.MLRNGeoJSONSourceManager
09-30 14:00:45.095  8038  8068 W unknown:ViewManagerPropertyUpdater: Could not find generated setter for class org.maplibre.reactnative.components.annotations.markerview.MLRNMarkerViewManager
09-30 14:00:45.095  8038  8068 W unknown:ViewManagerPropertyUpdater: Could not find generated setter for class org.maplibre.reactnative.components.sources.imagesource.MLRNImageSourceManager
09-30 14:00:45.096  8038  8068 W unknown:ViewManagerPropertyUpdater: Could not find generated setter for class org.maplibre.reactnative.components.sources.tilesources.rastersource.MLRNRasterSourceManager
09-30 14:00:45.097  8038  8068 W unknown:ViewManagerPropertyUpdater: Could not find generated setter for class org.maplibre.reactnative.components.camera.MLRNCameraManager
09-30 14:00:45.097  8038  8068 W unknown:ViewManagerPropertyUpdater: Could not find generated setter for class org.maplibre.reactnative.components.sources.tilesources.vectorsource.MLRNVectorSourceManager
09-30 14:00:45.098  8038  8038 W unknown:BridgelessReact: ReactHost{0}.ReactContext.onHostResume()
09-30 14:00:45.098  8038  8038 W unknown:BridgelessReact: ReactHost{0}.getOrCreateReactInstanceTask(): Executing ReactInstanceEventListeners
09-30 14:00:45.098  8038  8068 W unknown:ViewManagerPropertyUpdater: Could not find generated setter for class org.maplibre.reactnative.components.mapview.MLRNMapViewManager
09-30 14:00:45.100  8038  8068 W unknown:ViewManagerPropertyUpdater: Could not find generated setter for class org.maplibre.reactnative.components.mapview.MLRNMapViewManager$MapShadowNode
09-30 14:00:45.100  8038  8068 W unknown:ViewManagerPropertyUpdater: Could not find generated setter for class org.maplibre.reactnative.components.layer.MLRNLayerManager
09-30 14:00:45.101  8038  8068 W unknown:ViewManagerPropertyUpdater: Could not find generated setter for class com.th3rdwave.safeareacontext.SafeAreaViewManager
09-30 14:00:45.103  8038  8068 W unknown:ViewManagerPropertyUpdater: Could not find generated setter for class com.th3rdwave.safeareacontext.SafeAreaViewShadowNode
09-30 14:00:45.104  8038  8068 W unknown:ViewManagerPropertyUpdater: Could not find generated setter for class org.maplibre.reactnative.components.mapview.MLRNAndroidTextureMapViewManager
09-30 14:00:45.104  8038  8068 W unknown:ViewManagerPropertyUpdater: Could not find generated setter for class org.maplibre.reactnative.components.sources.tilesources.rasterdemsource.MLRNRasterDEMSourceManager
09-30 14:00:45.104  8038  8068 W unknown:ViewManagerPropertyUpdater: Could not find generated setter for class org.maplibre.reactnative.components.location.MLRNNativeUserLocationManager
09-30 14:00:45.104  8038  8068 W unknown:ViewManagerPropertyUpdater: Could not find generated setter for class org.maplibre.reactnative.components.annotations.pointannotation.MLRNPointAnnotationManager
09-30 14:00:45.105  8038  8068 W unknown:ViewManagerPropertyUpdater: Could not find generated setter for class org.maplibre.reactnative.components.images.MLRNImagesManager
09-30 14:00:45.105  8038  8068 W unknown:ViewManagerPropertyUpdater: Could not find generated setter for class org.maplibre.reactnative.components.annotations.callout.MLRNCalloutManager
09-30 14:00:45.111  8038  8038 D AndroidRuntime: Shutting down VM
09-30 14:00:45.111  8038  8038 E AndroidRuntime: FATAL EXCEPTION: main
09-30 14:00:45.111  8038  8038 E AndroidRuntime: Process: com.maplibrestartuprepro, PID: 8038
09-30 14:00:45.111  8038  8038 E AndroidRuntime: org.maplibre.android.exceptions.MapLibreConfigurationException: 
09-30 14:00:45.111  8038  8038 E AndroidRuntime: Using MapView requires calling MapLibre.getInstance(Context context, String apiKey, WellKnownTileServer wellKnownTileServer) before inflating or creating the view.
09-30 14:00:45.111  8038  8038 E AndroidRuntime: 	at org.maplibre.android.MapLibre.validateMapLibre(MapLibre.java:261)
09-30 14:00:45.111  8038  8038 E AndroidRuntime: 	at org.maplibre.android.MapLibre.getTileServerOptions(MapLibre.java:164)
09-30 14:00:45.111  8038  8038 E AndroidRuntime: 	at org.maplibre.android.storage.FileSource.<init>(FileSource.java:348)
09-30 14:00:45.111  8038  8038 E AndroidRuntime: 	at org.maplibre.android.storage.FileSource.getInstance(FileSource.java:95)
09-30 14:00:45.111  8038  8038 E AndroidRuntime: 	at org.maplibre.reactnative.modules.MLRNOfflineModule.activateFileSource(MLRNOfflineModule.kt:650)
09-30 14:00:45.111  8038  8038 E AndroidRuntime: 	at org.maplibre.reactnative.modules.MLRNOfflineModule.runMigrations(MLRNOfflineModule.kt:441)
09-30 14:00:45.111  8038  8038 E AndroidRuntime: 	at org.maplibre.reactnative.modules.MLRNOfflineModule.initialize$lambda$0(MLRNOfflineModule.kt:43)
09-30 14:00:45.111  8038  8038 E AndroidRuntime: 	at org.maplibre.reactnative.modules.MLRNOfflineModule$$ExternalSyntheticLambda1.run(D8$$SyntheticClass:0)
09-30 14:00:45.111  8038  8038 E AndroidRuntime: 	at android.os.Handler.handleCallback(Handler.java:1082)
09-30 14:00:45.111  8038  8038 E AndroidRuntime: 	at android.os.Handler.dispatchMessageImpl(Handler.java:135)
09-30 14:00:45.111  8038  8038 E AndroidRuntime: 	at android.os.Handler.dispatchMessage(Handler.java:126)
09-30 14:00:45.111  8038  8038 E AndroidRuntime: 	at android.os.Looper.loopOnce(Looper.java:295)
09-30 14:00:45.111  8038  8038 E AndroidRuntime: 	at android.os.Looper.loop(Looper.java:398)
09-30 14:00:45.111  8038  8038 E AndroidRuntime: 	at android.app.ActivityThread.main(ActivityThread.java:9569)
09-30 14:00:45.111  8038  8038 E AndroidRuntime: 	at java.lang.reflect.Method.invoke(Native Method)
09-30 14:00:45.111  8038  8038 E AndroidRuntime: 	at com.android.internal.os.RuntimeInit$MethodAndArgsCaller.run(RuntimeInit.java:575)
09-30 14:00:45.111  8038  8038 E AndroidRuntime: 	at com.android.internal.os.ZygoteInit.main(ZygoteInit.java:918)
09-30 14:00:45.112  8038  8068 W unknown:ViewManagerPropertyUpdater: Could not find generated setter for class com.facebook.react.views.safeareaview.ReactSafeAreaViewManager
09-30 14:00:45.114  8038  8068 W unknown:ViewManagerPropertyUpdater: Could not find generated setter for class com.facebook.react.views.modal.ReactModalHostManager
09-30 14:00:45.115  8038  8068 W unknown:ViewManagerPropertyUpdater: Could not find generated setter for class com.facebook.react.views.progressbar.ReactProgressBarViewManager
09-30 14:00:45.116  8038  8068 W unknown:ViewManagerPropertyUpdater: Could not find generated setter for class com.facebook.react.views.scroll.ReactHorizontalScrollViewManager
09-30 14:00:45.117  8038  8068 W unknown:ViewManagerPropertyUpdater: Could not find generated setter for class com.facebook.react.views.image.ReactImageManager
09-30 14:00:45.119  8038  8068 W unknown:ViewManagerPropertyUpdater: Could not find generated setter for class com.facebook.react.views.text.ReactTextViewManager
09-30 14:00:45.119  8038  8038 I Process : Sending signal. PID: 8038 SIG: 9
