09-30 14:01:32.707  9640  9640 I libprocessgroup: Created cgroup /sys/fs/cgroup/apps/uid_10869
09-30 14:01:32.708  9640  9640 I libprocessgroup: Created cgroup /sys/fs/cgroup/apps/uid_10869/pid_9640
09-30 14:01:32.713  9640  9640 I Zygote  : Process 9640 created for com.maplibrestartuprepro
09-30 14:01:32.713  9640  9640 I brestartuprepro: Using generational CollectorTypeCMC GC.
09-30 14:01:32.719  9640  9640 D nativeloader: Load libframework-connectivity-tiramisu-jni.so using APEX ns com_android_tethering for caller /apex/com.android.tethering/javalib/framework-connectivity-t.jar: ok
09-30 14:01:32.736  9640  9640 D ApplicationLoaders: Returning zygote-cached class loader: /system_ext/framework/androidx.window.extensions.jar
09-30 14:01:32.736  9640  9640 D ApplicationLoaders: Returning zygote-cached class loader: /system_ext/framework/androidx.window.sidecar.jar
09-30 14:01:32.740  9640  9640 D nativeloader: Configuring clns-9 for other apk /data/app/~~DuGiZuh4oqJqRPncE8o8zw==/com.maplibrestartuprepro-fGB3fE1q769MNq-G3DUHdA==/base.apk. target_sdk_version=36, uses_libraries=, library_path=/data/app/~~DuGiZuh4oqJqRPncE8o8zw==/com.maplibrestartuprepro-fGB3fE1q769MNq-G3DUHdA==/lib/arm64:/data/app/~~DuGiZuh4oqJqRPncE8o8zw==/com.maplibrestartuprepro-fGB3fE1q769MNq-G3DUHdA==/base.apk!/lib/arm64-v8a, permitted_path=/data:/mnt/expand:/data/user/0/com.maplibrestartuprepro
09-30 14:01:32.755  9640  9640 D ActivityThread: Set OS env TMPDIR to /data/user/0/com.maplibrestartuprepro/cache
09-30 14:01:32.757  9640  9640 V GraphicsEnvironment: Currently set values for:
09-30 14:01:32.757  9640  9640 V GraphicsEnvironment:   angle_gl_driver_selection_pkgs=[com.android.angle]
09-30 14:01:32.757  9640  9640 V GraphicsEnvironment:   angle_gl_driver_selection_values=[angle]
09-30 14:01:32.757  9640  9640 V GraphicsEnvironment: com.maplibrestartuprepro is not listed in per-application setting
09-30 14:01:32.759  9640  9640 V GraphicsEnvironment: No special selections for ANGLE, returning default driver choice
09-30 14:01:32.759  9640  9640 V GraphicsEnvironment: Neither updatable production driver nor prerelease driver is supported.
09-30 14:01:32.771  9640  9640 W SoLoader: Initializing SoLoader: 0
09-30 14:01:32.772  9640  9640 W SoLoader: Recording new base apk path: /data/app/~~DuGiZuh4oqJqRPncE8o8zw==/com.maplibrestartuprepro-fGB3fE1q769MNq-G3DUHdA==/base.apk
09-30 14:01:32.772  9640  9640 W SoLoader: Previously recorded 0 base apk paths.
09-30 14:01:32.772  9640  9640 I SoLoader: Preparing SO source: DirectorySoSource[root = /vendor/lib64 flags = 2]
09-30 14:01:32.772  9640  9640 I SoLoader: Preparing SO source: DirectorySoSource[root = /system/lib64 flags = 2]
09-30 14:01:32.772  9640  9640 I SoLoader: Preparing SO source: DirectApkSoSource[root = [/data/app/~~DuGiZuh4oqJqRPncE8o8zw==/com.maplibrestartuprepro-fGB3fE1q769MNq-G3DUHdA==/base.apk!/lib/arm64-v8a]]
09-30 14:01:32.773  9640  9640 I SoLoader: Preparing SO source: ApplicationSoSource[DirectorySoSource[root = /data/app/~~DuGiZuh4oqJqRPncE8o8zw==/com.maplibrestartuprepro-fGB3fE1q769MNq-G3DUHdA==/lib/arm64 flags = 0]]
09-30 14:01:32.773  9640  9640 I SoLoader: init finish: 4 SO sources prepared
09-30 14:01:32.773  9640  9640 W SoLoader: SoLoader initialized: 8
09-30 14:01:32.779  9640  9640 D nativeloader: Load /data/app/~~DuGiZuh4oqJqRPncE8o8zw==/com.maplibrestartuprepro-fGB3fE1q769MNq-G3DUHdA==/base.apk!/lib/arm64-v8a/libc++_shared.so using class loader ns clns-9 (caller=/data/app/~~DuGiZuh4oqJqRPncE8o8zw==/com.maplibrestartuprepro-fGB3fE1q769MNq-G3DUHdA==/base.apk): ok
09-30 14:01:32.782  9640  9640 D nativeloader: Load /data/app/~~DuGiZuh4oqJqRPncE8o8zw==/com.maplibrestartuprepro-fGB3fE1q769MNq-G3DUHdA==/base.apk!/lib/arm64-v8a/libjsi.so using class loader ns clns-9 (caller=/data/app/~~DuGiZuh4oqJqRPncE8o8zw==/com.maplibrestartuprepro-fGB3fE1q769MNq-G3DUHdA==/base.apk): ok
09-30 14:01:32.784  9640  9640 D nativeloader: Load /data/app/~~DuGiZuh4oqJqRPncE8o8zw==/com.maplibrestartuprepro-fGB3fE1q769MNq-G3DUHdA==/base.apk!/lib/arm64-v8a/libfbjni.so using class loader ns clns-9 (caller=/data/app/~~DuGiZuh4oqJqRPncE8o8zw==/com.maplibrestartuprepro-fGB3fE1q769MNq-G3DUHdA==/base.apk): ok
09-30 14:01:32.787  9640  9640 D nativeloader: Load /data/app/~~DuGiZuh4oqJqRPncE8o8zw==/com.maplibrestartuprepro-fGB3fE1q769MNq-G3DUHdA==/base.apk!/lib/arm64-v8a/libreactnative.so using class loader ns clns-9 (caller=/data/app/~~DuGiZuh4oqJqRPncE8o8zw==/com.maplibrestartuprepro-fGB3fE1q769MNq-G3DUHdA==/base.apk): ok
09-30 14:01:32.787  9640  9640 D jni_lib_merge: Entering merged library JNI_OnLoad.
09-30 14:01:32.787  9640  9640 D jni_lib_merge: Preparing 13 pre-merged libs (including stub)
09-30 14:01:32.787  9640  9640 D jni_lib_merge: Preparing to register libfabricjni_so.  onload_func: 0x75ad638b5c
09-30 14:01:32.787  9640  9640 D jni_lib_merge: Preparing to register libreact_devsupportjni_so.  onload_func: 0x75ad7103d0
09-30 14:01:32.787  9640  9640 D jni_lib_merge: Preparing to register libreact_featureflagsjni_so.  onload_func: 0x75ad72964c
09-30 14:01:32.787  9640  9640 D jni_lib_merge: Preparing to register libreact_newarchdefaults_so.  onload_func: 0x75ad76b1d8
09-30 14:01:32.787  9640  9640 D jni_lib_merge: Preparing to register libreact_tracingjni_so.  onload_func: 0x75ad8524cc
09-30 14:01:32.787  9640  9640 D jni_lib_merge: Preparing to register libreactnativeblob_so.  onload_func: 0x75ad857760
09-30 14:01:32.787  9640  9640 D jni_lib_merge: Preparing to register libreactnativejni_so.  onload_func: 0x75ad8637f4
09-30 14:01:32.787  9640  9640 D jni_lib_merge: Preparing to register libreactnativejni_common_so.  onload_func: 0x75ad866838
09-30 14:01:32.787  9640  9640 D jni_lib_merge: Preparing to register librninstance_so.  onload_func: 0x75ad88bf50
09-30 14:01:32.787  9640  9640 D jni_lib_merge: Preparing to register libturbomodulejsijni_so.  onload_func: 0x75ad921f48
09-30 14:01:32.787  9640  9640 D jni_lib_merge: Preparing to register libuimanagerjni_so.  onload_func: 0x75ad92893c
09-30 14:01:32.787  9640  9640 D jni_lib_merge: Preparing to register libyoga_so.  onload_func: 0x75ad9303b8
09-30 14:01:32.787  9640  9640 D jni_lib_merge: About to register 12 actual methods.
09-30 14:01:32.791  9640  9640 D nativeloader: Load /data/app/~~DuGiZuh4oqJqRPncE8o8zw==/com.maplibrestartuprepro-fGB3fE1q769MNq-G3DUHdA==/base.apk!/lib/arm64-v8a/libreact_codegen_safeareacontext.so using class loader ns clns-9 (caller=/data/app/~~DuGiZuh4oqJqRPncE8o8zw==/com.maplibrestartuprepro-fGB3fE1q769MNq-G3DUHdA==/base.apk): ok
09-30 14:01:32.792  9640  9640 D nativeloader: Load /data/app/~~DuGiZuh4oqJqRPncE8o8zw==/com.maplibrestartuprepro-fGB3fE1q769MNq-G3DUHdA==/base.apk!/lib/arm64-v8a/libappmodules.so using class loader ns clns-9 (caller=/data/app/~~DuGiZuh4oqJqRPncE8o8zw==/com.maplibrestartuprepro-fGB3fE1q769MNq-G3DUHdA==/base.apk): ok
09-30 14:01:32.796  9640  9653 I DisplayManager: Choreographer implicitly registered for the refresh rate.
09-30 14:01:32.798  9640  9653 D vulkan  : searching for layers in '/data/app/~~DuGiZuh4oqJqRPncE8o8zw==/com.maplibrestartuprepro-fGB3fE1q769MNq-G3DUHdA==/lib/arm64'
09-30 14:01:32.799  9640  9653 D vulkan  : searching for layers in '/data/app/~~DuGiZuh4oqJqRPncE8o8zw==/com.maplibrestartuprepro-fGB3fE1q769MNq-G3DUHdA==/base.apk!/lib/arm64-v8a'
09-30 14:01:32.806  9640  9640 D AppCompatDelegate: Checking for metadata for AppLocalesMetadataHolderService : Service not found
09-30 14:01:32.818  9640  9640 D CompatChangeReporter: Compat change id reported: 377864165; UID 10869; state: ENABLED
09-30 14:01:32.827  9640  9640 D nativeloader: Load /data/app/~~DuGiZuh4oqJqRPncE8o8zw==/com.maplibrestartuprepro-fGB3fE1q769MNq-G3DUHdA==/base.apk!/lib/arm64-v8a/libhermesvm.so using class loader ns clns-9 (caller=/data/app/~~DuGiZuh4oqJqRPncE8o8zw==/com.maplibrestartuprepro-fGB3fE1q769MNq-G3DUHdA==/base.apk): ok
09-30 14:01:32.828  9640  9640 D nativeloader: Load /data/app/~~DuGiZuh4oqJqRPncE8o8zw==/com.maplibrestartuprepro-fGB3fE1q769MNq-G3DUHdA==/base.apk!/lib/arm64-v8a/libhermestooling.so using class loader ns clns-9 (caller=/data/app/~~DuGiZuh4oqJqRPncE8o8zw==/com.maplibrestartuprepro-fGB3fE1q769MNq-G3DUHdA==/base.apk): ok
09-30 14:01:32.828  9640  9640 D jni_lib_merge: Entering merged library JNI_OnLoad.
09-30 14:01:32.828  9640  9640 D jni_lib_merge: Preparing 4 pre-merged libs (including stub)
09-30 14:01:32.828  9640  9640 D jni_lib_merge: Preparing to register libhermes_executor_so.  onload_func: 0x764f765eec
09-30 14:01:32.828  9640  9640 D jni_lib_merge: Preparing to register libhermesinstancejni_so.  onload_func: 0x764f76d69c
09-30 14:01:32.828  9640  9640 D jni_lib_merge: Preparing to register libjsijniprofiler_so.  onload_func: 0x764f76df44
09-30 14:01:32.828  9640  9640 D jni_lib_merge: About to register 3 actual methods.
09-30 14:01:32.842  9640  9640 W unknown:BridgelessReact: ReactHost{0}.startSurface(surfaceId = 0): Schedule
09-30 14:01:32.842  9640  9640 W unknown:BridgelessReact: ReactHost{0}.attachSurface(surfaceId = 0)
09-30 14:01:32.842  9640  9663 W unknown:BridgelessReact: ReactHost{0}.getOrCreateReactInstanceTask()
09-30 14:01:32.842  9640  9663 W unknown:BridgelessReact: ReactHost{0}.getOrCreateReactInstanceTask(): Start
09-30 14:01:32.842  9640  9663 W unknown:BridgelessReact: ReactHost{0}.getJSBundleLoader()
09-30 14:01:32.843  9640  9663 W unknown:BridgelessReact: ReactHost{0}.getOrCreateReactInstanceTask(): Creating BridgelessReactContext
09-30 14:01:32.843  9640  9663 W unknown:BridgelessReact: ReactHost{0}.getOrCreateReactInstanceTask(): Creating ReactInstance
09-30 14:01:32.846  9640  9640 I ContentCaptureHelper: Setting logging level to OFF
09-30 14:01:32.852  9640  9640 W unknown:BridgelessReact: ReactHost{0}.onHostResume(activity)
09-30 14:01:32.852  9640  9640 W unknown:BridgelessReact: ReactHost{0}.ReactContext.onHostResume()
09-30 14:01:32.853  9640  9663 W unknown:BridgelessReact: ReactHost{0}.getOrCreateReactInstanceTask(): Loading JS Bundle
09-30 14:01:32.854  9640  9663 W unknown:BridgelessReact: ReactHost{0}.getOrCreateReactInstanceTask(): DevSupportManager.onNewReactContextCreated()
09-30 14:01:32.854  9640  9663 W unknown:BridgelessReact: ReactHost{0}.startSurface(surfaceId = 0): Execute
09-30 14:01:32.857  9640  9664 I ReactNativeJS: [repro] bundle load: calling OfflineManager
09-30 14:01:32.858  9640  9664 I ReactNativeJS: Running "MapLibreStartupRepro"
09-30 14:01:32.860  9640  9664 W unknown:ViewManagerPropertyUpdater: Could not find generated setter for class com.th3rdwave.safeareacontext.SafeAreaProviderManager
09-30 14:01:32.862  9640  9664 W unknown:ViewManagerPropertyUpdater: Could not find generated setter for class com.facebook.react.uimanager.LayoutShadowNode
09-30 14:01:32.862  9640  9664 W unknown:ViewManagerPropertyUpdater: Could not find generated setter for class org.maplibre.reactnative.components.sources.geojsonsource.MLRNGeoJSONSourceManager
09-30 14:01:32.864  9640  9664 W unknown:ViewManagerPropertyUpdater: Could not find generated setter for class org.maplibre.reactnative.components.annotations.markerview.MLRNMarkerViewManager
09-30 14:01:32.864  9640  9664 W unknown:ViewManagerPropertyUpdater: Could not find generated setter for class org.maplibre.reactnative.components.sources.imagesource.MLRNImageSourceManager
09-30 14:01:32.864  9640  9664 W unknown:ViewManagerPropertyUpdater: Could not find generated setter for class org.maplibre.reactnative.components.sources.tilesources.rastersource.MLRNRasterSourceManager
09-30 14:01:32.865  9640  9664 W unknown:ViewManagerPropertyUpdater: Could not find generated setter for class org.maplibre.reactnative.components.camera.MLRNCameraManager
09-30 14:01:32.865  9640  9664 W unknown:ViewManagerPropertyUpdater: Could not find generated setter for class org.maplibre.reactnative.components.sources.tilesources.vectorsource.MLRNVectorSourceManager
09-30 14:01:32.865  9640  9664 W unknown:ViewManagerPropertyUpdater: Could not find generated setter for class org.maplibre.reactnative.components.mapview.MLRNMapViewManager
09-30 14:01:32.866  9640  9664 W unknown:ViewManagerPropertyUpdater: Could not find generated setter for class org.maplibre.reactnative.components.mapview.MLRNMapViewManager$MapShadowNode
09-30 14:01:32.866  9640  9664 W unknown:ViewManagerPropertyUpdater: Could not find generated setter for class org.maplibre.reactnative.components.layer.MLRNLayerManager
09-30 14:01:32.867  9640  9664 W unknown:ViewManagerPropertyUpdater: Could not find generated setter for class com.th3rdwave.safeareacontext.SafeAreaViewManager
09-30 14:01:32.867  9640  9664 W unknown:ViewManagerPropertyUpdater: Could not find generated setter for class com.th3rdwave.safeareacontext.SafeAreaViewShadowNode
09-30 14:01:32.867  9640  9664 W unknown:ViewManagerPropertyUpdater: Could not find generated setter for class org.maplibre.reactnative.components.mapview.MLRNAndroidTextureMapViewManager
09-30 14:01:32.868  9640  9664 W unknown:ViewManagerPropertyUpdater: Could not find generated setter for class org.maplibre.reactnative.components.sources.tilesources.rasterdemsource.MLRNRasterDEMSourceManager
09-30 14:01:32.868  9640  9664 W unknown:ViewManagerPropertyUpdater: Could not find generated setter for class org.maplibre.reactnative.components.location.MLRNNativeUserLocationManager
09-30 14:01:32.868  9640  9664 W unknown:ViewManagerPropertyUpdater: Could not find generated setter for class org.maplibre.reactnative.components.annotations.pointannotation.MLRNPointAnnotationManager
09-30 14:01:32.869  9640  9664 W unknown:ViewManagerPropertyUpdater: Could not find generated setter for class org.maplibre.reactnative.components.images.MLRNImagesManager
09-30 14:01:32.869  9640  9664 W unknown:ViewManagerPropertyUpdater: Could not find generated setter for class org.maplibre.reactnative.components.annotations.callout.MLRNCalloutManager
09-30 14:01:32.872  9640  9640 W unknown:BridgelessReact: ReactHost{0}.ReactContext.onHostResume()
09-30 14:01:32.872  9640  9640 W unknown:BridgelessReact: ReactHost{0}.getOrCreateReactInstanceTask(): Executing ReactInstanceEventListeners
09-30 14:01:32.877  9640  9664 W unknown:ViewManagerPropertyUpdater: Could not find generated setter for class com.facebook.react.views.safeareaview.ReactSafeAreaViewManager
09-30 14:01:32.878  9640  9664 W unknown:ViewManagerPropertyUpdater: Could not find generated setter for class com.facebook.react.views.modal.ReactModalHostManager
09-30 14:01:32.879  9640  9664 W unknown:ViewManagerPropertyUpdater: Could not find generated setter for class com.facebook.react.views.progressbar.ReactProgressBarViewManager
09-30 14:01:32.880  9640  9664 W unknown:ViewManagerPropertyUpdater: Could not find generated setter for class com.facebook.react.views.scroll.ReactHorizontalScrollViewManager
09-30 14:01:32.882  9640  9664 W unknown:ViewManagerPropertyUpdater: Could not find generated setter for class com.facebook.react.views.image.ReactImageManager
09-30 14:01:32.885  9640  9664 W unknown:ViewManagerPropertyUpdater: Could not find generated setter for class com.facebook.react.views.text.ReactTextViewManager
09-30 14:01:32.888  9640  9664 W unknown:ViewManagerPropertyUpdater: Could not find generated setter for class com.facebook.react.views.scroll.ReactHorizontalScrollContainerViewManager
09-30 14:01:32.889  9640  9664 W unknown:ViewManagerPropertyUpdater: Could not find generated setter for class com.facebook.react.views.unimplementedview.ReactUnimplementedViewManager
09-30 14:01:32.890  9640  9664 W unknown:ViewManagerPropertyUpdater: Could not find generated setter for class com.facebook.react.views.scroll.ReactScrollViewManager
09-30 14:01:32.891  9640  9664 W unknown:ViewManagerPropertyUpdater: Could not find generated setter for class com.facebook.react.views.view.ReactViewManager
09-30 14:01:32.892  9640  9664 W unknown:ViewManagerPropertyUpdater: Could not find generated setter for class com.facebook.react.views.drawer.ReactDrawerLayoutManager
09-30 14:01:32.893  9640  9664 W unknown:ViewManagerPropertyUpdater: Could not find generated setter for class com.facebook.react.views.switchview.ReactSwitchManager
09-30 14:01:32.895  9640  9664 W unknown:ViewManagerPropertyUpdater: Could not find generated setter for class com.facebook.react.views.swiperefresh.SwipeRefreshLayoutManager
09-30 14:01:32.896  9640  9665 D nativeloader: Load /data/app/~~DuGiZuh4oqJqRPncE8o8zw==/com.maplibrestartuprepro-fGB3fE1q769MNq-G3DUHdA==/base.apk!/lib/arm64-v8a/libmaplibre.so using class loader ns clns-9 (caller=/data/app/~~DuGiZuh4oqJqRPncE8o8zw==/com.maplibrestartuprepro-fGB3fE1q769MNq-G3DUHdA==/base.apk!classes3.dex): ok
09-30 14:01:32.896  9640  9664 W unknown:ViewManagerPropertyUpdater: Could not find generated setter for class com.facebook.react.views.textinput.ReactTextInputManager
09-30 14:01:32.897  9640  9640 D AndroidRuntime: Shutting down VM
09-30 14:01:32.897  9640  9640 E AndroidRuntime: FATAL EXCEPTION: main
09-30 14:01:32.897  9640  9640 E AndroidRuntime: Process: com.maplibrestartuprepro, PID: 9640
09-30 14:01:32.897  9640  9640 E AndroidRuntime: org.maplibre.android.exceptions.MapLibreConfigurationException: 
09-30 14:01:32.897  9640  9640 E AndroidRuntime: Using MapView requires calling MapLibre.getInstance(Context context, String apiKey, WellKnownTileServer wellKnownTileServer) before inflating or creating the view.
09-30 14:01:32.897  9640  9640 E AndroidRuntime: 	at org.maplibre.android.MapLibre.validateMapLibre(MapLibre.java:261)
09-30 14:01:32.897  9640  9640 E AndroidRuntime: 	at org.maplibre.android.MapLibre.getTileServerOptions(MapLibre.java:164)
09-30 14:01:32.897  9640  9640 E AndroidRuntime: 	at org.maplibre.android.storage.FileSource.<init>(FileSource.java:348)
09-30 14:01:32.897  9640  9640 E AndroidRuntime: 	at org.maplibre.android.storage.FileSource.getInstance(FileSource.java:95)
09-30 14:01:32.897  9640  9640 E AndroidRuntime: 	at org.maplibre.reactnative.modules.MLRNOfflineModule.activateFileSource(MLRNOfflineModule.kt:650)
09-30 14:01:32.897  9640  9640 E AndroidRuntime: 	at org.maplibre.reactnative.modules.MLRNOfflineModule.runMigrations(MLRNOfflineModule.kt:441)
09-30 14:01:32.897  9640  9640 E AndroidRuntime: 	at org.maplibre.reactnative.modules.MLRNOfflineModule.initialize$lambda$0(MLRNOfflineModule.kt:43)
09-30 14:01:32.897  9640  9640 E AndroidRuntime: 	at org.maplibre.reactnative.modules.MLRNOfflineModule$$ExternalSyntheticLambda1.run(D8$$SyntheticClass:0)
09-30 14:01:32.897  9640  9640 E AndroidRuntime: 	at android.os.Handler.handleCallback(Handler.java:1082)
09-30 14:01:32.897  9640  9640 E AndroidRuntime: 	at android.os.Handler.dispatchMessageImpl(Handler.java:135)
09-30 14:01:32.897  9640  9640 E AndroidRuntime: 	at android.os.Handler.dispatchMessage(Handler.java:126)
09-30 14:01:32.897  9640  9640 E AndroidRuntime: 	at android.os.Looper.loopOnce(Looper.java:295)
09-30 14:01:32.897  9640  9640 E AndroidRuntime: 	at android.os.Looper.loop(Looper.java:398)
09-30 14:01:32.897  9640  9640 E AndroidRuntime: 	at android.app.ActivityThread.main(ActivityThread.java:9569)
09-30 14:01:32.897  9640  9640 E AndroidRuntime: 	at java.lang.reflect.Method.invoke(Native Method)
09-30 14:01:32.897  9640  9640 E AndroidRuntime: 	at com.android.internal.os.RuntimeInit$MethodAndArgsCaller.run(RuntimeInit.java:575)
09-30 14:01:32.897  9640  9640 E AndroidRuntime: 	at com.android.internal.os.ZygoteInit.main(ZygoteInit.java:918)
09-30 14:01:32.898  9640  9664 W unknown:ViewManagerPropertyUpdater: Could not find generated setter for class com.facebook.react.views.text.SelectableTextViewManager
09-30 14:01:32.898  9640  9664 W unknown:ViewManagerPropertyUpdater: Could not find generated setter for class com.facebook.react.views.virtual.view.ReactVirtualViewManager
09-30 14:01:32.911  9640  9640 I Process : Sending signal. PID: 9640 SIG: 9
