09-30 14:01:04.827  8654  8654 I libprocessgroup: Created cgroup /sys/fs/cgroup/apps/uid_10867
09-30 14:01:04.830  8654  8654 I libprocessgroup: Created cgroup /sys/fs/cgroup/apps/uid_10867/pid_8654
09-30 14:01:04.837  8654  8654 I Zygote  : Process 8654 created for com.maplibrestartuprepro
09-30 14:01:04.837  8654  8654 I brestartuprepro: Using generational CollectorTypeCMC GC.
09-30 14:01:04.845  8654  8654 D nativeloader: Load libframework-connectivity-tiramisu-jni.so using APEX ns com_android_tethering for caller /apex/com.android.tethering/javalib/framework-connectivity-t.jar: ok
09-30 14:01:04.963  8654  8654 D ApplicationLoaders: Returning zygote-cached class loader: /system_ext/framework/androidx.window.extensions.jar
09-30 14:01:04.963  8654  8654 D ApplicationLoaders: Returning zygote-cached class loader: /system_ext/framework/androidx.window.sidecar.jar
09-30 14:01:04.965  8654  8654 D nativeloader: Configuring clns-9 for other apk /data/app/~~Hsxgg0sodlS_7us_QfaLtw==/com.maplibrestartuprepro-22-jmRlzwDWz0tFW00C5CQ==/base.apk. target_sdk_version=36, uses_libraries=, library_path=/data/app/~~Hsxgg0sodlS_7us_QfaLtw==/com.maplibrestartuprepro-22-jmRlzwDWz0tFW00C5CQ==/lib/arm64:/data/app/~~Hsxgg0sodlS_7us_QfaLtw==/com.maplibrestartuprepro-22-jmRlzwDWz0tFW00C5CQ==/base.apk!/lib/arm64-v8a, permitted_path=/data:/mnt/expand:/data/user/0/com.maplibrestartuprepro
09-30 14:01:04.973  8654  8654 D ActivityThread: Set OS env TMPDIR to /data/user/0/com.maplibrestartuprepro/cache
09-30 14:01:04.975  8654  8654 V GraphicsEnvironment: Currently set values for:
09-30 14:01:04.975  8654  8654 V GraphicsEnvironment:   angle_gl_driver_selection_pkgs=[com.android.angle]
09-30 14:01:04.975  8654  8654 V GraphicsEnvironment:   angle_gl_driver_selection_values=[angle]
09-30 14:01:04.975  8654  8654 V GraphicsEnvironment: com.maplibrestartuprepro is not listed in per-application setting
09-30 14:01:04.975  8654  8654 V GraphicsEnvironment: No special selections for ANGLE, returning default driver choice
09-30 14:01:04.976  8654  8654 V GraphicsEnvironment: Neither updatable production driver nor prerelease driver is supported.
09-30 14:01:04.986  8654  8654 W SoLoader: Initializing SoLoader: 0
09-30 14:01:04.987  8654  8654 W SoLoader: Recording new base apk path: /data/app/~~Hsxgg0sodlS_7us_QfaLtw==/com.maplibrestartuprepro-22-jmRlzwDWz0tFW00C5CQ==/base.apk
09-30 14:01:04.987  8654  8654 W SoLoader: Previously recorded 0 base apk paths.
09-30 14:01:04.987  8654  8654 I SoLoader: Preparing SO source: DirectorySoSource[root = /vendor/lib64 flags = 2]
09-30 14:01:04.987  8654  8654 I SoLoader: Preparing SO source: DirectorySoSource[root = /system/lib64 flags = 2]
09-30 14:01:04.987  8654  8654 I SoLoader: Preparing SO source: DirectApkSoSource[root = [/data/app/~~Hsxgg0sodlS_7us_QfaLtw==/com.maplibrestartuprepro-22-jmRlzwDWz0tFW00C5CQ==/base.apk!/lib/arm64-v8a]]
09-30 14:01:04.988  8654  8654 I SoLoader: Preparing SO source: ApplicationSoSource[DirectorySoSource[root = /data/app/~~Hsxgg0sodlS_7us_QfaLtw==/com.maplibrestartuprepro-22-jmRlzwDWz0tFW00C5CQ==/lib/arm64 flags = 0]]
09-30 14:01:04.988  8654  8654 I SoLoader: init finish: 4 SO sources prepared
09-30 14:01:04.988  8654  8654 W SoLoader: SoLoader initialized: 8
09-30 14:01:04.994  8654  8654 D nativeloader: Load /data/app/~~Hsxgg0sodlS_7us_QfaLtw==/com.maplibrestartuprepro-22-jmRlzwDWz0tFW00C5CQ==/base.apk!/lib/arm64-v8a/libc++_shared.so using class loader ns clns-9 (caller=/data/app/~~Hsxgg0sodlS_7us_QfaLtw==/com.maplibrestartuprepro-22-jmRlzwDWz0tFW00C5CQ==/base.apk): ok
09-30 14:01:04.997  8654  8654 D nativeloader: Load /data/app/~~Hsxgg0sodlS_7us_QfaLtw==/com.maplibrestartuprepro-22-jmRlzwDWz0tFW00C5CQ==/base.apk!/lib/arm64-v8a/libjsi.so using class loader ns clns-9 (caller=/data/app/~~Hsxgg0sodlS_7us_QfaLtw==/com.maplibrestartuprepro-22-jmRlzwDWz0tFW00C5CQ==/base.apk): ok
09-30 14:01:04.999  8654  8654 D nativeloader: Load /data/app/~~Hsxgg0sodlS_7us_QfaLtw==/com.maplibrestartuprepro-22-jmRlzwDWz0tFW00C5CQ==/base.apk!/lib/arm64-v8a/libfbjni.so using class loader ns clns-9 (caller=/data/app/~~Hsxgg0sodlS_7us_QfaLtw==/com.maplibrestartuprepro-22-jmRlzwDWz0tFW00C5CQ==/base.apk): ok
09-30 14:01:05.002  8654  8654 D nativeloader: Load /data/app/~~Hsxgg0sodlS_7us_QfaLtw==/com.maplibrestartuprepro-22-jmRlzwDWz0tFW00C5CQ==/base.apk!/lib/arm64-v8a/libreactnative.so using class loader ns clns-9 (caller=/data/app/~~Hsxgg0sodlS_7us_QfaLtw==/com.maplibrestartuprepro-22-jmRlzwDWz0tFW00C5CQ==/base.apk): ok
09-30 14:01:05.002  8654  8654 D jni_lib_merge: Entering merged library JNI_OnLoad.
09-30 14:01:05.002  8654  8654 D jni_lib_merge: Preparing 13 pre-merged libs (including stub)
09-30 14:01:05.002  8654  8654 D jni_lib_merge: Preparing to register libfabricjni_so.  onload_func: 0x75b0b2cb5c
09-30 14:01:05.002  8654  8654 D jni_lib_merge: Preparing to register libreact_devsupportjni_so.  onload_func: 0x75b0c043d0
09-30 14:01:05.002  8654  8654 D jni_lib_merge: Preparing to register libreact_featureflagsjni_so.  onload_func: 0x75b0c1d64c
09-30 14:01:05.002  8654  8654 D jni_lib_merge: Preparing to register libreact_newarchdefaults_so.  onload_func: 0x75b0c5f1d8
09-30 14:01:05.002  8654  8654 D jni_lib_merge: Preparing to register libreact_tracingjni_so.  onload_func: 0x75b0d464cc
09-30 14:01:05.002  8654  8654 D jni_lib_merge: Preparing to register libreactnativeblob_so.  onload_func: 0x75b0d4b760
09-30 14:01:05.002  8654  8654 D jni_lib_merge: Preparing to register libreactnativejni_so.  onload_func: 0x75b0d577f4
09-30 14:01:05.002  8654  8654 D jni_lib_merge: Preparing to register libreactnativejni_common_so.  onload_func: 0x75b0d5a838
09-30 14:01:05.002  8654  8654 D jni_lib_merge: Preparing to register librninstance_so.  onload_func: 0x75b0d7ff50
09-30 14:01:05.002  8654  8654 D jni_lib_merge: Preparing to register libturbomodulejsijni_so.  onload_func: 0x75b0e15f48
09-30 14:01:05.002  8654  8654 D jni_lib_merge: Preparing to register libuimanagerjni_so.  onload_func: 0x75b0e1c93c
09-30 14:01:05.002  8654  8654 D jni_lib_merge: Preparing to register libyoga_so.  onload_func: 0x75b0e243b8
09-30 14:01:05.002  8654  8654 D jni_lib_merge: About to register 12 actual methods.
09-30 14:01:05.006  8654  8654 D nativeloader: Load /data/app/~~Hsxgg0sodlS_7us_QfaLtw==/com.maplibrestartuprepro-22-jmRlzwDWz0tFW00C5CQ==/base.apk!/lib/arm64-v8a/libreact_codegen_safeareacontext.so using class loader ns clns-9 (caller=/data/app/~~Hsxgg0sodlS_7us_QfaLtw==/com.maplibrestartuprepro-22-jmRlzwDWz0tFW00C5CQ==/base.apk): ok
09-30 14:01:05.007  8654  8654 D nativeloader: Load /data/app/~~Hsxgg0sodlS_7us_QfaLtw==/com.maplibrestartuprepro-22-jmRlzwDWz0tFW00C5CQ==/base.apk!/lib/arm64-v8a/libappmodules.so using class loader ns clns-9 (caller=/data/app/~~Hsxgg0sodlS_7us_QfaLtw==/com.maplibrestartuprepro-22-jmRlzwDWz0tFW00C5CQ==/base.apk): ok
09-30 14:01:05.012  8654  8679 I DisplayManager: Choreographer implicitly registered for the refresh rate.
09-30 14:01:05.023  8654  8679 D vulkan  : searching for layers in '/data/app/~~Hsxgg0sodlS_7us_QfaLtw==/com.maplibrestartuprepro-22-jmRlzwDWz0tFW00C5CQ==/lib/arm64'
09-30 14:01:05.024  8654  8679 D vulkan  : searching for layers in '/data/app/~~Hsxgg0sodlS_7us_QfaLtw==/com.maplibrestartuprepro-22-jmRlzwDWz0tFW00C5CQ==/base.apk!/lib/arm64-v8a'
09-30 14:01:05.032  8654  8654 D AppCompatDelegate: Checking for metadata for AppLocalesMetadataHolderService : Service not found
09-30 14:01:05.045  8654  8654 D CompatChangeReporter: Compat change id reported: 377864165; UID 10867; state: ENABLED
09-30 14:01:05.052  8654  8654 D nativeloader: Load /data/app/~~Hsxgg0sodlS_7us_QfaLtw==/com.maplibrestartuprepro-22-jmRlzwDWz0tFW00C5CQ==/base.apk!/lib/arm64-v8a/libhermesvm.so using class loader ns clns-9 (caller=/data/app/~~Hsxgg0sodlS_7us_QfaLtw==/com.maplibrestartuprepro-22-jmRlzwDWz0tFW00C5CQ==/base.apk): ok
09-30 14:01:05.053  8654  8654 D nativeloader: Load /data/app/~~Hsxgg0sodlS_7us_QfaLtw==/com.maplibrestartuprepro-22-jmRlzwDWz0tFW00C5CQ==/base.apk!/lib/arm64-v8a/libhermestooling.so using class loader ns clns-9 (caller=/data/app/~~Hsxgg0sodlS_7us_QfaLtw==/com.maplibrestartuprepro-22-jmRlzwDWz0tFW00C5CQ==/base.apk): ok
09-30 14:01:05.053  8654  8654 D jni_lib_merge: Entering merged library JNI_OnLoad.
09-30 14:01:05.053  8654  8654 D jni_lib_merge: Preparing 4 pre-merged libs (including stub)
09-30 14:01:05.053  8654  8654 D jni_lib_merge: Preparing to register libhermes_executor_so.  onload_func: 0x764f767eec
09-30 14:01:05.053  8654  8654 D jni_lib_merge: Preparing to register libhermesinstancejni_so.  onload_func: 0x764f76f69c
09-30 14:01:05.053  8654  8654 D jni_lib_merge: Preparing to register libjsijniprofiler_so.  onload_func: 0x764f76ff44
09-30 14:01:05.053  8654  8654 D jni_lib_merge: About to register 3 actual methods.
09-30 14:01:05.060  8654  8654 W unknown:BridgelessReact: ReactHost{0}.startSurface(surfaceId = 0): Schedule
09-30 14:01:05.060  8654  8654 W unknown:BridgelessReact: ReactHost{0}.attachSurface(surfaceId = 0)
09-30 14:01:05.061  8654  8691 W unknown:BridgelessReact: ReactHost{0}.getOrCreateReactInstanceTask()
09-30 14:01:05.061  8654  8691 W unknown:BridgelessReact: ReactHost{0}.getOrCreateReactInstanceTask(): Start
09-30 14:01:05.061  8654  8691 W unknown:BridgelessReact: ReactHost{0}.getJSBundleLoader()
09-30 14:01:05.061  8654  8691 W unknown:BridgelessReact: ReactHost{0}.getOrCreateReactInstanceTask(): Creating BridgelessReactContext
09-30 14:01:05.061  8654  8691 W unknown:BridgelessReact: ReactHost{0}.getOrCreateReactInstanceTask(): Creating ReactInstance
09-30 14:01:05.064  8654  8654 I ContentCaptureHelper: Setting logging level to OFF
09-30 14:01:05.081  8654  8654 W unknown:BridgelessReact: ReactHost{0}.onHostResume(activity)
09-30 14:01:05.081  8654  8654 W unknown:BridgelessReact: ReactHost{0}.ReactContext.onHostResume()
09-30 14:01:05.086  8654  8691 W unknown:BridgelessReact: ReactHost{0}.getOrCreateReactInstanceTask(): Loading JS Bundle
09-30 14:01:05.086  8654  8691 W unknown:BridgelessReact: ReactHost{0}.getOrCreateReactInstanceTask(): DevSupportManager.onNewReactContextCreated()
09-30 14:01:05.087  8654  8691 W unknown:BridgelessReact: ReactHost{0}.startSurface(surfaceId = 0): Execute
09-30 14:01:05.098  8654  8654 W unknown:BridgelessReact: ReactHost{0}.ReactContext.onHostResume()
09-30 14:01:05.098  8654  8654 W unknown:BridgelessReact: ReactHost{0}.getOrCreateReactInstanceTask(): Executing ReactInstanceEventListeners
09-30 14:01:05.099  8654  8692 I ReactNativeJS: [repro] bundle load: calling OfflineManager
09-30 14:01:05.099  8654  8654 D WindowOnBackDispatcher: setTopOnBackInvokedCallback (unwrapped): android.app.Activity$$ExternalSyntheticLambda0@3418600
09-30 14:01:05.099  8654  8654 D WindowOnBackDispatcher: setTopOnBackInvokedCallback (unwrapped): androidx.activity.OnBackPressedDispatcher$Api34Impl$createOnBackAnimationCallback$1@580c7e
09-30 14:01:05.099  8654  8654 D VRI[MainActivity]: WindowInsets changed: 1080x2400 statusBars:[0,136,0,0] navigationBars:[0,0,0,63] mandatorySystemGestures:[0,168,0,84] 
09-30 14:01:05.099  8654  8693 D WindowOnBackDispatcher: setOnBackInvokedCallbackInfo: androidx.activity.OnBackPressedDispatcher$Api34Impl$createOnBackAnimationCallback$1@580c7e
09-30 14:01:05.101  8654  8692 I ReactNativeJS: Running "MapLibreStartupRepro"
09-30 14:01:05.101  8654  8654 W unknown:ViewManagerPropertyUpdater: Could not find generated setter for class com.facebook.react.uimanager.RootViewManager
09-30 14:01:05.106  8654  8692 W unknown:ViewManagerPropertyUpdater: Could not find generated setter for class com.th3rdwave.safeareacontext.SafeAreaProviderManager
09-30 14:01:05.107  8654  8692 W unknown:ViewManagerPropertyUpdater: Could not find generated setter for class com.facebook.react.uimanager.LayoutShadowNode
09-30 14:01:05.108  8654  8692 W unknown:ViewManagerPropertyUpdater: Could not find generated setter for class org.maplibre.reactnative.components.sources.geojsonsource.MLRNGeoJSONSourceManager
09-30 14:01:05.109  8654  8692 W unknown:ViewManagerPropertyUpdater: Could not find generated setter for class org.maplibre.reactnative.components.annotations.markerview.MLRNMarkerViewManager
09-30 14:01:05.109  8654  8654 I Surface : Creating surface for consumer unnamed-8654-0 with slotExpansion=1 for 64 slots
09-30 14:01:05.109  8654  8692 W unknown:ViewManagerPropertyUpdater: Could not find generated setter for class org.maplibre.reactnative.components.sources.imagesource.MLRNImageSourceManager
09-30 14:01:05.109  8654  8692 W unknown:ViewManagerPropertyUpdater: Could not find generated setter for class org.maplibre.reactnative.components.sources.tilesources.rastersource.MLRNRasterSourceManager
09-30 14:01:05.109  8654  8654 I Surface : Creating surface for consumer VRI[MainActivity]#0(BLAST Consumer)0 with slotExpansion=1 for 64 slots
09-30 14:01:05.110  8654  8692 W unknown:ViewManagerPropertyUpdater: Could not find generated setter for class org.maplibre.reactnative.components.camera.MLRNCameraManager
09-30 14:01:05.110  8654  8692 W unknown:ViewManagerPropertyUpdater: Could not find generated setter for class org.maplibre.reactnative.components.sources.tilesources.vectorsource.MLRNVectorSourceManager
09-30 14:01:05.111  8654  8692 W unknown:ViewManagerPropertyUpdater: Could not find generated setter for class org.maplibre.reactnative.components.mapview.MLRNMapViewManager
09-30 14:01:05.115  8654  8692 W unknown:ViewManagerPropertyUpdater: Could not find generated setter for class org.maplibre.reactnative.components.mapview.MLRNMapViewManager$MapShadowNode
09-30 14:01:05.115  8654  8692 W unknown:ViewManagerPropertyUpdater: Could not find generated setter for class org.maplibre.reactnative.components.layer.MLRNLayerManager
09-30 14:01:05.116  8654  8692 W unknown:ViewManagerPropertyUpdater: Could not find generated setter for class com.th3rdwave.safeareacontext.SafeAreaViewManager
09-30 14:01:05.117  8654  8692 W unknown:ViewManagerPropertyUpdater: Could not find generated setter for class com.th3rdwave.safeareacontext.SafeAreaViewShadowNode
09-30 14:01:05.117  8654  8692 W unknown:ViewManagerPropertyUpdater: Could not find generated setter for class org.maplibre.reactnative.components.mapview.MLRNAndroidTextureMapViewManager
09-30 14:01:05.117  8654  8692 W unknown:ViewManagerPropertyUpdater: Could not find generated setter for class org.maplibre.reactnative.components.sources.tilesources.rasterdemsource.MLRNRasterDEMSourceManager
09-30 14:01:05.117  8654  8692 W unknown:ViewManagerPropertyUpdater: Could not find generated setter for class org.maplibre.reactnative.components.location.MLRNNativeUserLocationManager
09-30 14:01:05.118  8654  8692 W unknown:ViewManagerPropertyUpdater: Could not find generated setter for class org.maplibre.reactnative.components.annotations.pointannotation.MLRNPointAnnotationManager
09-30 14:01:05.118  8654  8692 W unknown:ViewManagerPropertyUpdater: Could not find generated setter for class org.maplibre.reactnative.components.images.MLRNImagesManager
09-30 14:01:05.119  8654  8692 W unknown:ViewManagerPropertyUpdater: Could not find generated setter for class org.maplibre.reactnative.components.annotations.callout.MLRNCalloutManager
09-30 14:01:05.128  8654  8692 W unknown:ViewManagerPropertyUpdater: Could not find generated setter for class com.facebook.react.views.safeareaview.ReactSafeAreaViewManager
09-30 14:01:05.129  8654  8692 W unknown:ViewManagerPropertyUpdater: Could not find generated setter for class com.facebook.react.views.modal.ReactModalHostManager
09-30 14:01:05.130  8654  8692 W unknown:ViewManagerPropertyUpdater: Could not find generated setter for class com.facebook.react.views.progressbar.ReactProgressBarViewManager
09-30 14:01:05.131  8654  8692 W unknown:ViewManagerPropertyUpdater: Could not find generated setter for class com.facebook.react.views.scroll.ReactHorizontalScrollViewManager
09-30 14:01:05.133  8654  8692 W unknown:ViewManagerPropertyUpdater: Could not find generated setter for class com.facebook.react.views.image.ReactImageManager
09-30 14:01:05.134  8654  8692 W unknown:ViewManagerPropertyUpdater: Could not find generated setter for class com.facebook.react.views.text.ReactTextViewManager
09-30 14:01:05.135  8654  8694 D nativeloader: Load /data/app/~~Hsxgg0sodlS_7us_QfaLtw==/com.maplibrestartuprepro-22-jmRlzwDWz0tFW00C5CQ==/base.apk!/lib/arm64-v8a/libmaplibre.so using class loader ns clns-9 (caller=/data/app/~~Hsxgg0sodlS_7us_QfaLtw==/com.maplibrestartuprepro-22-jmRlzwDWz0tFW00C5CQ==/base.apk!classes3.dex): ok
09-30 14:01:05.135  8654  8692 W unknown:ViewManagerPropertyUpdater: Could not find generated setter for class com.facebook.react.views.scroll.ReactHorizontalScrollContainerViewManager
09-30 14:01:05.136  8654  8692 W unknown:ViewManagerPropertyUpdater: Could not find generated setter for class com.facebook.react.views.unimplementedview.ReactUnimplementedViewManager
09-30 14:01:05.137  8654  8692 W unknown:ViewManagerPropertyUpdater: Could not find generated setter for class com.facebook.react.views.scroll.ReactScrollViewManager
09-30 14:01:05.138  8654  8692 W unknown:ViewManagerPropertyUpdater: Could not find generated setter for class com.facebook.react.views.view.ReactViewManager
09-30 14:01:05.139  8654  8692 W unknown:ViewManagerPropertyUpdater: Could not find generated setter for class com.facebook.react.views.drawer.ReactDrawerLayoutManager
09-30 14:01:05.140  8654  8692 W unknown:ViewManagerPropertyUpdater: Could not find generated setter for class com.facebook.react.views.switchview.ReactSwitchManager
09-30 14:01:05.142  8654  8692 W unknown:ViewManagerPropertyUpdater: Could not find generated setter for class com.facebook.react.views.swiperefresh.SwipeRefreshLayoutManager
09-30 14:01:05.144  8654  8692 W unknown:ViewManagerPropertyUpdater: Could not find generated setter for class com.facebook.react.views.textinput.ReactTextInputManager
09-30 14:01:05.146  8654  8692 W unknown:ViewManagerPropertyUpdater: Could not find generated setter for class com.facebook.react.views.text.SelectableTextViewManager
09-30 14:01:05.148  8654  8692 W unknown:ViewManagerPropertyUpdater: Could not find generated setter for class com.facebook.react.views.virtual.view.ReactVirtualViewManager
09-30 14:01:05.149  8654  8654 D AndroidRuntime: Shutting down VM
09-30 14:01:05.149  8654  8654 E AndroidRuntime: FATAL EXCEPTION: main
09-30 14:01:05.149  8654  8654 E AndroidRuntime: Process: com.maplibrestartuprepro, PID: 8654
09-30 14:01:05.149  8654  8654 E AndroidRuntime: org.maplibre.android.exceptions.MapLibreConfigurationException: 
09-30 14:01:05.149  8654  8654 E AndroidRuntime: Using MapView requires calling MapLibre.getInstance(Context context, String apiKey, WellKnownTileServer wellKnownTileServer) before inflating or creating the view.
09-30 14:01:05.149  8654  8654 E AndroidRuntime: 	at org.maplibre.android.MapLibre.validateMapLibre(MapLibre.java:261)
09-30 14:01:05.149  8654  8654 E AndroidRuntime: 	at org.maplibre.android.MapLibre.getTileServerOptions(MapLibre.java:164)
09-30 14:01:05.149  8654  8654 E AndroidRuntime: 	at org.maplibre.android.storage.FileSource.<init>(FileSource.java:348)
09-30 14:01:05.149  8654  8654 E AndroidRuntime: 	at org.maplibre.android.storage.FileSource.getInstance(FileSource.java:95)
09-30 14:01:05.149  8654  8654 E AndroidRuntime: 	at org.maplibre.reactnative.modules.MLRNOfflineModule.activateFileSource(MLRNOfflineModule.kt:650)
09-30 14:01:05.149  8654  8654 E AndroidRuntime: 	at org.maplibre.reactnative.modules.MLRNOfflineModule.runMigrations(MLRNOfflineModule.kt:441)
09-30 14:01:05.149  8654  8654 E AndroidRuntime: 	at org.maplibre.reactnative.modules.MLRNOfflineModule.initialize$lambda$0(MLRNOfflineModule.kt:43)
09-30 14:01:05.149  8654  8654 E AndroidRuntime: 	at org.maplibre.reactnative.modules.MLRNOfflineModule$$ExternalSyntheticLambda1.run(D8$$SyntheticClass:0)
09-30 14:01:05.149  8654  8654 E AndroidRuntime: 	at android.os.Handler.handleCallback(Handler.java:1082)
09-30 14:01:05.149  8654  8654 E AndroidRuntime: 	at android.os.Handler.dispatchMessageImpl(Handler.java:135)
09-30 14:01:05.149  8654  8654 E AndroidRuntime: 	at android.os.Handler.dispatchMessage(Handler.java:126)
09-30 14:01:05.149  8654  8654 E AndroidRuntime: 	at android.os.Looper.loopOnce(Looper.java:295)
09-30 14:01:05.149  8654  8654 E AndroidRuntime: 	at android.os.Looper.loop(Looper.java:398)
09-30 14:01:05.149  8654  8654 E AndroidRuntime: 	at android.app.ActivityThread.main(ActivityThread.java:9569)
09-30 14:01:05.149  8654  8654 E AndroidRuntime: 	at java.lang.reflect.Method.invoke(Native Method)
09-30 14:01:05.149  8654  8654 E AndroidRuntime: 	at com.android.internal.os.RuntimeInit$MethodAndArgsCaller.run(RuntimeInit.java:575)
09-30 14:01:05.149  8654  8654 E AndroidRuntime: 	at com.android.internal.os.ZygoteInit.main(ZygoteInit.java:918)
09-30 14:01:05.157  8654  8692 I HWUI    : Using FreeType backend (prop=Auto)
09-30 14:01:05.158  8654  8654 I Process : Sending signal. PID: 8654 SIG: 9
