09-30 14:03:42.193 14831 14831 I libprocessgroup: Created cgroup /sys/fs/cgroup/apps/uid_10880
09-30 14:03:42.193 14831 14831 I libprocessgroup: Created cgroup /sys/fs/cgroup/apps/uid_10880/pid_14831
09-30 14:03:42.199 14831 14831 I Zygote  : Process 14831 created for com.maplibrestartuprepro
09-30 14:03:42.200 14831 14831 I brestartuprepro: Using generational CollectorTypeCMC GC.
09-30 14:03:42.208 14831 14831 D nativeloader: Load libframework-connectivity-tiramisu-jni.so using APEX ns com_android_tethering for caller /apex/com.android.tethering/javalib/framework-connectivity-t.jar: ok
09-30 14:03:42.227 14831 14831 D ApplicationLoaders: Returning zygote-cached class loader: /system_ext/framework/androidx.window.extensions.jar
09-30 14:03:42.227 14831 14831 D ApplicationLoaders: Returning zygote-cached class loader: /system_ext/framework/androidx.window.sidecar.jar
09-30 14:03:42.229 14831 14831 D nativeloader: Configuring clns-9 for other apk /data/app/~~_vfkQZMEynjW-RrHpGvcVw==/com.maplibrestartuprepro-29pWRWBHFGZBHHvHRDDgEQ==/base.apk. target_sdk_version=36, uses_libraries=, library_path=/data/app/~~_vfkQZMEynjW-RrHpGvcVw==/com.maplibrestartuprepro-29pWRWBHFGZBHHvHRDDgEQ==/lib/arm64:/data/app/~~_vfkQZMEynjW-RrHpGvcVw==/com.maplibrestartuprepro-29pWRWBHFGZBHHvHRDDgEQ==/base.apk!/lib/arm64-v8a, permitted_path=/data:/mnt/expand:/data/user/0/com.maplibrestartuprepro
09-30 14:03:42.234 14831 14831 D ActivityThread: Set OS env TMPDIR to /data/user/0/com.maplibrestartuprepro/cache
09-30 14:03:42.236 14831 14831 V GraphicsEnvironment: Currently set values for:
09-30 14:03:42.236 14831 14831 V GraphicsEnvironment:   angle_gl_driver_selection_pkgs=[com.android.angle]
09-30 14:03:42.236 14831 14831 V GraphicsEnvironment:   angle_gl_driver_selection_values=[angle]
09-30 14:03:42.236 14831 14831 V GraphicsEnvironment: com.maplibrestartuprepro is not listed in per-application setting
09-30 14:03:42.236 14831 14831 V GraphicsEnvironment: No special selections for ANGLE, returning default driver choice
09-30 14:03:42.237 14831 14831 V GraphicsEnvironment: Neither updatable production driver nor prerelease driver is supported.
09-30 14:03:42.244 14831 14831 W SoLoader: Initializing SoLoader: 0
09-30 14:03:42.244 14831 14831 W SoLoader: Recording new base apk path: /data/app/~~_vfkQZMEynjW-RrHpGvcVw==/com.maplibrestartuprepro-29pWRWBHFGZBHHvHRDDgEQ==/base.apk
09-30 14:03:42.244 14831 14831 W SoLoader: Previously recorded 0 base apk paths.
09-30 14:03:42.244 14831 14831 I SoLoader: Preparing SO source: DirectorySoSource[root = /vendor/lib64 flags = 2]
09-30 14:03:42.244 14831 14831 I SoLoader: Preparing SO source: DirectorySoSource[root = /system/lib64 flags = 2]
09-30 14:03:42.244 14831 14831 I SoLoader: Preparing SO source: DirectApkSoSource[root = [/data/app/~~_vfkQZMEynjW-RrHpGvcVw==/com.maplibrestartuprepro-29pWRWBHFGZBHHvHRDDgEQ==/base.apk!/lib/arm64-v8a]]
09-30 14:03:42.246 14831 14831 I SoLoader: Preparing SO source: ApplicationSoSource[DirectorySoSource[root = /data/app/~~_vfkQZMEynjW-RrHpGvcVw==/com.maplibrestartuprepro-29pWRWBHFGZBHHvHRDDgEQ==/lib/arm64 flags = 0]]
09-30 14:03:42.246 14831 14831 I SoLoader: init finish: 4 SO sources prepared
09-30 14:03:42.246 14831 14831 W SoLoader: SoLoader initialized: 8
09-30 14:03:42.250 14831 14831 D nativeloader: Load /data/app/~~_vfkQZMEynjW-RrHpGvcVw==/com.maplibrestartuprepro-29pWRWBHFGZBHHvHRDDgEQ==/base.apk!/lib/arm64-v8a/libc++_shared.so using class loader ns clns-9 (caller=/data/app/~~_vfkQZMEynjW-RrHpGvcVw==/com.maplibrestartuprepro-29pWRWBHFGZBHHvHRDDgEQ==/base.apk): ok
09-30 14:03:42.252 14831 14831 D nativeloader: Load /data/app/~~_vfkQZMEynjW-RrHpGvcVw==/com.maplibrestartuprepro-29pWRWBHFGZBHHvHRDDgEQ==/base.apk!/lib/arm64-v8a/libjsi.so using class loader ns clns-9 (caller=/data/app/~~_vfkQZMEynjW-RrHpGvcVw==/com.maplibrestartuprepro-29pWRWBHFGZBHHvHRDDgEQ==/base.apk): ok
09-30 14:03:42.254 14831 14831 D nativeloader: Load /data/app/~~_vfkQZMEynjW-RrHpGvcVw==/com.maplibrestartuprepro-29pWRWBHFGZBHHvHRDDgEQ==/base.apk!/lib/arm64-v8a/libfbjni.so using class loader ns clns-9 (caller=/data/app/~~_vfkQZMEynjW-RrHpGvcVw==/com.maplibrestartuprepro-29pWRWBHFGZBHHvHRDDgEQ==/base.apk): ok
09-30 14:03:42.258 14831 14831 D nativeloader: Load /data/app/~~_vfkQZMEynjW-RrHpGvcVw==/com.maplibrestartuprepro-29pWRWBHFGZBHHvHRDDgEQ==/base.apk!/lib/arm64-v8a/libreactnative.so using class loader ns clns-9 (caller=/data/app/~~_vfkQZMEynjW-RrHpGvcVw==/com.maplibrestartuprepro-29pWRWBHFGZBHHvHRDDgEQ==/base.apk): ok
09-30 14:03:42.258 14831 14831 D jni_lib_merge: Entering merged library JNI_OnLoad.
09-30 14:03:42.258 14831 14831 D jni_lib_merge: Preparing 13 pre-merged libs (including stub)
09-30 14:03:42.258 14831 14831 D jni_lib_merge: Preparing to register libfabricjni_so.  onload_func: 0x75aefbab5c
09-30 14:03:42.258 14831 14831 D jni_lib_merge: Preparing to register libreact_devsupportjni_so.  onload_func: 0x75af0923d0
09-30 14:03:42.258 14831 14831 D jni_lib_merge: Preparing to register libreact_featureflagsjni_so.  onload_func: 0x75af0ab64c
09-30 14:03:42.258 14831 14831 D jni_lib_merge: Preparing to register libreact_newarchdefaults_so.  onload_func: 0x75af0ed1d8
09-30 14:03:42.258 14831 14831 D jni_lib_merge: Preparing to register libreact_tracingjni_so.  onload_func: 0x75af1d44cc
09-30 14:03:42.258 14831 14831 D jni_lib_merge: Preparing to register libreactnativeblob_so.  onload_func: 0x75af1d9760
09-30 14:03:42.258 14831 14831 D jni_lib_merge: Preparing to register libreactnativejni_so.  onload_func: 0x75af1e57f4
09-30 14:03:42.258 14831 14831 D jni_lib_merge: Preparing to register libreactnativejni_common_so.  onload_func: 0x75af1e8838
09-30 14:03:42.258 14831 14831 D jni_lib_merge: Preparing to register librninstance_so.  onload_func: 0x75af20df50
09-30 14:03:42.258 14831 14831 D jni_lib_merge: Preparing to register libturbomodulejsijni_so.  onload_func: 0x75af2a3f48
09-30 14:03:42.258 14831 14831 D jni_lib_merge: Preparing to register libuimanagerjni_so.  onload_func: 0x75af2aa93c
09-30 14:03:42.258 14831 14831 D jni_lib_merge: Preparing to register libyoga_so.  onload_func: 0x75af2b23b8
09-30 14:03:42.258 14831 14831 D jni_lib_merge: About to register 12 actual methods.
09-30 14:03:42.262 14831 14831 D nativeloader: Load /data/app/~~_vfkQZMEynjW-RrHpGvcVw==/com.maplibrestartuprepro-29pWRWBHFGZBHHvHRDDgEQ==/base.apk!/lib/arm64-v8a/libreact_codegen_safeareacontext.so using class loader ns clns-9 (caller=/data/app/~~_vfkQZMEynjW-RrHpGvcVw==/com.maplibrestartuprepro-29pWRWBHFGZBHHvHRDDgEQ==/base.apk): ok
09-30 14:03:42.263 14831 14831 D nativeloader: Load /data/app/~~_vfkQZMEynjW-RrHpGvcVw==/com.maplibrestartuprepro-29pWRWBHFGZBHHvHRDDgEQ==/base.apk!/lib/arm64-v8a/libappmodules.so using class loader ns clns-9 (caller=/data/app/~~_vfkQZMEynjW-RrHpGvcVw==/com.maplibrestartuprepro-29pWRWBHFGZBHHvHRDDgEQ==/base.apk): ok
09-30 14:03:42.267 14831 14847 I DisplayManager: Choreographer implicitly registered for the refresh rate.
09-30 14:03:42.270 14831 14847 D vulkan  : searching for layers in '/data/app/~~_vfkQZMEynjW-RrHpGvcVw==/com.maplibrestartuprepro-29pWRWBHFGZBHHvHRDDgEQ==/lib/arm64'
09-30 14:03:42.271 14831 14847 D vulkan  : searching for layers in '/data/app/~~_vfkQZMEynjW-RrHpGvcVw==/com.maplibrestartuprepro-29pWRWBHFGZBHHvHRDDgEQ==/base.apk!/lib/arm64-v8a'
09-30 14:03:42.276 14831 14831 D AppCompatDelegate: Checking for metadata for AppLocalesMetadataHolderService : Service not found
09-30 14:03:42.287 14831 14831 D CompatChangeReporter: Compat change id reported: 377864165; UID 10880; state: ENABLED
09-30 14:03:42.294 14831 14831 D nativeloader: Load /data/app/~~_vfkQZMEynjW-RrHpGvcVw==/com.maplibrestartuprepro-29pWRWBHFGZBHHvHRDDgEQ==/base.apk!/lib/arm64-v8a/libhermesvm.so using class loader ns clns-9 (caller=/data/app/~~_vfkQZMEynjW-RrHpGvcVw==/com.maplibrestartuprepro-29pWRWBHFGZBHHvHRDDgEQ==/base.apk): ok
09-30 14:03:42.295 14831 14831 D nativeloader: Load /data/app/~~_vfkQZMEynjW-RrHpGvcVw==/com.maplibrestartuprepro-29pWRWBHFGZBHHvHRDDgEQ==/base.apk!/lib/arm64-v8a/libhermestooling.so using class loader ns clns-9 (caller=/data/app/~~_vfkQZMEynjW-RrHpGvcVw==/com.maplibrestartuprepro-29pWRWBHFGZBHHvHRDDgEQ==/base.apk): ok
09-30 14:03:42.295 14831 14831 D jni_lib_merge: Entering merged library JNI_OnLoad.
09-30 14:03:42.295 14831 14831 D jni_lib_merge: Preparing 4 pre-merged libs (including stub)
09-30 14:03:42.295 14831 14831 D jni_lib_merge: Preparing to register libhermes_executor_so.  onload_func: 0x764f762eec
09-30 14:03:42.295 14831 14831 D jni_lib_merge: Preparing to register libhermesinstancejni_so.  onload_func: 0x764f76a69c
09-30 14:03:42.295 14831 14831 D jni_lib_merge: Preparing to register libjsijniprofiler_so.  onload_func: 0x764f76af44
09-30 14:03:42.295 14831 14831 D jni_lib_merge: About to register 3 actual methods.
09-30 14:03:42.306 14831 14831 W unknown:BridgelessReact: ReactHost{0}.startSurface(surfaceId = 0): Schedule
09-30 14:03:42.306 14831 14831 W unknown:BridgelessReact: ReactHost{0}.attachSurface(surfaceId = 0)
09-30 14:03:42.307 14831 14859 W unknown:BridgelessReact: ReactHost{0}.getOrCreateReactInstanceTask()
09-30 14:03:42.307 14831 14859 W unknown:BridgelessReact: ReactHost{0}.getOrCreateReactInstanceTask(): Start
09-30 14:03:42.307 14831 14859 W unknown:BridgelessReact: ReactHost{0}.getJSBundleLoader()
09-30 14:03:42.307 14831 14859 W unknown:BridgelessReact: ReactHost{0}.getOrCreateReactInstanceTask(): Creating BridgelessReactContext
09-30 14:03:42.307 14831 14859 W unknown:BridgelessReact: ReactHost{0}.getOrCreateReactInstanceTask(): Creating ReactInstance
09-30 14:03:42.310 14831 14831 I ContentCaptureHelper: Setting logging level to OFF
09-30 14:03:42.317 14831 14831 W unknown:BridgelessReact: ReactHost{0}.onHostResume(activity)
09-30 14:03:42.317 14831 14831 W unknown:BridgelessReact: ReactHost{0}.ReactContext.onHostResume()
09-30 14:03:42.317 14831 14859 W unknown:BridgelessReact: ReactHost{0}.getOrCreateReactInstanceTask(): Loading JS Bundle
09-30 14:03:42.317 14831 14859 W unknown:BridgelessReact: ReactHost{0}.getOrCreateReactInstanceTask(): DevSupportManager.onNewReactContextCreated()
09-30 14:03:42.318 14831 14859 W unknown:BridgelessReact: ReactHost{0}.startSurface(surfaceId = 0): Execute
09-30 14:03:42.321 14831 14860 I ReactNativeJS: [repro] bundle load: calling OfflineManager
09-30 14:03:42.321 14831 14860 I ReactNativeJS: Running "MapLibreStartupRepro"
09-30 14:03:42.324 14831 14860 W unknown:ViewManagerPropertyUpdater: Could not find generated setter for class com.th3rdwave.safeareacontext.SafeAreaProviderManager
09-30 14:03:42.325 14831 14860 W unknown:ViewManagerPropertyUpdater: Could not find generated setter for class com.facebook.react.uimanager.LayoutShadowNode
09-30 14:03:42.326 14831 14860 W unknown:ViewManagerPropertyUpdater: Could not find generated setter for class org.maplibre.reactnative.components.sources.geojsonsource.MLRNGeoJSONSourceManager
09-30 14:03:42.327 14831 14860 W unknown:ViewManagerPropertyUpdater: Could not find generated setter for class org.maplibre.reactnative.components.annotations.markerview.MLRNMarkerViewManager
09-30 14:03:42.327 14831 14860 W unknown:ViewManagerPropertyUpdater: Could not find generated setter for class org.maplibre.reactnative.components.sources.imagesource.MLRNImageSourceManager
09-30 14:03:42.327 14831 14860 W unknown:ViewManagerPropertyUpdater: Could not find generated setter for class org.maplibre.reactnative.components.sources.tilesources.rastersource.MLRNRasterSourceManager
09-30 14:03:42.328 14831 14860 W unknown:ViewManagerPropertyUpdater: Could not find generated setter for class org.maplibre.reactnative.components.camera.MLRNCameraManager
09-30 14:03:42.328 14831 14860 W unknown:ViewManagerPropertyUpdater: Could not find generated setter for class org.maplibre.reactnative.components.sources.tilesources.vectorsource.MLRNVectorSourceManager
09-30 14:03:42.329 14831 14860 W unknown:ViewManagerPropertyUpdater: Could not find generated setter for class org.maplibre.reactnative.components.mapview.MLRNMapViewManager
09-30 14:03:42.329 14831 14860 W unknown:ViewManagerPropertyUpdater: Could not find generated setter for class org.maplibre.reactnative.components.mapview.MLRNMapViewManager$MapShadowNode
09-30 14:03:42.330 14831 14860 W unknown:ViewManagerPropertyUpdater: Could not find generated setter for class org.maplibre.reactnative.components.layer.MLRNLayerManager
09-30 14:03:42.330 14831 14860 W unknown:ViewManagerPropertyUpdater: Could not find generated setter for class com.th3rdwave.safeareacontext.SafeAreaViewManager
09-30 14:03:42.331 14831 14860 W unknown:ViewManagerPropertyUpdater: Could not find generated setter for class com.th3rdwave.safeareacontext.SafeAreaViewShadowNode
09-30 14:03:42.331 14831 14860 W unknown:ViewManagerPropertyUpdater: Could not find generated setter for class org.maplibre.reactnative.components.mapview.MLRNAndroidTextureMapViewManager
09-30 14:03:42.331 14831 14860 W unknown:ViewManagerPropertyUpdater: Could not find generated setter for class org.maplibre.reactnative.components.sources.tilesources.rasterdemsource.MLRNRasterDEMSourceManager
09-30 14:03:42.331 14831 14860 W unknown:ViewManagerPropertyUpdater: Could not find generated setter for class org.maplibre.reactnative.components.location.MLRNNativeUserLocationManager
09-30 14:03:42.332 14831 14860 W unknown:ViewManagerPropertyUpdater: Could not find generated setter for class org.maplibre.reactnative.components.annotations.pointannotation.MLRNPointAnnotationManager
09-30 14:03:42.332 14831 14831 W unknown:BridgelessReact: ReactHost{0}.ReactContext.onHostResume()
09-30 14:03:42.332 14831 14860 W unknown:ViewManagerPropertyUpdater: Could not find generated setter for class org.maplibre.reactnative.components.images.MLRNImagesManager
09-30 14:03:42.332 14831 14831 W unknown:BridgelessReact: ReactHost{0}.getOrCreateReactInstanceTask(): Executing ReactInstanceEventListeners
09-30 14:03:42.332 14831 14860 W unknown:ViewManagerPropertyUpdater: Could not find generated setter for class org.maplibre.reactnative.components.annotations.callout.MLRNCalloutManager
09-30 14:03:42.336 14831 14831 D AndroidRuntime: Shutting down VM
09-30 14:03:42.336 14831 14831 E AndroidRuntime: FATAL EXCEPTION: main
09-30 14:03:42.336 14831 14831 E AndroidRuntime: Process: com.maplibrestartuprepro, PID: 14831
09-30 14:03:42.336 14831 14831 E AndroidRuntime: org.maplibre.android.exceptions.MapLibreConfigurationException: 
09-30 14:03:42.336 14831 14831 E AndroidRuntime: Using MapView requires calling MapLibre.getInstance(Context context, String apiKey, WellKnownTileServer wellKnownTileServer) before inflating or creating the view.
09-30 14:03:42.336 14831 14831 E AndroidRuntime: 	at org.maplibre.android.MapLibre.validateMapLibre(MapLibre.java:261)
09-30 14:03:42.336 14831 14831 E AndroidRuntime: 	at org.maplibre.android.MapLibre.getTileServerOptions(MapLibre.java:164)
09-30 14:03:42.336 14831 14831 E AndroidRuntime: 	at org.maplibre.android.storage.FileSource.<init>(FileSource.java:348)
09-30 14:03:42.336 14831 14831 E AndroidRuntime: 	at org.maplibre.android.storage.FileSource.getInstance(FileSource.java:95)
09-30 14:03:42.336 14831 14831 E AndroidRuntime: 	at org.maplibre.reactnative.modules.MLRNOfflineModule.activateFileSource(MLRNOfflineModule.kt:650)
09-30 14:03:42.336 14831 14831 E AndroidRuntime: 	at org.maplibre.reactnative.modules.MLRNOfflineModule.runMigrations(MLRNOfflineModule.kt:441)
09-30 14:03:42.336 14831 14831 E AndroidRuntime: 	at org.maplibre.reactnative.modules.MLRNOfflineModule.initialize$lambda$0(MLRNOfflineModule.kt:43)
09-30 14:03:42.336 14831 14831 E AndroidRuntime: 	at org.maplibre.reactnative.modules.MLRNOfflineModule$$ExternalSyntheticLambda1.run(D8$$SyntheticClass:0)
09-30 14:03:42.336 14831 14831 E AndroidRuntime: 	at android.os.Handler.handleCallback(Handler.java:1082)
09-30 14:03:42.336 14831 14831 E AndroidRuntime: 	at android.os.Handler.dispatchMessageImpl(Handler.java:135)
09-30 14:03:42.336 14831 14831 E AndroidRuntime: 	at android.os.Handler.dispatchMessage(Handler.java:126)
09-30 14:03:42.336 14831 14831 E AndroidRuntime: 	at android.os.Looper.loopOnce(Looper.java:295)
09-30 14:03:42.336 14831 14831 E AndroidRuntime: 	at android.os.Looper.loop(Looper.java:398)
09-30 14:03:42.336 14831 14831 E AndroidRuntime: 	at android.app.ActivityThread.main(ActivityThread.java:9569)
09-30 14:03:42.336 14831 14831 E AndroidRuntime: 	at java.lang.reflect.Method.invoke(Native Method)
09-30 14:03:42.336 14831 14831 E AndroidRuntime: 	at com.android.internal.os.RuntimeInit$MethodAndArgsCaller.run(RuntimeInit.java:575)
09-30 14:03:42.336 14831 14831 E AndroidRuntime: 	at com.android.internal.os.ZygoteInit.main(ZygoteInit.java:918)
09-30 14:03:42.340 14831 14860 W unknown:ViewManagerPropertyUpdater: Could not find generated setter for class com.facebook.react.views.safeareaview.ReactSafeAreaViewManager
09-30 14:03:42.341 14831 14860 W unknown:ViewManagerPropertyUpdater: Could not find generated setter for class com.facebook.react.views.modal.ReactModalHostManager
09-30 14:03:42.343 14831 14860 W unknown:ViewManagerPropertyUpdater: Could not find generated setter for class com.facebook.react.views.progressbar.ReactProgressBarViewManager
09-30 14:03:42.343 14831 14831 I Process : Sending signal. PID: 14831 SIG: 9
