09-30 14:01:21.322  9124  9124 I libprocessgroup: Created cgroup /sys/fs/cgroup/apps/uid_10868
09-30 14:01:21.323  9124  9124 I libprocessgroup: Created cgroup /sys/fs/cgroup/apps/uid_10868/pid_9124
09-30 14:01:21.329  9124  9124 I Zygote  : Process 9124 created for com.maplibrestartuprepro
09-30 14:01:21.331  9124  9124 I brestartuprepro: Using generational CollectorTypeCMC GC.
09-30 14:01:21.351  9124  9124 D nativeloader: Load libframework-connectivity-tiramisu-jni.so using APEX ns com_android_tethering for caller /apex/com.android.tethering/javalib/framework-connectivity-t.jar: ok
09-30 14:01:21.384  9124  9124 D ApplicationLoaders: Returning zygote-cached class loader: /system_ext/framework/androidx.window.extensions.jar
09-30 14:01:21.385  9124  9124 D ApplicationLoaders: Returning zygote-cached class loader: /system_ext/framework/androidx.window.sidecar.jar
09-30 14:01:21.392  9124  9124 D nativeloader: Configuring clns-9 for other apk /data/app/~~J13NiOPxlySHm2GXuGXt9w==/com.maplibrestartuprepro-IZTSW5G40OCvY6xrwUztvA==/base.apk. target_sdk_version=36, uses_libraries=, library_path=/data/app/~~J13NiOPxlySHm2GXuGXt9w==/com.maplibrestartuprepro-IZTSW5G40OCvY6xrwUztvA==/lib/arm64:/data/app/~~J13NiOPxlySHm2GXuGXt9w==/com.maplibrestartuprepro-IZTSW5G40OCvY6xrwUztvA==/base.apk!/lib/arm64-v8a, permitted_path=/data:/mnt/expand:/data/user/0/com.maplibrestartuprepro
09-30 14:01:21.402  9124  9124 D ActivityThread: Set OS env TMPDIR to /data/user/0/com.maplibrestartuprepro/cache
09-30 14:01:21.403  9124  9124 V GraphicsEnvironment: Currently set values for:
09-30 14:01:21.403  9124  9124 V GraphicsEnvironment:   angle_gl_driver_selection_pkgs=[com.android.angle]
09-30 14:01:21.403  9124  9124 V GraphicsEnvironment:   angle_gl_driver_selection_values=[angle]
09-30 14:01:21.403  9124  9124 V GraphicsEnvironment: com.maplibrestartuprepro is not listed in per-application setting
09-30 14:01:21.403  9124  9124 V GraphicsEnvironment: No special selections for ANGLE, returning default driver choice
09-30 14:01:21.404  9124  9124 V GraphicsEnvironment: Neither updatable production driver nor prerelease driver is supported.
09-30 14:01:21.476  9124  9124 W SoLoader: Initializing SoLoader: 0
09-30 14:01:21.476  9124  9124 W SoLoader: Recording new base apk path: /data/app/~~J13NiOPxlySHm2GXuGXt9w==/com.maplibrestartuprepro-IZTSW5G40OCvY6xrwUztvA==/base.apk
09-30 14:01:21.476  9124  9124 W SoLoader: Previously recorded 0 base apk paths.
09-30 14:01:21.476  9124  9124 I SoLoader: Preparing SO source: DirectorySoSource[root = /vendor/lib64 flags = 2]
09-30 14:01:21.477  9124  9124 I SoLoader: Preparing SO source: DirectorySoSource[root = /system/lib64 flags = 2]
09-30 14:01:21.477  9124  9124 I SoLoader: Preparing SO source: DirectApkSoSource[root = [/data/app/~~J13NiOPxlySHm2GXuGXt9w==/com.maplibrestartuprepro-IZTSW5G40OCvY6xrwUztvA==/base.apk!/lib/arm64-v8a]]
09-30 14:01:21.478  9124  9124 I SoLoader: Preparing SO source: ApplicationSoSource[DirectorySoSource[root = /data/app/~~J13NiOPxlySHm2GXuGXt9w==/com.maplibrestartuprepro-IZTSW5G40OCvY6xrwUztvA==/lib/arm64 flags = 0]]
09-30 14:01:21.478  9124  9124 I SoLoader: init finish: 4 SO sources prepared
09-30 14:01:21.478  9124  9124 W SoLoader: SoLoader initialized: 8
09-30 14:01:21.485  9124  9124 D nativeloader: Load /data/app/~~J13NiOPxlySHm2GXuGXt9w==/com.maplibrestartuprepro-IZTSW5G40OCvY6xrwUztvA==/base.apk!/lib/arm64-v8a/libc++_shared.so using class loader ns clns-9 (caller=/data/app/~~J13NiOPxlySHm2GXuGXt9w==/com.maplibrestartuprepro-IZTSW5G40OCvY6xrwUztvA==/base.apk): ok
09-30 14:01:21.487  9124  9124 D nativeloader: Load /data/app/~~J13NiOPxlySHm2GXuGXt9w==/com.maplibrestartuprepro-IZTSW5G40OCvY6xrwUztvA==/base.apk!/lib/arm64-v8a/libjsi.so using class loader ns clns-9 (caller=/data/app/~~J13NiOPxlySHm2GXuGXt9w==/com.maplibrestartuprepro-IZTSW5G40OCvY6xrwUztvA==/base.apk): ok
09-30 14:01:21.490  9124  9124 D nativeloader: Load /data/app/~~J13NiOPxlySHm2GXuGXt9w==/com.maplibrestartuprepro-IZTSW5G40OCvY6xrwUztvA==/base.apk!/lib/arm64-v8a/libfbjni.so using class loader ns clns-9 (caller=/data/app/~~J13NiOPxlySHm2GXuGXt9w==/com.maplibrestartuprepro-IZTSW5G40OCvY6xrwUztvA==/base.apk): ok
09-30 14:01:21.493  9124  9124 D nativeloader: Load /data/app/~~J13NiOPxlySHm2GXuGXt9w==/com.maplibrestartuprepro-IZTSW5G40OCvY6xrwUztvA==/base.apk!/lib/arm64-v8a/libreactnative.so using class loader ns clns-9 (caller=/data/app/~~J13NiOPxlySHm2GXuGXt9w==/com.maplibrestartuprepro-IZTSW5G40OCvY6xrwUztvA==/base.apk): ok
09-30 14:01:21.493  9124  9124 D jni_lib_merge: Entering merged library JNI_OnLoad.
09-30 14:01:21.493  9124  9124 D jni_lib_merge: Preparing 13 pre-merged libs (including stub)
09-30 14:01:21.493  9124  9124 D jni_lib_merge: Preparing to register libfabricjni_so.  onload_func: 0x75b076db5c
09-30 14:01:21.493  9124  9124 D jni_lib_merge: Preparing to register libreact_devsupportjni_so.  onload_func: 0x75b08453d0
09-30 14:01:21.493  9124  9124 D jni_lib_merge: Preparing to register libreact_featureflagsjni_so.  onload_func: 0x75b085e64c
09-30 14:01:21.493  9124  9124 D jni_lib_merge: Preparing to register libreact_newarchdefaults_so.  onload_func: 0x75b08a01d8
09-30 14:01:21.493  9124  9124 D jni_lib_merge: Preparing to register libreact_tracingjni_so.  onload_func: 0x75b09874cc
09-30 14:01:21.493  9124  9124 D jni_lib_merge: Preparing to register libreactnativeblob_so.  onload_func: 0x75b098c760
09-30 14:01:21.493  9124  9124 D jni_lib_merge: Preparing to register libreactnativejni_so.  onload_func: 0x75b09987f4
09-30 14:01:21.493  9124  9124 D jni_lib_merge: Preparing to register libreactnativejni_common_so.  onload_func: 0x75b099b838
09-30 14:01:21.493  9124  9124 D jni_lib_merge: Preparing to register librninstance_so.  onload_func: 0x75b09c0f50
09-30 14:01:21.493  9124  9124 D jni_lib_merge: Preparing to register libturbomodulejsijni_so.  onload_func: 0x75b0a56f48
09-30 14:01:21.493  9124  9124 D jni_lib_merge: Preparing to register libuimanagerjni_so.  onload_func: 0x75b0a5d93c
09-30 14:01:21.493  9124  9124 D jni_lib_merge: Preparing to register libyoga_so.  onload_func: 0x75b0a653b8
09-30 14:01:21.493  9124  9124 D jni_lib_merge: About to register 12 actual methods.
09-30 14:01:21.497  9124  9124 D nativeloader: Load /data/app/~~J13NiOPxlySHm2GXuGXt9w==/com.maplibrestartuprepro-IZTSW5G40OCvY6xrwUztvA==/base.apk!/lib/arm64-v8a/libreact_codegen_safeareacontext.so using class loader ns clns-9 (caller=/data/app/~~J13NiOPxlySHm2GXuGXt9w==/com.maplibrestartuprepro-IZTSW5G40OCvY6xrwUztvA==/base.apk): ok
09-30 14:01:21.498  9124  9124 D nativeloader: Load /data/app/~~J13NiOPxlySHm2GXuGXt9w==/com.maplibrestartuprepro-IZTSW5G40OCvY6xrwUztvA==/base.apk!/lib/arm64-v8a/libappmodules.so using class loader ns clns-9 (caller=/data/app/~~J13NiOPxlySHm2GXuGXt9w==/com.maplibrestartuprepro-IZTSW5G40OCvY6xrwUztvA==/base.apk): ok
09-30 14:01:21.504  9124  9161 I DisplayManager: Choreographer implicitly registered for the refresh rate.
09-30 14:01:21.505  9124  9161 D vulkan  : searching for layers in '/data/app/~~J13NiOPxlySHm2GXuGXt9w==/com.maplibrestartuprepro-IZTSW5G40OCvY6xrwUztvA==/lib/arm64'
09-30 14:01:21.505  9124  9161 D vulkan  : searching for layers in '/data/app/~~J13NiOPxlySHm2GXuGXt9w==/com.maplibrestartuprepro-IZTSW5G40OCvY6xrwUztvA==/base.apk!/lib/arm64-v8a'
09-30 14:01:21.516  9124  9124 D AppCompatDelegate: Checking for metadata for AppLocalesMetadataHolderService : Service not found
09-30 14:01:21.526  9124  9124 D CompatChangeReporter: Compat change id reported: 377864165; UID 10868; state: ENABLED
09-30 14:01:21.533  9124  9124 D nativeloader: Load /data/app/~~J13NiOPxlySHm2GXuGXt9w==/com.maplibrestartuprepro-IZTSW5G40OCvY6xrwUztvA==/base.apk!/lib/arm64-v8a/libhermesvm.so using class loader ns clns-9 (caller=/data/app/~~J13NiOPxlySHm2GXuGXt9w==/com.maplibrestartuprepro-IZTSW5G40OCvY6xrwUztvA==/base.apk): ok
09-30 14:01:21.534  9124  9124 D nativeloader: Load /data/app/~~J13NiOPxlySHm2GXuGXt9w==/com.maplibrestartuprepro-IZTSW5G40OCvY6xrwUztvA==/base.apk!/lib/arm64-v8a/libhermestooling.so using class loader ns clns-9 (caller=/data/app/~~J13NiOPxlySHm2GXuGXt9w==/com.maplibrestartuprepro-IZTSW5G40OCvY6xrwUztvA==/base.apk): ok
09-30 14:01:21.534  9124  9124 D jni_lib_merge: Entering merged library JNI_OnLoad.
09-30 14:01:21.534  9124  9124 D jni_lib_merge: Preparing 4 pre-merged libs (including stub)
09-30 14:01:21.534  9124  9124 D jni_lib_merge: Preparing to register libhermes_executor_so.  onload_func: 0x764f764eec
09-30 14:01:21.534  9124  9124 D jni_lib_merge: Preparing to register libhermesinstancejni_so.  onload_func: 0x764f76c69c
09-30 14:01:21.534  9124  9124 D jni_lib_merge: Preparing to register libjsijniprofiler_so.  onload_func: 0x764f76cf44
09-30 14:01:21.534  9124  9124 D jni_lib_merge: About to register 3 actual methods.
09-30 14:01:21.546  9124  9124 W unknown:BridgelessReact: ReactHost{0}.startSurface(surfaceId = 0): Schedule
09-30 14:01:21.546  9124  9124 W unknown:BridgelessReact: ReactHost{0}.attachSurface(surfaceId = 0)
09-30 14:01:21.546  9124  9171 W unknown:BridgelessReact: ReactHost{0}.getOrCreateReactInstanceTask()
09-30 14:01:21.546  9124  9171 W unknown:BridgelessReact: ReactHost{0}.getOrCreateReactInstanceTask(): Start
09-30 14:01:21.546  9124  9171 W unknown:BridgelessReact: ReactHost{0}.getJSBundleLoader()
09-30 14:01:21.547  9124  9171 W unknown:BridgelessReact: ReactHost{0}.getOrCreateReactInstanceTask(): Creating BridgelessReactContext
09-30 14:01:21.547  9124  9171 W unknown:BridgelessReact: ReactHost{0}.getOrCreateReactInstanceTask(): Creating ReactInstance
09-30 14:01:21.551  9124  9124 I ContentCaptureHelper: Setting logging level to OFF
09-30 14:01:21.563  9124  9124 W unknown:BridgelessReact: ReactHost{0}.onHostResume(activity)
09-30 14:01:21.563  9124  9124 W unknown:BridgelessReact: ReactHost{0}.ReactContext.onHostResume()
09-30 14:01:21.564  9124  9171 W unknown:BridgelessReact: ReactHost{0}.getOrCreateReactInstanceTask(): Loading JS Bundle
09-30 14:01:21.564  9124  9171 W unknown:BridgelessReact: ReactHost{0}.getOrCreateReactInstanceTask(): DevSupportManager.onNewReactContextCreated()
09-30 14:01:21.565  9124  9171 W unknown:BridgelessReact: ReactHost{0}.startSurface(surfaceId = 0): Execute
09-30 14:01:21.569  9124  9172 I ReactNativeJS: [repro] bundle load: calling OfflineManager
09-30 14:01:21.570  9124  9172 I ReactNativeJS: Running "MapLibreStartupRepro"
09-30 14:01:21.573  9124  9172 W unknown:ViewManagerPropertyUpdater: Could not find generated setter for class com.th3rdwave.safeareacontext.SafeAreaProviderManager
09-30 14:01:21.575  9124  9172 W unknown:ViewManagerPropertyUpdater: Could not find generated setter for class com.facebook.react.uimanager.LayoutShadowNode
09-30 14:01:21.576  9124  9172 W unknown:ViewManagerPropertyUpdater: Could not find generated setter for class org.maplibre.reactnative.components.sources.geojsonsource.MLRNGeoJSONSourceManager
09-30 14:01:21.577  9124  9172 W unknown:ViewManagerPropertyUpdater: Could not find generated setter for class org.maplibre.reactnative.components.annotations.markerview.MLRNMarkerViewManager
09-30 14:01:21.577  9124  9172 W unknown:ViewManagerPropertyUpdater: Could not find generated setter for class org.maplibre.reactnative.components.sources.imagesource.MLRNImageSourceManager
09-30 14:01:21.578  9124  9172 W unknown:ViewManagerPropertyUpdater: Could not find generated setter for class org.maplibre.reactnative.components.sources.tilesources.rastersource.MLRNRasterSourceManager
09-30 14:01:21.578  9124  9172 W unknown:ViewManagerPropertyUpdater: Could not find generated setter for class org.maplibre.reactnative.components.camera.MLRNCameraManager
09-30 14:01:21.579  9124  9172 W unknown:ViewManagerPropertyUpdater: Could not find generated setter for class org.maplibre.reactnative.components.sources.tilesources.vectorsource.MLRNVectorSourceManager
09-30 14:01:21.579  9124  9172 W unknown:ViewManagerPropertyUpdater: Could not find generated setter for class org.maplibre.reactnative.components.mapview.MLRNMapViewManager
09-30 14:01:21.580  9124  9172 W unknown:ViewManagerPropertyUpdater: Could not find generated setter for class org.maplibre.reactnative.components.mapview.MLRNMapViewManager$MapShadowNode
09-30 14:01:21.580  9124  9172 W unknown:ViewManagerPropertyUpdater: Could not find generated setter for class org.maplibre.reactnative.components.layer.MLRNLayerManager
09-30 14:01:21.580  9124  9124 W unknown:BridgelessReact: ReactHost{0}.ReactContext.onHostResume()
09-30 14:01:21.580  9124  9124 W unknown:BridgelessReact: ReactHost{0}.getOrCreateReactInstanceTask(): Executing ReactInstanceEventListeners
09-30 14:01:21.580  9124  9172 W unknown:ViewManagerPropertyUpdater: Could not find generated setter for class com.th3rdwave.safeareacontext.SafeAreaViewManager
09-30 14:01:21.581  9124  9172 W unknown:ViewManagerPropertyUpdater: Could not find generated setter for class com.th3rdwave.safeareacontext.SafeAreaViewShadowNode
09-30 14:01:21.581  9124  9172 W unknown:ViewManagerPropertyUpdater: Could not find generated setter for class org.maplibre.reactnative.components.mapview.MLRNAndroidTextureMapViewManager
09-30 14:01:21.581  9124  9172 W unknown:ViewManagerPropertyUpdater: Could not find generated setter for class org.maplibre.reactnative.components.sources.tilesources.rasterdemsource.MLRNRasterDEMSourceManager
09-30 14:01:21.582  9124  9172 W unknown:ViewManagerPropertyUpdater: Could not find generated setter for class org.maplibre.reactnative.components.location.MLRNNativeUserLocationManager
09-30 14:01:21.582  9124  9172 W unknown:ViewManagerPropertyUpdater: Could not find generated setter for class org.maplibre.reactnative.components.annotations.pointannotation.MLRNPointAnnotationManager
09-30 14:01:21.582  9124  9172 W unknown:ViewManagerPropertyUpdater: Could not find generated setter for class org.maplibre.reactnative.components.images.MLRNImagesManager
09-30 14:01:21.583  9124  9172 W unknown:ViewManagerPropertyUpdater: Could not find generated setter for class org.maplibre.reactnative.components.annotations.callout.MLRNCalloutManager
09-30 14:01:21.589  9124  9173 D nativeloader: Load /data/app/~~J13NiOPxlySHm2GXuGXt9w==/com.maplibrestartuprepro-IZTSW5G40OCvY6xrwUztvA==/base.apk!/lib/arm64-v8a/libmaplibre.so using class loader ns clns-9 (caller=/data/app/~~J13NiOPxlySHm2GXuGXt9w==/com.maplibrestartuprepro-IZTSW5G40OCvY6xrwUztvA==/base.apk!classes3.dex): ok
09-30 14:01:21.590  9124  9124 D AndroidRuntime: Shutting down VM
09-30 14:01:21.590  9124  9124 E AndroidRuntime: FATAL EXCEPTION: main
09-30 14:01:21.590  9124  9124 E AndroidRuntime: Process: com.maplibrestartuprepro, PID: 9124
09-30 14:01:21.590  9124  9124 E AndroidRuntime: org.maplibre.android.exceptions.MapLibreConfigurationException: 
09-30 14:01:21.590  9124  9124 E AndroidRuntime: Using MapView requires calling MapLibre.getInstance(Context context, String apiKey, WellKnownTileServer wellKnownTileServer) before inflating or creating the view.
09-30 14:01:21.590  9124  9124 E AndroidRuntime: 	at org.maplibre.android.MapLibre.validateMapLibre(MapLibre.java:261)
09-30 14:01:21.590  9124  9124 E AndroidRuntime: 	at org.maplibre.android.MapLibre.getTileServerOptions(MapLibre.java:164)
09-30 14:01:21.590  9124  9124 E AndroidRuntime: 	at org.maplibre.android.storage.FileSource.<init>(FileSource.java:348)
09-30 14:01:21.590  9124  9124 E AndroidRuntime: 	at org.maplibre.android.storage.FileSource.getInstance(FileSource.java:95)
09-30 14:01:21.590  9124  9124 E AndroidRuntime: 	at org.maplibre.reactnative.modules.MLRNOfflineModule.activateFileSource(MLRNOfflineModule.kt:650)
09-30 14:01:21.590  9124  9124 E AndroidRuntime: 	at org.maplibre.reactnative.modules.MLRNOfflineModule.runMigrations(MLRNOfflineModule.kt:441)
09-30 14:01:21.590  9124  9124 E AndroidRuntime: 	at org.maplibre.reactnative.modules.MLRNOfflineModule.initialize$lambda$0(MLRNOfflineModule.kt:43)
09-30 14:01:21.590  9124  9124 E AndroidRuntime: 	at org.maplibre.reactnative.modules.MLRNOfflineModule$$ExternalSyntheticLambda1.run(D8$$SyntheticClass:0)
09-30 14:01:21.590  9124  9124 E AndroidRuntime: 	at android.os.Handler.handleCallback(Handler.java:1082)
09-30 14:01:21.590  9124  9124 E AndroidRuntime: 	at android.os.Handler.dispatchMessageImpl(Handler.java:135)
09-30 14:01:21.590  9124  9124 E AndroidRuntime: 	at android.os.Handler.dispatchMessage(Handler.java:126)
09-30 14:01:21.590  9124  9124 E AndroidRuntime: 	at android.os.Looper.loopOnce(Looper.java:295)
09-30 14:01:21.590  9124  9124 E AndroidRuntime: 	at android.os.Looper.loop(Looper.java:398)
09-30 14:01:21.590  9124  9124 E AndroidRuntime: 	at android.app.ActivityThread.main(ActivityThread.java:9569)
09-30 14:01:21.590  9124  9124 E AndroidRuntime: 	at java.lang.reflect.Method.invoke(Native Method)
09-30 14:01:21.590  9124  9124 E AndroidRuntime: 	at com.android.internal.os.RuntimeInit$MethodAndArgsCaller.run(RuntimeInit.java:575)
09-30 14:01:21.590  9124  9124 E AndroidRuntime: 	at com.android.internal.os.ZygoteInit.main(ZygoteInit.java:918)
09-30 14:01:21.591  9124  9172 W unknown:ViewManagerPropertyUpdater: Could not find generated setter for class com.facebook.react.views.safeareaview.ReactSafeAreaViewManager
09-30 14:01:21.592  9124  9172 W unknown:ViewManagerPropertyUpdater: Could not find generated setter for class com.facebook.react.views.modal.ReactModalHostManager
09-30 14:01:21.593  9124  9172 W unknown:ViewManagerPropertyUpdater: Could not find generated setter for class com.facebook.react.views.progressbar.ReactProgressBarViewManager
09-30 14:01:21.594  9124  9172 W unknown:ViewManagerPropertyUpdater: Could not find generated setter for class com.facebook.react.views.scroll.ReactHorizontalScrollViewManager
09-30 14:01:21.595  9124  9172 W unknown:ViewManagerPropertyUpdater: Could not find generated setter for class com.facebook.react.views.image.ReactImageManager
09-30 14:01:21.597  9124  9172 W unknown:ViewManagerPropertyUpdater: Could not find generated setter for class com.facebook.react.views.text.ReactTextViewManager
09-30 14:01:21.598  9124  9172 W unknown:ViewManagerPropertyUpdater: Could not find generated setter for class com.facebook.react.views.scroll.ReactHorizontalScrollContainerViewManager
09-30 14:01:21.599  9124  9172 W unknown:ViewManagerPropertyUpdater: Could not find generated setter for class com.facebook.react.views.unimplementedview.ReactUnimplementedViewManager
09-30 14:01:21.599  9124  9124 I Process : Sending signal. PID: 9124 SIG: 9
