09-30 14:02:41.177 12752 12752 I libprocessgroup: Created cgroup /sys/fs/cgroup/apps/uid_10875
09-30 14:02:41.178 12752 12752 I libprocessgroup: Created cgroup /sys/fs/cgroup/apps/uid_10875/pid_12752
09-30 14:02:41.186 12752 12752 I Zygote  : Process 12752 created for com.maplibrestartuprepro
09-30 14:02:41.187 12752 12752 I brestartuprepro: Using generational CollectorTypeCMC GC.
09-30 14:02:41.208 12752 12752 D nativeloader: Load libframework-connectivity-tiramisu-jni.so using APEX ns com_android_tethering for caller /apex/com.android.tethering/javalib/framework-connectivity-t.jar: ok
09-30 14:02:41.233 12752 12752 D ApplicationLoaders: Returning zygote-cached class loader: /system_ext/framework/androidx.window.extensions.jar
09-30 14:02:41.233 12752 12752 D ApplicationLoaders: Returning zygote-cached class loader: /system_ext/framework/androidx.window.sidecar.jar
09-30 14:02:41.241 12752 12752 D nativeloader: Configuring clns-9 for other apk /data/app/~~sl1CUxpWYz6LcgwGgZjMLg==/com.maplibrestartuprepro-RIypse_hRgQu1qLnLG_aZw==/base.apk. target_sdk_version=36, uses_libraries=, library_path=/data/app/~~sl1CUxpWYz6LcgwGgZjMLg==/com.maplibrestartuprepro-RIypse_hRgQu1qLnLG_aZw==/lib/arm64:/data/app/~~sl1CUxpWYz6LcgwGgZjMLg==/com.maplibrestartuprepro-RIypse_hRgQu1qLnLG_aZw==/base.apk!/lib/arm64-v8a, permitted_path=/data:/mnt/expand:/data/user/0/com.maplibrestartuprepro
09-30 14:02:41.248 12752 12752 D ActivityThread: Set OS env TMPDIR to /data/user/0/com.maplibrestartuprepro/cache
09-30 14:02:41.249 12752 12752 V GraphicsEnvironment: Currently set values for:
09-30 14:02:41.249 12752 12752 V GraphicsEnvironment:   angle_gl_driver_selection_pkgs=[com.android.angle]
09-30 14:02:41.249 12752 12752 V GraphicsEnvironment:   angle_gl_driver_selection_values=[angle]
09-30 14:02:41.249 12752 12752 V GraphicsEnvironment: com.maplibrestartuprepro is not listed in per-application setting
09-30 14:02:41.249 12752 12752 V GraphicsEnvironment: No special selections for ANGLE, returning default driver choice
09-30 14:02:41.250 12752 12752 V GraphicsEnvironment: Neither updatable production driver nor prerelease driver is supported.
09-30 14:02:41.260 12752 12752 W SoLoader: Initializing SoLoader: 0
09-30 14:02:41.260 12752 12752 W SoLoader: Recording new base apk path: /data/app/~~sl1CUxpWYz6LcgwGgZjMLg==/com.maplibrestartuprepro-RIypse_hRgQu1qLnLG_aZw==/base.apk
09-30 14:02:41.260 12752 12752 W SoLoader: Previously recorded 0 base apk paths.
09-30 14:02:41.261 12752 12752 I SoLoader: Preparing SO source: DirectorySoSource[root = /vendor/lib64 flags = 2]
09-30 14:02:41.261 12752 12752 I SoLoader: Preparing SO source: DirectorySoSource[root = /system/lib64 flags = 2]
09-30 14:02:41.261 12752 12752 I SoLoader: Preparing SO source: DirectApkSoSource[root = [/data/app/~~sl1CUxpWYz6LcgwGgZjMLg==/com.maplibrestartuprepro-RIypse_hRgQu1qLnLG_aZw==/base.apk!/lib/arm64-v8a]]
09-30 14:02:41.262 12752 12752 I SoLoader: Preparing SO source: ApplicationSoSource[DirectorySoSource[root = /data/app/~~sl1CUxpWYz6LcgwGgZjMLg==/com.maplibrestartuprepro-RIypse_hRgQu1qLnLG_aZw==/lib/arm64 flags = 0]]
09-30 14:02:41.262 12752 12752 I SoLoader: init finish: 4 SO sources prepared
09-30 14:02:41.262 12752 12752 W SoLoader: SoLoader initialized: 8
09-30 14:02:41.269 12752 12752 D nativeloader: Load /data/app/~~sl1CUxpWYz6LcgwGgZjMLg==/com.maplibrestartuprepro-RIypse_hRgQu1qLnLG_aZw==/base.apk!/lib/arm64-v8a/libc++_shared.so using class loader ns clns-9 (caller=/data/app/~~sl1CUxpWYz6LcgwGgZjMLg==/com.maplibrestartuprepro-RIypse_hRgQu1qLnLG_aZw==/base.apk): ok
09-30 14:02:41.272 12752 12752 D nativeloader: Load /data/app/~~sl1CUxpWYz6LcgwGgZjMLg==/com.maplibrestartuprepro-RIypse_hRgQu1qLnLG_aZw==/base.apk!/lib/arm64-v8a/libjsi.so using class loader ns clns-9 (caller=/data/app/~~sl1CUxpWYz6LcgwGgZjMLg==/com.maplibrestartuprepro-RIypse_hRgQu1qLnLG_aZw==/base.apk): ok
09-30 14:02:41.274 12752 12752 D nativeloader: Load /data/app/~~sl1CUxpWYz6LcgwGgZjMLg==/com.maplibrestartuprepro-RIypse_hRgQu1qLnLG_aZw==/base.apk!/lib/arm64-v8a/libfbjni.so using class loader ns clns-9 (caller=/data/app/~~sl1CUxpWYz6LcgwGgZjMLg==/com.maplibrestartuprepro-RIypse_hRgQu1qLnLG_aZw==/base.apk): ok
09-30 14:02:41.277 12752 12752 D nativeloader: Load /data/app/~~sl1CUxpWYz6LcgwGgZjMLg==/com.maplibrestartuprepro-RIypse_hRgQu1qLnLG_aZw==/base.apk!/lib/arm64-v8a/libreactnative.so using class loader ns clns-9 (caller=/data/app/~~sl1CUxpWYz6LcgwGgZjMLg==/com.maplibrestartuprepro-RIypse_hRgQu1qLnLG_aZw==/base.apk): ok
09-30 14:02:41.277 12752 12752 D jni_lib_merge: Entering merged library JNI_OnLoad.
09-30 14:02:41.277 12752 12752 D jni_lib_merge: Preparing 13 pre-merged libs (including stub)
09-30 14:02:41.277 12752 12752 D jni_lib_merge: Preparing to register libfabricjni_so.  onload_func: 0x75b001eb5c
09-30 14:02:41.277 12752 12752 D jni_lib_merge: Preparing to register libreact_devsupportjni_so.  onload_func: 0x75b00f63d0
09-30 14:02:41.277 12752 12752 D jni_lib_merge: Preparing to register libreact_featureflagsjni_so.  onload_func: 0x75b010f64c
09-30 14:02:41.277 12752 12752 D jni_lib_merge: Preparing to register libreact_newarchdefaults_so.  onload_func: 0x75b01511d8
09-30 14:02:41.277 12752 12752 D jni_lib_merge: Preparing to register libreact_tracingjni_so.  onload_func: 0x75b02384cc
09-30 14:02:41.277 12752 12752 D jni_lib_merge: Preparing to register libreactnativeblob_so.  onload_func: 0x75b023d760
09-30 14:02:41.277 12752 12752 D jni_lib_merge: Preparing to register libreactnativejni_so.  onload_func: 0x75b02497f4
09-30 14:02:41.277 12752 12752 D jni_lib_merge: Preparing to register libreactnativejni_common_so.  onload_func: 0x75b024c838
09-30 14:02:41.277 12752 12752 D jni_lib_merge: Preparing to register librninstance_so.  onload_func: 0x75b0271f50
09-30 14:02:41.277 12752 12752 D jni_lib_merge: Preparing to register libturbomodulejsijni_so.  onload_func: 0x75b0307f48
09-30 14:02:41.277 12752 12752 D jni_lib_merge: Preparing to register libuimanagerjni_so.  onload_func: 0x75b030e93c
09-30 14:02:41.277 12752 12752 D jni_lib_merge: Preparing to register libyoga_so.  onload_func: 0x75b03163b8
09-30 14:02:41.277 12752 12752 D jni_lib_merge: About to register 12 actual methods.
09-30 14:02:41.281 12752 12752 D nativeloader: Load /data/app/~~sl1CUxpWYz6LcgwGgZjMLg==/com.maplibrestartuprepro-RIypse_hRgQu1qLnLG_aZw==/base.apk!/lib/arm64-v8a/libreact_codegen_safeareacontext.so using class loader ns clns-9 (caller=/data/app/~~sl1CUxpWYz6LcgwGgZjMLg==/com.maplibrestartuprepro-RIypse_hRgQu1qLnLG_aZw==/base.apk): ok
09-30 14:02:41.282 12752 12752 D nativeloader: Load /data/app/~~sl1CUxpWYz6LcgwGgZjMLg==/com.maplibrestartuprepro-RIypse_hRgQu1qLnLG_aZw==/base.apk!/lib/arm64-v8a/libappmodules.so using class loader ns clns-9 (caller=/data/app/~~sl1CUxpWYz6LcgwGgZjMLg==/com.maplibrestartuprepro-RIypse_hRgQu1qLnLG_aZw==/base.apk): ok
09-30 14:02:41.288 12752 12764 I DisplayManager: Choreographer implicitly registered for the refresh rate.
09-30 14:02:41.289 12752 12764 D vulkan  : searching for layers in '/data/app/~~sl1CUxpWYz6LcgwGgZjMLg==/com.maplibrestartuprepro-RIypse_hRgQu1qLnLG_aZw==/lib/arm64'
09-30 14:02:41.289 12752 12764 D vulkan  : searching for layers in '/data/app/~~sl1CUxpWYz6LcgwGgZjMLg==/com.maplibrestartuprepro-RIypse_hRgQu1qLnLG_aZw==/base.apk!/lib/arm64-v8a'
09-30 14:02:41.300 12752 12752 D AppCompatDelegate: Checking for metadata for AppLocalesMetadataHolderService : Service not found
09-30 14:02:41.312 12752 12752 D CompatChangeReporter: Compat change id reported: 377864165; UID 10875; state: ENABLED
09-30 14:02:41.320 12752 12752 D nativeloader: Load /data/app/~~sl1CUxpWYz6LcgwGgZjMLg==/com.maplibrestartuprepro-RIypse_hRgQu1qLnLG_aZw==/base.apk!/lib/arm64-v8a/libhermesvm.so using class loader ns clns-9 (caller=/data/app/~~sl1CUxpWYz6LcgwGgZjMLg==/com.maplibrestartuprepro-RIypse_hRgQu1qLnLG_aZw==/base.apk): ok
09-30 14:02:41.320 12752 12752 D nativeloader: Load /data/app/~~sl1CUxpWYz6LcgwGgZjMLg==/com.maplibrestartuprepro-RIypse_hRgQu1qLnLG_aZw==/base.apk!/lib/arm64-v8a/libhermestooling.so using class loader ns clns-9 (caller=/data/app/~~sl1CUxpWYz6LcgwGgZjMLg==/com.maplibrestartuprepro-RIypse_hRgQu1qLnLG_aZw==/base.apk): ok
09-30 14:02:41.320 12752 12752 D jni_lib_merge: Entering merged library JNI_OnLoad.
09-30 14:02:41.320 12752 12752 D jni_lib_merge: Preparing 4 pre-merged libs (including stub)
09-30 14:02:41.320 12752 12752 D jni_lib_merge: Preparing to register libhermes_executor_so.  onload_func: 0x764f764eec
09-30 14:02:41.320 12752 12752 D jni_lib_merge: Preparing to register libhermesinstancejni_so.  onload_func: 0x764f76c69c
09-30 14:02:41.321 12752 12752 D jni_lib_merge: Preparing to register libjsijniprofiler_so.  onload_func: 0x764f76cf44
09-30 14:02:41.321 12752 12752 D jni_lib_merge: About to register 3 actual methods.
09-30 14:02:41.332 12752 12752 W unknown:BridgelessReact: ReactHost{0}.startSurface(surfaceId = 0): Schedule
09-30 14:02:41.332 12752 12752 W unknown:BridgelessReact: ReactHost{0}.attachSurface(surfaceId = 0)
09-30 14:02:41.332 12752 12773 W unknown:BridgelessReact: ReactHost{0}.getOrCreateReactInstanceTask()
09-30 14:02:41.332 12752 12773 W unknown:BridgelessReact: ReactHost{0}.getOrCreateReactInstanceTask(): Start
09-30 14:02:41.332 12752 12773 W unknown:BridgelessReact: ReactHost{0}.getJSBundleLoader()
09-30 14:02:41.332 12752 12773 W unknown:BridgelessReact: ReactHost{0}.getOrCreateReactInstanceTask(): Creating BridgelessReactContext
09-30 14:02:41.333 12752 12773 W unknown:BridgelessReact: ReactHost{0}.getOrCreateReactInstanceTask(): Creating ReactInstance
09-30 14:02:41.336 12752 12752 I ContentCaptureHelper: Setting logging level to OFF
09-30 14:02:41.343 12752 12773 W unknown:BridgelessReact: ReactHost{0}.getOrCreateReactInstanceTask(): Loading JS Bundle
09-30 14:02:41.344 12752 12773 W unknown:BridgelessReact: ReactHost{0}.getOrCreateReactInstanceTask(): DevSupportManager.onNewReactContextCreated()
09-30 14:02:41.344 12752 12773 W unknown:BridgelessReact: ReactHost{0}.startSurface(surfaceId = 0): Execute
09-30 14:02:41.345 12752 12752 W unknown:BridgelessReact: ReactHost{0}.onHostResume(activity)
09-30 14:02:41.345 12752 12752 W unknown:BridgelessReact: ReactHost{0}.ReactContext.onHostResume()
09-30 14:02:41.346 12752 12774 I ReactNativeJS: [repro] bundle load: calling OfflineManager
09-30 14:02:41.348 12752 12774 I ReactNativeJS: Running "MapLibreStartupRepro"
09-30 14:02:41.356 12752 12774 W unknown:ViewManagerPropertyUpdater: Could not find generated setter for class com.th3rdwave.safeareacontext.SafeAreaProviderManager
09-30 14:02:41.359 12752 12752 W unknown:BridgelessReact: ReactHost{0}.ReactContext.onHostResume()
09-30 14:02:41.359 12752 12752 W unknown:BridgelessReact: ReactHost{0}.getOrCreateReactInstanceTask(): Executing ReactInstanceEventListeners
09-30 14:02:41.359 12752 12774 W unknown:ViewManagerPropertyUpdater: Could not find generated setter for class com.facebook.react.uimanager.LayoutShadowNode
09-30 14:02:41.360 12752 12774 W unknown:ViewManagerPropertyUpdater: Could not find generated setter for class org.maplibre.reactnative.components.sources.geojsonsource.MLRNGeoJSONSourceManager
09-30 14:02:41.361 12752 12774 W unknown:ViewManagerPropertyUpdater: Could not find generated setter for class org.maplibre.reactnative.components.annotations.markerview.MLRNMarkerViewManager
09-30 14:02:41.361 12752 12774 W unknown:ViewManagerPropertyUpdater: Could not find generated setter for class org.maplibre.reactnative.components.sources.imagesource.MLRNImageSourceManager
09-30 14:02:41.361 12752 12774 W unknown:ViewManagerPropertyUpdater: Could not find generated setter for class org.maplibre.reactnative.components.sources.tilesources.rastersource.MLRNRasterSourceManager
09-30 14:02:41.362 12752 12774 W unknown:ViewManagerPropertyUpdater: Could not find generated setter for class org.maplibre.reactnative.components.camera.MLRNCameraManager
09-30 14:02:41.362 12752 12774 W unknown:ViewManagerPropertyUpdater: Could not find generated setter for class org.maplibre.reactnative.components.sources.tilesources.vectorsource.MLRNVectorSourceManager
09-30 14:02:41.363 12752 12774 W unknown:ViewManagerPropertyUpdater: Could not find generated setter for class org.maplibre.reactnative.components.mapview.MLRNMapViewManager
09-30 14:02:41.363 12752 12774 W unknown:ViewManagerPropertyUpdater: Could not find generated setter for class org.maplibre.reactnative.components.mapview.MLRNMapViewManager$MapShadowNode
09-30 14:02:41.364 12752 12774 W unknown:ViewManagerPropertyUpdater: Could not find generated setter for class org.maplibre.reactnative.components.layer.MLRNLayerManager
09-30 14:02:41.364 12752 12774 W unknown:ViewManagerPropertyUpdater: Could not find generated setter for class com.th3rdwave.safeareacontext.SafeAreaViewManager
09-30 14:02:41.365 12752 12774 W unknown:ViewManagerPropertyUpdater: Could not find generated setter for class com.th3rdwave.safeareacontext.SafeAreaViewShadowNode
09-30 14:02:41.365 12752 12774 W unknown:ViewManagerPropertyUpdater: Could not find generated setter for class org.maplibre.reactnative.components.mapview.MLRNAndroidTextureMapViewManager
09-30 14:02:41.365 12752 12774 W unknown:ViewManagerPropertyUpdater: Could not find generated setter for class org.maplibre.reactnative.components.sources.tilesources.rasterdemsource.MLRNRasterDEMSourceManager
09-30 14:02:41.365 12752 12774 W unknown:ViewManagerPropertyUpdater: Could not find generated setter for class org.maplibre.reactnative.components.location.MLRNNativeUserLocationManager
09-30 14:02:41.366 12752 12774 W unknown:ViewManagerPropertyUpdater: Could not find generated setter for class org.maplibre.reactnative.components.annotations.pointannotation.MLRNPointAnnotationManager
09-30 14:02:41.366 12752 12774 W unknown:ViewManagerPropertyUpdater: Could not find generated setter for class org.maplibre.reactnative.components.images.MLRNImagesManager
09-30 14:02:41.366 12752 12774 W unknown:ViewManagerPropertyUpdater: Could not find generated setter for class org.maplibre.reactnative.components.annotations.callout.MLRNCalloutManager
09-30 14:02:41.373 12752 12774 W unknown:ViewManagerPropertyUpdater: Could not find generated setter for class com.facebook.react.views.safeareaview.ReactSafeAreaViewManager
09-30 14:02:41.374 12752 12774 W unknown:ViewManagerPropertyUpdater: Could not find generated setter for class com.facebook.react.views.modal.ReactModalHostManager
09-30 14:02:41.376 12752 12774 W unknown:ViewManagerPropertyUpdater: Could not find generated setter for class com.facebook.react.views.progressbar.ReactProgressBarViewManager
09-30 14:02:41.377 12752 12774 W unknown:ViewManagerPropertyUpdater: Could not find generated setter for class com.facebook.react.views.scroll.ReactHorizontalScrollViewManager
09-30 14:02:41.377 12752 12752 D AndroidRuntime: Shutting down VM
09-30 14:02:41.377 12752 12752 E AndroidRuntime: FATAL EXCEPTION: main
09-30 14:02:41.377 12752 12752 E AndroidRuntime: Process: com.maplibrestartuprepro, PID: 12752
09-30 14:02:41.377 12752 12752 E AndroidRuntime: org.maplibre.android.exceptions.MapLibreConfigurationException: 
09-30 14:02:41.377 12752 12752 E AndroidRuntime: Using MapView requires calling MapLibre.getInstance(Context context, String apiKey, WellKnownTileServer wellKnownTileServer) before inflating or creating the view.
09-30 14:02:41.377 12752 12752 E AndroidRuntime: 	at org.maplibre.android.MapLibre.validateMapLibre(MapLibre.java:261)
09-30 14:02:41.377 12752 12752 E AndroidRuntime: 	at org.maplibre.android.MapLibre.getTileServerOptions(MapLibre.java:164)
09-30 14:02:41.377 12752 12752 E AndroidRuntime: 	at org.maplibre.android.storage.FileSource.<init>(FileSource.java:348)
09-30 14:02:41.377 12752 12752 E AndroidRuntime: 	at org.maplibre.android.storage.FileSource.getInstance(FileSource.java:95)
09-30 14:02:41.377 12752 12752 E AndroidRuntime: 	at org.maplibre.reactnative.modules.MLRNOfflineModule.activateFileSource(MLRNOfflineModule.kt:650)
09-30 14:02:41.377 12752 12752 E AndroidRuntime: 	at org.maplibre.reactnative.modules.MLRNOfflineModule.runMigrations(MLRNOfflineModule.kt:441)
09-30 14:02:41.377 12752 12752 E AndroidRuntime: 	at org.maplibre.reactnative.modules.MLRNOfflineModule.initialize$lambda$0(MLRNOfflineModule.kt:43)
09-30 14:02:41.377 12752 12752 E AndroidRuntime: 	at org.maplibre.reactnative.modules.MLRNOfflineModule$$ExternalSyntheticLambda1.run(D8$$SyntheticClass:0)
09-30 14:02:41.377 12752 12752 E AndroidRuntime: 	at android.os.Handler.handleCallback(Handler.java:1082)
09-30 14:02:41.377 12752 12752 E AndroidRuntime: 	at android.os.Handler.dispatchMessageImpl(Handler.java:135)
09-30 14:02:41.377 12752 12752 E AndroidRuntime: 	at android.os.Handler.dispatchMessage(Handler.java:126)
09-30 14:02:41.377 12752 12752 E AndroidRuntime: 	at android.os.Looper.loopOnce(Looper.java:295)
09-30 14:02:41.377 12752 12752 E AndroidRuntime: 	at android.os.Looper.loop(Looper.java:398)
09-30 14:02:41.377 12752 12752 E AndroidRuntime: 	at android.app.ActivityThread.main(ActivityThread.java:9569)
09-30 14:02:41.377 12752 12752 E AndroidRuntime: 	at java.lang.reflect.Method.invoke(Native Method)
09-30 14:02:41.377 12752 12752 E AndroidRuntime: 	at com.android.internal.os.RuntimeInit$MethodAndArgsCaller.run(RuntimeInit.java:575)
09-30 14:02:41.377 12752 12752 E AndroidRuntime: 	at com.android.internal.os.ZygoteInit.main(ZygoteInit.java:918)
09-30 14:02:41.378 12752 12774 W unknown:ViewManagerPropertyUpdater: Could not find generated setter for class com.facebook.react.views.image.ReactImageManager
09-30 14:02:41.379 12752 12774 W unknown:ViewManagerPropertyUpdater: Could not find generated setter for class com.facebook.react.views.text.ReactTextViewManager
09-30 14:02:41.381 12752 12774 W unknown:ViewManagerPropertyUpdater: Could not find generated setter for class com.facebook.react.views.scroll.ReactHorizontalScrollContainerViewManager
09-30 14:02:41.381 12752 12774 W unknown:ViewManagerPropertyUpdater: Could not find generated setter for class com.facebook.react.views.unimplementedview.ReactUnimplementedViewManager
09-30 14:02:41.382 12752 12775 D nativeloader: Load /data/app/~~sl1CUxpWYz6LcgwGgZjMLg==/com.maplibrestartuprepro-RIypse_hRgQu1qLnLG_aZw==/base.apk!/lib/arm64-v8a/libmaplibre.so using class loader ns clns-9 (caller=/data/app/~~sl1CUxpWYz6LcgwGgZjMLg==/com.maplibrestartuprepro-RIypse_hRgQu1qLnLG_aZw==/base.apk!classes3.dex): ok
09-30 14:02:41.382 12752 12774 W unknown:ViewManagerPropertyUpdater: Could not find generated setter for class com.facebook.react.views.scroll.ReactScrollViewManager
09-30 14:02:41.383 12752 12774 W unknown:ViewManagerPropertyUpdater: Could not find generated setter for class com.facebook.react.views.view.ReactViewManager
09-30 14:02:41.384 12752 12774 W unknown:ViewManagerPropertyUpdater: Could not find generated setter for class com.facebook.react.views.drawer.ReactDrawerLayoutManager
09-30 14:02:41.385 12752 12774 W unknown:ViewManagerPropertyUpdater: Could not find generated setter for class com.facebook.react.views.switchview.ReactSwitchManager
09-30 14:02:41.386 12752 12752 I Process : Sending signal. PID: 12752 SIG: 9
