09-30 14:03:12.427 13868 13868 I libprocessgroup: Created cgroup /sys/fs/cgroup/apps/uid_10878
09-30 14:03:12.429 13868 13868 I libprocessgroup: Created cgroup /sys/fs/cgroup/apps/uid_10878/pid_13868
09-30 14:03:12.437 13868 13868 I Zygote  : Process 13868 created for com.maplibrestartuprepro
09-30 14:03:12.439 13868 13868 I brestartuprepro: Using generational CollectorTypeCMC GC.
09-30 14:03:12.472 13868 13868 D nativeloader: Load libframework-connectivity-tiramisu-jni.so using APEX ns com_android_tethering for caller /apex/com.android.tethering/javalib/framework-connectivity-t.jar: ok
09-30 14:03:12.510 13868 13868 D ApplicationLoaders: Returning zygote-cached class loader: /system_ext/framework/androidx.window.extensions.jar
09-30 14:03:12.510 13868 13868 D ApplicationLoaders: Returning zygote-cached class loader: /system_ext/framework/androidx.window.sidecar.jar
09-30 14:03:12.523 13868 13868 D nativeloader: Configuring clns-9 for other apk /data/app/~~ixN65UhxZllfSFCHhzX3bw==/com.maplibrestartuprepro-YDnIGEeCuzi_T_fC71LQ4g==/base.apk. target_sdk_version=36, uses_libraries=, library_path=/data/app/~~ixN65UhxZllfSFCHhzX3bw==/com.maplibrestartuprepro-YDnIGEeCuzi_T_fC71LQ4g==/lib/arm64:/data/app/~~ixN65UhxZllfSFCHhzX3bw==/com.maplibrestartuprepro-YDnIGEeCuzi_T_fC71LQ4g==/base.apk!/lib/arm64-v8a, permitted_path=/data:/mnt/expand:/data/user/0/com.maplibrestartuprepro
09-30 14:03:12.534 13868 13868 D ActivityThread: Set OS env TMPDIR to /data/user/0/com.maplibrestartuprepro/cache
09-30 14:03:12.535 13868 13868 V GraphicsEnvironment: Currently set values for:
09-30 14:03:12.535 13868 13868 V GraphicsEnvironment:   angle_gl_driver_selection_pkgs=[com.android.angle]
09-30 14:03:12.535 13868 13868 V GraphicsEnvironment:   angle_gl_driver_selection_values=[angle]
09-30 14:03:12.535 13868 13868 V GraphicsEnvironment: com.maplibrestartuprepro is not listed in per-application setting
09-30 14:03:12.535 13868 13868 V GraphicsEnvironment: No special selections for ANGLE, returning default driver choice
09-30 14:03:12.536 13868 13868 V GraphicsEnvironment: Neither updatable production driver nor prerelease driver is supported.
09-30 14:03:12.601 13868 13868 W SoLoader: Initializing SoLoader: 0
09-30 14:03:12.601 13868 13868 W SoLoader: Recording new base apk path: /data/app/~~ixN65UhxZllfSFCHhzX3bw==/com.maplibrestartuprepro-YDnIGEeCuzi_T_fC71LQ4g==/base.apk
09-30 14:03:12.601 13868 13868 W SoLoader: Previously recorded 0 base apk paths.
09-30 14:03:12.602 13868 13868 I SoLoader: Preparing SO source: DirectorySoSource[root = /vendor/lib64 flags = 2]
09-30 14:03:12.602 13868 13868 I SoLoader: Preparing SO source: DirectorySoSource[root = /system/lib64 flags = 2]
09-30 14:03:12.602 13868 13868 I SoLoader: Preparing SO source: DirectApkSoSource[root = [/data/app/~~ixN65UhxZllfSFCHhzX3bw==/com.maplibrestartuprepro-YDnIGEeCuzi_T_fC71LQ4g==/base.apk!/lib/arm64-v8a]]
09-30 14:03:12.603 13868 13868 I SoLoader: Preparing SO source: ApplicationSoSource[DirectorySoSource[root = /data/app/~~ixN65UhxZllfSFCHhzX3bw==/com.maplibrestartuprepro-YDnIGEeCuzi_T_fC71LQ4g==/lib/arm64 flags = 0]]
09-30 14:03:12.603 13868 13868 I SoLoader: init finish: 4 SO sources prepared
09-30 14:03:12.603 13868 13868 W SoLoader: SoLoader initialized: 8
09-30 14:03:12.610 13868 13868 D nativeloader: Load /data/app/~~ixN65UhxZllfSFCHhzX3bw==/com.maplibrestartuprepro-YDnIGEeCuzi_T_fC71LQ4g==/base.apk!/lib/arm64-v8a/libc++_shared.so using class loader ns clns-9 (caller=/data/app/~~ixN65UhxZllfSFCHhzX3bw==/com.maplibrestartuprepro-YDnIGEeCuzi_T_fC71LQ4g==/base.apk): ok
09-30 14:03:12.613 13868 13868 D nativeloader: Load /data/app/~~ixN65UhxZllfSFCHhzX3bw==/com.maplibrestartuprepro-YDnIGEeCuzi_T_fC71LQ4g==/base.apk!/lib/arm64-v8a/libjsi.so using class loader ns clns-9 (caller=/data/app/~~ixN65UhxZllfSFCHhzX3bw==/com.maplibrestartuprepro-YDnIGEeCuzi_T_fC71LQ4g==/base.apk): ok
09-30 14:03:12.615 13868 13868 D nativeloader: Load /data/app/~~ixN65UhxZllfSFCHhzX3bw==/com.maplibrestartuprepro-YDnIGEeCuzi_T_fC71LQ4g==/base.apk!/lib/arm64-v8a/libfbjni.so using class loader ns clns-9 (caller=/data/app/~~ixN65UhxZllfSFCHhzX3bw==/com.maplibrestartuprepro-YDnIGEeCuzi_T_fC71LQ4g==/base.apk): ok
09-30 14:03:12.618 13868 13868 D nativeloader: Load /data/app/~~ixN65UhxZllfSFCHhzX3bw==/com.maplibrestartuprepro-YDnIGEeCuzi_T_fC71LQ4g==/base.apk!/lib/arm64-v8a/libreactnative.so using class loader ns clns-9 (caller=/data/app/~~ixN65UhxZllfSFCHhzX3bw==/com.maplibrestartuprepro-YDnIGEeCuzi_T_fC71LQ4g==/base.apk): ok
09-30 14:03:12.618 13868 13868 D jni_lib_merge: Entering merged library JNI_OnLoad.
09-30 14:03:12.618 13868 13868 D jni_lib_merge: Preparing 13 pre-merged libs (including stub)
09-30 14:03:12.618 13868 13868 D jni_lib_merge: Preparing to register libfabricjni_so.  onload_func: 0x75aefb4b5c
09-30 14:03:12.618 13868 13868 D jni_lib_merge: Preparing to register libreact_devsupportjni_so.  onload_func: 0x75af08c3d0
09-30 14:03:12.618 13868 13868 D jni_lib_merge: Preparing to register libreact_featureflagsjni_so.  onload_func: 0x75af0a564c
09-30 14:03:12.618 13868 13868 D jni_lib_merge: Preparing to register libreact_newarchdefaults_so.  onload_func: 0x75af0e71d8
09-30 14:03:12.618 13868 13868 D jni_lib_merge: Preparing to register libreact_tracingjni_so.  onload_func: 0x75af1ce4cc
09-30 14:03:12.618 13868 13868 D jni_lib_merge: Preparing to register libreactnativeblob_so.  onload_func: 0x75af1d3760
09-30 14:03:12.618 13868 13868 D jni_lib_merge: Preparing to register libreactnativejni_so.  onload_func: 0x75af1df7f4
09-30 14:03:12.618 13868 13868 D jni_lib_merge: Preparing to register libreactnativejni_common_so.  onload_func: 0x75af1e2838
09-30 14:03:12.618 13868 13868 D jni_lib_merge: Preparing to register librninstance_so.  onload_func: 0x75af207f50
09-30 14:03:12.618 13868 13868 D jni_lib_merge: Preparing to register libturbomodulejsijni_so.  onload_func: 0x75af29df48
09-30 14:03:12.618 13868 13868 D jni_lib_merge: Preparing to register libuimanagerjni_so.  onload_func: 0x75af2a493c
09-30 14:03:12.618 13868 13868 D jni_lib_merge: Preparing to register libyoga_so.  onload_func: 0x75af2ac3b8
09-30 14:03:12.618 13868 13868 D jni_lib_merge: About to register 12 actual methods.
09-30 14:03:12.623 13868 13868 D nativeloader: Load /data/app/~~ixN65UhxZllfSFCHhzX3bw==/com.maplibrestartuprepro-YDnIGEeCuzi_T_fC71LQ4g==/base.apk!/lib/arm64-v8a/libreact_codegen_safeareacontext.so using class loader ns clns-9 (caller=/data/app/~~ixN65UhxZllfSFCHhzX3bw==/com.maplibrestartuprepro-YDnIGEeCuzi_T_fC71LQ4g==/base.apk): ok
09-30 14:03:12.624 13868 13868 D nativeloader: Load /data/app/~~ixN65UhxZllfSFCHhzX3bw==/com.maplibrestartuprepro-YDnIGEeCuzi_T_fC71LQ4g==/base.apk!/lib/arm64-v8a/libappmodules.so using class loader ns clns-9 (caller=/data/app/~~ixN65UhxZllfSFCHhzX3bw==/com.maplibrestartuprepro-YDnIGEeCuzi_T_fC71LQ4g==/base.apk): ok
09-30 14:03:12.628 13868 13891 I DisplayManager: Choreographer implicitly registered for the refresh rate.
09-30 14:03:12.629 13868 13891 D vulkan  : searching for layers in '/data/app/~~ixN65UhxZllfSFCHhzX3bw==/com.maplibrestartuprepro-YDnIGEeCuzi_T_fC71LQ4g==/lib/arm64'
09-30 14:03:12.629 13868 13891 D vulkan  : searching for layers in '/data/app/~~ixN65UhxZllfSFCHhzX3bw==/com.maplibrestartuprepro-YDnIGEeCuzi_T_fC71LQ4g==/base.apk!/lib/arm64-v8a'
09-30 14:03:12.643 13868 13868 D AppCompatDelegate: Checking for metadata for AppLocalesMetadataHolderService : Service not found
09-30 14:03:12.654 13868 13868 D CompatChangeReporter: Compat change id reported: 377864165; UID 10878; state: ENABLED
09-30 14:03:12.662 13868 13868 D nativeloader: Load /data/app/~~ixN65UhxZllfSFCHhzX3bw==/com.maplibrestartuprepro-YDnIGEeCuzi_T_fC71LQ4g==/base.apk!/lib/arm64-v8a/libhermesvm.so using class loader ns clns-9 (caller=/data/app/~~ixN65UhxZllfSFCHhzX3bw==/com.maplibrestartuprepro-YDnIGEeCuzi_T_fC71LQ4g==/base.apk): ok
09-30 14:03:12.664 13868 13868 D nativeloader: Load /data/app/~~ixN65UhxZllfSFCHhzX3bw==/com.maplibrestartuprepro-YDnIGEeCuzi_T_fC71LQ4g==/base.apk!/lib/arm64-v8a/libhermestooling.so using class loader ns clns-9 (caller=/data/app/~~ixN65UhxZllfSFCHhzX3bw==/com.maplibrestartuprepro-YDnIGEeCuzi_T_fC71LQ4g==/base.apk): ok
09-30 14:03:12.664 13868 13868 D jni_lib_merge: Entering merged library JNI_OnLoad.
09-30 14:03:12.664 13868 13868 D jni_lib_merge: Preparing 4 pre-merged libs (including stub)
09-30 14:03:12.664 13868 13868 D jni_lib_merge: Preparing to register libhermes_executor_so.  onload_func: 0x764f758eec
09-30 14:03:12.664 13868 13868 D jni_lib_merge: Preparing to register libhermesinstancejni_so.  onload_func: 0x764f76069c
09-30 14:03:12.664 13868 13868 D jni_lib_merge: Preparing to register libjsijniprofiler_so.  onload_func: 0x764f760f44
09-30 14:03:12.664 13868 13868 D jni_lib_merge: About to register 3 actual methods.
09-30 14:03:12.679 13868 13868 W unknown:BridgelessReact: ReactHost{0}.startSurface(surfaceId = 0): Schedule
09-30 14:03:12.679 13868 13868 W unknown:BridgelessReact: ReactHost{0}.attachSurface(surfaceId = 0)
09-30 14:03:12.680 13868 13912 W unknown:BridgelessReact: ReactHost{0}.getOrCreateReactInstanceTask()
09-30 14:03:12.680 13868 13912 W unknown:BridgelessReact: ReactHost{0}.getOrCreateReactInstanceTask(): Start
09-30 14:03:12.680 13868 13912 W unknown:BridgelessReact: ReactHost{0}.getJSBundleLoader()
09-30 14:03:12.681 13868 13912 W unknown:BridgelessReact: ReactHost{0}.getOrCreateReactInstanceTask(): Creating BridgelessReactContext
09-30 14:03:12.682 13868 13912 W unknown:BridgelessReact: ReactHost{0}.getOrCreateReactInstanceTask(): Creating ReactInstance
09-30 14:03:12.683 13868 13868 I ContentCaptureHelper: Setting logging level to OFF
09-30 14:03:12.698 13868 13868 W unknown:BridgelessReact: ReactHost{0}.onHostResume(activity)
09-30 14:03:12.698 13868 13868 W unknown:BridgelessReact: ReactHost{0}.ReactContext.onHostResume()
09-30 14:03:12.699 13868 13912 W unknown:BridgelessReact: ReactHost{0}.getOrCreateReactInstanceTask(): Loading JS Bundle
09-30 14:03:12.699 13868 13912 W unknown:BridgelessReact: ReactHost{0}.getOrCreateReactInstanceTask(): DevSupportManager.onNewReactContextCreated()
09-30 14:03:12.699 13868 13912 W unknown:BridgelessReact: ReactHost{0}.startSurface(surfaceId = 0): Execute
09-30 14:03:12.701 13868 13914 I ReactNativeJS: [repro] bundle load: calling OfflineManager
09-30 14:03:12.702 13868 13914 I ReactNativeJS: Running "MapLibreStartupRepro"
09-30 14:03:12.704 13868 13914 W unknown:ViewManagerPropertyUpdater: Could not find generated setter for class com.th3rdwave.safeareacontext.SafeAreaProviderManager
09-30 14:03:12.706 13868 13914 W unknown:ViewManagerPropertyUpdater: Could not find generated setter for class com.facebook.react.uimanager.LayoutShadowNode
09-30 14:03:12.706 13868 13914 W unknown:ViewManagerPropertyUpdater: Could not find generated setter for class org.maplibre.reactnative.components.sources.geojsonsource.MLRNGeoJSONSourceManager
09-30 14:03:12.707 13868 13914 W unknown:ViewManagerPropertyUpdater: Could not find generated setter for class org.maplibre.reactnative.components.annotations.markerview.MLRNMarkerViewManager
09-30 14:03:12.708 13868 13914 W unknown:ViewManagerPropertyUpdater: Could not find generated setter for class org.maplibre.reactnative.components.sources.imagesource.MLRNImageSourceManager
09-30 14:03:12.708 13868 13914 W unknown:ViewManagerPropertyUpdater: Could not find generated setter for class org.maplibre.reactnative.components.sources.tilesources.rastersource.MLRNRasterSourceManager
09-30 14:03:12.708 13868 13914 W unknown:ViewManagerPropertyUpdater: Could not find generated setter for class org.maplibre.reactnative.components.camera.MLRNCameraManager
09-30 14:03:12.709 13868 13914 W unknown:ViewManagerPropertyUpdater: Could not find generated setter for class org.maplibre.reactnative.components.sources.tilesources.vectorsource.MLRNVectorSourceManager
09-30 14:03:12.709 13868 13914 W unknown:ViewManagerPropertyUpdater: Could not find generated setter for class org.maplibre.reactnative.components.mapview.MLRNMapViewManager
09-30 14:03:12.710 13868 13914 W unknown:ViewManagerPropertyUpdater: Could not find generated setter for class org.maplibre.reactnative.components.mapview.MLRNMapViewManager$MapShadowNode
09-30 14:03:12.710 13868 13914 W unknown:ViewManagerPropertyUpdater: Could not find generated setter for class org.maplibre.reactnative.components.layer.MLRNLayerManager
09-30 14:03:12.710 13868 13914 W unknown:ViewManagerPropertyUpdater: Could not find generated setter for class com.th3rdwave.safeareacontext.SafeAreaViewManager
09-30 14:03:12.711 13868 13914 W unknown:ViewManagerPropertyUpdater: Could not find generated setter for class com.th3rdwave.safeareacontext.SafeAreaViewShadowNode
09-30 14:03:12.711 13868 13914 W unknown:ViewManagerPropertyUpdater: Could not find generated setter for class org.maplibre.reactnative.components.mapview.MLRNAndroidTextureMapViewManager
09-30 14:03:12.711 13868 13914 W unknown:ViewManagerPropertyUpdater: Could not find generated setter for class org.maplibre.reactnative.components.sources.tilesources.rasterdemsource.MLRNRasterDEMSourceManager
09-30 14:03:12.712 13868 13914 W unknown:ViewManagerPropertyUpdater: Could not find generated setter for class org.maplibre.reactnative.components.location.MLRNNativeUserLocationManager
09-30 14:03:12.712 13868 13914 W unknown:ViewManagerPropertyUpdater: Could not find generated setter for class org.maplibre.reactnative.components.annotations.pointannotation.MLRNPointAnnotationManager
09-30 14:03:12.712 13868 13914 W unknown:ViewManagerPropertyUpdater: Could not find generated setter for class org.maplibre.reactnative.components.images.MLRNImagesManager
09-30 14:03:12.713 13868 13914 W unknown:ViewManagerPropertyUpdater: Could not find generated setter for class org.maplibre.reactnative.components.annotations.callout.MLRNCalloutManager
09-30 14:03:12.713 13868 13868 W unknown:BridgelessReact: ReactHost{0}.ReactContext.onHostResume()
09-30 14:03:12.713 13868 13868 W unknown:BridgelessReact: ReactHost{0}.getOrCreateReactInstanceTask(): Executing ReactInstanceEventListeners
09-30 14:03:12.720 13868 13914 W unknown:ViewManagerPropertyUpdater: Could not find generated setter for class com.facebook.react.views.safeareaview.ReactSafeAreaViewManager
09-30 14:03:12.721 13868 13914 W unknown:ViewManagerPropertyUpdater: Could not find generated setter for class com.facebook.react.views.modal.ReactModalHostManager
09-30 14:03:12.722 13868 13914 W unknown:ViewManagerPropertyUpdater: Could not find generated setter for class com.facebook.react.views.progressbar.ReactProgressBarViewManager
09-30 14:03:12.723 13868 13914 W unknown:ViewManagerPropertyUpdater: Could not find generated setter for class com.facebook.react.views.scroll.ReactHorizontalScrollViewManager
09-30 14:03:12.724 13868 13914 W unknown:ViewManagerPropertyUpdater: Could not find generated setter for class com.facebook.react.views.image.ReactImageManager
09-30 14:03:12.725 13868 13914 W unknown:ViewManagerPropertyUpdater: Could not find generated setter for class com.facebook.react.views.text.ReactTextViewManager
09-30 14:03:12.727 13868 13914 W unknown:ViewManagerPropertyUpdater: Could not find generated setter for class com.facebook.react.views.scroll.ReactHorizontalScrollContainerViewManager
09-30 14:03:12.727 13868 13914 W unknown:ViewManagerPropertyUpdater: Could not find generated setter for class com.facebook.react.views.unimplementedview.ReactUnimplementedViewManager
09-30 14:03:12.728 13868 13914 W unknown:ViewManagerPropertyUpdater: Could not find generated setter for class com.facebook.react.views.scroll.ReactScrollViewManager
09-30 14:03:12.729 13868 13914 W unknown:ViewManagerPropertyUpdater: Could not find generated setter for class com.facebook.react.views.view.ReactViewManager
09-30 14:03:12.730 13868 13914 W unknown:ViewManagerPropertyUpdater: Could not find generated setter for class com.facebook.react.views.drawer.ReactDrawerLayoutManager
09-30 14:03:12.731 13868 13868 D AndroidRuntime: Shutting down VM
09-30 14:03:12.731 13868 13868 E AndroidRuntime: FATAL EXCEPTION: main
09-30 14:03:12.731 13868 13868 E AndroidRuntime: Process: com.maplibrestartuprepro, PID: 13868
09-30 14:03:12.731 13868 13868 E AndroidRuntime: org.maplibre.android.exceptions.MapLibreConfigurationException: 
09-30 14:03:12.731 13868 13868 E AndroidRuntime: Using MapView requires calling MapLibre.getInstance(Context context, String apiKey, WellKnownTileServer wellKnownTileServer) before inflating or creating the view.
09-30 14:03:12.731 13868 13868 E AndroidRuntime: 	at org.maplibre.android.MapLibre.validateMapLibre(MapLibre.java:261)
09-30 14:03:12.731 13868 13868 E AndroidRuntime: 	at org.maplibre.android.MapLibre.getTileServerOptions(MapLibre.java:164)
09-30 14:03:12.731 13868 13868 E AndroidRuntime: 	at org.maplibre.android.storage.FileSource.<init>(FileSource.java:348)
09-30 14:03:12.731 13868 13868 E AndroidRuntime: 	at org.maplibre.android.storage.FileSource.getInstance(FileSource.java:95)
09-30 14:03:12.731 13868 13868 E AndroidRuntime: 	at org.maplibre.reactnative.modules.MLRNOfflineModule.activateFileSource(MLRNOfflineModule.kt:650)
09-30 14:03:12.731 13868 13868 E AndroidRuntime: 	at org.maplibre.reactnative.modules.MLRNOfflineModule.runMigrations(MLRNOfflineModule.kt:441)
09-30 14:03:12.731 13868 13868 E AndroidRuntime: 	at org.maplibre.reactnative.modules.MLRNOfflineModule.initialize$lambda$0(MLRNOfflineModule.kt:43)
09-30 14:03:12.731 13868 13868 E AndroidRuntime: 	at org.maplibre.reactnative.modules.MLRNOfflineModule$$ExternalSyntheticLambda1.run(D8$$SyntheticClass:0)
09-30 14:03:12.731 13868 13868 E AndroidRuntime: 	at android.os.Handler.handleCallback(Handler.java:1082)
09-30 14:03:12.731 13868 13868 E AndroidRuntime: 	at android.os.Handler.dispatchMessageImpl(Handler.java:135)
09-30 14:03:12.731 13868 13868 E AndroidRuntime: 	at android.os.Handler.dispatchMessage(Handler.java:126)
09-30 14:03:12.731 13868 13868 E AndroidRuntime: 	at android.os.Looper.loopOnce(Looper.java:295)
09-30 14:03:12.731 13868 13868 E AndroidRuntime: 	at android.os.Looper.loop(Looper.java:398)
09-30 14:03:12.731 13868 13868 E AndroidRuntime: 	at android.app.ActivityThread.main(ActivityThread.java:9569)
09-30 14:03:12.731 13868 13868 E AndroidRuntime: 	at java.lang.reflect.Method.invoke(Native Method)
09-30 14:03:12.731 13868 13868 E AndroidRuntime: 	at com.android.internal.os.RuntimeInit$MethodAndArgsCaller.run(RuntimeInit.java:575)
09-30 14:03:12.731 13868 13868 E AndroidRuntime: 	at com.android.internal.os.ZygoteInit.main(ZygoteInit.java:918)
09-30 14:03:12.731 13868 13914 W unknown:ViewManagerPropertyUpdater: Could not find generated setter for class com.facebook.react.views.switchview.ReactSwitchManager
09-30 14:03:12.732 13868 13914 W unknown:ViewManagerPropertyUpdater: Could not find generated setter for class com.facebook.react.views.swiperefresh.SwipeRefreshLayoutManager
09-30 14:03:12.734 13868 13914 W unknown:ViewManagerPropertyUpdater: Could not find generated setter for class com.facebook.react.views.textinput.ReactTextInputManager
09-30 14:03:12.736 13868 13914 W unknown:ViewManagerPropertyUpdater: Could not find generated setter for class com.facebook.react.views.text.SelectableTextViewManager
09-30 14:03:12.737 13868 13914 W unknown:ViewManagerPropertyUpdater: Could not find generated setter for class com.facebook.react.views.virtual.view.ReactVirtualViewManager
09-30 14:03:12.742 13868 13916 D nativeloader: Load /data/app/~~ixN65UhxZllfSFCHhzX3bw==/com.maplibrestartuprepro-YDnIGEeCuzi_T_fC71LQ4g==/base.apk!/lib/arm64-v8a/libmaplibre.so using class loader ns clns-9 (caller=/data/app/~~ixN65UhxZllfSFCHhzX3bw==/com.maplibrestartuprepro-YDnIGEeCuzi_T_fC71LQ4g==/base.apk!classes3.dex): ok
09-30 14:03:12.745 13868 13914 I HWUI    : Using FreeType backend (prop=Auto)
09-30 14:03:12.748 13868 13868 I Process : Sending signal. PID: 13868 SIG: 9
