09-30 14:04:04.291 15754 15754 I libprocessgroup: Created cgroup /sys/fs/cgroup/apps/uid_10882
09-30 14:04:04.296 15754 15754 I libprocessgroup: Created cgroup /sys/fs/cgroup/apps/uid_10882/pid_15754
09-30 14:04:04.306 15754 15754 I Zygote  : Process 15754 created for com.maplibrestartuprepro
09-30 14:04:04.307 15754 15754 I brestartuprepro: Using generational CollectorTypeCMC GC.
09-30 14:04:04.312 15754 15754 D nativeloader: Load libframework-connectivity-tiramisu-jni.so using APEX ns com_android_tethering for caller /apex/com.android.tethering/javalib/framework-connectivity-t.jar: ok
09-30 14:04:04.433 15754 15754 D ApplicationLoaders: Returning zygote-cached class loader: /system_ext/framework/androidx.window.extensions.jar
09-30 14:04:04.433 15754 15754 D ApplicationLoaders: Returning zygote-cached class loader: /system_ext/framework/androidx.window.sidecar.jar
09-30 14:04:04.436 15754 15754 D nativeloader: Configuring clns-9 for other apk /data/app/~~wm_cT7F1lyqMBe1r6hhRvg==/com.maplibrestartuprepro-rcu6gqdCISzQTjip0e6Xrw==/base.apk. target_sdk_version=36, uses_libraries=, library_path=/data/app/~~wm_cT7F1lyqMBe1r6hhRvg==/com.maplibrestartuprepro-rcu6gqdCISzQTjip0e6Xrw==/lib/arm64:/data/app/~~wm_cT7F1lyqMBe1r6hhRvg==/com.maplibrestartuprepro-rcu6gqdCISzQTjip0e6Xrw==/base.apk!/lib/arm64-v8a, permitted_path=/data:/mnt/expand:/data/user/0/com.maplibrestartuprepro
09-30 14:04:04.441 15754 15754 D ActivityThread: Set OS env TMPDIR to /data/user/0/com.maplibrestartuprepro/cache
09-30 14:04:04.441 15754 15754 V GraphicsEnvironment: Currently set values for:
09-30 14:04:04.441 15754 15754 V GraphicsEnvironment:   angle_gl_driver_selection_pkgs=[com.android.angle]
09-30 14:04:04.441 15754 15754 V GraphicsEnvironment:   angle_gl_driver_selection_values=[angle]
09-30 14:04:04.441 15754 15754 V GraphicsEnvironment: com.maplibrestartuprepro is not listed in per-application setting
09-30 14:04:04.441 15754 15754 V GraphicsEnvironment: No special selections for ANGLE, returning default driver choice
09-30 14:04:04.442 15754 15754 V GraphicsEnvironment: Neither updatable production driver nor prerelease driver is supported.
09-30 14:04:04.450 15754 15754 W SoLoader: Initializing SoLoader: 0
09-30 14:04:04.450 15754 15754 W SoLoader: Recording new base apk path: /data/app/~~wm_cT7F1lyqMBe1r6hhRvg==/com.maplibrestartuprepro-rcu6gqdCISzQTjip0e6Xrw==/base.apk
09-30 14:04:04.450 15754 15754 W SoLoader: Previously recorded 0 base apk paths.
09-30 14:04:04.451 15754 15754 I SoLoader: Preparing SO source: DirectorySoSource[root = /vendor/lib64 flags = 2]
09-30 14:04:04.451 15754 15754 I SoLoader: Preparing SO source: DirectorySoSource[root = /system/lib64 flags = 2]
09-30 14:04:04.451 15754 15754 I SoLoader: Preparing SO source: DirectApkSoSource[root = [/data/app/~~wm_cT7F1lyqMBe1r6hhRvg==/com.maplibrestartuprepro-rcu6gqdCISzQTjip0e6Xrw==/base.apk!/lib/arm64-v8a]]
09-30 14:04:04.454 15754 15754 I SoLoader: Preparing SO source: ApplicationSoSource[DirectorySoSource[root = /data/app/~~wm_cT7F1lyqMBe1r6hhRvg==/com.maplibrestartuprepro-rcu6gqdCISzQTjip0e6Xrw==/lib/arm64 flags = 0]]
09-30 14:04:04.454 15754 15754 I SoLoader: init finish: 4 SO sources prepared
09-30 14:04:04.454 15754 15754 W SoLoader: SoLoader initialized: 8
09-30 14:04:04.460 15754 15754 D nativeloader: Load /data/app/~~wm_cT7F1lyqMBe1r6hhRvg==/com.maplibrestartuprepro-rcu6gqdCISzQTjip0e6Xrw==/base.apk!/lib/arm64-v8a/libc++_shared.so using class loader ns clns-9 (caller=/data/app/~~wm_cT7F1lyqMBe1r6hhRvg==/com.maplibrestartuprepro-rcu6gqdCISzQTjip0e6Xrw==/base.apk): ok
09-30 14:04:04.463 15754 15754 D nativeloader: Load /data/app/~~wm_cT7F1lyqMBe1r6hhRvg==/com.maplibrestartuprepro-rcu6gqdCISzQTjip0e6Xrw==/base.apk!/lib/arm64-v8a/libjsi.so using class loader ns clns-9 (caller=/data/app/~~wm_cT7F1lyqMBe1r6hhRvg==/com.maplibrestartuprepro-rcu6gqdCISzQTjip0e6Xrw==/base.apk): ok
09-30 14:04:04.465 15754 15754 D nativeloader: Load /data/app/~~wm_cT7F1lyqMBe1r6hhRvg==/com.maplibrestartuprepro-rcu6gqdCISzQTjip0e6Xrw==/base.apk!/lib/arm64-v8a/libfbjni.so using class loader ns clns-9 (caller=/data/app/~~wm_cT7F1lyqMBe1r6hhRvg==/com.maplibrestartuprepro-rcu6gqdCISzQTjip0e6Xrw==/base.apk): ok
09-30 14:04:04.468 15754 15754 D nativeloader: Load /data/app/~~wm_cT7F1lyqMBe1r6hhRvg==/com.maplibrestartuprepro-rcu6gqdCISzQTjip0e6Xrw==/base.apk!/lib/arm64-v8a/libreactnative.so using class loader ns clns-9 (caller=/data/app/~~wm_cT7F1lyqMBe1r6hhRvg==/com.maplibrestartuprepro-rcu6gqdCISzQTjip0e6Xrw==/base.apk): ok
09-30 14:04:04.468 15754 15754 D jni_lib_merge: Entering merged library JNI_OnLoad.
09-30 14:04:04.468 15754 15754 D jni_lib_merge: Preparing 13 pre-merged libs (including stub)
09-30 14:04:04.468 15754 15754 D jni_lib_merge: Preparing to register libfabricjni_so.  onload_func: 0x75affb9b5c
09-30 14:04:04.468 15754 15754 D jni_lib_merge: Preparing to register libreact_devsupportjni_so.  onload_func: 0x75b00913d0
09-30 14:04:04.468 15754 15754 D jni_lib_merge: Preparing to register libreact_featureflagsjni_so.  onload_func: 0x75b00aa64c
09-30 14:04:04.468 15754 15754 D jni_lib_merge: Preparing to register libreact_newarchdefaults_so.  onload_func: 0x75b00ec1d8
09-30 14:04:04.468 15754 15754 D jni_lib_merge: Preparing to register libreact_tracingjni_so.  onload_func: 0x75b01d34cc
09-30 14:04:04.468 15754 15754 D jni_lib_merge: Preparing to register libreactnativeblob_so.  onload_func: 0x75b01d8760
09-30 14:04:04.468 15754 15754 D jni_lib_merge: Preparing to register libreactnativejni_so.  onload_func: 0x75b01e47f4
09-30 14:04:04.468 15754 15754 D jni_lib_merge: Preparing to register libreactnativejni_common_so.  onload_func: 0x75b01e7838
09-30 14:04:04.468 15754 15754 D jni_lib_merge: Preparing to register librninstance_so.  onload_func: 0x75b020cf50
09-30 14:04:04.468 15754 15754 D jni_lib_merge: Preparing to register libturbomodulejsijni_so.  onload_func: 0x75b02a2f48
09-30 14:04:04.468 15754 15754 D jni_lib_merge: Preparing to register libuimanagerjni_so.  onload_func: 0x75b02a993c
09-30 14:04:04.468 15754 15754 D jni_lib_merge: Preparing to register libyoga_so.  onload_func: 0x75b02b13b8
09-30 14:04:04.468 15754 15754 D jni_lib_merge: About to register 12 actual methods.
09-30 14:04:04.473 15754 15754 D nativeloader: Load /data/app/~~wm_cT7F1lyqMBe1r6hhRvg==/com.maplibrestartuprepro-rcu6gqdCISzQTjip0e6Xrw==/base.apk!/lib/arm64-v8a/libreact_codegen_safeareacontext.so using class loader ns clns-9 (caller=/data/app/~~wm_cT7F1lyqMBe1r6hhRvg==/com.maplibrestartuprepro-rcu6gqdCISzQTjip0e6Xrw==/base.apk): ok
09-30 14:04:04.474 15754 15754 D nativeloader: Load /data/app/~~wm_cT7F1lyqMBe1r6hhRvg==/com.maplibrestartuprepro-rcu6gqdCISzQTjip0e6Xrw==/base.apk!/lib/arm64-v8a/libappmodules.so using class loader ns clns-9 (caller=/data/app/~~wm_cT7F1lyqMBe1r6hhRvg==/com.maplibrestartuprepro-rcu6gqdCISzQTjip0e6Xrw==/base.apk): ok
09-30 14:04:04.479 15754 15771 I DisplayManager: Choreographer implicitly registered for the refresh rate.
09-30 14:04:04.479 15754 15771 D vulkan  : searching for layers in '/data/app/~~wm_cT7F1lyqMBe1r6hhRvg==/com.maplibrestartuprepro-rcu6gqdCISzQTjip0e6Xrw==/lib/arm64'
09-30 14:04:04.479 15754 15771 D vulkan  : searching for layers in '/data/app/~~wm_cT7F1lyqMBe1r6hhRvg==/com.maplibrestartuprepro-rcu6gqdCISzQTjip0e6Xrw==/base.apk!/lib/arm64-v8a'
09-30 14:04:04.493 15754 15754 D AppCompatDelegate: Checking for metadata for AppLocalesMetadataHolderService : Service not found
09-30 14:04:04.505 15754 15754 D CompatChangeReporter: Compat change id reported: 377864165; UID 10882; state: ENABLED
09-30 14:04:04.512 15754 15754 D nativeloader: Load /data/app/~~wm_cT7F1lyqMBe1r6hhRvg==/com.maplibrestartuprepro-rcu6gqdCISzQTjip0e6Xrw==/base.apk!/lib/arm64-v8a/libhermesvm.so using class loader ns clns-9 (caller=/data/app/~~wm_cT7F1lyqMBe1r6hhRvg==/com.maplibrestartuprepro-rcu6gqdCISzQTjip0e6Xrw==/base.apk): ok
09-30 14:04:04.513 15754 15754 D nativeloader: Load /data/app/~~wm_cT7F1lyqMBe1r6hhRvg==/com.maplibrestartuprepro-rcu6gqdCISzQTjip0e6Xrw==/base.apk!/lib/arm64-v8a/libhermestooling.so using class loader ns clns-9 (caller=/data/app/~~wm_cT7F1lyqMBe1r6hhRvg==/com.maplibrestartuprepro-rcu6gqdCISzQTjip0e6Xrw==/base.apk): ok
09-30 14:04:04.513 15754 15754 D jni_lib_merge: Entering merged library JNI_OnLoad.
09-30 14:04:04.513 15754 15754 D jni_lib_merge: Preparing 4 pre-merged libs (including stub)
09-30 14:04:04.513 15754 15754 D jni_lib_merge: Preparing to register libhermes_executor_so.  onload_func: 0x764f767eec
09-30 14:04:04.513 15754 15754 D jni_lib_merge: Preparing to register libhermesinstancejni_so.  onload_func: 0x764f76f69c
09-30 14:04:04.513 15754 15754 D jni_lib_merge: Preparing to register libjsijniprofiler_so.  onload_func: 0x764f76ff44
09-30 14:04:04.513 15754 15754 D jni_lib_merge: About to register 3 actual methods.
09-30 14:04:04.527 15754 15754 W unknown:BridgelessReact: ReactHost{0}.startSurface(surfaceId = 0): Schedule
09-30 14:04:04.527 15754 15754 W unknown:BridgelessReact: ReactHost{0}.attachSurface(surfaceId = 0)
09-30 14:04:04.528 15754 15786 W unknown:BridgelessReact: ReactHost{0}.getOrCreateReactInstanceTask()
09-30 14:04:04.528 15754 15786 W unknown:BridgelessReact: ReactHost{0}.getOrCreateReactInstanceTask(): Start
09-30 14:04:04.528 15754 15786 W unknown:BridgelessReact: ReactHost{0}.getJSBundleLoader()
09-30 14:04:04.528 15754 15786 W unknown:BridgelessReact: ReactHost{0}.getOrCreateReactInstanceTask(): Creating BridgelessReactContext
09-30 14:04:04.528 15754 15786 W unknown:BridgelessReact: ReactHost{0}.getOrCreateReactInstanceTask(): Creating ReactInstance
09-30 14:04:04.532 15754 15754 I ContentCaptureHelper: Setting logging level to OFF
09-30 14:04:04.539 15754 15786 W unknown:BridgelessReact: ReactHost{0}.getOrCreateReactInstanceTask(): Loading JS Bundle
09-30 14:04:04.540 15754 15786 W unknown:BridgelessReact: ReactHost{0}.getOrCreateReactInstanceTask(): DevSupportManager.onNewReactContextCreated()
09-30 14:04:04.540 15754 15786 W unknown:BridgelessReact: ReactHost{0}.startSurface(surfaceId = 0): Execute
09-30 14:04:04.544 15754 15788 I ReactNativeJS: [repro] bundle load: calling OfflineManager
09-30 14:04:04.545 15754 15788 I ReactNativeJS: Running "MapLibreStartupRepro"
09-30 14:04:04.548 15754 15788 W unknown:ViewManagerPropertyUpdater: Could not find generated setter for class com.th3rdwave.safeareacontext.SafeAreaProviderManager
09-30 14:04:04.549 15754 15788 W unknown:ViewManagerPropertyUpdater: Could not find generated setter for class com.facebook.react.uimanager.LayoutShadowNode
09-30 14:04:04.550 15754 15788 W unknown:ViewManagerPropertyUpdater: Could not find generated setter for class org.maplibre.reactnative.components.sources.geojsonsource.MLRNGeoJSONSourceManager
09-30 14:04:04.551 15754 15788 W unknown:ViewManagerPropertyUpdater: Could not find generated setter for class org.maplibre.reactnative.components.annotations.markerview.MLRNMarkerViewManager
09-30 14:04:04.551 15754 15754 W unknown:BridgelessReact: ReactHost{0}.onHostResume(activity)
09-30 14:04:04.551 15754 15788 W unknown:ViewManagerPropertyUpdater: Could not find generated setter for class org.maplibre.reactnative.components.sources.imagesource.MLRNImageSourceManager
09-30 14:04:04.551 15754 15754 W unknown:BridgelessReact: ReactHost{0}.ReactContext.onHostResume()
09-30 14:04:04.552 15754 15788 W unknown:ViewManagerPropertyUpdater: Could not find generated setter for class org.maplibre.reactnative.components.sources.tilesources.rastersource.MLRNRasterSourceManager
09-30 14:04:04.552 15754 15788 W unknown:ViewManagerPropertyUpdater: Could not find generated setter for class org.maplibre.reactnative.components.camera.MLRNCameraManager
09-30 14:04:04.552 15754 15788 W unknown:ViewManagerPropertyUpdater: Could not find generated setter for class org.maplibre.reactnative.components.sources.tilesources.vectorsource.MLRNVectorSourceManager
09-30 14:04:04.553 15754 15788 W unknown:ViewManagerPropertyUpdater: Could not find generated setter for class org.maplibre.reactnative.components.mapview.MLRNMapViewManager
09-30 14:04:04.555 15754 15788 W unknown:ViewManagerPropertyUpdater: Could not find generated setter for class org.maplibre.reactnative.components.mapview.MLRNMapViewManager$MapShadowNode
09-30 14:04:04.555 15754 15788 W unknown:ViewManagerPropertyUpdater: Could not find generated setter for class org.maplibre.reactnative.components.layer.MLRNLayerManager
09-30 14:04:04.556 15754 15788 W unknown:ViewManagerPropertyUpdater: Could not find generated setter for class com.th3rdwave.safeareacontext.SafeAreaViewManager
09-30 14:04:04.557 15754 15788 W unknown:ViewManagerPropertyUpdater: Could not find generated setter for class com.th3rdwave.safeareacontext.SafeAreaViewShadowNode
09-30 14:04:04.557 15754 15788 W unknown:ViewManagerPropertyUpdater: Could not find generated setter for class org.maplibre.reactnative.components.mapview.MLRNAndroidTextureMapViewManager
09-30 14:04:04.557 15754 15788 W unknown:ViewManagerPropertyUpdater: Could not find generated setter for class org.maplibre.reactnative.components.sources.tilesources.rasterdemsource.MLRNRasterDEMSourceManager
09-30 14:04:04.558 15754 15788 W unknown:ViewManagerPropertyUpdater: Could not find generated setter for class org.maplibre.reactnative.components.location.MLRNNativeUserLocationManager
09-30 14:04:04.558 15754 15788 W unknown:ViewManagerPropertyUpdater: Could not find generated setter for class org.maplibre.reactnative.components.annotations.pointannotation.MLRNPointAnnotationManager
09-30 14:04:04.558 15754 15788 W unknown:ViewManagerPropertyUpdater: Could not find generated setter for class org.maplibre.reactnative.components.images.MLRNImagesManager
09-30 14:04:04.559 15754 15788 W unknown:ViewManagerPropertyUpdater: Could not find generated setter for class org.maplibre.reactnative.components.annotations.callout.MLRNCalloutManager
09-30 14:04:04.566 15754 15794 D nativeloader: Load /data/app/~~wm_cT7F1lyqMBe1r6hhRvg==/com.maplibrestartuprepro-rcu6gqdCISzQTjip0e6Xrw==/base.apk!/lib/arm64-v8a/libmaplibre.so using class loader ns clns-9 (caller=/data/app/~~wm_cT7F1lyqMBe1r6hhRvg==/com.maplibrestartuprepro-rcu6gqdCISzQTjip0e6Xrw==/base.apk!classes3.dex): ok
09-30 14:04:04.574 15754 15788 W unknown:ViewManagerPropertyUpdater: Could not find generated setter for class com.facebook.react.views.safeareaview.ReactSafeAreaViewManager
09-30 14:04:04.575 15754 15788 W unknown:ViewManagerPropertyUpdater: Could not find generated setter for class com.facebook.react.views.modal.ReactModalHostManager
09-30 14:04:04.577 15754 15788 W unknown:ViewManagerPropertyUpdater: Could not find generated setter for class com.facebook.react.views.progressbar.ReactProgressBarViewManager
09-30 14:04:04.578 15754 15788 W unknown:ViewManagerPropertyUpdater: Could not find generated setter for class com.facebook.react.views.scroll.ReactHorizontalScrollViewManager
09-30 14:04:04.579 15754 15788 W unknown:ViewManagerPropertyUpdater: Could not find generated setter for class com.facebook.react.views.image.ReactImageManager
09-30 14:04:04.580 15754 15788 W unknown:ViewManagerPropertyUpdater: Could not find generated setter for class com.facebook.react.views.text.ReactTextViewManager
09-30 14:04:04.582 15754 15788 W unknown:ViewManagerPropertyUpdater: Could not find generated setter for class com.facebook.react.views.scroll.ReactHorizontalScrollContainerViewManager
09-30 14:04:04.582 15754 15788 W unknown:ViewManagerPropertyUpdater: Could not find generated setter for class com.facebook.react.views.unimplementedview.ReactUnimplementedViewManager
09-30 14:04:04.583 15754 15788 W unknown:ViewManagerPropertyUpdater: Could not find generated setter for class com.facebook.react.views.scroll.ReactScrollViewManager
09-30 14:04:04.584 15754 15788 W unknown:ViewManagerPropertyUpdater: Could not find generated setter for class com.facebook.react.views.view.ReactViewManager
09-30 14:04:04.585 15754 15788 W unknown:ViewManagerPropertyUpdater: Could not find generated setter for class com.facebook.react.views.drawer.ReactDrawerLayoutManager
09-30 14:04:04.586 15754 15788 W unknown:ViewManagerPropertyUpdater: Could not find generated setter for class com.facebook.react.views.switchview.ReactSwitchManager
09-30 14:04:04.587 15754 15788 W unknown:ViewManagerPropertyUpdater: Could not find generated setter for class com.facebook.react.views.swiperefresh.SwipeRefreshLayoutManager
09-30 14:04:04.587 15754 15754 W unknown:BridgelessReact: ReactHost{0}.ReactContext.onHostResume()
09-30 14:04:04.587 15754 15754 W unknown:BridgelessReact: ReactHost{0}.getOrCreateReactInstanceTask(): Executing ReactInstanceEventListeners
09-30 14:04:04.588 15754 15754 D AndroidRuntime: Shutting down VM
09-30 14:04:04.588 15754 15754 E AndroidRuntime: FATAL EXCEPTION: main
09-30 14:04:04.588 15754 15754 E AndroidRuntime: Process: com.maplibrestartuprepro, PID: 15754
09-30 14:04:04.588 15754 15754 E AndroidRuntime: org.maplibre.android.exceptions.MapLibreConfigurationException: 
09-30 14:04:04.588 15754 15754 E AndroidRuntime: Using MapView requires calling MapLibre.getInstance(Context context, String apiKey, WellKnownTileServer wellKnownTileServer) before inflating or creating the view.
09-30 14:04:04.588 15754 15754 E AndroidRuntime: 	at org.maplibre.android.MapLibre.validateMapLibre(MapLibre.java:261)
09-30 14:04:04.588 15754 15754 E AndroidRuntime: 	at org.maplibre.android.MapLibre.getTileServerOptions(MapLibre.java:164)
09-30 14:04:04.588 15754 15754 E AndroidRuntime: 	at org.maplibre.android.storage.FileSource.<init>(FileSource.java:348)
09-30 14:04:04.588 15754 15754 E AndroidRuntime: 	at org.maplibre.android.storage.FileSource.getInstance(FileSource.java:95)
09-30 14:04:04.588 15754 15754 E AndroidRuntime: 	at org.maplibre.reactnative.modules.MLRNOfflineModule.activateFileSource(MLRNOfflineModule.kt:650)
09-30 14:04:04.588 15754 15754 E AndroidRuntime: 	at org.maplibre.reactnative.modules.MLRNOfflineModule.runMigrations(MLRNOfflineModule.kt:441)
09-30 14:04:04.588 15754 15754 E AndroidRuntime: 	at org.maplibre.reactnative.modules.MLRNOfflineModule.initialize$lambda$0(MLRNOfflineModule.kt:43)
09-30 14:04:04.588 15754 15754 E AndroidRuntime: 	at org.maplibre.reactnative.modules.MLRNOfflineModule$$ExternalSyntheticLambda1.run(D8$$SyntheticClass:0)
09-30 14:04:04.588 15754 15754 E AndroidRuntime: 	at android.os.Handler.handleCallback(Handler.java:1082)
09-30 14:04:04.588 15754 15754 E AndroidRuntime: 	at android.os.Handler.dispatchMessageImpl(Handler.java:135)
09-30 14:04:04.588 15754 15754 E AndroidRuntime: 	at android.os.Handler.dispatchMessage(Handler.java:126)
09-30 14:04:04.588 15754 15754 E AndroidRuntime: 	at android.os.Looper.loopOnce(Looper.java:295)
09-30 14:04:04.588 15754 15754 E AndroidRuntime: 	at android.os.Looper.loop(Looper.java:398)
09-30 14:04:04.588 15754 15754 E AndroidRuntime: 	at android.app.ActivityThread.main(ActivityThread.java:9569)
09-30 14:04:04.588 15754 15754 E AndroidRuntime: 	at java.lang.reflect.Method.invoke(Native Method)
09-30 14:04:04.588 15754 15754 E AndroidRuntime: 	at com.android.internal.os.RuntimeInit$MethodAndArgsCaller.run(RuntimeInit.java:575)
09-30 14:04:04.588 15754 15754 E AndroidRuntime: 	at com.android.internal.os.ZygoteInit.main(ZygoteInit.java:918)
09-30 14:04:04.589 15754 15788 W unknown:ViewManagerPropertyUpdater: Could not find generated setter for class com.facebook.react.views.textinput.ReactTextInputManager
09-30 14:04:04.591 15754 15788 W unknown:ViewManagerPropertyUpdater: Could not find generated setter for class com.facebook.react.views.text.SelectableTextViewManager
09-30 14:04:04.592 15754 15788 W unknown:ViewManagerPropertyUpdater: Could not find generated setter for class com.facebook.react.views.virtual.view.ReactVirtualViewManager
09-30 14:04:04.595 15754 15754 I Process : Sending signal. PID: 15754 SIG: 9
