09-30 14:04:35.896 16807 16807 I libprocessgroup: Created cgroup /sys/fs/cgroup/apps/uid_10884
09-30 14:04:35.897 16807 16807 I libprocessgroup: Created cgroup /sys/fs/cgroup/apps/uid_10884/pid_16807
09-30 14:04:35.903 16807 16807 I Zygote  : Process 16807 created for com.maplibrestartuprepro
09-30 14:04:35.903 16807 16807 I brestartuprepro: Using generational CollectorTypeCMC GC.
09-30 14:04:35.912 16807 16807 D nativeloader: Load libframework-connectivity-tiramisu-jni.so using APEX ns com_android_tethering for caller /apex/com.android.tethering/javalib/framework-connectivity-t.jar: ok
09-30 14:04:35.932 16807 16807 D ApplicationLoaders: Returning zygote-cached class loader: /system_ext/framework/androidx.window.extensions.jar
09-30 14:04:35.932 16807 16807 D ApplicationLoaders: Returning zygote-cached class loader: /system_ext/framework/androidx.window.sidecar.jar
09-30 14:04:35.939 16807 16807 D nativeloader: Configuring clns-9 for other apk /data/app/~~ORzMbnldDuuUCCf4hJjmMg==/com.maplibrestartuprepro-mOkNO8UBopuqpum2JPmlig==/base.apk. target_sdk_version=36, uses_libraries=, library_path=/data/app/~~ORzMbnldDuuUCCf4hJjmMg==/com.maplibrestartuprepro-mOkNO8UBopuqpum2JPmlig==/lib/arm64:/data/app/~~ORzMbnldDuuUCCf4hJjmMg==/com.maplibrestartuprepro-mOkNO8UBopuqpum2JPmlig==/base.apk!/lib/arm64-v8a, permitted_path=/data:/mnt/expand:/data/user/0/com.maplibrestartuprepro
09-30 14:04:35.947 16807 16807 D ActivityThread: Set OS env TMPDIR to /data/user/0/com.maplibrestartuprepro/cache
09-30 14:04:35.948 16807 16807 V GraphicsEnvironment: Currently set values for:
09-30 14:04:35.948 16807 16807 V GraphicsEnvironment:   angle_gl_driver_selection_pkgs=[com.android.angle]
09-30 14:04:35.948 16807 16807 V GraphicsEnvironment:   angle_gl_driver_selection_values=[angle]
09-30 14:04:35.948 16807 16807 V GraphicsEnvironment: com.maplibrestartuprepro is not listed in per-application setting
09-30 14:04:35.948 16807 16807 V GraphicsEnvironment: No special selections for ANGLE, returning default driver choice
09-30 14:04:35.949 16807 16807 V GraphicsEnvironment: Neither updatable production driver nor prerelease driver is supported.
09-30 14:04:35.958 16807 16807 W SoLoader: Initializing SoLoader: 0
09-30 14:04:35.959 16807 16807 W SoLoader: Recording new base apk path: /data/app/~~ORzMbnldDuuUCCf4hJjmMg==/com.maplibrestartuprepro-mOkNO8UBopuqpum2JPmlig==/base.apk
09-30 14:04:35.959 16807 16807 W SoLoader: Previously recorded 0 base apk paths.
09-30 14:04:35.959 16807 16807 I SoLoader: Preparing SO source: DirectorySoSource[root = /vendor/lib64 flags = 2]
09-30 14:04:35.959 16807 16807 I SoLoader: Preparing SO source: DirectorySoSource[root = /system/lib64 flags = 2]
09-30 14:04:35.959 16807 16807 I SoLoader: Preparing SO source: DirectApkSoSource[root = [/data/app/~~ORzMbnldDuuUCCf4hJjmMg==/com.maplibrestartuprepro-mOkNO8UBopuqpum2JPmlig==/base.apk!/lib/arm64-v8a]]
09-30 14:04:35.960 16807 16807 I SoLoader: Preparing SO source: ApplicationSoSource[DirectorySoSource[root = /data/app/~~ORzMbnldDuuUCCf4hJjmMg==/com.maplibrestartuprepro-mOkNO8UBopuqpum2JPmlig==/lib/arm64 flags = 0]]
09-30 14:04:35.960 16807 16807 I SoLoader: init finish: 4 SO sources prepared
09-30 14:04:35.960 16807 16807 W SoLoader: SoLoader initialized: 8
09-30 14:04:35.966 16807 16807 D nativeloader: Load /data/app/~~ORzMbnldDuuUCCf4hJjmMg==/com.maplibrestartuprepro-mOkNO8UBopuqpum2JPmlig==/base.apk!/lib/arm64-v8a/libc++_shared.so using class loader ns clns-9 (caller=/data/app/~~ORzMbnldDuuUCCf4hJjmMg==/com.maplibrestartuprepro-mOkNO8UBopuqpum2JPmlig==/base.apk): ok
09-30 14:04:35.969 16807 16807 D nativeloader: Load /data/app/~~ORzMbnldDuuUCCf4hJjmMg==/com.maplibrestartuprepro-mOkNO8UBopuqpum2JPmlig==/base.apk!/lib/arm64-v8a/libjsi.so using class loader ns clns-9 (caller=/data/app/~~ORzMbnldDuuUCCf4hJjmMg==/com.maplibrestartuprepro-mOkNO8UBopuqpum2JPmlig==/base.apk): ok
09-30 14:04:35.972 16807 16807 D nativeloader: Load /data/app/~~ORzMbnldDuuUCCf4hJjmMg==/com.maplibrestartuprepro-mOkNO8UBopuqpum2JPmlig==/base.apk!/lib/arm64-v8a/libfbjni.so using class loader ns clns-9 (caller=/data/app/~~ORzMbnldDuuUCCf4hJjmMg==/com.maplibrestartuprepro-mOkNO8UBopuqpum2JPmlig==/base.apk): ok
09-30 14:04:35.975 16807 16807 D nativeloader: Load /data/app/~~ORzMbnldDuuUCCf4hJjmMg==/com.maplibrestartuprepro-mOkNO8UBopuqpum2JPmlig==/base.apk!/lib/arm64-v8a/libreactnative.so using class loader ns clns-9 (caller=/data/app/~~ORzMbnldDuuUCCf4hJjmMg==/com.maplibrestartuprepro-mOkNO8UBopuqpum2JPmlig==/base.apk): ok
09-30 14:04:35.975 16807 16807 D jni_lib_merge: Entering merged library JNI_OnLoad.
09-30 14:04:35.975 16807 16807 D jni_lib_merge: Preparing 13 pre-merged libs (including stub)
09-30 14:04:35.975 16807 16807 D jni_lib_merge: Preparing to register libfabricjni_so.  onload_func: 0x75af72eb5c
09-30 14:04:35.975 16807 16807 D jni_lib_merge: Preparing to register libreact_devsupportjni_so.  onload_func: 0x75af8063d0
09-30 14:04:35.975 16807 16807 D jni_lib_merge: Preparing to register libreact_featureflagsjni_so.  onload_func: 0x75af81f64c
09-30 14:04:35.975 16807 16807 D jni_lib_merge: Preparing to register libreact_newarchdefaults_so.  onload_func: 0x75af8611d8
09-30 14:04:35.975 16807 16807 D jni_lib_merge: Preparing to register libreact_tracingjni_so.  onload_func: 0x75af9484cc
09-30 14:04:35.975 16807 16807 D jni_lib_merge: Preparing to register libreactnativeblob_so.  onload_func: 0x75af94d760
09-30 14:04:35.975 16807 16807 D jni_lib_merge: Preparing to register libreactnativejni_so.  onload_func: 0x75af9597f4
09-30 14:04:35.975 16807 16807 D jni_lib_merge: Preparing to register libreactnativejni_common_so.  onload_func: 0x75af95c838
09-30 14:04:35.975 16807 16807 D jni_lib_merge: Preparing to register librninstance_so.  onload_func: 0x75af981f50
09-30 14:04:35.975 16807 16807 D jni_lib_merge: Preparing to register libturbomodulejsijni_so.  onload_func: 0x75afa17f48
09-30 14:04:35.975 16807 16807 D jni_lib_merge: Preparing to register libuimanagerjni_so.  onload_func: 0x75afa1e93c
09-30 14:04:35.975 16807 16807 D jni_lib_merge: Preparing to register libyoga_so.  onload_func: 0x75afa263b8
09-30 14:04:35.975 16807 16807 D jni_lib_merge: About to register 12 actual methods.
09-30 14:04:35.979 16807 16807 D nativeloader: Load /data/app/~~ORzMbnldDuuUCCf4hJjmMg==/com.maplibrestartuprepro-mOkNO8UBopuqpum2JPmlig==/base.apk!/lib/arm64-v8a/libreact_codegen_safeareacontext.so using class loader ns clns-9 (caller=/data/app/~~ORzMbnldDuuUCCf4hJjmMg==/com.maplibrestartuprepro-mOkNO8UBopuqpum2JPmlig==/base.apk): ok
09-30 14:04:35.980 16807 16807 D nativeloader: Load /data/app/~~ORzMbnldDuuUCCf4hJjmMg==/com.maplibrestartuprepro-mOkNO8UBopuqpum2JPmlig==/base.apk!/lib/arm64-v8a/libappmodules.so using class loader ns clns-9 (caller=/data/app/~~ORzMbnldDuuUCCf4hJjmMg==/com.maplibrestartuprepro-mOkNO8UBopuqpum2JPmlig==/base.apk): ok
09-30 14:04:35.986 16807 16825 I DisplayManager: Choreographer implicitly registered for the refresh rate.
09-30 14:04:35.988 16807 16825 D vulkan  : searching for layers in '/data/app/~~ORzMbnldDuuUCCf4hJjmMg==/com.maplibrestartuprepro-mOkNO8UBopuqpum2JPmlig==/lib/arm64'
09-30 14:04:35.988 16807 16825 D vulkan  : searching for layers in '/data/app/~~ORzMbnldDuuUCCf4hJjmMg==/com.maplibrestartuprepro-mOkNO8UBopuqpum2JPmlig==/base.apk!/lib/arm64-v8a'
09-30 14:04:36.002 16807 16807 D AppCompatDelegate: Checking for metadata for AppLocalesMetadataHolderService : Service not found
09-30 14:04:36.015 16807 16807 D CompatChangeReporter: Compat change id reported: 377864165; UID 10884; state: ENABLED
09-30 14:04:36.024 16807 16807 D nativeloader: Load /data/app/~~ORzMbnldDuuUCCf4hJjmMg==/com.maplibrestartuprepro-mOkNO8UBopuqpum2JPmlig==/base.apk!/lib/arm64-v8a/libhermesvm.so using class loader ns clns-9 (caller=/data/app/~~ORzMbnldDuuUCCf4hJjmMg==/com.maplibrestartuprepro-mOkNO8UBopuqpum2JPmlig==/base.apk): ok
09-30 14:04:36.025 16807 16807 D nativeloader: Load /data/app/~~ORzMbnldDuuUCCf4hJjmMg==/com.maplibrestartuprepro-mOkNO8UBopuqpum2JPmlig==/base.apk!/lib/arm64-v8a/libhermestooling.so using class loader ns clns-9 (caller=/data/app/~~ORzMbnldDuuUCCf4hJjmMg==/com.maplibrestartuprepro-mOkNO8UBopuqpum2JPmlig==/base.apk): ok
09-30 14:04:36.025 16807 16807 D jni_lib_merge: Entering merged library JNI_OnLoad.
09-30 14:04:36.025 16807 16807 D jni_lib_merge: Preparing 4 pre-merged libs (including stub)
09-30 14:04:36.025 16807 16807 D jni_lib_merge: Preparing to register libhermes_executor_so.  onload_func: 0x764f75aeec
09-30 14:04:36.025 16807 16807 D jni_lib_merge: Preparing to register libhermesinstancejni_so.  onload_func: 0x764f76269c
09-30 14:04:36.025 16807 16807 D jni_lib_merge: Preparing to register libjsijniprofiler_so.  onload_func: 0x764f762f44
09-30 14:04:36.025 16807 16807 D jni_lib_merge: About to register 3 actual methods.
09-30 14:04:36.039 16807 16807 W unknown:BridgelessReact: ReactHost{0}.startSurface(surfaceId = 0): Schedule
09-30 14:04:36.040 16807 16807 W unknown:BridgelessReact: ReactHost{0}.attachSurface(surfaceId = 0)
09-30 14:04:36.040 16807 16840 W unknown:BridgelessReact: ReactHost{0}.getOrCreateReactInstanceTask()
09-30 14:04:36.041 16807 16840 W unknown:BridgelessReact: ReactHost{0}.getOrCreateReactInstanceTask(): Start
09-30 14:04:36.041 16807 16840 W unknown:BridgelessReact: ReactHost{0}.getJSBundleLoader()
09-30 14:04:36.041 16807 16840 W unknown:BridgelessReact: ReactHost{0}.getOrCreateReactInstanceTask(): Creating BridgelessReactContext
09-30 14:04:36.041 16807 16840 W unknown:BridgelessReact: ReactHost{0}.getOrCreateReactInstanceTask(): Creating ReactInstance
09-30 14:04:36.043 16807 16807 I ContentCaptureHelper: Setting logging level to OFF
09-30 14:04:36.054 16807 16840 W unknown:BridgelessReact: ReactHost{0}.getOrCreateReactInstanceTask(): Loading JS Bundle
09-30 14:04:36.055 16807 16840 W unknown:BridgelessReact: ReactHost{0}.getOrCreateReactInstanceTask(): DevSupportManager.onNewReactContextCreated()
09-30 14:04:36.056 16807 16840 W unknown:BridgelessReact: ReactHost{0}.startSurface(surfaceId = 0): Execute
09-30 14:04:36.057 16807 16841 I ReactNativeJS: [repro] bundle load: calling OfflineManager
09-30 14:04:36.060 16807 16841 I ReactNativeJS: Running "MapLibreStartupRepro"
09-30 14:04:36.063 16807 16807 W unknown:BridgelessReact: ReactHost{0}.onHostResume(activity)
09-30 14:04:36.063 16807 16807 W unknown:BridgelessReact: ReactHost{0}.ReactContext.onHostResume()
09-30 14:04:36.064 16807 16841 W unknown:ViewManagerPropertyUpdater: Could not find generated setter for class com.th3rdwave.safeareacontext.SafeAreaProviderManager
09-30 14:04:36.065 16807 16841 W unknown:ViewManagerPropertyUpdater: Could not find generated setter for class com.facebook.react.uimanager.LayoutShadowNode
09-30 14:04:36.066 16807 16841 W unknown:ViewManagerPropertyUpdater: Could not find generated setter for class org.maplibre.reactnative.components.sources.geojsonsource.MLRNGeoJSONSourceManager
09-30 14:04:36.067 16807 16841 W unknown:ViewManagerPropertyUpdater: Could not find generated setter for class org.maplibre.reactnative.components.annotations.markerview.MLRNMarkerViewManager
09-30 14:04:36.067 16807 16841 W unknown:ViewManagerPropertyUpdater: Could not find generated setter for class org.maplibre.reactnative.components.sources.imagesource.MLRNImageSourceManager
09-30 14:04:36.067 16807 16841 W unknown:ViewManagerPropertyUpdater: Could not find generated setter for class org.maplibre.reactnative.components.sources.tilesources.rastersource.MLRNRasterSourceManager
09-30 14:04:36.068 16807 16841 W unknown:ViewManagerPropertyUpdater: Could not find generated setter for class org.maplibre.reactnative.components.camera.MLRNCameraManager
09-30 14:04:36.068 16807 16841 W unknown:ViewManagerPropertyUpdater: Could not find generated setter for class org.maplibre.reactnative.components.sources.tilesources.vectorsource.MLRNVectorSourceManager
09-30 14:04:36.069 16807 16841 W unknown:ViewManagerPropertyUpdater: Could not find generated setter for class org.maplibre.reactnative.components.mapview.MLRNMapViewManager
09-30 14:04:36.069 16807 16841 W unknown:ViewManagerPropertyUpdater: Could not find generated setter for class org.maplibre.reactnative.components.mapview.MLRNMapViewManager$MapShadowNode
09-30 14:04:36.070 16807 16841 W unknown:ViewManagerPropertyUpdater: Could not find generated setter for class org.maplibre.reactnative.components.layer.MLRNLayerManager
09-30 14:04:36.070 16807 16841 W unknown:ViewManagerPropertyUpdater: Could not find generated setter for class com.th3rdwave.safeareacontext.SafeAreaViewManager
09-30 14:04:36.071 16807 16841 W unknown:ViewManagerPropertyUpdater: Could not find generated setter for class com.th3rdwave.safeareacontext.SafeAreaViewShadowNode
09-30 14:04:36.071 16807 16841 W unknown:ViewManagerPropertyUpdater: Could not find generated setter for class org.maplibre.reactnative.components.mapview.MLRNAndroidTextureMapViewManager
09-30 14:04:36.071 16807 16841 W unknown:ViewManagerPropertyUpdater: Could not find generated setter for class org.maplibre.reactnative.components.sources.tilesources.rasterdemsource.MLRNRasterDEMSourceManager
09-30 14:04:36.071 16807 16841 W unknown:ViewManagerPropertyUpdater: Could not find generated setter for class org.maplibre.reactnative.components.location.MLRNNativeUserLocationManager
09-30 14:04:36.071 16807 16841 W unknown:ViewManagerPropertyUpdater: Could not find generated setter for class org.maplibre.reactnative.components.annotations.pointannotation.MLRNPointAnnotationManager
09-30 14:04:36.072 16807 16841 W unknown:ViewManagerPropertyUpdater: Could not find generated setter for class org.maplibre.reactnative.components.images.MLRNImagesManager
09-30 14:04:36.072 16807 16841 W unknown:ViewManagerPropertyUpdater: Could not find generated setter for class org.maplibre.reactnative.components.annotations.callout.MLRNCalloutManager
09-30 14:04:36.079 16807 16841 W unknown:ViewManagerPropertyUpdater: Could not find generated setter for class com.facebook.react.views.safeareaview.ReactSafeAreaViewManager
09-30 14:04:36.080 16807 16841 W unknown:ViewManagerPropertyUpdater: Could not find generated setter for class com.facebook.react.views.modal.ReactModalHostManager
09-30 14:04:36.081 16807 16842 D nativeloader: Load /data/app/~~ORzMbnldDuuUCCf4hJjmMg==/com.maplibrestartuprepro-mOkNO8UBopuqpum2JPmlig==/base.apk!/lib/arm64-v8a/libmaplibre.so using class loader ns clns-9 (caller=/data/app/~~ORzMbnldDuuUCCf4hJjmMg==/com.maplibrestartuprepro-mOkNO8UBopuqpum2JPmlig==/base.apk!classes3.dex): ok
09-30 14:04:36.081 16807 16841 W unknown:ViewManagerPropertyUpdater: Could not find generated setter for class com.facebook.react.views.progressbar.ReactProgressBarViewManager
09-30 14:04:36.082 16807 16841 W unknown:ViewManagerPropertyUpdater: Could not find generated setter for class com.facebook.react.views.scroll.ReactHorizontalScrollViewManager
09-30 14:04:36.084 16807 16841 W unknown:ViewManagerPropertyUpdater: Could not find generated setter for class com.facebook.react.views.image.ReactImageManager
09-30 14:04:36.085 16807 16841 W unknown:ViewManagerPropertyUpdater: Could not find generated setter for class com.facebook.react.views.text.ReactTextViewManager
09-30 14:04:36.086 16807 16841 W unknown:ViewManagerPropertyUpdater: Could not find generated setter for class com.facebook.react.views.scroll.ReactHorizontalScrollContainerViewManager
09-30 14:04:36.087 16807 16841 W unknown:ViewManagerPropertyUpdater: Could not find generated setter for class com.facebook.react.views.unimplementedview.ReactUnimplementedViewManager
09-30 14:04:36.088 16807 16841 W unknown:ViewManagerPropertyUpdater: Could not find generated setter for class com.facebook.react.views.scroll.ReactScrollViewManager
09-30 14:04:36.089 16807 16841 W unknown:ViewManagerPropertyUpdater: Could not find generated setter for class com.facebook.react.views.view.ReactViewManager
09-30 14:04:36.089 16807 16841 W unknown:ViewManagerPropertyUpdater: Could not find generated setter for class com.facebook.react.views.drawer.ReactDrawerLayoutManager
09-30 14:04:36.090 16807 16841 W unknown:ViewManagerPropertyUpdater: Could not find generated setter for class com.facebook.react.views.switchview.ReactSwitchManager
09-30 14:04:36.092 16807 16841 W unknown:ViewManagerPropertyUpdater: Could not find generated setter for class com.facebook.react.views.swiperefresh.SwipeRefreshLayoutManager
09-30 14:04:36.093 16807 16841 W unknown:ViewManagerPropertyUpdater: Could not find generated setter for class com.facebook.react.views.textinput.ReactTextInputManager
09-30 14:04:36.094 16807 16841 W unknown:ViewManagerPropertyUpdater: Could not find generated setter for class com.facebook.react.views.text.SelectableTextViewManager
09-30 14:04:36.095 16807 16841 W unknown:ViewManagerPropertyUpdater: Could not find generated setter for class com.facebook.react.views.virtual.view.ReactVirtualViewManager
09-30 14:04:36.101 16807 16841 I HWUI    : Using FreeType backend (prop=Auto)
09-30 14:04:36.123 16807 16842 W unknown:BridgelessReact: ReactHost{0}.handleHostException(message = "
09-30 14:04:36.123 16807 16842 W unknown:BridgelessReact: Using MapView requires calling MapLibre.getInstance(Context context, String apiKey, WellKnownTileServer wellKnownTileServer) before inflating or creating the view.")
09-30 14:04:36.123 16807 16842 E AndroidRuntime: FATAL EXCEPTION: mqt_v_native
09-30 14:04:36.123 16807 16842 E AndroidRuntime: Process: com.maplibrestartuprepro, PID: 16807
09-30 14:04:36.123 16807 16842 E AndroidRuntime: org.maplibre.android.exceptions.MapLibreConfigurationException: 
09-30 14:04:36.123 16807 16842 E AndroidRuntime: Using MapView requires calling MapLibre.getInstance(Context context, String apiKey, WellKnownTileServer wellKnownTileServer) before inflating or creating the view.
09-30 14:04:36.123 16807 16842 E AndroidRuntime: 	at org.maplibre.android.MapLibre.validateMapLibre(MapLibre.java:261)
09-30 14:04:36.123 16807 16842 E AndroidRuntime: 	at org.maplibre.android.MapLibre.getTileServerOptions(MapLibre.java:164)
09-30 14:04:36.123 16807 16842 E AndroidRuntime: 	at org.maplibre.android.storage.FileSource.<init>(FileSource.java:348)
09-30 14:04:36.123 16807 16842 E AndroidRuntime: 	at org.maplibre.android.storage.FileSource.getInstance(FileSource.java:95)
09-30 14:04:36.123 16807 16842 E AndroidRuntime: 	at org.maplibre.android.offline.OfflineManager.<init>(OfflineManager.kt:133)
09-30 14:04:36.123 16807 16842 E AndroidRuntime: 	at org.maplibre.android.offline.OfflineManager.<init>(OfflineManager.kt:0)
09-30 14:04:36.123 16807 16842 E AndroidRuntime: 	at org.maplibre.android.offline.OfflineManager$Companion.getInstance(OfflineManager.kt:653)
09-30 14:04:36.123 16807 16842 E AndroidRuntime: 	at org.maplibre.reactnative.modules.MLRNOfflineModule.setTileCountLimit(MLRNOfflineModule.kt:412)
09-30 14:04:36.123 16807 16842 E AndroidRuntime: 	at com.facebook.jni.NativeRunnable.run(Native Method)
09-30 14:04:36.123 16807 16842 E AndroidRuntime: 	at android.os.Handler.handleCallback(Handler.java:1082)
09-30 14:04:36.123 16807 16842 E AndroidRuntime: 	at android.os.Handler.dispatchMessageImpl(Handler.java:135)
09-30 14:04:36.123 16807 16842 E AndroidRuntime: 	at android.os.Handler.dispatchMessage(Handler.java:126)
09-30 14:04:36.123 16807 16842 E AndroidRuntime: 	at com.facebook.react.bridge.queue.MessageQueueThreadHandler.dispatchMessage(MessageQueueThreadHandler.kt:21)
09-30 14:04:36.123 16807 16842 E AndroidRuntime: 	at android.os.Looper.loopOnce(Looper.java:295)
09-30 14:04:36.123 16807 16842 E AndroidRuntime: 	at android.os.Looper.loop(Looper.java:398)
09-30 14:04:36.123 16807 16842 E AndroidRuntime: 	at com.facebook.react.bridge.queue.MessageQueueThreadImpl$Companion.startNewBackgroundThread$lambda$0(MessageQueueThreadImpl.kt:152)
09-30 14:04:36.123 16807 16842 E AndroidRuntime: 	at com.facebook.react.bridge.queue.MessageQueueThreadImpl$Companion$$ExternalSyntheticLambda0.run(D8$$SyntheticClass:0)
09-30 14:04:36.123 16807 16842 E AndroidRuntime: 	at java.lang.Thread.run(Thread.java:1571)
09-30 14:04:36.144 16807 16842 I Process : Sending signal. PID: 16807 SIG: 9
