09-30 14:03:53.009 15287 15287 I libprocessgroup: Created cgroup /sys/fs/cgroup/apps/uid_10881
09-30 14:03:53.011 15287 15287 I libprocessgroup: Created cgroup /sys/fs/cgroup/apps/uid_10881/pid_15287
09-30 14:03:53.018 15287 15287 I Zygote  : Process 15287 created for com.maplibrestartuprepro
09-30 14:03:53.018 15287 15287 I brestartuprepro: Using generational CollectorTypeCMC GC.
09-30 14:03:53.023 15287 15287 D nativeloader: Load libframework-connectivity-tiramisu-jni.so using APEX ns com_android_tethering for caller /apex/com.android.tethering/javalib/framework-connectivity-t.jar: ok
09-30 14:03:53.034 15287 15287 D ApplicationLoaders: Returning zygote-cached class loader: /system_ext/framework/androidx.window.extensions.jar
09-30 14:03:53.034 15287 15287 D ApplicationLoaders: Returning zygote-cached class loader: /system_ext/framework/androidx.window.sidecar.jar
09-30 14:03:53.036 15287 15287 D nativeloader: Configuring clns-9 for other apk /data/app/~~Mh3Q2qdVsb0Qw6NptKAgVw==/com.maplibrestartuprepro-kwJ7rbXS3Z-e2DEDbTOx2g==/base.apk. target_sdk_version=36, uses_libraries=, library_path=/data/app/~~Mh3Q2qdVsb0Qw6NptKAgVw==/com.maplibrestartuprepro-kwJ7rbXS3Z-e2DEDbTOx2g==/lib/arm64:/data/app/~~Mh3Q2qdVsb0Qw6NptKAgVw==/com.maplibrestartuprepro-kwJ7rbXS3Z-e2DEDbTOx2g==/base.apk!/lib/arm64-v8a, permitted_path=/data:/mnt/expand:/data/user/0/com.maplibrestartuprepro
09-30 14:03:53.040 15287 15287 D ActivityThread: Set OS env TMPDIR to /data/user/0/com.maplibrestartuprepro/cache
09-30 14:03:53.041 15287 15287 V GraphicsEnvironment: Currently set values for:
09-30 14:03:53.041 15287 15287 V GraphicsEnvironment:   angle_gl_driver_selection_pkgs=[com.android.angle]
09-30 14:03:53.041 15287 15287 V GraphicsEnvironment:   angle_gl_driver_selection_values=[angle]
09-30 14:03:53.041 15287 15287 V GraphicsEnvironment: com.maplibrestartuprepro is not listed in per-application setting
09-30 14:03:53.041 15287 15287 V GraphicsEnvironment: No special selections for ANGLE, returning default driver choice
09-30 14:03:53.042 15287 15287 V GraphicsEnvironment: Neither updatable production driver nor prerelease driver is supported.
09-30 14:03:53.051 15287 15287 W SoLoader: Initializing SoLoader: 0
09-30 14:03:53.051 15287 15287 W SoLoader: Recording new base apk path: /data/app/~~Mh3Q2qdVsb0Qw6NptKAgVw==/com.maplibrestartuprepro-kwJ7rbXS3Z-e2DEDbTOx2g==/base.apk
09-30 14:03:53.051 15287 15287 W SoLoader: Previously recorded 0 base apk paths.
09-30 14:03:53.052 15287 15287 I SoLoader: Preparing SO source: DirectorySoSource[root = /vendor/lib64 flags = 2]
09-30 14:03:53.052 15287 15287 I SoLoader: Preparing SO source: DirectorySoSource[root = /system/lib64 flags = 2]
09-30 14:03:53.052 15287 15287 I SoLoader: Preparing SO source: DirectApkSoSource[root = [/data/app/~~Mh3Q2qdVsb0Qw6NptKAgVw==/com.maplibrestartuprepro-kwJ7rbXS3Z-e2DEDbTOx2g==/base.apk!/lib/arm64-v8a]]
09-30 14:03:53.053 15287 15287 I SoLoader: Preparing SO source: ApplicationSoSource[DirectorySoSource[root = /data/app/~~Mh3Q2qdVsb0Qw6NptKAgVw==/com.maplibrestartuprepro-kwJ7rbXS3Z-e2DEDbTOx2g==/lib/arm64 flags = 0]]
09-30 14:03:53.053 15287 15287 I SoLoader: init finish: 4 SO sources prepared
09-30 14:03:53.053 15287 15287 W SoLoader: SoLoader initialized: 8
09-30 14:03:53.059 15287 15287 D nativeloader: Load /data/app/~~Mh3Q2qdVsb0Qw6NptKAgVw==/com.maplibrestartuprepro-kwJ7rbXS3Z-e2DEDbTOx2g==/base.apk!/lib/arm64-v8a/libc++_shared.so using class loader ns clns-9 (caller=/data/app/~~Mh3Q2qdVsb0Qw6NptKAgVw==/com.maplibrestartuprepro-kwJ7rbXS3Z-e2DEDbTOx2g==/base.apk): ok
09-30 14:03:53.061 15287 15287 D nativeloader: Load /data/app/~~Mh3Q2qdVsb0Qw6NptKAgVw==/com.maplibrestartuprepro-kwJ7rbXS3Z-e2DEDbTOx2g==/base.apk!/lib/arm64-v8a/libjsi.so using class loader ns clns-9 (caller=/data/app/~~Mh3Q2qdVsb0Qw6NptKAgVw==/com.maplibrestartuprepro-kwJ7rbXS3Z-e2DEDbTOx2g==/base.apk): ok
09-30 14:03:53.063 15287 15287 D nativeloader: Load /data/app/~~Mh3Q2qdVsb0Qw6NptKAgVw==/com.maplibrestartuprepro-kwJ7rbXS3Z-e2DEDbTOx2g==/base.apk!/lib/arm64-v8a/libfbjni.so using class loader ns clns-9 (caller=/data/app/~~Mh3Q2qdVsb0Qw6NptKAgVw==/com.maplibrestartuprepro-kwJ7rbXS3Z-e2DEDbTOx2g==/base.apk): ok
09-30 14:03:53.066 15287 15287 D nativeloader: Load /data/app/~~Mh3Q2qdVsb0Qw6NptKAgVw==/com.maplibrestartuprepro-kwJ7rbXS3Z-e2DEDbTOx2g==/base.apk!/lib/arm64-v8a/libreactnative.so using class loader ns clns-9 (caller=/data/app/~~Mh3Q2qdVsb0Qw6NptKAgVw==/com.maplibrestartuprepro-kwJ7rbXS3Z-e2DEDbTOx2g==/base.apk): ok
09-30 14:03:53.066 15287 15287 D jni_lib_merge: Entering merged library JNI_OnLoad.
09-30 14:03:53.066 15287 15287 D jni_lib_merge: Preparing 13 pre-merged libs (including stub)
09-30 14:03:53.066 15287 15287 D jni_lib_merge: Preparing to register libfabricjni_so.  onload_func: 0x75aac42b5c
09-30 14:03:53.066 15287 15287 D jni_lib_merge: Preparing to register libreact_devsupportjni_so.  onload_func: 0x75aad1a3d0
09-30 14:03:53.066 15287 15287 D jni_lib_merge: Preparing to register libreact_featureflagsjni_so.  onload_func: 0x75aad3364c
09-30 14:03:53.066 15287 15287 D jni_lib_merge: Preparing to register libreact_newarchdefaults_so.  onload_func: 0x75aad751d8
09-30 14:03:53.066 15287 15287 D jni_lib_merge: Preparing to register libreact_tracingjni_so.  onload_func: 0x75aae5c4cc
09-30 14:03:53.066 15287 15287 D jni_lib_merge: Preparing to register libreactnativeblob_so.  onload_func: 0x75aae61760
09-30 14:03:53.066 15287 15287 D jni_lib_merge: Preparing to register libreactnativejni_so.  onload_func: 0x75aae6d7f4
09-30 14:03:53.066 15287 15287 D jni_lib_merge: Preparing to register libreactnativejni_common_so.  onload_func: 0x75aae70838
09-30 14:03:53.066 15287 15287 D jni_lib_merge: Preparing to register librninstance_so.  onload_func: 0x75aae95f50
09-30 14:03:53.066 15287 15287 D jni_lib_merge: Preparing to register libturbomodulejsijni_so.  onload_func: 0x75aaf2bf48
09-30 14:03:53.066 15287 15287 D jni_lib_merge: Preparing to register libuimanagerjni_so.  onload_func: 0x75aaf3293c
09-30 14:03:53.066 15287 15287 D jni_lib_merge: Preparing to register libyoga_so.  onload_func: 0x75aaf3a3b8
09-30 14:03:53.066 15287 15287 D jni_lib_merge: About to register 12 actual methods.
09-30 14:03:53.070 15287 15287 D nativeloader: Load /data/app/~~Mh3Q2qdVsb0Qw6NptKAgVw==/com.maplibrestartuprepro-kwJ7rbXS3Z-e2DEDbTOx2g==/base.apk!/lib/arm64-v8a/libreact_codegen_safeareacontext.so using class loader ns clns-9 (caller=/data/app/~~Mh3Q2qdVsb0Qw6NptKAgVw==/com.maplibrestartuprepro-kwJ7rbXS3Z-e2DEDbTOx2g==/base.apk): ok
09-30 14:03:53.071 15287 15287 D nativeloader: Load /data/app/~~Mh3Q2qdVsb0Qw6NptKAgVw==/com.maplibrestartuprepro-kwJ7rbXS3Z-e2DEDbTOx2g==/base.apk!/lib/arm64-v8a/libappmodules.so using class loader ns clns-9 (caller=/data/app/~~Mh3Q2qdVsb0Qw6NptKAgVw==/com.maplibrestartuprepro-kwJ7rbXS3Z-e2DEDbTOx2g==/base.apk): ok
09-30 14:03:53.077 15287 15300 I DisplayManager: Choreographer implicitly registered for the refresh rate.
09-30 14:03:53.078 15287 15300 D vulkan  : searching for layers in '/data/app/~~Mh3Q2qdVsb0Qw6NptKAgVw==/com.maplibrestartuprepro-kwJ7rbXS3Z-e2DEDbTOx2g==/lib/arm64'
09-30 14:03:53.078 15287 15300 D vulkan  : searching for layers in '/data/app/~~Mh3Q2qdVsb0Qw6NptKAgVw==/com.maplibrestartuprepro-kwJ7rbXS3Z-e2DEDbTOx2g==/base.apk!/lib/arm64-v8a'
09-30 14:03:53.087 15287 15287 D AppCompatDelegate: Checking for metadata for AppLocalesMetadataHolderService : Service not found
09-30 14:03:53.098 15287 15287 D CompatChangeReporter: Compat change id reported: 377864165; UID 10881; state: ENABLED
09-30 14:03:53.105 15287 15287 D nativeloader: Load /data/app/~~Mh3Q2qdVsb0Qw6NptKAgVw==/com.maplibrestartuprepro-kwJ7rbXS3Z-e2DEDbTOx2g==/base.apk!/lib/arm64-v8a/libhermesvm.so using class loader ns clns-9 (caller=/data/app/~~Mh3Q2qdVsb0Qw6NptKAgVw==/com.maplibrestartuprepro-kwJ7rbXS3Z-e2DEDbTOx2g==/base.apk): ok
09-30 14:03:53.106 15287 15287 D nativeloader: Load /data/app/~~Mh3Q2qdVsb0Qw6NptKAgVw==/com.maplibrestartuprepro-kwJ7rbXS3Z-e2DEDbTOx2g==/base.apk!/lib/arm64-v8a/libhermestooling.so using class loader ns clns-9 (caller=/data/app/~~Mh3Q2qdVsb0Qw6NptKAgVw==/com.maplibrestartuprepro-kwJ7rbXS3Z-e2DEDbTOx2g==/base.apk): ok
09-30 14:03:53.106 15287 15287 D jni_lib_merge: Entering merged library JNI_OnLoad.
09-30 14:03:53.106 15287 15287 D jni_lib_merge: Preparing 4 pre-merged libs (including stub)
09-30 14:03:53.106 15287 15287 D jni_lib_merge: Preparing to register libhermes_executor_so.  onload_func: 0x764f76ceec
09-30 14:03:53.106 15287 15287 D jni_lib_merge: Preparing to register libhermesinstancejni_so.  onload_func: 0x764f77469c
09-30 14:03:53.106 15287 15287 D jni_lib_merge: Preparing to register libjsijniprofiler_so.  onload_func: 0x764f774f44
09-30 14:03:53.106 15287 15287 D jni_lib_merge: About to register 3 actual methods.
09-30 14:03:53.114 15287 15287 W unknown:BridgelessReact: ReactHost{0}.startSurface(surfaceId = 0): Schedule
09-30 14:03:53.114 15287 15287 W unknown:BridgelessReact: ReactHost{0}.attachSurface(surfaceId = 0)
09-30 14:03:53.114 15287 15309 W unknown:BridgelessReact: ReactHost{0}.getOrCreateReactInstanceTask()
09-30 14:03:53.115 15287 15309 W unknown:BridgelessReact: ReactHost{0}.getOrCreateReactInstanceTask(): Start
09-30 14:03:53.115 15287 15309 W unknown:BridgelessReact: ReactHost{0}.getJSBundleLoader()
09-30 14:03:53.115 15287 15309 W unknown:BridgelessReact: ReactHost{0}.getOrCreateReactInstanceTask(): Creating BridgelessReactContext
09-30 14:03:53.115 15287 15309 W unknown:BridgelessReact: ReactHost{0}.getOrCreateReactInstanceTask(): Creating ReactInstance
09-30 14:03:53.117 15287 15287 I ContentCaptureHelper: Setting logging level to OFF
09-30 14:03:53.127 15287 15287 W unknown:BridgelessReact: ReactHost{0}.onHostResume(activity)
09-30 14:03:53.127 15287 15287 W unknown:BridgelessReact: ReactHost{0}.ReactContext.onHostResume()
09-30 14:03:53.129 15287 15309 W unknown:BridgelessReact: ReactHost{0}.getOrCreateReactInstanceTask(): Loading JS Bundle
09-30 14:03:53.130 15287 15309 W unknown:BridgelessReact: ReactHost{0}.getOrCreateReactInstanceTask(): DevSupportManager.onNewReactContextCreated()
09-30 14:03:53.130 15287 15309 W unknown:BridgelessReact: ReactHost{0}.startSurface(surfaceId = 0): Execute
09-30 14:03:53.137 15287 15310 I ReactNativeJS: [repro] bundle load: calling OfflineManager
09-30 14:03:53.138 15287 15310 I ReactNativeJS: Running "MapLibreStartupRepro"
09-30 14:03:53.141 15287 15310 W unknown:ViewManagerPropertyUpdater: Could not find generated setter for class com.th3rdwave.safeareacontext.SafeAreaProviderManager
09-30 14:03:53.143 15287 15310 W unknown:ViewManagerPropertyUpdater: Could not find generated setter for class com.facebook.react.uimanager.LayoutShadowNode
09-30 14:03:53.143 15287 15310 W unknown:ViewManagerPropertyUpdater: Could not find generated setter for class org.maplibre.reactnative.components.sources.geojsonsource.MLRNGeoJSONSourceManager
09-30 14:03:53.145 15287 15310 W unknown:ViewManagerPropertyUpdater: Could not find generated setter for class org.maplibre.reactnative.components.annotations.markerview.MLRNMarkerViewManager
09-30 14:03:53.145 15287 15310 W unknown:ViewManagerPropertyUpdater: Could not find generated setter for class org.maplibre.reactnative.components.sources.imagesource.MLRNImageSourceManager
09-30 14:03:53.145 15287 15310 W unknown:ViewManagerPropertyUpdater: Could not find generated setter for class org.maplibre.reactnative.components.sources.tilesources.rastersource.MLRNRasterSourceManager
09-30 14:03:53.146 15287 15310 W unknown:ViewManagerPropertyUpdater: Could not find generated setter for class org.maplibre.reactnative.components.camera.MLRNCameraManager
09-30 14:03:53.146 15287 15310 W unknown:ViewManagerPropertyUpdater: Could not find generated setter for class org.maplibre.reactnative.components.sources.tilesources.vectorsource.MLRNVectorSourceManager
09-30 14:03:53.146 15287 15310 W unknown:ViewManagerPropertyUpdater: Could not find generated setter for class org.maplibre.reactnative.components.mapview.MLRNMapViewManager
09-30 14:03:53.147 15287 15310 W unknown:ViewManagerPropertyUpdater: Could not find generated setter for class org.maplibre.reactnative.components.mapview.MLRNMapViewManager$MapShadowNode
09-30 14:03:53.147 15287 15310 W unknown:ViewManagerPropertyUpdater: Could not find generated setter for class org.maplibre.reactnative.components.layer.MLRNLayerManager
09-30 14:03:53.148 15287 15310 W unknown:ViewManagerPropertyUpdater: Could not find generated setter for class com.th3rdwave.safeareacontext.SafeAreaViewManager
09-30 14:03:53.148 15287 15310 W unknown:ViewManagerPropertyUpdater: Could not find generated setter for class com.th3rdwave.safeareacontext.SafeAreaViewShadowNode
09-30 14:03:53.148 15287 15310 W unknown:ViewManagerPropertyUpdater: Could not find generated setter for class org.maplibre.reactnative.components.mapview.MLRNAndroidTextureMapViewManager
09-30 14:03:53.149 15287 15310 W unknown:ViewManagerPropertyUpdater: Could not find generated setter for class org.maplibre.reactnative.components.sources.tilesources.rasterdemsource.MLRNRasterDEMSourceManager
09-30 14:03:53.149 15287 15310 W unknown:ViewManagerPropertyUpdater: Could not find generated setter for class org.maplibre.reactnative.components.location.MLRNNativeUserLocationManager
09-30 14:03:53.149 15287 15310 W unknown:ViewManagerPropertyUpdater: Could not find generated setter for class org.maplibre.reactnative.components.annotations.pointannotation.MLRNPointAnnotationManager
09-30 14:03:53.149 15287 15310 W unknown:ViewManagerPropertyUpdater: Could not find generated setter for class org.maplibre.reactnative.components.images.MLRNImagesManager
09-30 14:03:53.150 15287 15310 W unknown:ViewManagerPropertyUpdater: Could not find generated setter for class org.maplibre.reactnative.components.annotations.callout.MLRNCalloutManager
09-30 14:03:53.150 15287 15287 W unknown:BridgelessReact: ReactHost{0}.ReactContext.onHostResume()
09-30 14:03:53.150 15287 15287 W unknown:BridgelessReact: ReactHost{0}.getOrCreateReactInstanceTask(): Executing ReactInstanceEventListeners
09-30 14:03:53.151 15287 15311 D nativeloader: Load /data/app/~~Mh3Q2qdVsb0Qw6NptKAgVw==/com.maplibrestartuprepro-kwJ7rbXS3Z-e2DEDbTOx2g==/base.apk!/lib/arm64-v8a/libmaplibre.so using class loader ns clns-9 (caller=/data/app/~~Mh3Q2qdVsb0Qw6NptKAgVw==/com.maplibrestartuprepro-kwJ7rbXS3Z-e2DEDbTOx2g==/base.apk!classes3.dex): ok
09-30 14:03:53.154 15287 15287 D AndroidRuntime: Shutting down VM
09-30 14:03:53.155 15287 15287 E AndroidRuntime: FATAL EXCEPTION: main
09-30 14:03:53.155 15287 15287 E AndroidRuntime: Process: com.maplibrestartuprepro, PID: 15287
09-30 14:03:53.155 15287 15287 E AndroidRuntime: org.maplibre.android.exceptions.MapLibreConfigurationException: 
09-30 14:03:53.155 15287 15287 E AndroidRuntime: Using MapView requires calling MapLibre.getInstance(Context context, String apiKey, WellKnownTileServer wellKnownTileServer) before inflating or creating the view.
09-30 14:03:53.155 15287 15287 E AndroidRuntime: 	at org.maplibre.android.MapLibre.validateMapLibre(MapLibre.java:261)
09-30 14:03:53.155 15287 15287 E AndroidRuntime: 	at org.maplibre.android.MapLibre.getTileServerOptions(MapLibre.java:164)
09-30 14:03:53.155 15287 15287 E AndroidRuntime: 	at org.maplibre.android.storage.FileSource.<init>(FileSource.java:348)
09-30 14:03:53.155 15287 15287 E AndroidRuntime: 	at org.maplibre.android.storage.FileSource.getInstance(FileSource.java:95)
09-30 14:03:53.155 15287 15287 E AndroidRuntime: 	at org.maplibre.reactnative.modules.MLRNOfflineModule.activateFileSource(MLRNOfflineModule.kt:650)
09-30 14:03:53.155 15287 15287 E AndroidRuntime: 	at org.maplibre.reactnative.modules.MLRNOfflineModule.runMigrations(MLRNOfflineModule.kt:441)
09-30 14:03:53.155 15287 15287 E AndroidRuntime: 	at org.maplibre.reactnative.modules.MLRNOfflineModule.initialize$lambda$0(MLRNOfflineModule.kt:43)
09-30 14:03:53.155 15287 15287 E AndroidRuntime: 	at org.maplibre.reactnative.modules.MLRNOfflineModule$$ExternalSyntheticLambda1.run(D8$$SyntheticClass:0)
09-30 14:03:53.155 15287 15287 E AndroidRuntime: 	at android.os.Handler.handleCallback(Handler.java:1082)
09-30 14:03:53.155 15287 15287 E AndroidRuntime: 	at android.os.Handler.dispatchMessageImpl(Handler.java:135)
09-30 14:03:53.155 15287 15287 E AndroidRuntime: 	at android.os.Handler.dispatchMessage(Handler.java:126)
09-30 14:03:53.155 15287 15287 E AndroidRuntime: 	at android.os.Looper.loopOnce(Looper.java:295)
09-30 14:03:53.155 15287 15287 E AndroidRuntime: 	at android.os.Looper.loop(Looper.java:398)
09-30 14:03:53.155 15287 15287 E AndroidRuntime: 	at android.app.ActivityThread.main(ActivityThread.java:9569)
09-30 14:03:53.155 15287 15287 E AndroidRuntime: 	at java.lang.reflect.Method.invoke(Native Method)
09-30 14:03:53.155 15287 15287 E AndroidRuntime: 	at com.android.internal.os.RuntimeInit$MethodAndArgsCaller.run(RuntimeInit.java:575)
09-30 14:03:53.155 15287 15287 E AndroidRuntime: 	at com.android.internal.os.ZygoteInit.main(ZygoteInit.java:918)
09-30 14:03:53.158 15287 15310 W unknown:ViewManagerPropertyUpdater: Could not find generated setter for class com.facebook.react.views.safeareaview.ReactSafeAreaViewManager
09-30 14:03:53.160 15287 15310 W unknown:ViewManagerPropertyUpdater: Could not find generated setter for class com.facebook.react.views.modal.ReactModalHostManager
09-30 14:03:53.161 15287 15310 W unknown:ViewManagerPropertyUpdater: Could not find generated setter for class com.facebook.react.views.progressbar.ReactProgressBarViewManager
09-30 14:03:53.163 15287 15310 W unknown:ViewManagerPropertyUpdater: Could not find generated setter for class com.facebook.react.views.scroll.ReactHorizontalScrollViewManager
09-30 14:03:53.165 15287 15310 W unknown:ViewManagerPropertyUpdater: Could not find generated setter for class com.facebook.react.views.image.ReactImageManager
09-30 14:03:53.165 15287 15287 I Process : Sending signal. PID: 15287 SIG: 9
