09-30 14:03:02.579 13423 13423 I libprocessgroup: Created cgroup /sys/fs/cgroup/apps/uid_10877
09-30 14:03:02.580 13423 13423 I libprocessgroup: Created cgroup /sys/fs/cgroup/apps/uid_10877/pid_13423
09-30 14:03:02.586 13423 13423 I Zygote  : Process 13423 created for com.maplibrestartuprepro
09-30 14:03:02.586 13423 13423 I brestartuprepro: Using generational CollectorTypeCMC GC.
09-30 14:03:02.591 13423 13423 D nativeloader: Load libframework-connectivity-tiramisu-jni.so using APEX ns com_android_tethering for caller /apex/com.android.tethering/javalib/framework-connectivity-t.jar: ok
09-30 14:03:02.611 13423 13423 D ApplicationLoaders: Returning zygote-cached class loader: /system_ext/framework/androidx.window.extensions.jar
09-30 14:03:02.611 13423 13423 D ApplicationLoaders: Returning zygote-cached class loader: /system_ext/framework/androidx.window.sidecar.jar
09-30 14:03:02.614 13423 13423 D nativeloader: Configuring clns-9 for other apk /data/app/~~QzEtUzDHo2O3mftxWBd7mg==/com.maplibrestartuprepro-zvvzpp-DoEMJPZrmaBGjKQ==/base.apk. target_sdk_version=36, uses_libraries=, library_path=/data/app/~~QzEtUzDHo2O3mftxWBd7mg==/com.maplibrestartuprepro-zvvzpp-DoEMJPZrmaBGjKQ==/lib/arm64:/data/app/~~QzEtUzDHo2O3mftxWBd7mg==/com.maplibrestartuprepro-zvvzpp-DoEMJPZrmaBGjKQ==/base.apk!/lib/arm64-v8a, permitted_path=/data:/mnt/expand:/data/user/0/com.maplibrestartuprepro
09-30 14:03:02.625 13423 13423 D ActivityThread: Set OS env TMPDIR to /data/user/0/com.maplibrestartuprepro/cache
09-30 14:03:02.627 13423 13423 V GraphicsEnvironment: Currently set values for:
09-30 14:03:02.627 13423 13423 V GraphicsEnvironment:   angle_gl_driver_selection_pkgs=[com.android.angle]
09-30 14:03:02.627 13423 13423 V GraphicsEnvironment:   angle_gl_driver_selection_values=[angle]
09-30 14:03:02.627 13423 13423 V GraphicsEnvironment: com.maplibrestartuprepro is not listed in per-application setting
09-30 14:03:02.628 13423 13423 V GraphicsEnvironment: No special selections for ANGLE, returning default driver choice
09-30 14:03:02.629 13423 13423 V GraphicsEnvironment: Neither updatable production driver nor prerelease driver is supported.
09-30 14:03:02.637 13423 13423 W SoLoader: Initializing SoLoader: 0
09-30 14:03:02.637 13423 13423 W SoLoader: Recording new base apk path: /data/app/~~QzEtUzDHo2O3mftxWBd7mg==/com.maplibrestartuprepro-zvvzpp-DoEMJPZrmaBGjKQ==/base.apk
09-30 14:03:02.637 13423 13423 W SoLoader: Previously recorded 0 base apk paths.
09-30 14:03:02.638 13423 13423 I SoLoader: Preparing SO source: DirectorySoSource[root = /vendor/lib64 flags = 2]
09-30 14:03:02.638 13423 13423 I SoLoader: Preparing SO source: DirectorySoSource[root = /system/lib64 flags = 2]
09-30 14:03:02.638 13423 13423 I SoLoader: Preparing SO source: DirectApkSoSource[root = [/data/app/~~QzEtUzDHo2O3mftxWBd7mg==/com.maplibrestartuprepro-zvvzpp-DoEMJPZrmaBGjKQ==/base.apk!/lib/arm64-v8a]]
09-30 14:03:02.639 13423 13423 I SoLoader: Preparing SO source: ApplicationSoSource[DirectorySoSource[root = /data/app/~~QzEtUzDHo2O3mftxWBd7mg==/com.maplibrestartuprepro-zvvzpp-DoEMJPZrmaBGjKQ==/lib/arm64 flags = 0]]
09-30 14:03:02.639 13423 13423 I SoLoader: init finish: 4 SO sources prepared
09-30 14:03:02.639 13423 13423 W SoLoader: SoLoader initialized: 8
09-30 14:03:02.645 13423 13423 D nativeloader: Load /data/app/~~QzEtUzDHo2O3mftxWBd7mg==/com.maplibrestartuprepro-zvvzpp-DoEMJPZrmaBGjKQ==/base.apk!/lib/arm64-v8a/libc++_shared.so using class loader ns clns-9 (caller=/data/app/~~QzEtUzDHo2O3mftxWBd7mg==/com.maplibrestartuprepro-zvvzpp-DoEMJPZrmaBGjKQ==/base.apk): ok
09-30 14:03:02.648 13423 13423 D nativeloader: Load /data/app/~~QzEtUzDHo2O3mftxWBd7mg==/com.maplibrestartuprepro-zvvzpp-DoEMJPZrmaBGjKQ==/base.apk!/lib/arm64-v8a/libjsi.so using class loader ns clns-9 (caller=/data/app/~~QzEtUzDHo2O3mftxWBd7mg==/com.maplibrestartuprepro-zvvzpp-DoEMJPZrmaBGjKQ==/base.apk): ok
09-30 14:03:02.650 13423 13423 D nativeloader: Load /data/app/~~QzEtUzDHo2O3mftxWBd7mg==/com.maplibrestartuprepro-zvvzpp-DoEMJPZrmaBGjKQ==/base.apk!/lib/arm64-v8a/libfbjni.so using class loader ns clns-9 (caller=/data/app/~~QzEtUzDHo2O3mftxWBd7mg==/com.maplibrestartuprepro-zvvzpp-DoEMJPZrmaBGjKQ==/base.apk): ok
09-30 14:03:02.653 13423 13423 D nativeloader: Load /data/app/~~QzEtUzDHo2O3mftxWBd7mg==/com.maplibrestartuprepro-zvvzpp-DoEMJPZrmaBGjKQ==/base.apk!/lib/arm64-v8a/libreactnative.so using class loader ns clns-9 (caller=/data/app/~~QzEtUzDHo2O3mftxWBd7mg==/com.maplibrestartuprepro-zvvzpp-DoEMJPZrmaBGjKQ==/base.apk): ok
09-30 14:03:02.653 13423 13423 D jni_lib_merge: Entering merged library JNI_OnLoad.
09-30 14:03:02.653 13423 13423 D jni_lib_merge: Preparing 13 pre-merged libs (including stub)
09-30 14:03:02.653 13423 13423 D jni_lib_merge: Preparing to register libfabricjni_so.  onload_func: 0x75adc6bb5c
09-30 14:03:02.653 13423 13423 D jni_lib_merge: Preparing to register libreact_devsupportjni_so.  onload_func: 0x75add433d0
09-30 14:03:02.653 13423 13423 D jni_lib_merge: Preparing to register libreact_featureflagsjni_so.  onload_func: 0x75add5c64c
09-30 14:03:02.653 13423 13423 D jni_lib_merge: Preparing to register libreact_newarchdefaults_so.  onload_func: 0x75add9e1d8
09-30 14:03:02.653 13423 13423 D jni_lib_merge: Preparing to register libreact_tracingjni_so.  onload_func: 0x75ade854cc
09-30 14:03:02.653 13423 13423 D jni_lib_merge: Preparing to register libreactnativeblob_so.  onload_func: 0x75ade8a760
09-30 14:03:02.653 13423 13423 D jni_lib_merge: Preparing to register libreactnativejni_so.  onload_func: 0x75ade967f4
09-30 14:03:02.653 13423 13423 D jni_lib_merge: Preparing to register libreactnativejni_common_so.  onload_func: 0x75ade99838
09-30 14:03:02.653 13423 13423 D jni_lib_merge: Preparing to register librninstance_so.  onload_func: 0x75adebef50
09-30 14:03:02.653 13423 13423 D jni_lib_merge: Preparing to register libturbomodulejsijni_so.  onload_func: 0x75adf54f48
09-30 14:03:02.653 13423 13423 D jni_lib_merge: Preparing to register libuimanagerjni_so.  onload_func: 0x75adf5b93c
09-30 14:03:02.653 13423 13423 D jni_lib_merge: Preparing to register libyoga_so.  onload_func: 0x75adf633b8
09-30 14:03:02.653 13423 13423 D jni_lib_merge: About to register 12 actual methods.
09-30 14:03:02.657 13423 13423 D nativeloader: Load /data/app/~~QzEtUzDHo2O3mftxWBd7mg==/com.maplibrestartuprepro-zvvzpp-DoEMJPZrmaBGjKQ==/base.apk!/lib/arm64-v8a/libreact_codegen_safeareacontext.so using class loader ns clns-9 (caller=/data/app/~~QzEtUzDHo2O3mftxWBd7mg==/com.maplibrestartuprepro-zvvzpp-DoEMJPZrmaBGjKQ==/base.apk): ok
09-30 14:03:02.659 13423 13423 D nativeloader: Load /data/app/~~QzEtUzDHo2O3mftxWBd7mg==/com.maplibrestartuprepro-zvvzpp-DoEMJPZrmaBGjKQ==/base.apk!/lib/arm64-v8a/libappmodules.so using class loader ns clns-9 (caller=/data/app/~~QzEtUzDHo2O3mftxWBd7mg==/com.maplibrestartuprepro-zvvzpp-DoEMJPZrmaBGjKQ==/base.apk): ok
09-30 14:03:02.663 13423 13435 I DisplayManager: Choreographer implicitly registered for the refresh rate.
09-30 14:03:02.666 13423 13435 D vulkan  : searching for layers in '/data/app/~~QzEtUzDHo2O3mftxWBd7mg==/com.maplibrestartuprepro-zvvzpp-DoEMJPZrmaBGjKQ==/lib/arm64'
09-30 14:03:02.667 13423 13435 D vulkan  : searching for layers in '/data/app/~~QzEtUzDHo2O3mftxWBd7mg==/com.maplibrestartuprepro-zvvzpp-DoEMJPZrmaBGjKQ==/base.apk!/lib/arm64-v8a'
09-30 14:03:02.674 13423 13423 D AppCompatDelegate: Checking for metadata for AppLocalesMetadataHolderService : Service not found
09-30 14:03:02.685 13423 13423 D CompatChangeReporter: Compat change id reported: 377864165; UID 10877; state: ENABLED
09-30 14:03:02.692 13423 13423 D nativeloader: Load /data/app/~~QzEtUzDHo2O3mftxWBd7mg==/com.maplibrestartuprepro-zvvzpp-DoEMJPZrmaBGjKQ==/base.apk!/lib/arm64-v8a/libhermesvm.so using class loader ns clns-9 (caller=/data/app/~~QzEtUzDHo2O3mftxWBd7mg==/com.maplibrestartuprepro-zvvzpp-DoEMJPZrmaBGjKQ==/base.apk): ok
09-30 14:03:02.693 13423 13423 D nativeloader: Load /data/app/~~QzEtUzDHo2O3mftxWBd7mg==/com.maplibrestartuprepro-zvvzpp-DoEMJPZrmaBGjKQ==/base.apk!/lib/arm64-v8a/libhermestooling.so using class loader ns clns-9 (caller=/data/app/~~QzEtUzDHo2O3mftxWBd7mg==/com.maplibrestartuprepro-zvvzpp-DoEMJPZrmaBGjKQ==/base.apk): ok
09-30 14:03:02.693 13423 13423 D jni_lib_merge: Entering merged library JNI_OnLoad.
09-30 14:03:02.693 13423 13423 D jni_lib_merge: Preparing 4 pre-merged libs (including stub)
09-30 14:03:02.693 13423 13423 D jni_lib_merge: Preparing to register libhermes_executor_so.  onload_func: 0x764f760eec
09-30 14:03:02.693 13423 13423 D jni_lib_merge: Preparing to register libhermesinstancejni_so.  onload_func: 0x764f76869c
09-30 14:03:02.693 13423 13423 D jni_lib_merge: Preparing to register libjsijniprofiler_so.  onload_func: 0x764f768f44
09-30 14:03:02.693 13423 13423 D jni_lib_merge: About to register 3 actual methods.
09-30 14:03:02.707 13423 13423 W unknown:BridgelessReact: ReactHost{0}.startSurface(surfaceId = 0): Schedule
09-30 14:03:02.707 13423 13423 W unknown:BridgelessReact: ReactHost{0}.attachSurface(surfaceId = 0)
09-30 14:03:02.707 13423 13444 W unknown:BridgelessReact: ReactHost{0}.getOrCreateReactInstanceTask()
09-30 14:03:02.707 13423 13444 W unknown:BridgelessReact: ReactHost{0}.getOrCreateReactInstanceTask(): Start
09-30 14:03:02.707 13423 13444 W unknown:BridgelessReact: ReactHost{0}.getJSBundleLoader()
09-30 14:03:02.707 13423 13444 W unknown:BridgelessReact: ReactHost{0}.getOrCreateReactInstanceTask(): Creating BridgelessReactContext
09-30 14:03:02.708 13423 13444 W unknown:BridgelessReact: ReactHost{0}.getOrCreateReactInstanceTask(): Creating ReactInstance
09-30 14:03:02.711 13423 13423 I ContentCaptureHelper: Setting logging level to OFF
09-30 14:03:02.719 13423 13444 W unknown:BridgelessReact: ReactHost{0}.getOrCreateReactInstanceTask(): Loading JS Bundle
09-30 14:03:02.720 13423 13444 W unknown:BridgelessReact: ReactHost{0}.getOrCreateReactInstanceTask(): DevSupportManager.onNewReactContextCreated()
09-30 14:03:02.720 13423 13444 W unknown:BridgelessReact: ReactHost{0}.startSurface(surfaceId = 0): Execute
09-30 14:03:02.723 13423 13423 W unknown:BridgelessReact: ReactHost{0}.onHostResume(activity)
09-30 14:03:02.723 13423 13423 W unknown:BridgelessReact: ReactHost{0}.ReactContext.onHostResume()
09-30 14:03:02.725 13423 13445 I ReactNativeJS: [repro] bundle load: calling OfflineManager
09-30 14:03:02.728 13423 13445 I ReactNativeJS: Running "MapLibreStartupRepro"
09-30 14:03:02.732 13423 13445 W unknown:ViewManagerPropertyUpdater: Could not find generated setter for class com.th3rdwave.safeareacontext.SafeAreaProviderManager
09-30 14:03:02.733 13423 13445 W unknown:ViewManagerPropertyUpdater: Could not find generated setter for class com.facebook.react.uimanager.LayoutShadowNode
09-30 14:03:02.734 13423 13445 W unknown:ViewManagerPropertyUpdater: Could not find generated setter for class org.maplibre.reactnative.components.sources.geojsonsource.MLRNGeoJSONSourceManager
09-30 14:03:02.735 13423 13445 W unknown:ViewManagerPropertyUpdater: Could not find generated setter for class org.maplibre.reactnative.components.annotations.markerview.MLRNMarkerViewManager
09-30 14:03:02.735 13423 13445 W unknown:ViewManagerPropertyUpdater: Could not find generated setter for class org.maplibre.reactnative.components.sources.imagesource.MLRNImageSourceManager
09-30 14:03:02.735 13423 13445 W unknown:ViewManagerPropertyUpdater: Could not find generated setter for class org.maplibre.reactnative.components.sources.tilesources.rastersource.MLRNRasterSourceManager
09-30 14:03:02.736 13423 13445 W unknown:ViewManagerPropertyUpdater: Could not find generated setter for class org.maplibre.reactnative.components.camera.MLRNCameraManager
09-30 14:03:02.736 13423 13445 W unknown:ViewManagerPropertyUpdater: Could not find generated setter for class org.maplibre.reactnative.components.sources.tilesources.vectorsource.MLRNVectorSourceManager
09-30 14:03:02.737 13423 13445 W unknown:ViewManagerPropertyUpdater: Could not find generated setter for class org.maplibre.reactnative.components.mapview.MLRNMapViewManager
09-30 14:03:02.737 13423 13445 W unknown:ViewManagerPropertyUpdater: Could not find generated setter for class org.maplibre.reactnative.components.mapview.MLRNMapViewManager$MapShadowNode
09-30 14:03:02.737 13423 13445 W unknown:ViewManagerPropertyUpdater: Could not find generated setter for class org.maplibre.reactnative.components.layer.MLRNLayerManager
09-30 14:03:02.738 13423 13445 W unknown:ViewManagerPropertyUpdater: Could not find generated setter for class com.th3rdwave.safeareacontext.SafeAreaViewManager
09-30 14:03:02.739 13423 13445 W unknown:ViewManagerPropertyUpdater: Could not find generated setter for class com.th3rdwave.safeareacontext.SafeAreaViewShadowNode
09-30 14:03:02.739 13423 13445 W unknown:ViewManagerPropertyUpdater: Could not find generated setter for class org.maplibre.reactnative.components.mapview.MLRNAndroidTextureMapViewManager
09-30 14:03:02.739 13423 13445 W unknown:ViewManagerPropertyUpdater: Could not find generated setter for class org.maplibre.reactnative.components.sources.tilesources.rasterdemsource.MLRNRasterDEMSourceManager
09-30 14:03:02.740 13423 13445 W unknown:ViewManagerPropertyUpdater: Could not find generated setter for class org.maplibre.reactnative.components.location.MLRNNativeUserLocationManager
09-30 14:03:02.740 13423 13445 W unknown:ViewManagerPropertyUpdater: Could not find generated setter for class org.maplibre.reactnative.components.annotations.pointannotation.MLRNPointAnnotationManager
09-30 14:03:02.740 13423 13445 W unknown:ViewManagerPropertyUpdater: Could not find generated setter for class org.maplibre.reactnative.components.images.MLRNImagesManager
09-30 14:03:02.741 13423 13445 W unknown:ViewManagerPropertyUpdater: Could not find generated setter for class org.maplibre.reactnative.components.annotations.callout.MLRNCalloutManager
09-30 14:03:02.745 13423 13446 D nativeloader: Load /data/app/~~QzEtUzDHo2O3mftxWBd7mg==/com.maplibrestartuprepro-zvvzpp-DoEMJPZrmaBGjKQ==/base.apk!/lib/arm64-v8a/libmaplibre.so using class loader ns clns-9 (caller=/data/app/~~QzEtUzDHo2O3mftxWBd7mg==/com.maplibrestartuprepro-zvvzpp-DoEMJPZrmaBGjKQ==/base.apk!classes3.dex): ok
09-30 14:03:02.747 13423 13423 W unknown:BridgelessReact: ReactHost{0}.ReactContext.onHostResume()
09-30 14:03:02.747 13423 13423 W unknown:BridgelessReact: ReactHost{0}.getOrCreateReactInstanceTask(): Executing ReactInstanceEventListeners
09-30 14:03:02.748 13423 13445 W unknown:ViewManagerPropertyUpdater: Could not find generated setter for class com.facebook.react.views.safeareaview.ReactSafeAreaViewManager
09-30 14:03:02.750 13423 13445 W unknown:ViewManagerPropertyUpdater: Could not find generated setter for class com.facebook.react.views.modal.ReactModalHostManager
09-30 14:03:02.751 13423 13445 W unknown:ViewManagerPropertyUpdater: Could not find generated setter for class com.facebook.react.views.progressbar.ReactProgressBarViewManager
09-30 14:03:02.752 13423 13445 W unknown:ViewManagerPropertyUpdater: Could not find generated setter for class com.facebook.react.views.scroll.ReactHorizontalScrollViewManager
09-30 14:03:02.754 13423 13445 W unknown:ViewManagerPropertyUpdater: Could not find generated setter for class com.facebook.react.views.image.ReactImageManager
09-30 14:03:02.756 13423 13445 W unknown:ViewManagerPropertyUpdater: Could not find generated setter for class com.facebook.react.views.text.ReactTextViewManager
09-30 14:03:02.757 13423 13423 D AndroidRuntime: Shutting down VM
09-30 14:03:02.757 13423 13423 E AndroidRuntime: FATAL EXCEPTION: main
09-30 14:03:02.757 13423 13423 E AndroidRuntime: Process: com.maplibrestartuprepro, PID: 13423
09-30 14:03:02.757 13423 13423 E AndroidRuntime: org.maplibre.android.exceptions.MapLibreConfigurationException: 
09-30 14:03:02.757 13423 13423 E AndroidRuntime: Using MapView requires calling MapLibre.getInstance(Context context, String apiKey, WellKnownTileServer wellKnownTileServer) before inflating or creating the view.
09-30 14:03:02.757 13423 13423 E AndroidRuntime: 	at org.maplibre.android.MapLibre.validateMapLibre(MapLibre.java:261)
09-30 14:03:02.757 13423 13423 E AndroidRuntime: 	at org.maplibre.android.MapLibre.getTileServerOptions(MapLibre.java:164)
09-30 14:03:02.757 13423 13423 E AndroidRuntime: 	at org.maplibre.android.storage.FileSource.<init>(FileSource.java:348)
09-30 14:03:02.757 13423 13423 E AndroidRuntime: 	at org.maplibre.android.storage.FileSource.getInstance(FileSource.java:95)
09-30 14:03:02.757 13423 13423 E AndroidRuntime: 	at org.maplibre.reactnative.modules.MLRNOfflineModule.activateFileSource(MLRNOfflineModule.kt:650)
09-30 14:03:02.757 13423 13423 E AndroidRuntime: 	at org.maplibre.reactnative.modules.MLRNOfflineModule.runMigrations(MLRNOfflineModule.kt:441)
09-30 14:03:02.757 13423 13423 E AndroidRuntime: 	at org.maplibre.reactnative.modules.MLRNOfflineModule.initialize$lambda$0(MLRNOfflineModule.kt:43)
09-30 14:03:02.757 13423 13423 E AndroidRuntime: 	at org.maplibre.reactnative.modules.MLRNOfflineModule$$ExternalSyntheticLambda1.run(D8$$SyntheticClass:0)
09-30 14:03:02.757 13423 13423 E AndroidRuntime: 	at android.os.Handler.handleCallback(Handler.java:1082)
09-30 14:03:02.757 13423 13423 E AndroidRuntime: 	at android.os.Handler.dispatchMessageImpl(Handler.java:135)
09-30 14:03:02.757 13423 13423 E AndroidRuntime: 	at android.os.Handler.dispatchMessage(Handler.java:126)
09-30 14:03:02.757 13423 13423 E AndroidRuntime: 	at android.os.Looper.loopOnce(Looper.java:295)
09-30 14:03:02.757 13423 13423 E AndroidRuntime: 	at android.os.Looper.loop(Looper.java:398)
09-30 14:03:02.757 13423 13423 E AndroidRuntime: 	at android.app.ActivityThread.main(ActivityThread.java:9569)
09-30 14:03:02.757 13423 13423 E AndroidRuntime: 	at java.lang.reflect.Method.invoke(Native Method)
09-30 14:03:02.757 13423 13423 E AndroidRuntime: 	at com.android.internal.os.RuntimeInit$MethodAndArgsCaller.run(RuntimeInit.java:575)
09-30 14:03:02.757 13423 13423 E AndroidRuntime: 	at com.android.internal.os.ZygoteInit.main(ZygoteInit.java:918)
09-30 14:03:02.758 13423 13445 W unknown:ViewManagerPropertyUpdater: Could not find generated setter for class com.facebook.react.views.scroll.ReactHorizontalScrollContainerViewManager
09-30 14:03:02.759 13423 13445 W unknown:ViewManagerPropertyUpdater: Could not find generated setter for class com.facebook.react.views.unimplementedview.ReactUnimplementedViewManager
09-30 14:03:02.761 13423 13445 W unknown:ViewManagerPropertyUpdater: Could not find generated setter for class com.facebook.react.views.scroll.ReactScrollViewManager
09-30 14:03:02.763 13423 13445 W unknown:ViewManagerPropertyUpdater: Could not find generated setter for class com.facebook.react.views.view.ReactViewManager
09-30 14:03:02.764 13423 13445 W unknown:ViewManagerPropertyUpdater: Could not find generated setter for class com.facebook.react.views.drawer.ReactDrawerLayoutManager
09-30 14:03:02.767 13423 13445 W unknown:ViewManagerPropertyUpdater: Could not find generated setter for class com.facebook.react.views.switchview.ReactSwitchManager
09-30 14:03:02.769 13423 13445 W unknown:ViewManagerPropertyUpdater: Could not find generated setter for class com.facebook.react.views.swiperefresh.SwipeRefreshLayoutManager
09-30 14:03:02.771 13423 13445 W unknown:ViewManagerPropertyUpdater: Could not find generated setter for class com.facebook.react.views.textinput.ReactTextInputManager
09-30 14:03:02.773 13423 13445 W unknown:ViewManagerPropertyUpdater: Could not find generated setter for class com.facebook.react.views.text.SelectableTextViewManager
09-30 14:03:02.774 13423 13445 W unknown:ViewManagerPropertyUpdater: Could not find generated setter for class com.facebook.react.views.virtual.view.ReactVirtualViewManager
09-30 14:03:02.775 13423 13423 I Process : Sending signal. PID: 13423 SIG: 9
