09-30 14:01:43.917 10131 10131 I libprocessgroup: Created cgroup /sys/fs/cgroup/apps/uid_10870
09-30 14:01:43.918 10131 10131 I libprocessgroup: Created cgroup /sys/fs/cgroup/apps/uid_10870/pid_10131
09-30 14:01:43.929 10131 10131 I Zygote  : Process 10131 created for com.maplibrestartuprepro
09-30 14:01:43.930 10131 10131 I brestartuprepro: Using generational CollectorTypeCMC GC.
09-30 14:01:43.938 10131 10131 D nativeloader: Load libframework-connectivity-tiramisu-jni.so using APEX ns com_android_tethering for caller /apex/com.android.tethering/javalib/framework-connectivity-t.jar: ok
09-30 14:01:43.961 10131 10131 D ApplicationLoaders: Returning zygote-cached class loader: /system_ext/framework/androidx.window.extensions.jar
09-30 14:01:43.961 10131 10131 D ApplicationLoaders: Returning zygote-cached class loader: /system_ext/framework/androidx.window.sidecar.jar
09-30 14:01:43.963 10131 10131 D nativeloader: Configuring clns-9 for other apk /data/app/~~9ILlFEyazNn9x5URXMVDHQ==/com.maplibrestartuprepro-XTbNX86E-G8vLbEGM8-yyQ==/base.apk. target_sdk_version=36, uses_libraries=, library_path=/data/app/~~9ILlFEyazNn9x5URXMVDHQ==/com.maplibrestartuprepro-XTbNX86E-G8vLbEGM8-yyQ==/lib/arm64:/data/app/~~9ILlFEyazNn9x5URXMVDHQ==/com.maplibrestartuprepro-XTbNX86E-G8vLbEGM8-yyQ==/base.apk!/lib/arm64-v8a, permitted_path=/data:/mnt/expand:/data/user/0/com.maplibrestartuprepro
09-30 14:01:43.968 10131 10131 D ActivityThread: Set OS env TMPDIR to /data/user/0/com.maplibrestartuprepro/cache
09-30 14:01:43.969 10131 10131 V GraphicsEnvironment: Currently set values for:
09-30 14:01:43.969 10131 10131 V GraphicsEnvironment:   angle_gl_driver_selection_pkgs=[com.android.angle]
09-30 14:01:43.969 10131 10131 V GraphicsEnvironment:   angle_gl_driver_selection_values=[angle]
09-30 14:01:43.969 10131 10131 V GraphicsEnvironment: com.maplibrestartuprepro is not listed in per-application setting
09-30 14:01:43.969 10131 10131 V GraphicsEnvironment: No special selections for ANGLE, returning default driver choice
09-30 14:01:43.969 10131 10131 V GraphicsEnvironment: Neither updatable production driver nor prerelease driver is supported.
09-30 14:01:43.980 10131 10131 W SoLoader: Initializing SoLoader: 0
09-30 14:01:43.980 10131 10131 W SoLoader: Recording new base apk path: /data/app/~~9ILlFEyazNn9x5URXMVDHQ==/com.maplibrestartuprepro-XTbNX86E-G8vLbEGM8-yyQ==/base.apk
09-30 14:01:43.980 10131 10131 W SoLoader: Previously recorded 0 base apk paths.
09-30 14:01:43.980 10131 10131 I SoLoader: Preparing SO source: DirectorySoSource[root = /vendor/lib64 flags = 2]
09-30 14:01:43.980 10131 10131 I SoLoader: Preparing SO source: DirectorySoSource[root = /system/lib64 flags = 2]
09-30 14:01:43.980 10131 10131 I SoLoader: Preparing SO source: DirectApkSoSource[root = [/data/app/~~9ILlFEyazNn9x5URXMVDHQ==/com.maplibrestartuprepro-XTbNX86E-G8vLbEGM8-yyQ==/base.apk!/lib/arm64-v8a]]
09-30 14:01:43.982 10131 10131 I SoLoader: Preparing SO source: ApplicationSoSource[DirectorySoSource[root = /data/app/~~9ILlFEyazNn9x5URXMVDHQ==/com.maplibrestartuprepro-XTbNX86E-G8vLbEGM8-yyQ==/lib/arm64 flags = 0]]
09-30 14:01:43.982 10131 10131 I SoLoader: init finish: 4 SO sources prepared
09-30 14:01:43.982 10131 10131 W SoLoader: SoLoader initialized: 8
09-30 14:01:43.988 10131 10131 D nativeloader: Load /data/app/~~9ILlFEyazNn9x5URXMVDHQ==/com.maplibrestartuprepro-XTbNX86E-G8vLbEGM8-yyQ==/base.apk!/lib/arm64-v8a/libc++_shared.so using class loader ns clns-9 (caller=/data/app/~~9ILlFEyazNn9x5URXMVDHQ==/com.maplibrestartuprepro-XTbNX86E-G8vLbEGM8-yyQ==/base.apk): ok
09-30 14:01:43.990 10131 10131 D nativeloader: Load /data/app/~~9ILlFEyazNn9x5URXMVDHQ==/com.maplibrestartuprepro-XTbNX86E-G8vLbEGM8-yyQ==/base.apk!/lib/arm64-v8a/libjsi.so using class loader ns clns-9 (caller=/data/app/~~9ILlFEyazNn9x5URXMVDHQ==/com.maplibrestartuprepro-XTbNX86E-G8vLbEGM8-yyQ==/base.apk): ok
09-30 14:01:43.992 10131 10131 D nativeloader: Load /data/app/~~9ILlFEyazNn9x5URXMVDHQ==/com.maplibrestartuprepro-XTbNX86E-G8vLbEGM8-yyQ==/base.apk!/lib/arm64-v8a/libfbjni.so using class loader ns clns-9 (caller=/data/app/~~9ILlFEyazNn9x5URXMVDHQ==/com.maplibrestartuprepro-XTbNX86E-G8vLbEGM8-yyQ==/base.apk): ok
09-30 14:01:43.996 10131 10131 D nativeloader: Load /data/app/~~9ILlFEyazNn9x5URXMVDHQ==/com.maplibrestartuprepro-XTbNX86E-G8vLbEGM8-yyQ==/base.apk!/lib/arm64-v8a/libreactnative.so using class loader ns clns-9 (caller=/data/app/~~9ILlFEyazNn9x5URXMVDHQ==/com.maplibrestartuprepro-XTbNX86E-G8vLbEGM8-yyQ==/base.apk): ok
09-30 14:01:43.996 10131 10131 D jni_lib_merge: Entering merged library JNI_OnLoad.
09-30 14:01:43.996 10131 10131 D jni_lib_merge: Preparing 13 pre-merged libs (including stub)
09-30 14:01:43.996 10131 10131 D jni_lib_merge: Preparing to register libfabricjni_so.  onload_func: 0x75adc0fb5c
09-30 14:01:43.996 10131 10131 D jni_lib_merge: Preparing to register libreact_devsupportjni_so.  onload_func: 0x75adce73d0
09-30 14:01:43.996 10131 10131 D jni_lib_merge: Preparing to register libreact_featureflagsjni_so.  onload_func: 0x75add0064c
09-30 14:01:43.996 10131 10131 D jni_lib_merge: Preparing to register libreact_newarchdefaults_so.  onload_func: 0x75add421d8
09-30 14:01:43.996 10131 10131 D jni_lib_merge: Preparing to register libreact_tracingjni_so.  onload_func: 0x75ade294cc
09-30 14:01:43.996 10131 10131 D jni_lib_merge: Preparing to register libreactnativeblob_so.  onload_func: 0x75ade2e760
09-30 14:01:43.996 10131 10131 D jni_lib_merge: Preparing to register libreactnativejni_so.  onload_func: 0x75ade3a7f4
09-30 14:01:43.996 10131 10131 D jni_lib_merge: Preparing to register libreactnativejni_common_so.  onload_func: 0x75ade3d838
09-30 14:01:43.996 10131 10131 D jni_lib_merge: Preparing to register librninstance_so.  onload_func: 0x75ade62f50
09-30 14:01:43.996 10131 10131 D jni_lib_merge: Preparing to register libturbomodulejsijni_so.  onload_func: 0x75adef8f48
09-30 14:01:43.996 10131 10131 D jni_lib_merge: Preparing to register libuimanagerjni_so.  onload_func: 0x75adeff93c
09-30 14:01:43.996 10131 10131 D jni_lib_merge: Preparing to register libyoga_so.  onload_func: 0x75adf073b8
09-30 14:01:43.996 10131 10131 D jni_lib_merge: About to register 12 actual methods.
09-30 14:01:44.000 10131 10131 D nativeloader: Load /data/app/~~9ILlFEyazNn9x5URXMVDHQ==/com.maplibrestartuprepro-XTbNX86E-G8vLbEGM8-yyQ==/base.apk!/lib/arm64-v8a/libreact_codegen_safeareacontext.so using class loader ns clns-9 (caller=/data/app/~~9ILlFEyazNn9x5URXMVDHQ==/com.maplibrestartuprepro-XTbNX86E-G8vLbEGM8-yyQ==/base.apk): ok
09-30 14:01:44.001 10131 10131 D nativeloader: Load /data/app/~~9ILlFEyazNn9x5URXMVDHQ==/com.maplibrestartuprepro-XTbNX86E-G8vLbEGM8-yyQ==/base.apk!/lib/arm64-v8a/libappmodules.so using class loader ns clns-9 (caller=/data/app/~~9ILlFEyazNn9x5URXMVDHQ==/com.maplibrestartuprepro-XTbNX86E-G8vLbEGM8-yyQ==/base.apk): ok
09-30 14:01:44.112 10131 10165 I DisplayManager: Choreographer implicitly registered for the refresh rate.
09-30 14:01:44.112 10131 10165 D vulkan  : searching for layers in '/data/app/~~9ILlFEyazNn9x5URXMVDHQ==/com.maplibrestartuprepro-XTbNX86E-G8vLbEGM8-yyQ==/lib/arm64'
09-30 14:01:44.112 10131 10165 D vulkan  : searching for layers in '/data/app/~~9ILlFEyazNn9x5URXMVDHQ==/com.maplibrestartuprepro-XTbNX86E-G8vLbEGM8-yyQ==/base.apk!/lib/arm64-v8a'
09-30 14:01:44.119 10131 10131 D AppCompatDelegate: Checking for metadata for AppLocalesMetadataHolderService : Service not found
09-30 14:01:44.130 10131 10131 D CompatChangeReporter: Compat change id reported: 377864165; UID 10870; state: ENABLED
09-30 14:01:44.137 10131 10131 D nativeloader: Load /data/app/~~9ILlFEyazNn9x5URXMVDHQ==/com.maplibrestartuprepro-XTbNX86E-G8vLbEGM8-yyQ==/base.apk!/lib/arm64-v8a/libhermesvm.so using class loader ns clns-9 (caller=/data/app/~~9ILlFEyazNn9x5URXMVDHQ==/com.maplibrestartuprepro-XTbNX86E-G8vLbEGM8-yyQ==/base.apk): ok
09-30 14:01:44.138 10131 10131 D nativeloader: Load /data/app/~~9ILlFEyazNn9x5URXMVDHQ==/com.maplibrestartuprepro-XTbNX86E-G8vLbEGM8-yyQ==/base.apk!/lib/arm64-v8a/libhermestooling.so using class loader ns clns-9 (caller=/data/app/~~9ILlFEyazNn9x5URXMVDHQ==/com.maplibrestartuprepro-XTbNX86E-G8vLbEGM8-yyQ==/base.apk): ok
09-30 14:01:44.138 10131 10131 D jni_lib_merge: Entering merged library JNI_OnLoad.
09-30 14:01:44.138 10131 10131 D jni_lib_merge: Preparing 4 pre-merged libs (including stub)
09-30 14:01:44.138 10131 10131 D jni_lib_merge: Preparing to register libhermes_executor_so.  onload_func: 0x764f762eec
09-30 14:01:44.138 10131 10131 D jni_lib_merge: Preparing to register libhermesinstancejni_so.  onload_func: 0x764f76a69c
09-30 14:01:44.138 10131 10131 D jni_lib_merge: Preparing to register libjsijniprofiler_so.  onload_func: 0x764f76af44
09-30 14:01:44.138 10131 10131 D jni_lib_merge: About to register 3 actual methods.
09-30 14:01:44.146 10131 10131 W unknown:BridgelessReact: ReactHost{0}.startSurface(surfaceId = 0): Schedule
09-30 14:01:44.146 10131 10131 W unknown:BridgelessReact: ReactHost{0}.attachSurface(surfaceId = 0)
09-30 14:01:44.146 10131 10175 W unknown:BridgelessReact: ReactHost{0}.getOrCreateReactInstanceTask()
09-30 14:01:44.146 10131 10175 W unknown:BridgelessReact: ReactHost{0}.getOrCreateReactInstanceTask(): Start
09-30 14:01:44.146 10131 10175 W unknown:BridgelessReact: ReactHost{0}.getJSBundleLoader()
09-30 14:01:44.146 10131 10175 W unknown:BridgelessReact: ReactHost{0}.getOrCreateReactInstanceTask(): Creating BridgelessReactContext
09-30 14:01:44.147 10131 10175 W unknown:BridgelessReact: ReactHost{0}.getOrCreateReactInstanceTask(): Creating ReactInstance
09-30 14:01:44.150 10131 10131 I ContentCaptureHelper: Setting logging level to OFF
09-30 14:01:44.157 10131 10175 W unknown:BridgelessReact: ReactHost{0}.getOrCreateReactInstanceTask(): Loading JS Bundle
09-30 14:01:44.157 10131 10131 W unknown:BridgelessReact: ReactHost{0}.onHostResume(activity)
09-30 14:01:44.157 10131 10131 W unknown:BridgelessReact: ReactHost{0}.ReactContext.onHostResume()
09-30 14:01:44.157 10131 10175 W unknown:BridgelessReact: ReactHost{0}.getOrCreateReactInstanceTask(): DevSupportManager.onNewReactContextCreated()
09-30 14:01:44.157 10131 10175 W unknown:BridgelessReact: ReactHost{0}.startSurface(surfaceId = 0): Execute
09-30 14:01:44.170 10131 10176 I ReactNativeJS: [repro] bundle load: calling OfflineManager
09-30 14:01:44.171 10131 10176 I ReactNativeJS: Running "MapLibreStartupRepro"
09-30 14:01:44.174 10131 10176 W unknown:ViewManagerPropertyUpdater: Could not find generated setter for class com.th3rdwave.safeareacontext.SafeAreaProviderManager
09-30 14:01:44.176 10131 10176 W unknown:ViewManagerPropertyUpdater: Could not find generated setter for class com.facebook.react.uimanager.LayoutShadowNode
09-30 14:01:44.176 10131 10176 W unknown:ViewManagerPropertyUpdater: Could not find generated setter for class org.maplibre.reactnative.components.sources.geojsonsource.MLRNGeoJSONSourceManager
09-30 14:01:44.177 10131 10176 W unknown:ViewManagerPropertyUpdater: Could not find generated setter for class org.maplibre.reactnative.components.annotations.markerview.MLRNMarkerViewManager
09-30 14:01:44.178 10131 10176 W unknown:ViewManagerPropertyUpdater: Could not find generated setter for class org.maplibre.reactnative.components.sources.imagesource.MLRNImageSourceManager
09-30 14:01:44.178 10131 10131 W unknown:BridgelessReact: ReactHost{0}.ReactContext.onHostResume()
09-30 14:01:44.178 10131 10131 W unknown:BridgelessReact: ReactHost{0}.getOrCreateReactInstanceTask(): Executing ReactInstanceEventListeners
09-30 14:01:44.178 10131 10176 W unknown:ViewManagerPropertyUpdater: Could not find generated setter for class org.maplibre.reactnative.components.sources.tilesources.rastersource.MLRNRasterSourceManager
09-30 14:01:44.179 10131 10176 W unknown:ViewManagerPropertyUpdater: Could not find generated setter for class org.maplibre.reactnative.components.camera.MLRNCameraManager
09-30 14:01:44.179 10131 10176 W unknown:ViewManagerPropertyUpdater: Could not find generated setter for class org.maplibre.reactnative.components.sources.tilesources.vectorsource.MLRNVectorSourceManager
09-30 14:01:44.180 10131 10176 W unknown:ViewManagerPropertyUpdater: Could not find generated setter for class org.maplibre.reactnative.components.mapview.MLRNMapViewManager
09-30 14:01:44.180 10131 10176 W unknown:ViewManagerPropertyUpdater: Could not find generated setter for class org.maplibre.reactnative.components.mapview.MLRNMapViewManager$MapShadowNode
09-30 14:01:44.180 10131 10131 D WindowOnBackDispatcher: setTopOnBackInvokedCallback (unwrapped): android.app.Activity$$ExternalSyntheticLambda0@cde912e
09-30 14:01:44.180 10131 10176 W unknown:ViewManagerPropertyUpdater: Could not find generated setter for class org.maplibre.reactnative.components.layer.MLRNLayerManager
09-30 14:01:44.181 10131 10131 D WindowOnBackDispatcher: setTopOnBackInvokedCallback (unwrapped): androidx.activity.OnBackPressedDispatcher$Api34Impl$createOnBackAnimationCallback$1@646923a
09-30 14:01:44.181 10131 10179 D WindowOnBackDispatcher: setOnBackInvokedCallbackInfo: androidx.activity.OnBackPressedDispatcher$Api34Impl$createOnBackAnimationCallback$1@646923a
09-30 14:01:44.181 10131 10176 W unknown:ViewManagerPropertyUpdater: Could not find generated setter for class com.th3rdwave.safeareacontext.SafeAreaViewManager
09-30 14:01:44.181 10131 10179 D WindowOnBackDispatcher: setOnBackInvokedCallbackInfo: androidx.activity.OnBackPressedDispatcher$Api34Impl$createOnBackAnimationCallback$1@646923a
09-30 14:01:44.181 10131 10131 D VRI[MainActivity]: WindowInsets changed: 1080x2400 statusBars:[0,136,0,0] navigationBars:[0,0,0,63] mandatorySystemGestures:[0,168,0,84] 
09-30 14:01:44.182 10131 10176 W unknown:ViewManagerPropertyUpdater: Could not find generated setter for class com.th3rdwave.safeareacontext.SafeAreaViewShadowNode
09-30 14:01:44.182 10131 10176 W unknown:ViewManagerPropertyUpdater: Could not find generated setter for class org.maplibre.reactnative.components.mapview.MLRNAndroidTextureMapViewManager
09-30 14:01:44.182 10131 10176 W unknown:ViewManagerPropertyUpdater: Could not find generated setter for class org.maplibre.reactnative.components.sources.tilesources.rasterdemsource.MLRNRasterDEMSourceManager
09-30 14:01:44.183 10131 10176 W unknown:ViewManagerPropertyUpdater: Could not find generated setter for class org.maplibre.reactnative.components.location.MLRNNativeUserLocationManager
09-30 14:01:44.185 10131 10131 W unknown:ViewManagerPropertyUpdater: Could not find generated setter for class com.facebook.react.uimanager.RootViewManager
09-30 14:01:44.186 10131 10176 W unknown:ViewManagerPropertyUpdater: Could not find generated setter for class org.maplibre.reactnative.components.annotations.pointannotation.MLRNPointAnnotationManager
09-30 14:01:44.186 10131 10176 W unknown:ViewManagerPropertyUpdater: Could not find generated setter for class org.maplibre.reactnative.components.images.MLRNImagesManager
09-30 14:01:44.187 10131 10176 W unknown:ViewManagerPropertyUpdater: Could not find generated setter for class org.maplibre.reactnative.components.annotations.callout.MLRNCalloutManager
09-30 14:01:44.190 10131 10177 D nativeloader: Load /data/app/~~9ILlFEyazNn9x5URXMVDHQ==/com.maplibrestartuprepro-XTbNX86E-G8vLbEGM8-yyQ==/base.apk!/lib/arm64-v8a/libmaplibre.so using class loader ns clns-9 (caller=/data/app/~~9ILlFEyazNn9x5URXMVDHQ==/com.maplibrestartuprepro-XTbNX86E-G8vLbEGM8-yyQ==/base.apk!classes3.dex): ok
09-30 14:01:44.192 10131 10131 I Surface : Creating surface for consumer unnamed-10131-0 with slotExpansion=1 for 64 slots
09-30 14:01:44.193 10131 10131 I Surface : Creating surface for consumer VRI[MainActivity]#0(BLAST Consumer)0 with slotExpansion=1 for 64 slots
09-30 14:01:44.194 10131 10176 W unknown:ViewManagerPropertyUpdater: Could not find generated setter for class com.facebook.react.views.safeareaview.ReactSafeAreaViewManager
09-30 14:01:44.195 10131 10176 W unknown:ViewManagerPropertyUpdater: Could not find generated setter for class com.facebook.react.views.modal.ReactModalHostManager
09-30 14:01:44.197 10131 10176 W unknown:ViewManagerPropertyUpdater: Could not find generated setter for class com.facebook.react.views.progressbar.ReactProgressBarViewManager
09-30 14:01:44.200 10131 10176 W unknown:ViewManagerPropertyUpdater: Could not find generated setter for class com.facebook.react.views.scroll.ReactHorizontalScrollViewManager
09-30 14:01:44.204 10131 10176 W unknown:ViewManagerPropertyUpdater: Could not find generated setter for class com.facebook.react.views.image.ReactImageManager
09-30 14:01:44.206 10131 10176 W unknown:ViewManagerPropertyUpdater: Could not find generated setter for class com.facebook.react.views.text.ReactTextViewManager
09-30 14:01:44.208 10131 10176 W unknown:ViewManagerPropertyUpdater: Could not find generated setter for class com.facebook.react.views.scroll.ReactHorizontalScrollContainerViewManager
09-30 14:01:44.209 10131 10176 W unknown:ViewManagerPropertyUpdater: Could not find generated setter for class com.facebook.react.views.unimplementedview.ReactUnimplementedViewManager
09-30 14:01:44.210 10131 10176 W unknown:ViewManagerPropertyUpdater: Could not find generated setter for class com.facebook.react.views.scroll.ReactScrollViewManager
09-30 14:01:44.212 10131 10176 W unknown:ViewManagerPropertyUpdater: Could not find generated setter for class com.facebook.react.views.view.ReactViewManager
09-30 14:01:44.213 10131 10176 W unknown:ViewManagerPropertyUpdater: Could not find generated setter for class com.facebook.react.views.drawer.ReactDrawerLayoutManager
09-30 14:01:44.214 10131 10176 W unknown:ViewManagerPropertyUpdater: Could not find generated setter for class com.facebook.react.views.switchview.ReactSwitchManager
09-30 14:01:44.216 10131 10176 W unknown:ViewManagerPropertyUpdater: Could not find generated setter for class com.facebook.react.views.swiperefresh.SwipeRefreshLayoutManager
09-30 14:01:44.217 10131 10176 W unknown:ViewManagerPropertyUpdater: Could not find generated setter for class com.facebook.react.views.textinput.ReactTextInputManager
09-30 14:01:44.220 10131 10176 W unknown:ViewManagerPropertyUpdater: Could not find generated setter for class com.facebook.react.views.text.SelectableTextViewManager
09-30 14:01:44.221 10131 10176 W unknown:ViewManagerPropertyUpdater: Could not find generated setter for class com.facebook.react.views.virtual.view.ReactVirtualViewManager
09-30 14:01:44.227 10131 10176 I HWUI    : Using FreeType backend (prop=Auto)
09-30 14:01:44.237 10131 10177 W unknown:BridgelessReact: ReactHost{0}.handleHostException(message = "
09-30 14:01:44.237 10131 10177 W unknown:BridgelessReact: Using MapView requires calling MapLibre.getInstance(Context context, String apiKey, WellKnownTileServer wellKnownTileServer) before inflating or creating the view.")
09-30 14:01:44.238 10131 10177 E AndroidRuntime: FATAL EXCEPTION: mqt_v_native
09-30 14:01:44.238 10131 10177 E AndroidRuntime: Process: com.maplibrestartuprepro, PID: 10131
09-30 14:01:44.238 10131 10177 E AndroidRuntime: org.maplibre.android.exceptions.MapLibreConfigurationException: 
09-30 14:01:44.238 10131 10177 E AndroidRuntime: Using MapView requires calling MapLibre.getInstance(Context context, String apiKey, WellKnownTileServer wellKnownTileServer) before inflating or creating the view.
09-30 14:01:44.238 10131 10177 E AndroidRuntime: 	at org.maplibre.android.MapLibre.validateMapLibre(MapLibre.java:261)
09-30 14:01:44.238 10131 10177 E AndroidRuntime: 	at org.maplibre.android.MapLibre.getTileServerOptions(MapLibre.java:164)
09-30 14:01:44.238 10131 10177 E AndroidRuntime: 	at org.maplibre.android.storage.FileSource.<init>(FileSource.java:348)
09-30 14:01:44.238 10131 10177 E AndroidRuntime: 	at org.maplibre.android.storage.FileSource.getInstance(FileSource.java:95)
09-30 14:01:44.238 10131 10177 E AndroidRuntime: 	at org.maplibre.android.offline.OfflineManager.<init>(OfflineManager.kt:133)
09-30 14:01:44.238 10131 10177 E AndroidRuntime: 	at org.maplibre.android.offline.OfflineManager.<init>(OfflineManager.kt:0)
09-30 14:01:44.238 10131 10177 E AndroidRuntime: 	at org.maplibre.android.offline.OfflineManager$Companion.getInstance(OfflineManager.kt:653)
09-30 14:01:44.238 10131 10177 E AndroidRuntime: 	at org.maplibre.reactnative.modules.MLRNOfflineModule.setTileCountLimit(MLRNOfflineModule.kt:412)
09-30 14:01:44.238 10131 10177 E AndroidRuntime: 	at com.facebook.jni.NativeRunnable.run(Native Method)
09-30 14:01:44.238 10131 10177 E AndroidRuntime: 	at android.os.Handler.handleCallback(Handler.java:1082)
09-30 14:01:44.238 10131 10177 E AndroidRuntime: 	at android.os.Handler.dispatchMessageImpl(Handler.java:135)
09-30 14:01:44.238 10131 10177 E AndroidRuntime: 	at android.os.Handler.dispatchMessage(Handler.java:126)
09-30 14:01:44.238 10131 10177 E AndroidRuntime: 	at com.facebook.react.bridge.queue.MessageQueueThreadHandler.dispatchMessage(MessageQueueThreadHandler.kt:21)
09-30 14:01:44.238 10131 10177 E AndroidRuntime: 	at android.os.Looper.loopOnce(Looper.java:295)
09-30 14:01:44.238 10131 10177 E AndroidRuntime: 	at android.os.Looper.loop(Looper.java:398)
09-30 14:01:44.238 10131 10177 E AndroidRuntime: 	at com.facebook.react.bridge.queue.MessageQueueThreadImpl$Companion.startNewBackgroundThread$lambda$0(MessageQueueThreadImpl.kt:152)
09-30 14:01:44.238 10131 10177 E AndroidRuntime: 	at com.facebook.react.bridge.queue.MessageQueueThreadImpl$Companion$$ExternalSyntheticLambda0.run(D8$$SyntheticClass:0)
09-30 14:01:44.238 10131 10177 E AndroidRuntime: 	at java.lang.Thread.run(Thread.java:1571)
09-30 14:01:44.245 10131 10131 D AndroidRuntime: Shutting down VM
09-30 14:01:44.245 10131 10131 I Process : Sending signal. PID: 10131 SIG: 9
