09-30 15:09:20.880 18999 18999 I libprocessgroup: Created cgroup /sys/fs/cgroup/apps/uid_10959
09-30 15:09:20.881 18999 18999 I libprocessgroup: Created cgroup /sys/fs/cgroup/apps/uid_10959/pid_18999
09-30 15:09:20.887 18999 18999 I Zygote  : Process 18999 created for com.maplibrestartuprepro
09-30 15:09:20.887 18999 18999 I brestartuprepro: Using generational CollectorTypeCMC GC.
09-30 15:09:20.892 18999 18999 D nativeloader: Load libframework-connectivity-tiramisu-jni.so using APEX ns com_android_tethering for caller /apex/com.android.tethering/javalib/framework-connectivity-t.jar: ok
09-30 15:09:20.916 18999 18999 D ApplicationLoaders: Returning zygote-cached class loader: /system_ext/framework/androidx.window.extensions.jar
09-30 15:09:20.916 18999 18999 D ApplicationLoaders: Returning zygote-cached class loader: /system_ext/framework/androidx.window.sidecar.jar
09-30 15:09:20.926 18999 18999 D nativeloader: Configuring clns-9 for other apk /data/app/~~A73qhBQrxlZTf8wPYlzG3Q==/com.maplibrestartuprepro-q-_PsVGbJ1Rdh5Ixdhrz2g==/base.apk. target_sdk_version=36, uses_libraries=, library_path=/data/app/~~A73qhBQrxlZTf8wPYlzG3Q==/com.maplibrestartuprepro-q-_PsVGbJ1Rdh5Ixdhrz2g==/lib/arm64:/data/app/~~A73qhBQrxlZTf8wPYlzG3Q==/com.maplibrestartuprepro-q-_PsVGbJ1Rdh5Ixdhrz2g==/base.apk!/lib/arm64-v8a, permitted_path=/data:/mnt/expand:/data/user/0/com.maplibrestartuprepro
09-30 15:09:20.943 18999 18999 D ActivityThread: Set OS env TMPDIR to /data/user/0/com.maplibrestartuprepro/cache
09-30 15:09:20.945 18999 18999 V GraphicsEnvironment: Currently set values for:
09-30 15:09:20.945 18999 18999 V GraphicsEnvironment:   angle_gl_driver_selection_pkgs=[com.android.angle]
09-30 15:09:20.945 18999 18999 V GraphicsEnvironment:   angle_gl_driver_selection_values=[angle]
09-30 15:09:20.945 18999 18999 V GraphicsEnvironment: com.maplibrestartuprepro is not listed in per-application setting
09-30 15:09:20.945 18999 18999 V GraphicsEnvironment: No special selections for ANGLE, returning default driver choice
09-30 15:09:20.946 18999 18999 V GraphicsEnvironment: Neither updatable production driver nor prerelease driver is supported.
09-30 15:09:20.956 18999 18999 W SoLoader: Initializing SoLoader: 0
09-30 15:09:20.956 18999 18999 W SoLoader: Recording new base apk path: /data/app/~~A73qhBQrxlZTf8wPYlzG3Q==/com.maplibrestartuprepro-q-_PsVGbJ1Rdh5Ixdhrz2g==/base.apk
09-30 15:09:20.956 18999 18999 W SoLoader: Previously recorded 0 base apk paths.
09-30 15:09:20.957 18999 18999 I SoLoader: Preparing SO source: DirectorySoSource[root = /vendor/lib64 flags = 2]
09-30 15:09:20.957 18999 18999 I SoLoader: Preparing SO source: DirectorySoSource[root = /system/lib64 flags = 2]
09-30 15:09:20.957 18999 18999 I SoLoader: Preparing SO source: DirectApkSoSource[root = [/data/app/~~A73qhBQrxlZTf8wPYlzG3Q==/com.maplibrestartuprepro-q-_PsVGbJ1Rdh5Ixdhrz2g==/base.apk!/lib/arm64-v8a]]
09-30 15:09:20.958 18999 18999 I SoLoader: Preparing SO source: ApplicationSoSource[DirectorySoSource[root = /data/app/~~A73qhBQrxlZTf8wPYlzG3Q==/com.maplibrestartuprepro-q-_PsVGbJ1Rdh5Ixdhrz2g==/lib/arm64 flags = 0]]
09-30 15:09:20.958 18999 18999 I SoLoader: init finish: 4 SO sources prepared
09-30 15:09:20.958 18999 18999 W SoLoader: SoLoader initialized: 8
09-30 15:09:20.967 18999 18999 D nativeloader: Load /data/app/~~A73qhBQrxlZTf8wPYlzG3Q==/com.maplibrestartuprepro-q-_PsVGbJ1Rdh5Ixdhrz2g==/base.apk!/lib/arm64-v8a/libc++_shared.so using class loader ns clns-9 (caller=/data/app/~~A73qhBQrxlZTf8wPYlzG3Q==/com.maplibrestartuprepro-q-_PsVGbJ1Rdh5Ixdhrz2g==/base.apk): ok
09-30 15:09:20.969 18999 18999 D nativeloader: Load /data/app/~~A73qhBQrxlZTf8wPYlzG3Q==/com.maplibrestartuprepro-q-_PsVGbJ1Rdh5Ixdhrz2g==/base.apk!/lib/arm64-v8a/libjsi.so using class loader ns clns-9 (caller=/data/app/~~A73qhBQrxlZTf8wPYlzG3Q==/com.maplibrestartuprepro-q-_PsVGbJ1Rdh5Ixdhrz2g==/base.apk): ok
09-30 15:09:20.971 18999 18999 D nativeloader: Load /data/app/~~A73qhBQrxlZTf8wPYlzG3Q==/com.maplibrestartuprepro-q-_PsVGbJ1Rdh5Ixdhrz2g==/base.apk!/lib/arm64-v8a/libfbjni.so using class loader ns clns-9 (caller=/data/app/~~A73qhBQrxlZTf8wPYlzG3Q==/com.maplibrestartuprepro-q-_PsVGbJ1Rdh5Ixdhrz2g==/base.apk): ok
09-30 15:09:20.974 18999 18999 D nativeloader: Load /data/app/~~A73qhBQrxlZTf8wPYlzG3Q==/com.maplibrestartuprepro-q-_PsVGbJ1Rdh5Ixdhrz2g==/base.apk!/lib/arm64-v8a/libreactnative.so using class loader ns clns-9 (caller=/data/app/~~A73qhBQrxlZTf8wPYlzG3Q==/com.maplibrestartuprepro-q-_PsVGbJ1Rdh5Ixdhrz2g==/base.apk): ok
09-30 15:09:20.974 18999 18999 D jni_lib_merge: Entering merged library JNI_OnLoad.
09-30 15:09:20.974 18999 18999 D jni_lib_merge: Preparing 13 pre-merged libs (including stub)
09-30 15:09:20.974 18999 18999 D jni_lib_merge: Preparing to register libfabricjni_so.  onload_func: 0x75af5adb5c
09-30 15:09:20.974 18999 18999 D jni_lib_merge: Preparing to register libreact_devsupportjni_so.  onload_func: 0x75af6853d0
09-30 15:09:20.974 18999 18999 D jni_lib_merge: Preparing to register libreact_featureflagsjni_so.  onload_func: 0x75af69e64c
09-30 15:09:20.974 18999 18999 D jni_lib_merge: Preparing to register libreact_newarchdefaults_so.  onload_func: 0x75af6e01d8
09-30 15:09:20.974 18999 18999 D jni_lib_merge: Preparing to register libreact_tracingjni_so.  onload_func: 0x75af7c74cc
09-30 15:09:20.974 18999 18999 D jni_lib_merge: Preparing to register libreactnativeblob_so.  onload_func: 0x75af7cc760
09-30 15:09:20.974 18999 18999 D jni_lib_merge: Preparing to register libreactnativejni_so.  onload_func: 0x75af7d87f4
09-30 15:09:20.974 18999 18999 D jni_lib_merge: Preparing to register libreactnativejni_common_so.  onload_func: 0x75af7db838
09-30 15:09:20.974 18999 18999 D jni_lib_merge: Preparing to register librninstance_so.  onload_func: 0x75af800f50
09-30 15:09:20.974 18999 18999 D jni_lib_merge: Preparing to register libturbomodulejsijni_so.  onload_func: 0x75af896f48
09-30 15:09:20.974 18999 18999 D jni_lib_merge: Preparing to register libuimanagerjni_so.  onload_func: 0x75af89d93c
09-30 15:09:20.974 18999 18999 D jni_lib_merge: Preparing to register libyoga_so.  onload_func: 0x75af8a53b8
09-30 15:09:20.974 18999 18999 D jni_lib_merge: About to register 12 actual methods.
09-30 15:09:20.978 18999 18999 D nativeloader: Load /data/app/~~A73qhBQrxlZTf8wPYlzG3Q==/com.maplibrestartuprepro-q-_PsVGbJ1Rdh5Ixdhrz2g==/base.apk!/lib/arm64-v8a/libreact_codegen_safeareacontext.so using class loader ns clns-9 (caller=/data/app/~~A73qhBQrxlZTf8wPYlzG3Q==/com.maplibrestartuprepro-q-_PsVGbJ1Rdh5Ixdhrz2g==/base.apk): ok
09-30 15:09:20.979 18999 18999 D nativeloader: Load /data/app/~~A73qhBQrxlZTf8wPYlzG3Q==/com.maplibrestartuprepro-q-_PsVGbJ1Rdh5Ixdhrz2g==/base.apk!/lib/arm64-v8a/libappmodules.so using class loader ns clns-9 (caller=/data/app/~~A73qhBQrxlZTf8wPYlzG3Q==/com.maplibrestartuprepro-q-_PsVGbJ1Rdh5Ixdhrz2g==/base.apk): ok
09-30 15:09:20.984 18999 19014 I DisplayManager: Choreographer implicitly registered for the refresh rate.
09-30 15:09:20.985 18999 19014 D vulkan  : searching for layers in '/data/app/~~A73qhBQrxlZTf8wPYlzG3Q==/com.maplibrestartuprepro-q-_PsVGbJ1Rdh5Ixdhrz2g==/lib/arm64'
09-30 15:09:20.985 18999 19014 D vulkan  : searching for layers in '/data/app/~~A73qhBQrxlZTf8wPYlzG3Q==/com.maplibrestartuprepro-q-_PsVGbJ1Rdh5Ixdhrz2g==/base.apk!/lib/arm64-v8a'
09-30 15:09:20.997 18999 18999 D AppCompatDelegate: Checking for metadata for AppLocalesMetadataHolderService : Service not found
09-30 15:09:21.009 18999 18999 D CompatChangeReporter: Compat change id reported: 377864165; UID 10959; state: ENABLED
09-30 15:09:21.017 18999 18999 D nativeloader: Load /data/app/~~A73qhBQrxlZTf8wPYlzG3Q==/com.maplibrestartuprepro-q-_PsVGbJ1Rdh5Ixdhrz2g==/base.apk!/lib/arm64-v8a/libhermesvm.so using class loader ns clns-9 (caller=/data/app/~~A73qhBQrxlZTf8wPYlzG3Q==/com.maplibrestartuprepro-q-_PsVGbJ1Rdh5Ixdhrz2g==/base.apk): ok
09-30 15:09:21.018 18999 18999 D nativeloader: Load /data/app/~~A73qhBQrxlZTf8wPYlzG3Q==/com.maplibrestartuprepro-q-_PsVGbJ1Rdh5Ixdhrz2g==/base.apk!/lib/arm64-v8a/libhermestooling.so using class loader ns clns-9 (caller=/data/app/~~A73qhBQrxlZTf8wPYlzG3Q==/com.maplibrestartuprepro-q-_PsVGbJ1Rdh5Ixdhrz2g==/base.apk): ok
09-30 15:09:21.018 18999 18999 D jni_lib_merge: Entering merged library JNI_OnLoad.
09-30 15:09:21.018 18999 18999 D jni_lib_merge: Preparing 4 pre-merged libs (including stub)
09-30 15:09:21.018 18999 18999 D jni_lib_merge: Preparing to register libhermes_executor_so.  onload_func: 0x764f766eec
09-30 15:09:21.018 18999 18999 D jni_lib_merge: Preparing to register libhermesinstancejni_so.  onload_func: 0x764f76e69c
09-30 15:09:21.018 18999 18999 D jni_lib_merge: Preparing to register libjsijniprofiler_so.  onload_func: 0x764f76ef44
09-30 15:09:21.018 18999 18999 D jni_lib_merge: About to register 3 actual methods.
09-30 15:09:21.029 18999 18999 W unknown:BridgelessReact: ReactHost{0}.startSurface(surfaceId = 0): Schedule
09-30 15:09:21.029 18999 18999 W unknown:BridgelessReact: ReactHost{0}.attachSurface(surfaceId = 0)
09-30 15:09:21.030 18999 19026 W unknown:BridgelessReact: ReactHost{0}.getOrCreateReactInstanceTask()
09-30 15:09:21.030 18999 19026 W unknown:BridgelessReact: ReactHost{0}.getOrCreateReactInstanceTask(): Start
09-30 15:09:21.030 18999 19026 W unknown:BridgelessReact: ReactHost{0}.getJSBundleLoader()
09-30 15:09:21.030 18999 19026 W unknown:BridgelessReact: ReactHost{0}.getOrCreateReactInstanceTask(): Creating BridgelessReactContext
09-30 15:09:21.030 18999 19026 W unknown:BridgelessReact: ReactHost{0}.getOrCreateReactInstanceTask(): Creating ReactInstance
09-30 15:09:21.034 18999 18999 I ContentCaptureHelper: Setting logging level to OFF
09-30 15:09:21.043 18999 19026 W unknown:BridgelessReact: ReactHost{0}.getOrCreateReactInstanceTask(): Loading JS Bundle
09-30 15:09:21.044 18999 19026 W unknown:BridgelessReact: ReactHost{0}.getOrCreateReactInstanceTask(): DevSupportManager.onNewReactContextCreated()
09-30 15:09:21.044 18999 19026 W unknown:BridgelessReact: ReactHost{0}.startSurface(surfaceId = 0): Execute
09-30 15:09:21.052 18999 19027 I ReactNativeJS: Running "MapLibreStartupRepro"
09-30 15:09:21.055 18999 19027 W unknown:ViewManagerPropertyUpdater: Could not find generated setter for class com.th3rdwave.safeareacontext.SafeAreaProviderManager
09-30 15:09:21.059 18999 19027 W unknown:ViewManagerPropertyUpdater: Could not find generated setter for class com.facebook.react.uimanager.LayoutShadowNode
09-30 15:09:21.062 18999 19027 W unknown:ViewManagerPropertyUpdater: Could not find generated setter for class org.maplibre.reactnative.components.sources.geojsonsource.MLRNGeoJSONSourceManager
09-30 15:09:21.063 18999 19027 W unknown:ViewManagerPropertyUpdater: Could not find generated setter for class org.maplibre.reactnative.components.annotations.markerview.MLRNMarkerViewManager
09-30 15:09:21.063 18999 19027 W unknown:ViewManagerPropertyUpdater: Could not find generated setter for class org.maplibre.reactnative.components.sources.imagesource.MLRNImageSourceManager
09-30 15:09:21.063 18999 19027 W unknown:ViewManagerPropertyUpdater: Could not find generated setter for class org.maplibre.reactnative.components.sources.tilesources.rastersource.MLRNRasterSourceManager
09-30 15:09:21.064 18999 19027 W unknown:ViewManagerPropertyUpdater: Could not find generated setter for class org.maplibre.reactnative.components.camera.MLRNCameraManager
09-30 15:09:21.064 18999 19028 I REPRO   : MapViewModule.initialize() on mqt_v_native: posting MapLibre.getInstance to the UI queue
09-30 15:09:21.065 18999 19027 W unknown:ViewManagerPropertyUpdater: Could not find generated setter for class org.maplibre.reactnative.components.sources.tilesources.vectorsource.MLRNVectorSourceManager
09-30 15:09:21.066 18999 19027 W unknown:ViewManagerPropertyUpdater: Could not find generated setter for class org.maplibre.reactnative.components.mapview.MLRNMapViewManager
09-30 15:09:21.067 18999 19027 W unknown:ViewManagerPropertyUpdater: Could not find generated setter for class org.maplibre.reactnative.components.mapview.MLRNMapViewManager$MapShadowNode
09-30 15:09:21.067 18999 19027 W unknown:ViewManagerPropertyUpdater: Could not find generated setter for class org.maplibre.reactnative.components.layer.MLRNLayerManager
09-30 15:09:21.068 18999 19027 W unknown:ViewManagerPropertyUpdater: Could not find generated setter for class com.th3rdwave.safeareacontext.SafeAreaViewManager
09-30 15:09:21.069 18999 19027 W unknown:ViewManagerPropertyUpdater: Could not find generated setter for class com.th3rdwave.safeareacontext.SafeAreaViewShadowNode
09-30 15:09:21.069 18999 19027 W unknown:ViewManagerPropertyUpdater: Could not find generated setter for class org.maplibre.reactnative.components.mapview.MLRNAndroidTextureMapViewManager
09-30 15:09:21.069 18999 19027 W unknown:ViewManagerPropertyUpdater: Could not find generated setter for class org.maplibre.reactnative.components.sources.tilesources.rasterdemsource.MLRNRasterDEMSourceManager
09-30 15:09:21.071 18999 19027 W unknown:ViewManagerPropertyUpdater: Could not find generated setter for class org.maplibre.reactnative.components.location.MLRNNativeUserLocationManager
09-30 15:09:21.071 18999 19027 W unknown:ViewManagerPropertyUpdater: Could not find generated setter for class org.maplibre.reactnative.components.annotations.pointannotation.MLRNPointAnnotationManager
09-30 15:09:21.072 18999 19027 W unknown:ViewManagerPropertyUpdater: Could not find generated setter for class org.maplibre.reactnative.components.images.MLRNImagesManager
09-30 15:09:21.072 18999 19027 W unknown:ViewManagerPropertyUpdater: Could not find generated setter for class org.maplibre.reactnative.components.annotations.callout.MLRNCalloutManager
09-30 15:09:21.080 18999 19027 W unknown:ViewManagerPropertyUpdater: Could not find generated setter for class com.facebook.react.views.safeareaview.ReactSafeAreaViewManager
09-30 15:09:21.082 18999 19027 W unknown:ViewManagerPropertyUpdater: Could not find generated setter for class com.facebook.react.views.modal.ReactModalHostManager
09-30 15:09:21.083 18999 19027 W unknown:ViewManagerPropertyUpdater: Could not find generated setter for class com.facebook.react.views.progressbar.ReactProgressBarViewManager
09-30 15:09:21.084 18999 19027 W unknown:ViewManagerPropertyUpdater: Could not find generated setter for class com.facebook.react.views.scroll.ReactHorizontalScrollViewManager
09-30 15:09:21.085 18999 19027 W unknown:ViewManagerPropertyUpdater: Could not find generated setter for class com.facebook.react.views.image.ReactImageManager
09-30 15:09:21.086 18999 19027 W unknown:ViewManagerPropertyUpdater: Could not find generated setter for class com.facebook.react.views.text.ReactTextViewManager
09-30 15:09:21.087 18999 19027 W unknown:ViewManagerPropertyUpdater: Could not find generated setter for class com.facebook.react.views.scroll.ReactHorizontalScrollContainerViewManager
09-30 15:09:21.088 18999 19027 W unknown:ViewManagerPropertyUpdater: Could not find generated setter for class com.facebook.react.views.unimplementedview.ReactUnimplementedViewManager
09-30 15:09:21.089 18999 19027 W unknown:ViewManagerPropertyUpdater: Could not find generated setter for class com.facebook.react.views.scroll.ReactScrollViewManager
09-30 15:09:21.090 18999 19027 W unknown:ViewManagerPropertyUpdater: Could not find generated setter for class com.facebook.react.views.view.ReactViewManager
09-30 15:09:21.091 18999 19027 W unknown:ViewManagerPropertyUpdater: Could not find generated setter for class com.facebook.react.views.drawer.ReactDrawerLayoutManager
09-30 15:09:21.092 18999 19027 W unknown:ViewManagerPropertyUpdater: Could not find generated setter for class com.facebook.react.views.switchview.ReactSwitchManager
09-30 15:09:21.093 18999 19027 W unknown:ViewManagerPropertyUpdater: Could not find generated setter for class com.facebook.react.views.swiperefresh.SwipeRefreshLayoutManager
09-30 15:09:21.095 18999 19027 W unknown:ViewManagerPropertyUpdater: Could not find generated setter for class com.facebook.react.views.textinput.ReactTextInputManager
09-30 15:09:21.095 18999 18999 W unknown:BridgelessReact: ReactHost{0}.onHostResume(activity)
09-30 15:09:21.095 18999 18999 W unknown:BridgelessReact: ReactHost{0}.ReactContext.onHostResume()
09-30 15:09:21.097 18999 19027 W unknown:ViewManagerPropertyUpdater: Could not find generated setter for class com.facebook.react.views.text.SelectableTextViewManager
09-30 15:09:21.097 18999 19027 W unknown:ViewManagerPropertyUpdater: Could not find generated setter for class com.facebook.react.views.virtual.view.ReactVirtualViewManager
09-30 15:09:21.103 18999 19027 I HWUI    : Using FreeType backend (prop=Auto)
09-30 15:09:21.107 18999 19027 I ReactNativeJS: [repro] first effect: calling OfflineManager
09-30 15:09:21.107 18999 19027 I REPRO   : OfflineModule.initialize() on mqt_v_js: posting runMigrations to the main looper
09-30 15:09:21.109 18999 19028 I REPRO   : setTileCountLimit on mqt_v_native
09-30 15:09:21.122 18999 18999 W unknown:BridgelessReact: ReactHost{0}.ReactContext.onHostResume()
09-30 15:09:21.122 18999 18999 W unknown:BridgelessReact: ReactHost{0}.getOrCreateReactInstanceTask(): Executing ReactInstanceEventListeners
09-30 15:09:21.122 18999 18999 I REPRO   : MapLibre.getInstance START on main
09-30 15:09:21.196 18999 19028 D nativeloader: Load /data/app/~~A73qhBQrxlZTf8wPYlzG3Q==/com.maplibrestartuprepro-q-_PsVGbJ1Rdh5Ixdhrz2g==/base.apk!/lib/arm64-v8a/libmaplibre.so using class loader ns clns-9 (caller=/data/app/~~A73qhBQrxlZTf8wPYlzG3Q==/com.maplibrestartuprepro-q-_PsVGbJ1Rdh5Ixdhrz2g==/base.apk!classes3.dex): ok
09-30 15:09:27.110 18999 19037 I REPRO   : watchdog: NO ambient cache callback after 6 s, dumping all threads
09-30 15:09:27.120 18999 19037 I REPRO_DUMP: "binder:18999_2" tid=482 state=RUNNABLE
09-30 15:09:27.120 18999 19037 I REPRO_DUMP: "FinalizerDaemon" tid=478 state=WAITING
09-30 15:09:27.120 18999 19037 I REPRO_DUMP:     at java.lang.Object.wait(Native Method)
09-30 15:09:27.120 18999 19037 I REPRO_DUMP:     at java.lang.Object.wait(Object.java:390)
09-30 15:09:27.120 18999 19037 I REPRO_DUMP:     at java.lang.ref.ReferenceQueue.remove(ReferenceQueue.java:207)
09-30 15:09:27.120 18999 19037 I REPRO_DUMP:     at java.lang.ref.ReferenceQueue.remove(ReferenceQueue.java:228)
09-30 15:09:27.121 18999 19037 I REPRO_DUMP:     at java.lang.Daemons$FinalizerDaemon.runInternal(Daemons.java:348)
09-30 15:09:27.121 18999 19037 I REPRO_DUMP:     at java.lang.Daemons$Daemon.run(Daemons.java:135)
09-30 15:09:27.121 18999 19037 I REPRO_DUMP:     at java.lang.Thread.run(Thread.java:1571)
09-30 15:09:27.121 18999 19037 I REPRO_DUMP: "main" tid=2 state=BLOCKED
09-30 15:09:27.121 18999 19037 I REPRO_DUMP:     at org.maplibre.android.LibraryLoader.load(LibraryLoader.java:2)
09-30 15:09:27.121 18999 19037 I REPRO_DUMP:     at org.maplibre.android.net.NativeConnectivityListener.<clinit>(NativeConnectivityListener.java:13)
09-30 15:09:27.121 18999 19037 I REPRO_DUMP:     at org.maplibre.android.net.ConnectivityReceiver.instance(ConnectivityReceiver.java:45)
09-30 15:09:27.121 18999 19037 I REPRO_DUMP:     at org.maplibre.android.MapLibre.getInstance(MapLibre.java:114)
09-30 15:09:27.121 18999 19037 I REPRO_DUMP:     at org.maplibre.android.MapLibre.getInstance(MapLibre.java:77)
09-30 15:09:27.121 18999 19037 I REPRO_DUMP:     at org.maplibre.android.MapLibre.getInstance(MapLibre.java:56)
09-30 15:09:27.121 18999 19037 I REPRO_DUMP:     at org.maplibre.reactnative.components.mapview.MLRNMapViewModule.initialize$lambda$0(MLRNMapViewModule.kt:29)
09-30 15:09:27.121 18999 19037 I REPRO_DUMP:     at org.maplibre.reactnative.components.mapview.MLRNMapViewModule$$ExternalSyntheticLambda8.run(D8$$SyntheticClass:0)
09-30 15:09:27.121 18999 19037 I REPRO_DUMP:     at android.os.Handler.handleCallback(Handler.java:1082)
09-30 15:09:27.121 18999 19037 I REPRO_DUMP:     at android.os.Handler.dispatchMessageImpl(Handler.java:135)
09-30 15:09:27.121 18999 19037 I REPRO_DUMP:     at android.os.Handler.dispatchMessage(Handler.java:126)
09-30 15:09:27.121 18999 19037 I REPRO_DUMP:     at com.facebook.react.bridge.queue.MessageQueueThreadHandler.dispatchMessage(MessageQueueThreadHandler.kt:21)
09-30 15:09:27.121 18999 19037 I REPRO_DUMP:     at android.os.Looper.loopOnce(Looper.java:295)
09-30 15:09:27.121 18999 19037 I REPRO_DUMP:     at android.os.Looper.loop(Looper.java:398)
09-30 15:09:27.121 18999 19037 I REPRO_DUMP:     at android.app.ActivityThread.main(ActivityThread.java:9569)
09-30 15:09:27.121 18999 19037 I REPRO_DUMP:     at java.lang.reflect.Method.invoke(Native Method)
09-30 15:09:27.121 18999 19037 I REPRO_DUMP:     at com.android.internal.os.RuntimeInit$MethodAndArgsCaller.run(RuntimeInit.java:575)
09-30 15:09:27.121 18999 19037 I REPRO_DUMP:     at com.android.internal.os.ZygoteInit.main(ZygoteInit.java:918)
09-30 15:09:27.121 18999 19037 I REPRO_DUMP: "hwuiTask0" tid=494 state=RUNNABLE
09-30 15:09:27.121 18999 19037 I REPRO_DUMP: "Jit thread pool worker thread 0" tid=480 state=RUNNABLE
09-30 15:09:27.121 18999 19037 I REPRO_DUMP: "FinalizerWatchdogDaemon" tid=479 state=WAITING
09-30 15:09:27.121 18999 19037 I REPRO_DUMP:     at java.lang.Object.wait(Native Method)
09-30 15:09:27.121 18999 19037 I REPRO_DUMP:     at java.lang.Object.wait(Object.java:390)
09-30 15:09:27.121 18999 19037 I REPRO_DUMP:     at java.lang.Object.wait(Object.java:528)
09-30 15:09:27.121 18999 19037 I REPRO_DUMP:     at java.lang.Daemons$FinalizerWatchdogDaemon.sleepUntilNeeded(Daemons.java:481)
09-30 15:09:27.121 18999 19037 I REPRO_DUMP:     at java.lang.Daemons$FinalizerWatchdogDaemon.runInternal(Daemons.java:461)
09-30 15:09:27.121 18999 19037 I REPRO_DUMP:     at java.lang.Daemons$Daemon.run(Daemons.java:135)
09-30 15:09:27.121 18999 19037 I REPRO_DUMP:     at java.lang.Thread.run(Thread.java:1571)
09-30 15:09:27.121 18999 19037 I REPRO_DUMP: "repro-watchdog" tid=495 state=RUNNABLE
09-30 15:09:27.121 18999 19037 I REPRO_DUMP:     at dalvik.system.VMStack.getThreadStackTrace(Native Method)
09-30 15:09:27.121 18999 19037 I REPRO_DUMP:     at java.lang.Thread.getStackTrace(Thread.java:2849)
09-30 15:09:27.121 18999 19037 I REPRO_DUMP:     at java.lang.Thread.getAllStackTraces(Thread.java:2916)
09-30 15:09:27.121 18999 19037 I REPRO_DUMP:     at org.maplibre.reactnative.modules.MLRNOfflineModule.startReproWatchdog$lambda$0(MLRNOfflineModule.kt:57)
09-30 15:09:27.121 18999 19037 I REPRO_DUMP:     at org.maplibre.reactnative.modules.MLRNOfflineModule$$ExternalSyntheticLambda1.run(D8$$SyntheticClass:0)
09-30 15:09:27.121 18999 19037 I REPRO_DUMP:     at java.lang.Thread.run(Thread.java:1571)
09-30 15:09:27.121 18999 19037 I REPRO_DUMP: "queued-work-looper" tid=497 state=RUNNABLE
09-30 15:09:27.121 18999 19037 I REPRO_DUMP:     at android.os.MessageQueue.nativePollOnce(Native Method)
09-30 15:09:27.121 18999 19037 I REPRO_DUMP:     at android.os.MessageQueue.nextLegacy(MessageQueue.java:870)
09-30 15:09:27.121 18999 19037 I REPRO_DUMP:     at android.os.MessageQueue.next(MessageQueue.java:772)
09-30 15:09:27.121 18999 19037 I REPRO_DUMP:     at android.os.Looper.loopOnce(Looper.java:231)
09-30 15:09:27.121 18999 19037 I REPRO_DUMP:     at android.os.Looper.loop(Looper.java:398)
09-30 15:09:27.121 18999 19037 I REPRO_DUMP:     at android.os.HandlerThread.run(HandlerThread.java:140)
09-30 15:09:27.121 18999 19037 I REPRO_DUMP: "Signal Catcher" tid=475 state=WAITING
09-30 15:09:27.121 18999 19037 I REPRO_DUMP: "SharedPreferences" tid=487 state=TIMED_WAITING
09-30 15:09:27.121 18999 19037 I REPRO_DUMP:     at jdk.internal.misc.Unsafe.park(Native Method)
09-30 15:09:27.121 18999 19037 I REPRO_DUMP:     at java.util.concurrent.locks.LockSupport.parkNanos(LockSupport.java:276)
09-30 15:09:27.121 18999 19037 I REPRO_DUMP:     at java.util.concurrent.locks.AbstractQueuedSynchronizer$ConditionObject.awaitNanos(AbstractQueuedSynchronizer.java:1803)
09-30 15:09:27.121 18999 19037 I REPRO_DUMP:     at java.util.concurrent.LinkedBlockingQueue.poll(LinkedBlockingQueue.java:460)
09-30 15:09:27.121 18999 19037 I REPRO_DUMP:     at java.util.concurrent.ThreadPoolExecutor.getTask(ThreadPoolExecutor.java:1025)
09-30 15:09:27.121 18999 19037 I REPRO_DUMP:     at java.util.concurrent.ThreadPoolExecutor.runWorker(ThreadPoolExecutor.java:1086)
09-30 15:09:27.121 18999 19037 I REPRO_DUMP:     at java.util.concurrent.ThreadPoolExecutor$Worker.run(ThreadPoolExecutor.java:624)
09-30 15:09:27.121 18999 19037 I REPRO_DUMP:     at java.lang.Thread.run(Thread.java:1571)
09-30 15:09:27.121 18999 19037 I REPRO_DUMP: "AsyncTask #1" tid=496 state=WAITING
09-30 15:09:27.121 18999 19037 I REPRO_DUMP:     at jdk.internal.misc.Unsafe.park(Native Method)
09-30 15:09:27.121 18999 19037 I REPRO_DUMP:     at java.util.concurrent.locks.LockSupport.park(LockSupport.java:376)
09-30 15:09:27.121 18999 19037 I REPRO_DUMP:     at java.util.concurrent.LinkedTransferQueue$DualNode.await(LinkedTransferQueue.java:458)
09-30 15:09:27.121 18999 19037 I REPRO_DUMP:     at java.util.concurrent.SynchronousQueue$Transferer.xferLifo(SynchronousQueue.java:194)
09-30 15:09:27.121 18999 19037 I REPRO_DUMP:     at java.util.concurrent.SynchronousQueue.xfer(SynchronousQueue.java:235)
09-30 15:09:27.121 18999 19037 I REPRO_DUMP:     at java.util.concurrent.SynchronousQueue.take(SynchronousQueue.java:318)
09-30 15:09:27.121 18999 19037 I REPRO_DUMP:     at java.util.concurrent.ThreadPoolExecutor.getTask(ThreadPoolExecutor.java:1026)
09-30 15:09:27.121 18999 19037 I REPRO_DUMP:     at java.util.concurrent.ThreadPoolExecutor.runWorker(ThreadPoolExecutor.java:1086)
09-30 15:09:27.121 18999 19037 I REPRO_DUMP:     at java.util.concurrent.ThreadPoolExecutor$Worker.run(ThreadPoolExecutor.java:624)
09-30 15:09:27.121 18999 19037 I REPRO_DUMP:     at java.lang.Thread.run(Thread.java:1571)
09-30 15:09:27.121 18999 19037 I REPRO_DUMP: "HeapTaskDaemon" tid=476 state=WAITING
09-30 15:09:27.121 18999 19037 I REPRO_DUMP: "ProtoLogBackground" tid=492 state=WAITING
09-30 15:09:27.121 18999 19037 I REPRO_DUMP:     at jdk.internal.misc.Unsafe.park(Native Method)
09-30 15:09:27.121 18999 19037 I REPRO_DUMP:     at java.util.concurrent.locks.LockSupport.park(LockSupport.java:376)
09-30 15:09:27.121 18999 19037 I REPRO_DUMP:     at java.util.concurrent.locks.AbstractQueuedSynchronizer$ConditionNode.block(AbstractQueuedSynchronizer.java:520)
09-30 15:09:27.121 18999 19037 I REPRO_DUMP:     at java.util.concurrent.ForkJoinPool.unmanagedBlock(ForkJoinPool.java:3797)
09-30 15:09:27.121 18999 19037 I REPRO_DUMP:     at java.util.concurrent.ForkJoinPool.managedBlock(ForkJoinPool.java:3738)
09-30 15:09:27.121 18999 19037 I REPRO_DUMP:     at java.util.concurrent.locks.AbstractQueuedSynchronizer$ConditionObject.await(AbstractQueuedSynchronizer.java:1752)
09-30 15:09:27.121 18999 19037 I REPRO_DUMP:     at java.util.concurrent.LinkedBlockingDeque.takeFirst(LinkedBlockingDeque.java:486)
09-30 15:09:27.121 18999 19037 I REPRO_DUMP:     at java.util.concurrent.LinkedBlockingDeque.take(LinkedBlockingDeque.java:680)
09-30 15:09:27.121 18999 19037 I REPRO_DUMP:     at java.util.concurrent.ThreadPoolExecutor.getTask(ThreadPoolExecutor.java:1026)
09-30 15:09:27.121 18999 19037 I REPRO_DUMP:     at java.util.concurrent.ThreadPoolExecutor.runWorker(ThreadPoolExecutor.java:1086)
09-30 15:09:27.121 18999 19037 I REPRO_DUMP:     at java.util.concurrent.ThreadPoolExecutor$Worker.run(ThreadPoolExecutor.java:624)
09-30 15:09:27.121 18999 19037 I REPRO_DUMP:     at java.lang.Thread.run(Thread.java:1571)
09-30 15:09:27.121 18999 19037 I REPRO_DUMP: "Profile Saver" tid=484 state=RUNNABLE
09-30 15:09:27.121 18999 19037 I REPRO_DUMP: "mqt_v_native" tid=490 state=WAITING
09-30 15:09:27.121 18999 19037 I REPRO_DUMP:     at java.lang.Runtime.nativeLoad(Native Method)
09-30 15:09:27.121 18999 19037 I REPRO_DUMP:     at java.lang.Runtime.loadLibrary0(Runtime.java:1110)
09-30 15:09:27.121 18999 19037 I REPRO_DUMP:     at java.lang.Runtime.loadLibrary0(Runtime.java:1035)
09-30 15:09:27.121 18999 19037 I REPRO_DUMP:     at java.lang.System.loadLibrary(System.java:1764)
09-30 15:09:27.121 18999 19037 I REPRO_DUMP:     at org.maplibre.android.module.loader.LibraryLoaderProviderImpl$SystemLibraryLoader.load(LibraryLoaderProviderImpl.java:19)
09-30 15:09:27.121 18999 19037 I REPRO_DUMP:     at org.maplibre.android.LibraryLoader.load(LibraryLoader.java:52)
09-30 15:09:27.121 18999 19037 I REPRO_DUMP:     at org.maplibre.android.offline.OfflineManager.<clinit>(OfflineManager.kt:636)
09-30 15:09:27.121 18999 19037 I REPRO_DUMP:     at org.maplibre.reactnative.modules.MLRNOfflineModule.setTileCountLimit(MLRNOfflineModule.kt:446)
09-30 15:09:27.121 18999 19037 I REPRO_DUMP:     at com.facebook.jni.NativeRunnable.run(Native Method)
09-30 15:09:27.121 18999 19037 I REPRO_DUMP:     at android.os.Handler.handleCallback(Handler.java:1082)
09-30 15:09:27.121 18999 19037 I REPRO_DUMP:     at android.os.Handler.dispatchMessageImpl(Handler.java:135)
09-30 15:09:27.121 18999 19037 I REPRO_DUMP:     at android.os.Handler.dispatchMessage(Handler.java:126)
09-30 15:09:27.121 18999 19037 I REPRO_DUMP:     at com.facebook.react.bridge.queue.MessageQueueThreadHandler.dispatchMessage(MessageQueueThreadHandler.kt:21)
09-30 15:09:27.121 18999 19037 I REPRO_DUMP:     at android.os.Looper.loopOnce(Looper.java:295)
09-30 15:09:27.121 18999 19037 I REPRO_DUMP:     at android.os.Looper.loop(Looper.java:398)
09-30 15:09:27.121 18999 19037 I REPRO_DUMP:     at com.facebook.react.bridge.queue.MessageQueueThreadImpl$Companion.startNewBackgroundThread$lambda$0(MessageQueueThreadImpl.kt:152)
09-30 15:09:27.121 18999 19037 I REPRO_DUMP:     at com.facebook.react.bridge.queue.MessageQueueThreadImpl$Companion$$ExternalSyntheticLambda0.run(D8$$SyntheticClass:0)
09-30 15:09:27.121 18999 19037 I REPRO_DUMP:     at java.lang.Thread.run(Thread.java:1571)
09-30 15:09:27.121 18999 19037 I REPRO_DUMP: "android.bg" tid=491 state=RUNNABLE
09-30 15:09:27.121 18999 19037 I REPRO_DUMP:     at android.os.MessageQueue.nativePollOnce(Native Method)
09-30 15:09:27.121 18999 19037 I REPRO_DUMP:     at android.os.MessageQueue.nextLegacy(MessageQueue.java:870)
09-30 15:09:27.121 18999 19037 I REPRO_DUMP:     at android.os.MessageQueue.next(MessageQueue.java:772)
09-30 15:09:27.121 18999 19037 I REPRO_DUMP:     at android.os.Looper.loopOnce(Looper.java:231)
09-30 15:09:27.121 18999 19037 I REPRO_DUMP:     at android.os.Looper.loop(Looper.java:398)
09-30 15:09:27.121 18999 19037 I REPRO_DUMP:     at android.os.HandlerThread.run(HandlerThread.java:140)
09-30 15:09:27.121 18999 19037 I REPRO_DUMP: "hwuiTask1" tid=493 state=RUNNABLE
09-30 15:09:27.121 18999 19037 I REPRO_DUMP: "mqt_v_js" tid=489 state=RUNNABLE
09-30 15:09:27.121 18999 19037 I REPRO_DUMP:     at android.os.MessageQueue.nativePollOnce(Native Method)
09-30 15:09:27.121 18999 19037 I REPRO_DUMP:     at android.os.MessageQueue.nextLegacy(MessageQueue.java:870)
09-30 15:09:27.121 18999 19037 I REPRO_DUMP:     at android.os.MessageQueue.next(MessageQueue.java:772)
09-30 15:09:27.121 18999 19037 I REPRO_DUMP:     at android.os.Looper.loopOnce(Looper.java:231)
09-30 15:09:27.121 18999 19037 I REPRO_DUMP:     at android.os.Looper.loop(Looper.java:398)
09-30 15:09:27.121 18999 19037 I REPRO_DUMP:     at com.facebook.react.bridge.queue.MessageQueueThreadImpl$Companion.startNewBackgroundThread$lambda$0(MessageQueueThreadImpl.kt:152)
09-30 15:09:27.121 18999 19037 I REPRO_DUMP:     at com.facebook.react.bridge.queue.MessageQueueThreadImpl$Companion$$ExternalSyntheticLambda0.run(D8$$SyntheticClass:0)
09-30 15:09:27.121 18999 19037 I REPRO_DUMP:     at java.lang.Thread.run(Thread.java:1571)
09-30 15:09:27.121 18999 19037 I REPRO_DUMP: "RenderThread" tid=485 state=RUNNABLE
09-30 15:09:27.121 18999 19037 I REPRO_DUMP: "ReferenceQueueDaemon" tid=477 state=WAITING
09-30 15:09:27.121 18999 19037 I REPRO_DUMP:     at java.lang.Object.wait(Native Method)
09-30 15:09:27.121 18999 19037 I REPRO_DUMP:     at java.lang.Object.wait(Object.java:390)
09-30 15:09:27.121 18999 19037 I REPRO_DUMP:     at java.lang.Object.wait(Object.java:528)
09-30 15:09:27.121 18999 19037 I REPRO_DUMP:     at java.lang.Daemons$ReferenceQueueDaemon.runInternal(Daemons.java:260)
09-30 15:09:27.121 18999 19037 I REPRO_DUMP:     at java.lang.Daemons$Daemon.run(Daemons.java:135)
09-30 15:09:27.121 18999 19037 I REPRO_DUMP:     at java.lang.Thread.run(Thread.java:1571)
09-30 15:09:27.121 18999 19037 I REPRO_DUMP: "pool-3-thread-1" tid=488 state=WAITING
09-30 15:09:27.121 18999 19037 I REPRO_DUMP:     at jdk.internal.misc.Unsafe.park(Native Method)
09-30 15:09:27.121 18999 19037 I REPRO_DUMP:     at java.util.concurrent.locks.LockSupport.park(LockSupport.java:376)
09-30 15:09:27.121 18999 19037 I REPRO_DUMP:     at java.util.concurrent.locks.AbstractQueuedSynchronizer$ConditionNode.block(AbstractQueuedSynchronizer.java:520)
09-30 15:09:27.121 18999 19037 I REPRO_DUMP:     at java.util.concurrent.ForkJoinPool.unmanagedBlock(ForkJoinPool.java:3797)
09-30 15:09:27.121 18999 19037 I REPRO_DUMP:     at java.util.concurrent.ForkJoinPool.managedBlock(ForkJoinPool.java:3738)
09-30 15:09:27.121 18999 19037 I REPRO_DUMP:     at java.util.concurrent.locks.AbstractQueuedSynchronizer$ConditionObject.await(AbstractQueuedSynchronizer.java:1752)
09-30 15:09:27.121 18999 19037 I REPRO_DUMP:     at java.util.concurrent.LinkedBlockingQueue.take(LinkedBlockingQueue.java:435)
09-30 15:09:27.121 18999 19037 I REPRO_DUMP:     at java.util.concurrent.ThreadPoolExecutor.getTask(ThreadPoolExecutor.java:1026)
09-30 15:09:27.121 18999 19037 I REPRO_DUMP:     at java.util.concurrent.ThreadPoolExecutor.runWorker(ThreadPoolExecutor.java:1086)
09-30 15:09:27.121 18999 19037 I REPRO_DUMP:     at java.util.concurrent.ThreadPoolExecutor$Worker.run(ThreadPoolExecutor.java:624)
09-30 15:09:27.121 18999 19037 I REPRO_DUMP:     at java.lang.Thread.run(Thread.java:1571)
09-30 15:09:27.121 18999 19037 I REPRO_DUMP: "binder:18999_1" tid=481 state=RUNNABLE
09-30 15:09:27.121 18999 19037 I REPRO_DUMP: "binder:18999_3" tid=483 state=RUNNABLE
09-30 15:09:27.121 18999 19037 I REPRO_DUMP: "HybridData DestructorThread" tid=486 state=WAITING
09-30 15:09:27.121 18999 19037 I REPRO_DUMP:     at java.lang.Object.wait(Native Method)
09-30 15:09:27.121 18999 19037 I REPRO_DUMP:     at java.lang.Object.wait(Object.java:390)
09-30 15:09:27.121 18999 19037 I REPRO_DUMP:     at java.lang.ref.ReferenceQueue.remove(ReferenceQueue.java:207)
09-30 15:09:27.121 18999 19037 I REPRO_DUMP:     at java.lang.ref.ReferenceQueue.remove(ReferenceQueue.java:228)
09-30 15:09:27.121 18999 19037 I REPRO_DUMP:     at com.facebook.jni.DestructorThread$1.run(DestructorThread.java:77)
