--------- beginning of main
09-30 15:05:39.921 11470 11497 I REPRO   : MapViewModule.initialize() on mqt_v_native: posting MapLibre.getInstance to the UI queue
09-30 15:05:39.949 11470 11470 I REPRO   : MapLibre.getInstance START on main
09-30 15:05:39.958 11470 11496 I REPRO   : OfflineModule.initialize() on mqt_v_js: posting runMigrations to the main looper
09-30 15:05:39.958 11470 11497 I REPRO   : setTileCountLimit on mqt_v_native
09-30 15:05:45.958 11470 11508 I REPRO   : watchdog: NO ambient cache callback after 6 s, dumping all threads
09-30 15:05:45.959 11470 11508 I REPRO_DUMP: "HybridData DestructorThread" tid=486 state=WAITING
09-30 15:05:45.959 11470 11508 I REPRO_DUMP:     at java.lang.Object.wait(Native Method)
09-30 15:05:45.959 11470 11508 I REPRO_DUMP:     at java.lang.Object.wait(Object.java:390)
09-30 15:05:45.959 11470 11508 I REPRO_DUMP:     at java.lang.ref.ReferenceQueue.remove(ReferenceQueue.java:207)
09-30 15:05:45.959 11470 11508 I REPRO_DUMP:     at java.lang.ref.ReferenceQueue.remove(ReferenceQueue.java:228)
09-30 15:05:45.959 11470 11508 I REPRO_DUMP:     at com.facebook.jni.DestructorThread$1.run(DestructorThread.java:77)
09-30 15:05:45.959 11470 11508 I REPRO_DUMP: "hwuiTask1" tid=493 state=RUNNABLE
09-30 15:05:45.959 11470 11508 I REPRO_DUMP: "binder:11470_2" tid=482 state=RUNNABLE
09-30 15:05:45.959 11470 11508 I REPRO_DUMP: "pool-3-thread-1" tid=488 state=WAITING
09-30 15:05:45.959 11470 11508 I REPRO_DUMP:     at jdk.internal.misc.Unsafe.park(Native Method)
09-30 15:05:45.959 11470 11508 I REPRO_DUMP:     at java.util.concurrent.locks.LockSupport.park(LockSupport.java:376)
09-30 15:05:45.959 11470 11508 I REPRO_DUMP:     at java.util.concurrent.locks.AbstractQueuedSynchronizer$ConditionNode.block(AbstractQueuedSynchronizer.java:520)
09-30 15:05:45.959 11470 11508 I REPRO_DUMP:     at java.util.concurrent.ForkJoinPool.unmanagedBlock(ForkJoinPool.java:3797)
09-30 15:05:45.959 11470 11508 I REPRO_DUMP:     at java.util.concurrent.ForkJoinPool.managedBlock(ForkJoinPool.java:3738)
09-30 15:05:45.959 11470 11508 I REPRO_DUMP:     at java.util.concurrent.locks.AbstractQueuedSynchronizer$ConditionObject.await(AbstractQueuedSynchronizer.java:1752)
09-30 15:05:45.959 11470 11508 I REPRO_DUMP:     at java.util.concurrent.LinkedBlockingQueue.take(LinkedBlockingQueue.java:435)
09-30 15:05:45.959 11470 11508 I REPRO_DUMP:     at java.util.concurrent.ThreadPoolExecutor.getTask(ThreadPoolExecutor.java:1026)
09-30 15:05:45.959 11470 11508 I REPRO_DUMP:     at java.util.concurrent.ThreadPoolExecutor.runWorker(ThreadPoolExecutor.java:1086)
09-30 15:05:45.959 11470 11508 I REPRO_DUMP:     at java.util.concurrent.ThreadPoolExecutor$Worker.run(ThreadPoolExecutor.java:624)
09-30 15:05:45.959 11470 11508 I REPRO_DUMP:     at java.lang.Thread.run(Thread.java:1571)
09-30 15:05:45.959 11470 11508 I REPRO_DUMP: "Profile Saver" tid=484 state=RUNNABLE
09-30 15:05:45.959 11470 11508 I REPRO_DUMP: "SharedPreferences" tid=487 state=TIMED_WAITING
09-30 15:05:45.959 11470 11508 I REPRO_DUMP:     at jdk.internal.misc.Unsafe.park(Native Method)
09-30 15:05:45.959 11470 11508 I REPRO_DUMP:     at java.util.concurrent.locks.LockSupport.parkNanos(LockSupport.java:276)
09-30 15:05:45.959 11470 11508 I REPRO_DUMP:     at java.util.concurrent.locks.AbstractQueuedSynchronizer$ConditionObject.awaitNanos(AbstractQueuedSynchronizer.java:1803)
09-30 15:05:45.959 11470 11508 I REPRO_DUMP:     at java.util.concurrent.LinkedBlockingQueue.poll(LinkedBlockingQueue.java:460)
09-30 15:05:45.959 11470 11508 I REPRO_DUMP:     at java.util.concurrent.ThreadPoolExecutor.getTask(ThreadPoolExecutor.java:1025)
09-30 15:05:45.959 11470 11508 I REPRO_DUMP:     at java.util.concurrent.ThreadPoolExecutor.runWorker(ThreadPoolExecutor.java:1086)
09-30 15:05:45.959 11470 11508 I REPRO_DUMP:     at java.util.concurrent.ThreadPoolExecutor$Worker.run(ThreadPoolExecutor.java:624)
09-30 15:05:45.959 11470 11508 I REPRO_DUMP:     at java.lang.Thread.run(Thread.java:1571)
09-30 15:05:45.959 11470 11508 I REPRO_DUMP: "Jit thread pool worker thread 0" tid=480 state=RUNNABLE
09-30 15:05:45.960 11470 11508 I REPRO_DUMP: "repro-watchdog" tid=497 state=RUNNABLE
09-30 15:05:45.960 11470 11508 I REPRO_DUMP:     at dalvik.system.VMStack.getThreadStackTrace(Native Method)
09-30 15:05:45.960 11470 11508 I REPRO_DUMP:     at java.lang.Thread.getStackTrace(Thread.java:2849)
09-30 15:05:45.960 11470 11508 I REPRO_DUMP:     at java.lang.Thread.getAllStackTraces(Thread.java:2916)
09-30 15:05:45.960 11470 11508 I REPRO_DUMP:     at org.maplibre.reactnative.modules.MLRNOfflineModule.startReproWatchdog$lambda$0(MLRNOfflineModule.kt:57)
09-30 15:05:45.960 11470 11508 I REPRO_DUMP:     at org.maplibre.reactnative.modules.MLRNOfflineModule$$ExternalSyntheticLambda1.run(D8$$SyntheticClass:0)
09-30 15:05:45.960 11470 11508 I REPRO_DUMP:     at java.lang.Thread.run(Thread.java:1571)
09-30 15:05:45.960 11470 11508 I REPRO_DUMP: "Signal Catcher" tid=475 state=WAITING
09-30 15:05:45.960 11470 11508 I REPRO_DUMP: "binder:11470_1" tid=481 state=RUNNABLE
09-30 15:05:45.960 11470 11508 I REPRO_DUMP: "SurfaceSyncGroupTimer" tid=495 state=RUNNABLE
09-30 15:05:45.960 11470 11508 I REPRO_DUMP:     at android.os.MessageQueue.nativePollOnce(Native Method)
09-30 15:05:45.960 11470 11508 I REPRO_DUMP:     at android.os.MessageQueue.nextLegacy(MessageQueue.java:870)
09-30 15:05:45.960 11470 11508 I REPRO_DUMP:     at android.os.MessageQueue.next(MessageQueue.java:772)
09-30 15:05:45.960 11470 11508 I REPRO_DUMP:     at android.os.Looper.loopOnce(Looper.java:231)
09-30 15:05:45.960 11470 11508 I REPRO_DUMP:     at android.os.Looper.loop(Looper.java:398)
09-30 15:05:45.960 11470 11508 I REPRO_DUMP:     at android.os.HandlerThread.run(HandlerThread.java:140)
09-30 15:05:45.960 11470 11508 I REPRO_DUMP: "ProtoLogBackground" tid=492 state=WAITING
09-30 15:05:45.960 11470 11508 I REPRO_DUMP:     at jdk.internal.misc.Unsafe.park(Native Method)
09-30 15:05:45.960 11470 11508 I REPRO_DUMP:     at java.util.concurrent.locks.LockSupport.park(LockSupport.java:376)
09-30 15:05:45.960 11470 11508 I REPRO_DUMP:     at java.util.concurrent.locks.AbstractQueuedSynchronizer$ConditionNode.block(AbstractQueuedSynchronizer.java:520)
09-30 15:05:45.960 11470 11508 I REPRO_DUMP:     at java.util.concurrent.ForkJoinPool.unmanagedBlock(ForkJoinPool.java:3797)
09-30 15:05:45.960 11470 11508 I REPRO_DUMP:     at java.util.concurrent.ForkJoinPool.managedBlock(ForkJoinPool.java:3738)
09-30 15:05:45.960 11470 11508 I REPRO_DUMP:     at java.util.concurrent.locks.AbstractQueuedSynchronizer$ConditionObject.await(AbstractQueuedSynchronizer.java:1752)
09-30 15:05:45.960 11470 11508 I REPRO_DUMP:     at java.util.concurrent.LinkedBlockingDeque.takeFirst(LinkedBlockingDeque.java:486)
09-30 15:05:45.960 11470 11508 I REPRO_DUMP:     at java.util.concurrent.LinkedBlockingDeque.take(LinkedBlockingDeque.java:680)
09-30 15:05:45.960 11470 11508 I REPRO_DUMP:     at java.util.concurrent.ThreadPoolExecutor.getTask(ThreadPoolExecutor.java:1026)
09-30 15:05:45.960 11470 11508 I REPRO_DUMP:     at java.util.concurrent.ThreadPoolExecutor.runWorker(ThreadPoolExecutor.java:1086)
09-30 15:05:45.960 11470 11508 I REPRO_DUMP:     at java.util.concurrent.ThreadPoolExecutor$Worker.run(ThreadPoolExecutor.java:624)
09-30 15:05:45.960 11470 11508 I REPRO_DUMP:     at java.lang.Thread.run(Thread.java:1571)
09-30 15:05:45.960 11470 11508 I REPRO_DUMP: "FinalizerDaemon" tid=478 state=WAITING
09-30 15:05:45.960 11470 11508 I REPRO_DUMP:     at java.lang.Object.wait(Native Method)
09-30 15:05:45.960 11470 11508 I REPRO_DUMP:     at java.lang.Object.wait(Object.java:390)
09-30 15:05:45.960 11470 11508 I REPRO_DUMP:     at java.lang.ref.ReferenceQueue.remove(ReferenceQueue.java:207)
09-30 15:05:45.960 11470 11508 I REPRO_DUMP:     at java.lang.ref.ReferenceQueue.remove(ReferenceQueue.java:228)
09-30 15:05:45.960 11470 11508 I REPRO_DUMP:     at java.lang.Daemons$FinalizerDaemon.runInternal(Daemons.java:348)
09-30 15:05:45.960 11470 11508 I REPRO_DUMP:     at java.lang.Daemons$Daemon.run(Daemons.java:135)
09-30 15:05:45.960 11470 11508 I REPRO_DUMP:     at java.lang.Thread.run(Thread.java:1571)
09-30 15:05:45.960 11470 11508 I REPRO_DUMP: "mqt_v_js" tid=489 state=RUNNABLE
09-30 15:05:45.960 11470 11508 I REPRO_DUMP:     at android.os.MessageQueue.nativePollOnce(Native Method)
09-30 15:05:45.960 11470 11508 I REPRO_DUMP:     at android.os.MessageQueue.nextLegacy(MessageQueue.java:870)
09-30 15:05:45.960 11470 11508 I REPRO_DUMP:     at android.os.MessageQueue.next(MessageQueue.java:772)
09-30 15:05:45.960 11470 11508 I REPRO_DUMP:     at android.os.Looper.loopOnce(Looper.java:231)
09-30 15:05:45.960 11470 11508 I REPRO_DUMP:     at android.os.Looper.loop(Looper.java:398)
09-30 15:05:45.960 11470 11508 I REPRO_DUMP:     at com.facebook.react.bridge.queue.MessageQueueThreadImpl$Companion.startNewBackgroundThread$lambda$0(MessageQueueThreadImpl.kt:152)
09-30 15:05:45.960 11470 11508 I REPRO_DUMP:     at com.facebook.react.bridge.queue.MessageQueueThreadImpl$Companion$$ExternalSyntheticLambda0.run(D8$$SyntheticClass:0)
09-30 15:05:45.960 11470 11508 I REPRO_DUMP:     at java.lang.Thread.run(Thread.java:1571)
09-30 15:05:45.960 11470 11508 I REPRO_DUMP: "RenderThread" tid=485 state=RUNNABLE
09-30 15:05:45.960 11470 11508 I REPRO_DUMP: "android.bg" tid=491 state=RUNNABLE
09-30 15:05:45.960 11470 11508 I REPRO_DUMP:     at android.os.MessageQueue.nativePollOnce(Native Method)
09-30 15:05:45.960 11470 11508 I REPRO_DUMP:     at android.os.MessageQueue.nextLegacy(MessageQueue.java:870)
09-30 15:05:45.960 11470 11508 I REPRO_DUMP:     at android.os.MessageQueue.next(MessageQueue.java:772)
09-30 15:05:45.960 11470 11508 I REPRO_DUMP:     at android.os.Looper.loopOnce(Looper.java:231)
09-30 15:05:45.960 11470 11508 I REPRO_DUMP:     at android.os.Looper.loop(Looper.java:398)
09-30 15:05:45.960 11470 11508 I REPRO_DUMP:     at android.os.HandlerThread.run(HandlerThread.java:140)
09-30 15:05:45.960 11470 11508 I REPRO_DUMP: "main" tid=2 state=WAITING
09-30 15:05:45.960 11470 11508 I REPRO_DUMP:     at java.lang.Runtime.nativeLoad(Native Method)
09-30 15:05:45.960 11470 11508 I REPRO_DUMP:     at java.lang.Runtime.loadLibrary0(Runtime.java:1110)
09-30 15:05:45.960 11470 11508 I REPRO_DUMP:     at java.lang.Runtime.loadLibrary0(Runtime.java:1035)
09-30 15:05:45.960 11470 11508 I REPRO_DUMP:     at java.lang.System.loadLibrary(System.java:1764)
09-30 15:05:45.960 11470 11508 I REPRO_DUMP:     at org.maplibre.android.module.loader.LibraryLoaderProviderImpl$SystemLibraryLoader.load(LibraryLoaderProviderImpl.java:19)
09-30 15:05:45.960 11470 11508 I REPRO_DUMP:     at org.maplibre.android.LibraryLoader.load(LibraryLoader.java:52)
09-30 15:05:45.960 11470 11508 I REPRO_DUMP:     at org.maplibre.android.net.NativeConnectivityListener.<clinit>(NativeConnectivityListener.java:13)
09-30 15:05:45.960 11470 11508 I REPRO_DUMP:     at org.maplibre.android.net.ConnectivityReceiver.instance(ConnectivityReceiver.java:45)
09-30 15:05:45.960 11470 11508 I REPRO_DUMP:     at org.maplibre.android.MapLibre.getInstance(MapLibre.java:114)
09-30 15:05:45.960 11470 11508 I REPRO_DUMP:     at org.maplibre.android.MapLibre.getInstance(MapLibre.java:77)
09-30 15:05:45.960 11470 11508 I REPRO_DUMP:     at org.maplibre.android.MapLibre.getInstance(MapLibre.java:56)
09-30 15:05:45.960 11470 11508 I REPRO_DUMP:     at org.maplibre.reactnative.components.mapview.MLRNMapViewModule.initialize$lambda$0(MLRNMapViewModule.kt:29)
09-30 15:05:45.960 11470 11508 I REPRO_DUMP:     at org.maplibre.reactnative.components.mapview.MLRNMapViewModule$$ExternalSyntheticLambda8.run(D8$$SyntheticClass:0)
09-30 15:05:45.960 11470 11508 I REPRO_DUMP:     at android.os.Handler.handleCallback(Handler.java:1082)
09-30 15:05:45.960 11470 11508 I REPRO_DUMP:     at android.os.Handler.dispatchMessageImpl(Handler.java:135)
09-30 15:05:45.960 11470 11508 I REPRO_DUMP:     at android.os.Handler.dispatchMessage(Handler.java:126)
09-30 15:05:45.960 11470 11508 I REPRO_DUMP:     at com.facebook.react.bridge.queue.MessageQueueThreadHandler.dispatchMessage(MessageQueueThreadHandler.kt:21)
09-30 15:05:45.960 11470 11508 I REPRO_DUMP:     at android.os.Looper.loopOnce(Looper.java:295)
09-30 15:05:45.960 11470 11508 I REPRO_DUMP:     at android.os.Looper.loop(Looper.java:398)
09-30 15:05:45.960 11470 11508 I REPRO_DUMP:     at android.app.ActivityThread.main(ActivityThread.java:9569)
09-30 15:05:45.960 11470 11508 I REPRO_DUMP:     at java.lang.reflect.Method.invoke(Native Method)
09-30 15:05:45.960 11470 11508 I REPRO_DUMP:     at com.android.internal.os.RuntimeInit$MethodAndArgsCaller.run(RuntimeInit.java:575)
09-30 15:05:45.960 11470 11508 I REPRO_DUMP:     at com.android.internal.os.ZygoteInit.main(ZygoteInit.java:918)
09-30 15:05:45.960 11470 11508 I REPRO_DUMP: "FinalizerWatchdogDaemon" tid=479 state=WAITING
09-30 15:05:45.960 11470 11508 I REPRO_DUMP:     at java.lang.Object.wait(Native Method)
09-30 15:05:45.960 11470 11508 I REPRO_DUMP:     at java.lang.Object.wait(Object.java:390)
09-30 15:05:45.960 11470 11508 I REPRO_DUMP:     at java.lang.Object.wait(Object.java:528)
09-30 15:05:45.960 11470 11508 I REPRO_DUMP:     at java.lang.Daemons$FinalizerWatchdogDaemon.sleepUntilNeeded(Daemons.java:481)
09-30 15:05:45.960 11470 11508 I REPRO_DUMP:     at java.lang.Daemons$FinalizerWatchdogDaemon.runInternal(Daemons.java:461)
09-30 15:05:45.960 11470 11508 I REPRO_DUMP:     at java.lang.Daemons$Daemon.run(Daemons.java:135)
09-30 15:05:45.960 11470 11508 I REPRO_DUMP:     at java.lang.Thread.run(Thread.java:1571)
09-30 15:05:45.960 11470 11508 I REPRO_DUMP: "hwuiTask0" tid=494 state=RUNNABLE
09-30 15:05:45.960 11470 11508 I REPRO_DUMP: "HeapTaskDaemon" tid=476 state=WAITING
09-30 15:05:45.960 11470 11508 I REPRO_DUMP: "binder:11470_3" tid=483 state=RUNNABLE
09-30 15:05:45.960 11470 11508 I REPRO_DUMP: "queued-work-looper" tid=498 state=RUNNABLE
09-30 15:05:45.960 11470 11508 I REPRO_DUMP:     at android.os.MessageQueue.nativePollOnce(Native Method)
09-30 15:05:45.960 11470 11508 I REPRO_DUMP:     at android.os.MessageQueue.nextLegacy(MessageQueue.java:870)
09-30 15:05:45.960 11470 11508 I REPRO_DUMP:     at android.os.MessageQueue.next(MessageQueue.java:772)
09-30 15:05:45.960 11470 11508 I REPRO_DUMP:     at android.os.Looper.loopOnce(Looper.java:231)
09-30 15:05:45.960 11470 11508 I REPRO_DUMP:     at android.os.Looper.loop(Looper.java:398)
09-30 15:05:45.960 11470 11508 I REPRO_DUMP:     at android.os.HandlerThread.run(HandlerThread.java:140)
09-30 15:05:45.960 11470 11508 I REPRO_DUMP: "ReferenceQueueDaemon" tid=477 state=WAITING
09-30 15:05:45.960 11470 11508 I REPRO_DUMP:     at java.lang.Object.wait(Native Method)
09-30 15:05:45.960 11470 11508 I REPRO_DUMP:     at java.lang.Object.wait(Object.java:390)
09-30 15:05:45.960 11470 11508 I REPRO_DUMP:     at java.lang.Object.wait(Object.java:528)
09-30 15:05:45.960 11470 11508 I REPRO_DUMP:     at java.lang.Daemons$ReferenceQueueDaemon.runInternal(Daemons.java:260)
09-30 15:05:45.960 11470 11508 I REPRO_DUMP:     at java.lang.Daemons$Daemon.run(Daemons.java:135)
09-30 15:05:45.960 11470 11508 I REPRO_DUMP:     at java.lang.Thread.run(Thread.java:1571)
09-30 15:05:45.960 11470 11508 I REPRO_DUMP: "mqt_v_native" tid=490 state=BLOCKED
09-30 15:05:45.960 11470 11508 I REPRO_DUMP:     at org.maplibre.android.LibraryLoader.load(LibraryLoader.java:2)
09-30 15:05:45.960 11470 11508 I REPRO_DUMP:     at org.maplibre.android.offline.OfflineManager.<clinit>(OfflineManager.kt:636)
09-30 15:05:45.960 11470 11508 I REPRO_DUMP:     at org.maplibre.reactnative.modules.MLRNOfflineModule.setTileCountLimit(MLRNOfflineModule.kt:446)
09-30 15:05:45.960 11470 11508 I REPRO_DUMP:     at com.facebook.jni.NativeRunnable.run(Native Method)
09-30 15:05:45.960 11470 11508 I REPRO_DUMP:     at android.os.Handler.handleCallback(Handler.java:1082)
09-30 15:05:45.960 11470 11508 I REPRO_DUMP:     at android.os.Handler.dispatchMessageImpl(Handler.java:135)
09-30 15:05:45.960 11470 11508 I REPRO_DUMP:     at android.os.Handler.dispatchMessage(Handler.java:126)
09-30 15:05:45.960 11470 11508 I REPRO_DUMP:     at com.facebook.react.bridge.queue.MessageQueueThreadHandler.dispatchMessage(MessageQueueThreadHandler.kt:21)
09-30 15:05:45.960 11470 11508 I REPRO_DUMP:     at android.os.Looper.loopOnce(Looper.java:295)
09-30 15:05:45.960 11470 11508 I REPRO_DUMP:     at android.os.Looper.loop(Looper.java:398)
09-30 15:05:45.960 11470 11508 I REPRO_DUMP:     at com.facebook.react.bridge.queue.MessageQueueThreadImpl$Companion.startNewBackgroundThread$lambda$0(MessageQueueThreadImpl.kt:152)
09-30 15:05:45.960 11470 11508 I REPRO_DUMP:     at com.facebook.react.bridge.queue.MessageQueueThreadImpl$Companion$$ExternalSyntheticLambda0.run(D8$$SyntheticClass:0)
09-30 15:05:45.960 11470 11508 I REPRO_DUMP:     at java.lang.Thread.run(Thread.java:1571)
09-30 15:05:45.960 11470 11508 I REPRO_DUMP: "AsyncTask #1" tid=496 state=WAITING
09-30 15:05:45.960 11470 11508 I REPRO_DUMP:     at jdk.internal.misc.Unsafe.park(Native Method)
09-30 15:05:45.960 11470 11508 I REPRO_DUMP:     at java.util.concurrent.locks.LockSupport.park(LockSupport.java:376)
09-30 15:05:45.960 11470 11508 I REPRO_DUMP:     at java.util.concurrent.LinkedTransferQueue$DualNode.await(LinkedTransferQueue.java:458)
09-30 15:05:45.960 11470 11508 I REPRO_DUMP:     at java.util.concurrent.SynchronousQueue$Transferer.xferLifo(SynchronousQueue.java:194)
09-30 15:05:45.960 11470 11508 I REPRO_DUMP:     at java.util.concurrent.SynchronousQueue.xfer(SynchronousQueue.java:235)
09-30 15:05:45.960 11470 11508 I REPRO_DUMP:     at java.util.concurrent.SynchronousQueue.take(SynchronousQueue.java:318)
09-30 15:05:45.960 11470 11508 I REPRO_DUMP:     at java.util.concurrent.ThreadPoolExecutor.getTask(ThreadPoolExecutor.java:1026)
09-30 15:05:45.960 11470 11508 I REPRO_DUMP:     at java.util.concurrent.ThreadPoolExecutor.runWorker(ThreadPoolExecutor.java:1086)
09-30 15:05:45.960 11470 11508 I REPRO_DUMP:     at java.util.concurrent.ThreadPoolExecutor$Worker.run(ThreadPoolExecutor.java:624)
09-30 15:05:45.960 11470 11508 I REPRO_DUMP:     at java.lang.Thread.run(Thread.java:1571)
