09-30 15:03:58.239  8508  8508 I libprocessgroup: Created cgroup /sys/fs/cgroup/apps/uid_10947
09-30 15:03:58.240  8508  8508 I libprocessgroup: Created cgroup /sys/fs/cgroup/apps/uid_10947/pid_8508
09-30 15:03:58.247  8508  8508 I Zygote  : Process 8508 created for com.maplibrestartuprepro
09-30 15:03:58.248  8508  8508 I brestartuprepro: Using generational CollectorTypeCMC GC.
09-30 15:03:58.275  8508  8508 D nativeloader: Load libframework-connectivity-tiramisu-jni.so using APEX ns com_android_tethering for caller /apex/com.android.tethering/javalib/framework-connectivity-t.jar: ok
09-30 15:03:58.309  8508  8508 D ApplicationLoaders: Returning zygote-cached class loader: /system_ext/framework/androidx.window.extensions.jar
09-30 15:03:58.309  8508  8508 D ApplicationLoaders: Returning zygote-cached class loader: /system_ext/framework/androidx.window.sidecar.jar
09-30 15:03:58.315  8508  8508 D nativeloader: Configuring clns-9 for other apk /data/app/~~l0SwwUfgQvpC6StxGkJlLA==/com.maplibrestartuprepro-JWUb0z8ogxsvclGKiw6aQA==/base.apk. target_sdk_version=36, uses_libraries=, library_path=/data/app/~~l0SwwUfgQvpC6StxGkJlLA==/com.maplibrestartuprepro-JWUb0z8ogxsvclGKiw6aQA==/lib/arm64:/data/app/~~l0SwwUfgQvpC6StxGkJlLA==/com.maplibrestartuprepro-JWUb0z8ogxsvclGKiw6aQA==/base.apk!/lib/arm64-v8a, permitted_path=/data:/mnt/expand:/data/user/0/com.maplibrestartuprepro
09-30 15:03:58.327  8508  8508 D ActivityThread: Set OS env TMPDIR to /data/user/0/com.maplibrestartuprepro/cache
09-30 15:03:58.329  8508  8508 V GraphicsEnvironment: Currently set values for:
09-30 15:03:58.329  8508  8508 V GraphicsEnvironment:   angle_gl_driver_selection_pkgs=[com.android.angle]
09-30 15:03:58.329  8508  8508 V GraphicsEnvironment:   angle_gl_driver_selection_values=[angle]
09-30 15:03:58.329  8508  8508 V GraphicsEnvironment: com.maplibrestartuprepro is not listed in per-application setting
09-30 15:03:58.330  8508  8508 V GraphicsEnvironment: No special selections for ANGLE, returning default driver choice
09-30 15:03:58.331  8508  8508 V GraphicsEnvironment: Neither updatable production driver nor prerelease driver is supported.
09-30 15:03:58.342  8508  8508 W SoLoader: Initializing SoLoader: 0
09-30 15:03:58.342  8508  8508 W SoLoader: Recording new base apk path: /data/app/~~l0SwwUfgQvpC6StxGkJlLA==/com.maplibrestartuprepro-JWUb0z8ogxsvclGKiw6aQA==/base.apk
09-30 15:03:58.342  8508  8508 W SoLoader: Previously recorded 0 base apk paths.
09-30 15:03:58.343  8508  8508 I SoLoader: Preparing SO source: DirectorySoSource[root = /vendor/lib64 flags = 2]
09-30 15:03:58.343  8508  8508 I SoLoader: Preparing SO source: DirectorySoSource[root = /system/lib64 flags = 2]
09-30 15:03:58.343  8508  8508 I SoLoader: Preparing SO source: DirectApkSoSource[root = [/data/app/~~l0SwwUfgQvpC6StxGkJlLA==/com.maplibrestartuprepro-JWUb0z8ogxsvclGKiw6aQA==/base.apk!/lib/arm64-v8a]]
09-30 15:03:58.344  8508  8508 I SoLoader: Preparing SO source: ApplicationSoSource[DirectorySoSource[root = /data/app/~~l0SwwUfgQvpC6StxGkJlLA==/com.maplibrestartuprepro-JWUb0z8ogxsvclGKiw6aQA==/lib/arm64 flags = 0]]
09-30 15:03:58.344  8508  8508 I SoLoader: init finish: 4 SO sources prepared
09-30 15:03:58.344  8508  8508 W SoLoader: SoLoader initialized: 8
09-30 15:03:58.350  8508  8508 D nativeloader: Load /data/app/~~l0SwwUfgQvpC6StxGkJlLA==/com.maplibrestartuprepro-JWUb0z8ogxsvclGKiw6aQA==/base.apk!/lib/arm64-v8a/libc++_shared.so using class loader ns clns-9 (caller=/data/app/~~l0SwwUfgQvpC6StxGkJlLA==/com.maplibrestartuprepro-JWUb0z8ogxsvclGKiw6aQA==/base.apk): ok
09-30 15:03:58.353  8508  8508 D nativeloader: Load /data/app/~~l0SwwUfgQvpC6StxGkJlLA==/com.maplibrestartuprepro-JWUb0z8ogxsvclGKiw6aQA==/base.apk!/lib/arm64-v8a/libjsi.so using class loader ns clns-9 (caller=/data/app/~~l0SwwUfgQvpC6StxGkJlLA==/com.maplibrestartuprepro-JWUb0z8ogxsvclGKiw6aQA==/base.apk): ok
09-30 15:03:58.355  8508  8508 D nativeloader: Load /data/app/~~l0SwwUfgQvpC6StxGkJlLA==/com.maplibrestartuprepro-JWUb0z8ogxsvclGKiw6aQA==/base.apk!/lib/arm64-v8a/libfbjni.so using class loader ns clns-9 (caller=/data/app/~~l0SwwUfgQvpC6StxGkJlLA==/com.maplibrestartuprepro-JWUb0z8ogxsvclGKiw6aQA==/base.apk): ok
09-30 15:03:58.358  8508  8508 D nativeloader: Load /data/app/~~l0SwwUfgQvpC6StxGkJlLA==/com.maplibrestartuprepro-JWUb0z8ogxsvclGKiw6aQA==/base.apk!/lib/arm64-v8a/libreactnative.so using class loader ns clns-9 (caller=/data/app/~~l0SwwUfgQvpC6StxGkJlLA==/com.maplibrestartuprepro-JWUb0z8ogxsvclGKiw6aQA==/base.apk): ok
09-30 15:03:58.358  8508  8508 D jni_lib_merge: Entering merged library JNI_OnLoad.
09-30 15:03:58.358  8508  8508 D jni_lib_merge: Preparing 13 pre-merged libs (including stub)
09-30 15:03:58.358  8508  8508 D jni_lib_merge: Preparing to register libfabricjni_so.  onload_func: 0x75af618b5c
09-30 15:03:58.358  8508  8508 D jni_lib_merge: Preparing to register libreact_devsupportjni_so.  onload_func: 0x75af6f03d0
09-30 15:03:58.358  8508  8508 D jni_lib_merge: Preparing to register libreact_featureflagsjni_so.  onload_func: 0x75af70964c
09-30 15:03:58.358  8508  8508 D jni_lib_merge: Preparing to register libreact_newarchdefaults_so.  onload_func: 0x75af74b1d8
09-30 15:03:58.358  8508  8508 D jni_lib_merge: Preparing to register libreact_tracingjni_so.  onload_func: 0x75af8324cc
09-30 15:03:58.358  8508  8508 D jni_lib_merge: Preparing to register libreactnativeblob_so.  onload_func: 0x75af837760
09-30 15:03:58.358  8508  8508 D jni_lib_merge: Preparing to register libreactnativejni_so.  onload_func: 0x75af8437f4
09-30 15:03:58.358  8508  8508 D jni_lib_merge: Preparing to register libreactnativejni_common_so.  onload_func: 0x75af846838
09-30 15:03:58.358  8508  8508 D jni_lib_merge: Preparing to register librninstance_so.  onload_func: 0x75af86bf50
09-30 15:03:58.358  8508  8508 D jni_lib_merge: Preparing to register libturbomodulejsijni_so.  onload_func: 0x75af901f48
09-30 15:03:58.358  8508  8508 D jni_lib_merge: Preparing to register libuimanagerjni_so.  onload_func: 0x75af90893c
09-30 15:03:58.358  8508  8508 D jni_lib_merge: Preparing to register libyoga_so.  onload_func: 0x75af9103b8
09-30 15:03:58.358  8508  8508 D jni_lib_merge: About to register 12 actual methods.
09-30 15:03:58.363  8508  8508 D nativeloader: Load /data/app/~~l0SwwUfgQvpC6StxGkJlLA==/com.maplibrestartuprepro-JWUb0z8ogxsvclGKiw6aQA==/base.apk!/lib/arm64-v8a/libreact_codegen_safeareacontext.so using class loader ns clns-9 (caller=/data/app/~~l0SwwUfgQvpC6StxGkJlLA==/com.maplibrestartuprepro-JWUb0z8ogxsvclGKiw6aQA==/base.apk): ok
09-30 15:03:58.364  8508  8508 D nativeloader: Load /data/app/~~l0SwwUfgQvpC6StxGkJlLA==/com.maplibrestartuprepro-JWUb0z8ogxsvclGKiw6aQA==/base.apk!/lib/arm64-v8a/libappmodules.so using class loader ns clns-9 (caller=/data/app/~~l0SwwUfgQvpC6StxGkJlLA==/com.maplibrestartuprepro-JWUb0z8ogxsvclGKiw6aQA==/base.apk): ok
09-30 15:03:58.371  8508  8524 I DisplayManager: Choreographer implicitly registered for the refresh rate.
09-30 15:03:58.375  8508  8524 D vulkan  : searching for layers in '/data/app/~~l0SwwUfgQvpC6StxGkJlLA==/com.maplibrestartuprepro-JWUb0z8ogxsvclGKiw6aQA==/lib/arm64'
09-30 15:03:58.376  8508  8524 D vulkan  : searching for layers in '/data/app/~~l0SwwUfgQvpC6StxGkJlLA==/com.maplibrestartuprepro-JWUb0z8ogxsvclGKiw6aQA==/base.apk!/lib/arm64-v8a'
09-30 15:03:58.387  8508  8508 D AppCompatDelegate: Checking for metadata for AppLocalesMetadataHolderService : Service not found
09-30 15:03:58.398  8508  8508 D CompatChangeReporter: Compat change id reported: 377864165; UID 10947; state: ENABLED
09-30 15:03:58.408  8508  8508 D nativeloader: Load /data/app/~~l0SwwUfgQvpC6StxGkJlLA==/com.maplibrestartuprepro-JWUb0z8ogxsvclGKiw6aQA==/base.apk!/lib/arm64-v8a/libhermesvm.so using class loader ns clns-9 (caller=/data/app/~~l0SwwUfgQvpC6StxGkJlLA==/com.maplibrestartuprepro-JWUb0z8ogxsvclGKiw6aQA==/base.apk): ok
09-30 15:03:58.409  8508  8508 D nativeloader: Load /data/app/~~l0SwwUfgQvpC6StxGkJlLA==/com.maplibrestartuprepro-JWUb0z8ogxsvclGKiw6aQA==/base.apk!/lib/arm64-v8a/libhermestooling.so using class loader ns clns-9 (caller=/data/app/~~l0SwwUfgQvpC6StxGkJlLA==/com.maplibrestartuprepro-JWUb0z8ogxsvclGKiw6aQA==/base.apk): ok
09-30 15:03:58.409  8508  8508 D jni_lib_merge: Entering merged library JNI_OnLoad.
09-30 15:03:58.409  8508  8508 D jni_lib_merge: Preparing 4 pre-merged libs (including stub)
09-30 15:03:58.409  8508  8508 D jni_lib_merge: Preparing to register libhermes_executor_so.  onload_func: 0x764f767eec
09-30 15:03:58.409  8508  8508 D jni_lib_merge: Preparing to register libhermesinstancejni_so.  onload_func: 0x764f76f69c
09-30 15:03:58.409  8508  8508 D jni_lib_merge: Preparing to register libjsijniprofiler_so.  onload_func: 0x764f76ff44
09-30 15:03:58.409  8508  8508 D jni_lib_merge: About to register 3 actual methods.
09-30 15:03:58.429  8508  8508 W unknown:BridgelessReact: ReactHost{0}.startSurface(surfaceId = 0): Schedule
09-30 15:03:58.429  8508  8508 W unknown:BridgelessReact: ReactHost{0}.attachSurface(surfaceId = 0)
09-30 15:03:58.430  8508  8534 W unknown:BridgelessReact: ReactHost{0}.getOrCreateReactInstanceTask()
09-30 15:03:58.430  8508  8534 W unknown:BridgelessReact: ReactHost{0}.getOrCreateReactInstanceTask(): Start
09-30 15:03:58.430  8508  8534 W unknown:BridgelessReact: ReactHost{0}.getJSBundleLoader()
09-30 15:03:58.430  8508  8534 W unknown:BridgelessReact: ReactHost{0}.getOrCreateReactInstanceTask(): Creating BridgelessReactContext
09-30 15:03:58.431  8508  8534 W unknown:BridgelessReact: ReactHost{0}.getOrCreateReactInstanceTask(): Creating ReactInstance
09-30 15:03:58.434  8508  8508 I ContentCaptureHelper: Setting logging level to OFF
09-30 15:03:58.448  8508  8534 W unknown:BridgelessReact: ReactHost{0}.getOrCreateReactInstanceTask(): Loading JS Bundle
09-30 15:03:58.449  8508  8534 W unknown:BridgelessReact: ReactHost{0}.getOrCreateReactInstanceTask(): DevSupportManager.onNewReactContextCreated()
09-30 15:03:58.449  8508  8534 W unknown:BridgelessReact: ReactHost{0}.startSurface(surfaceId = 0): Execute
09-30 15:03:58.451  8508  8508 W unknown:BridgelessReact: ReactHost{0}.onHostResume(activity)
09-30 15:03:58.451  8508  8508 W unknown:BridgelessReact: ReactHost{0}.ReactContext.onHostResume()
09-30 15:03:58.452  8508  8537 I ReactNativeJS: Running "MapLibreStartupRepro"
09-30 15:03:58.455  8508  8537 W unknown:ViewManagerPropertyUpdater: Could not find generated setter for class com.th3rdwave.safeareacontext.SafeAreaProviderManager
09-30 15:03:58.457  8508  8537 W unknown:ViewManagerPropertyUpdater: Could not find generated setter for class com.facebook.react.uimanager.LayoutShadowNode
09-30 15:03:58.459  8508  8537 W unknown:ViewManagerPropertyUpdater: Could not find generated setter for class org.maplibre.reactnative.components.sources.geojsonsource.MLRNGeoJSONSourceManager
09-30 15:03:58.460  8508  8537 W unknown:ViewManagerPropertyUpdater: Could not find generated setter for class org.maplibre.reactnative.components.annotations.markerview.MLRNMarkerViewManager
09-30 15:03:58.461  8508  8537 W unknown:ViewManagerPropertyUpdater: Could not find generated setter for class org.maplibre.reactnative.components.sources.imagesource.MLRNImageSourceManager
09-30 15:03:58.461  8508  8537 W unknown:ViewManagerPropertyUpdater: Could not find generated setter for class org.maplibre.reactnative.components.sources.tilesources.rastersource.MLRNRasterSourceManager
09-30 15:03:58.461  8508  8537 W unknown:ViewManagerPropertyUpdater: Could not find generated setter for class org.maplibre.reactnative.components.camera.MLRNCameraManager
09-30 15:03:58.462  8508  8537 W unknown:ViewManagerPropertyUpdater: Could not find generated setter for class org.maplibre.reactnative.components.sources.tilesources.vectorsource.MLRNVectorSourceManager
09-30 15:03:58.462  8508  8537 W unknown:ViewManagerPropertyUpdater: Could not find generated setter for class org.maplibre.reactnative.components.mapview.MLRNMapViewManager
09-30 15:03:58.463  8508  8537 W unknown:ViewManagerPropertyUpdater: Could not find generated setter for class org.maplibre.reactnative.components.mapview.MLRNMapViewManager$MapShadowNode
09-30 15:03:58.463  8508  8537 W unknown:ViewManagerPropertyUpdater: Could not find generated setter for class org.maplibre.reactnative.components.layer.MLRNLayerManager
09-30 15:03:58.464  8508  8537 W unknown:ViewManagerPropertyUpdater: Could not find generated setter for class com.th3rdwave.safeareacontext.SafeAreaViewManager
09-30 15:03:58.465  8508  8537 W unknown:ViewManagerPropertyUpdater: Could not find generated setter for class com.th3rdwave.safeareacontext.SafeAreaViewShadowNode
09-30 15:03:58.465  8508  8537 W unknown:ViewManagerPropertyUpdater: Could not find generated setter for class org.maplibre.reactnative.components.mapview.MLRNAndroidTextureMapViewManager
09-30 15:03:58.465  8508  8537 W unknown:ViewManagerPropertyUpdater: Could not find generated setter for class org.maplibre.reactnative.components.sources.tilesources.rasterdemsource.MLRNRasterDEMSourceManager
09-30 15:03:58.465  8508  8537 W unknown:ViewManagerPropertyUpdater: Could not find generated setter for class org.maplibre.reactnative.components.location.MLRNNativeUserLocationManager
09-30 15:03:58.466  8508  8537 W unknown:ViewManagerPropertyUpdater: Could not find generated setter for class org.maplibre.reactnative.components.annotations.pointannotation.MLRNPointAnnotationManager
09-30 15:03:58.466  8508  8537 W unknown:ViewManagerPropertyUpdater: Could not find generated setter for class org.maplibre.reactnative.components.images.MLRNImagesManager
09-30 15:03:58.466  8508  8537 W unknown:ViewManagerPropertyUpdater: Could not find generated setter for class org.maplibre.reactnative.components.annotations.callout.MLRNCalloutManager
09-30 15:03:58.469  8508  8538 I REPRO   : MapViewModule.initialize() on mqt_v_native: posting MapLibre.getInstance to the UI queue
09-30 15:03:58.475  8508  8537 W unknown:ViewManagerPropertyUpdater: Could not find generated setter for class com.facebook.react.views.safeareaview.ReactSafeAreaViewManager
09-30 15:03:58.476  8508  8537 W unknown:ViewManagerPropertyUpdater: Could not find generated setter for class com.facebook.react.views.modal.ReactModalHostManager
09-30 15:03:58.478  8508  8537 W unknown:ViewManagerPropertyUpdater: Could not find generated setter for class com.facebook.react.views.progressbar.ReactProgressBarViewManager
09-30 15:03:58.479  8508  8537 W unknown:ViewManagerPropertyUpdater: Could not find generated setter for class com.facebook.react.views.scroll.ReactHorizontalScrollViewManager
09-30 15:03:58.481  8508  8537 W unknown:ViewManagerPropertyUpdater: Could not find generated setter for class com.facebook.react.views.image.ReactImageManager
09-30 15:03:58.482  8508  8537 W unknown:ViewManagerPropertyUpdater: Could not find generated setter for class com.facebook.react.views.text.ReactTextViewManager
09-30 15:03:58.483  8508  8537 W unknown:ViewManagerPropertyUpdater: Could not find generated setter for class com.facebook.react.views.scroll.ReactHorizontalScrollContainerViewManager
09-30 15:03:58.484  8508  8537 W unknown:ViewManagerPropertyUpdater: Could not find generated setter for class com.facebook.react.views.unimplementedview.ReactUnimplementedViewManager
09-30 15:03:58.485  8508  8537 W unknown:ViewManagerPropertyUpdater: Could not find generated setter for class com.facebook.react.views.scroll.ReactScrollViewManager
09-30 15:03:58.486  8508  8537 W unknown:ViewManagerPropertyUpdater: Could not find generated setter for class com.facebook.react.views.view.ReactViewManager
09-30 15:03:58.487  8508  8537 W unknown:ViewManagerPropertyUpdater: Could not find generated setter for class com.facebook.react.views.drawer.ReactDrawerLayoutManager
09-30 15:03:58.488  8508  8537 W unknown:ViewManagerPropertyUpdater: Could not find generated setter for class com.facebook.react.views.switchview.ReactSwitchManager
09-30 15:03:58.490  8508  8537 W unknown:ViewManagerPropertyUpdater: Could not find generated setter for class com.facebook.react.views.swiperefresh.SwipeRefreshLayoutManager
09-30 15:03:58.491  8508  8537 W unknown:ViewManagerPropertyUpdater: Could not find generated setter for class com.facebook.react.views.textinput.ReactTextInputManager
09-30 15:03:58.493  8508  8537 W unknown:ViewManagerPropertyUpdater: Could not find generated setter for class com.facebook.react.views.text.SelectableTextViewManager
09-30 15:03:58.494  8508  8537 W unknown:ViewManagerPropertyUpdater: Could not find generated setter for class com.facebook.react.views.virtual.view.ReactVirtualViewManager
09-30 15:03:58.502  8508  8537 I HWUI    : Using FreeType backend (prop=Auto)
09-30 15:03:58.510  8508  8508 W unknown:BridgelessReact: ReactHost{0}.ReactContext.onHostResume()
09-30 15:03:58.510  8508  8508 W unknown:BridgelessReact: ReactHost{0}.getOrCreateReactInstanceTask(): Executing ReactInstanceEventListeners
09-30 15:03:58.510  8508  8508 I REPRO   : MapLibre.getInstance START on main
09-30 15:03:58.522  8508  8508 D nativeloader: Load /data/app/~~l0SwwUfgQvpC6StxGkJlLA==/com.maplibrestartuprepro-JWUb0z8ogxsvclGKiw6aQA==/base.apk!/lib/arm64-v8a/libmaplibre.so using class loader ns clns-9 (caller=/data/app/~~l0SwwUfgQvpC6StxGkJlLA==/com.maplibrestartuprepro-JWUb0z8ogxsvclGKiw6aQA==/base.apk!classes3.dex): ok
09-30 15:03:58.522  8508  8537 I ReactNativeJS: [repro] first effect: calling OfflineManager
09-30 15:03:58.523  8508  8537 I REPRO   : OfflineModule.initialize() on mqt_v_js: posting runMigrations to the main looper
09-30 15:03:58.524  8508  8538 I REPRO   : setTileCountLimit on mqt_v_native
09-30 15:04:04.525  8508  8550 I REPRO   : watchdog: NO ambient cache callback after 6 s, dumping all threads
09-30 15:04:04.529  8508  8550 I REPRO_DUMP: "binder:8508_2" tid=482 state=RUNNABLE
09-30 15:04:04.530  8508  8550 I REPRO_DUMP: "FinalizerDaemon" tid=478 state=WAITING
09-30 15:04:04.530  8508  8550 I REPRO_DUMP:     at java.lang.Object.wait(Native Method)
09-30 15:04:04.530  8508  8550 I REPRO_DUMP:     at java.lang.Object.wait(Object.java:390)
09-30 15:04:04.530  8508  8550 I REPRO_DUMP:     at java.lang.ref.ReferenceQueue.remove(ReferenceQueue.java:207)
09-30 15:04:04.530  8508  8550 I REPRO_DUMP:     at java.lang.ref.ReferenceQueue.remove(ReferenceQueue.java:228)
09-30 15:04:04.530  8508  8550 I REPRO_DUMP:     at java.lang.Daemons$FinalizerDaemon.runInternal(Daemons.java:348)
09-30 15:04:04.530  8508  8550 I REPRO_DUMP:     at java.lang.Daemons$Daemon.run(Daemons.java:135)
09-30 15:04:04.530  8508  8550 I REPRO_DUMP:     at java.lang.Thread.run(Thread.java:1571)
09-30 15:04:04.530  8508  8550 I REPRO_DUMP: "main" tid=2 state=WAITING
09-30 15:04:04.530  8508  8550 I REPRO_DUMP:     at java.lang.Runtime.nativeLoad(Native Method)
09-30 15:04:04.530  8508  8550 I REPRO_DUMP:     at java.lang.Runtime.loadLibrary0(Runtime.java:1110)
09-30 15:04:04.530  8508  8550 I REPRO_DUMP:     at java.lang.Runtime.loadLibrary0(Runtime.java:1035)
09-30 15:04:04.530  8508  8550 I REPRO_DUMP:     at java.lang.System.loadLibrary(System.java:1764)
09-30 15:04:04.530  8508  8550 I REPRO_DUMP:     at org.maplibre.android.module.loader.LibraryLoaderProviderImpl$SystemLibraryLoader.load(LibraryLoaderProviderImpl.java:19)
09-30 15:04:04.530  8508  8550 I REPRO_DUMP:     at org.maplibre.android.LibraryLoader.load(LibraryLoader.java:52)
09-30 15:04:04.530  8508  8550 I REPRO_DUMP:     at org.maplibre.android.net.NativeConnectivityListener.<clinit>(NativeConnectivityListener.java:13)
09-30 15:04:04.530  8508  8550 I REPRO_DUMP:     at org.maplibre.android.net.ConnectivityReceiver.instance(ConnectivityReceiver.java:45)
09-30 15:04:04.530  8508  8550 I REPRO_DUMP:     at org.maplibre.android.MapLibre.getInstance(MapLibre.java:114)
09-30 15:04:04.530  8508  8550 I REPRO_DUMP:     at org.maplibre.android.MapLibre.getInstance(MapLibre.java:77)
09-30 15:04:04.530  8508  8550 I REPRO_DUMP:     at org.maplibre.android.MapLibre.getInstance(MapLibre.java:56)
09-30 15:04:04.530  8508  8550 I REPRO_DUMP:     at org.maplibre.reactnative.components.mapview.MLRNMapViewModule.initialize$lambda$0(MLRNMapViewModule.kt:29)
09-30 15:04:04.530  8508  8550 I REPRO_DUMP:     at org.maplibre.reactnative.components.mapview.MLRNMapViewModule$$ExternalSyntheticLambda8.run(D8$$SyntheticClass:0)
09-30 15:04:04.530  8508  8550 I REPRO_DUMP:     at android.os.Handler.handleCallback(Handler.java:1082)
09-30 15:04:04.530  8508  8550 I REPRO_DUMP:     at android.os.Handler.dispatchMessageImpl(Handler.java:135)
09-30 15:04:04.530  8508  8550 I REPRO_DUMP:     at android.os.Handler.dispatchMessage(Handler.java:126)
09-30 15:04:04.530  8508  8550 I REPRO_DUMP:     at com.facebook.react.bridge.queue.MessageQueueThreadHandler.dispatchMessage(MessageQueueThreadHandler.kt:21)
09-30 15:04:04.530  8508  8550 I REPRO_DUMP:     at android.os.Looper.loopOnce(Looper.java:295)
09-30 15:04:04.531  8508  8550 I REPRO_DUMP:     at android.os.Looper.loop(Looper.java:398)
09-30 15:04:04.531  8508  8550 I REPRO_DUMP:     at android.app.ActivityThread.main(ActivityThread.java:9569)
09-30 15:04:04.531  8508  8550 I REPRO_DUMP:     at java.lang.reflect.Method.invoke(Native Method)
09-30 15:04:04.531  8508  8550 I REPRO_DUMP:     at com.android.internal.os.RuntimeInit$MethodAndArgsCaller.run(RuntimeInit.java:575)
09-30 15:04:04.531  8508  8550 I REPRO_DUMP:     at com.android.internal.os.ZygoteInit.main(ZygoteInit.java:918)
09-30 15:04:04.531  8508  8550 I REPRO_DUMP: "hwuiTask0" tid=494 state=RUNNABLE
09-30 15:04:04.531  8508  8550 I REPRO_DUMP: "Jit thread pool worker thread 0" tid=479 state=RUNNABLE
09-30 15:04:04.531  8508  8550 I REPRO_DUMP: "FinalizerWatchdogDaemon" tid=480 state=WAITING
09-30 15:04:04.531  8508  8550 I REPRO_DUMP:     at java.lang.Object.wait(Native Method)
09-30 15:04:04.531  8508  8550 I REPRO_DUMP:     at java.lang.Object.wait(Object.java:390)
09-30 15:04:04.531  8508  8550 I REPRO_DUMP:     at java.lang.Object.wait(Object.java:528)
09-30 15:04:04.531  8508  8550 I REPRO_DUMP:     at java.lang.Daemons$FinalizerWatchdogDaemon.sleepUntilNeeded(Daemons.java:481)
09-30 15:04:04.531  8508  8550 I REPRO_DUMP:     at java.lang.Daemons$FinalizerWatchdogDaemon.runInternal(Daemons.java:461)
09-30 15:04:04.531  8508  8550 I REPRO_DUMP:     at java.lang.Daemons$Daemon.run(Daemons.java:135)
09-30 15:04:04.531  8508  8550 I REPRO_DUMP:     at java.lang.Thread.run(Thread.java:1571)
09-30 15:04:04.531  8508  8550 I REPRO_DUMP: "AsyncTask #1" tid=495 state=WAITING
09-30 15:04:04.531  8508  8550 I REPRO_DUMP:     at jdk.internal.misc.Unsafe.park(Native Method)
09-30 15:04:04.531  8508  8550 I REPRO_DUMP:     at java.util.concurrent.locks.LockSupport.park(LockSupport.java:376)
09-30 15:04:04.531  8508  8550 I REPRO_DUMP:     at java.util.concurrent.LinkedTransferQueue$DualNode.await(LinkedTransferQueue.java:458)
09-30 15:04:04.531  8508  8550 I REPRO_DUMP:     at java.util.concurrent.SynchronousQueue$Transferer.xferLifo(SynchronousQueue.java:194)
09-30 15:04:04.531  8508  8550 I REPRO_DUMP:     at java.util.concurrent.SynchronousQueue.xfer(SynchronousQueue.java:235)
09-30 15:04:04.531  8508  8550 I REPRO_DUMP:     at java.util.concurrent.SynchronousQueue.take(SynchronousQueue.java:318)
09-30 15:04:04.531  8508  8550 I REPRO_DUMP:     at java.util.concurrent.ThreadPoolExecutor.getTask(ThreadPoolExecutor.java:1026)
09-30 15:04:04.531  8508  8550 I REPRO_DUMP:     at java.util.concurrent.ThreadPoolExecutor.runWorker(ThreadPoolExecutor.java:1086)
09-30 15:04:04.531  8508  8550 I REPRO_DUMP:     at java.util.concurrent.ThreadPoolExecutor$Worker.run(ThreadPoolExecutor.java:624)
09-30 15:04:04.531  8508  8550 I REPRO_DUMP:     at java.lang.Thread.run(Thread.java:1571)
09-30 15:04:04.531  8508  8550 I REPRO_DUMP: "repro-watchdog" tid=497 state=RUNNABLE
09-30 15:04:04.531  8508  8550 I REPRO_DUMP:     at dalvik.system.VMStack.getThreadStackTrace(Native Method)
09-30 15:04:04.531  8508  8550 I REPRO_DUMP:     at java.lang.Thread.getStackTrace(Thread.java:2849)
09-30 15:04:04.531  8508  8550 I REPRO_DUMP:     at java.lang.Thread.getAllStackTraces(Thread.java:2916)
09-30 15:04:04.531  8508  8550 I REPRO_DUMP:     at org.maplibre.reactnative.modules.MLRNOfflineModule.startReproWatchdog$lambda$0(MLRNOfflineModule.kt:57)
09-30 15:04:04.531  8508  8550 I REPRO_DUMP:     at org.maplibre.reactnative.modules.MLRNOfflineModule$$ExternalSyntheticLambda1.run(D8$$SyntheticClass:0)
09-30 15:04:04.531  8508  8550 I REPRO_DUMP:     at java.lang.Thread.run(Thread.java:1571)
09-30 15:04:04.531  8508  8550 I REPRO_DUMP: "Signal Catcher" tid=475 state=WAITING
09-30 15:04:04.531  8508  8550 I REPRO_DUMP: "SharedPreferences" tid=487 state=TIMED_WAITING
09-30 15:04:04.532  8508  8550 I REPRO_DUMP:     at jdk.internal.misc.Unsafe.park(Native Method)
09-30 15:04:04.532  8508  8550 I REPRO_DUMP:     at java.util.concurrent.locks.LockSupport.parkNanos(LockSupport.java:276)
09-30 15:04:04.532  8508  8550 I REPRO_DUMP:     at java.util.concurrent.locks.AbstractQueuedSynchronizer$ConditionObject.awaitNanos(AbstractQueuedSynchronizer.java:1803)
09-30 15:04:04.532  8508  8550 I REPRO_DUMP:     at java.util.concurrent.LinkedBlockingQueue.poll(LinkedBlockingQueue.java:460)
09-30 15:04:04.532  8508  8550 I REPRO_DUMP:     at java.util.concurrent.ThreadPoolExecutor.getTask(ThreadPoolExecutor.java:1025)
09-30 15:04:04.532  8508  8550 I REPRO_DUMP:     at java.util.concurrent.ThreadPoolExecutor.runWorker(ThreadPoolExecutor.java:1086)
09-30 15:04:04.532  8508  8550 I REPRO_DUMP:     at java.util.concurrent.ThreadPoolExecutor$Worker.run(ThreadPoolExecutor.java:624)
09-30 15:04:04.532  8508  8550 I REPRO_DUMP:     at java.lang.Thread.run(Thread.java:1571)
09-30 15:04:04.532  8508  8550 I REPRO_DUMP: "queued-work-looper" tid=496 state=RUNNABLE
09-30 15:04:04.532  8508  8550 I REPRO_DUMP:     at android.os.MessageQueue.nativePollOnce(Native Method)
09-30 15:04:04.532  8508  8550 I REPRO_DUMP:     at android.os.MessageQueue.nextLegacy(MessageQueue.java:870)
09-30 15:04:04.532  8508  8550 I REPRO_DUMP:     at android.os.MessageQueue.next(MessageQueue.java:772)
09-30 15:04:04.532  8508  8550 I REPRO_DUMP:     at android.os.Looper.loopOnce(Looper.java:231)
09-30 15:04:04.532  8508  8550 I REPRO_DUMP:     at android.os.Looper.loop(Looper.java:398)
09-30 15:04:04.532  8508  8550 I REPRO_DUMP:     at android.os.HandlerThread.run(HandlerThread.java:140)
09-30 15:04:04.532  8508  8550 I REPRO_DUMP: "HeapTaskDaemon" tid=476 state=WAITING
09-30 15:04:04.532  8508  8550 I REPRO_DUMP: "ProtoLogBackground" tid=492 state=WAITING
09-30 15:04:04.532  8508  8550 I REPRO_DUMP:     at jdk.internal.misc.Unsafe.park(Native Method)
09-30 15:04:04.532  8508  8550 I REPRO_DUMP:     at java.util.concurrent.locks.LockSupport.park(LockSupport.java:376)
09-30 15:04:04.532  8508  8550 I REPRO_DUMP:     at java.util.concurrent.locks.AbstractQueuedSynchronizer$ConditionNode.block(AbstractQueuedSynchronizer.java:520)
09-30 15:04:04.532  8508  8550 I REPRO_DUMP:     at java.util.concurrent.ForkJoinPool.unmanagedBlock(ForkJoinPool.java:3797)
09-30 15:04:04.532  8508  8550 I REPRO_DUMP:     at java.util.concurrent.ForkJoinPool.managedBlock(ForkJoinPool.java:3738)
09-30 15:04:04.532  8508  8550 I REPRO_DUMP:     at java.util.concurrent.locks.AbstractQueuedSynchronizer$ConditionObject.await(AbstractQueuedSynchronizer.java:1752)
09-30 15:04:04.532  8508  8550 I REPRO_DUMP:     at java.util.concurrent.LinkedBlockingDeque.takeFirst(LinkedBlockingDeque.java:486)
09-30 15:04:04.532  8508  8550 I REPRO_DUMP:     at java.util.concurrent.LinkedBlockingDeque.take(LinkedBlockingDeque.java:680)
09-30 15:04:04.532  8508  8550 I REPRO_DUMP:     at java.util.concurrent.ThreadPoolExecutor.getTask(ThreadPoolExecutor.java:1026)
09-30 15:04:04.532  8508  8550 I REPRO_DUMP:     at java.util.concurrent.ThreadPoolExecutor.runWorker(ThreadPoolExecutor.java:1086)
09-30 15:04:04.532  8508  8550 I REPRO_DUMP:     at java.util.concurrent.ThreadPoolExecutor$Worker.run(ThreadPoolExecutor.java:624)
09-30 15:04:04.532  8508  8550 I REPRO_DUMP:     at java.lang.Thread.run(Thread.java:1571)
09-30 15:04:04.532  8508  8550 I REPRO_DUMP: "Profile Saver" tid=484 state=RUNNABLE
09-30 15:04:04.532  8508  8550 I REPRO_DUMP: "mqt_v_native" tid=490 state=BLOCKED
09-30 15:04:04.533  8508  8550 I REPRO_DUMP:     at org.maplibre.android.LibraryLoader.load(LibraryLoader.java:2)
09-30 15:04:04.533  8508  8550 I REPRO_DUMP:     at org.maplibre.android.offline.OfflineManager.<clinit>(OfflineManager.kt:636)
09-30 15:04:04.533  8508  8550 I REPRO_DUMP:     at org.maplibre.reactnative.modules.MLRNOfflineModule.setTileCountLimit(MLRNOfflineModule.kt:446)
09-30 15:04:04.533  8508  8550 I REPRO_DUMP:     at com.facebook.jni.NativeRunnable.run(Native Method)
09-30 15:04:04.533  8508  8550 I REPRO_DUMP:     at android.os.Handler.handleCallback(Handler.java:1082)
09-30 15:04:04.533  8508  8550 I REPRO_DUMP:     at android.os.Handler.dispatchMessageImpl(Handler.java:135)
09-30 15:04:04.533  8508  8550 I REPRO_DUMP:     at android.os.Handler.dispatchMessage(Handler.java:126)
09-30 15:04:04.533  8508  8550 I REPRO_DUMP:     at com.facebook.react.bridge.queue.MessageQueueThreadHandler.dispatchMessage(MessageQueueThreadHandler.kt:21)
09-30 15:04:04.533  8508  8550 I REPRO_DUMP:     at android.os.Looper.loopOnce(Looper.java:295)
09-30 15:04:04.533  8508  8550 I REPRO_DUMP:     at android.os.Looper.loop(Looper.java:398)
09-30 15:04:04.533  8508  8550 I REPRO_DUMP:     at com.facebook.react.bridge.queue.MessageQueueThreadImpl$Companion.startNewBackgroundThread$lambda$0(MessageQueueThreadImpl.kt:152)
09-30 15:04:04.533  8508  8550 I REPRO_DUMP:     at com.facebook.react.bridge.queue.MessageQueueThreadImpl$Companion$$ExternalSyntheticLambda0.run(D8$$SyntheticClass:0)
09-30 15:04:04.533  8508  8550 I REPRO_DUMP:     at java.lang.Thread.run(Thread.java:1571)
09-30 15:04:04.533  8508  8550 I REPRO_DUMP: "android.bg" tid=491 state=RUNNABLE
09-30 15:04:04.533  8508  8550 I REPRO_DUMP:     at android.os.MessageQueue.nativePollOnce(Native Method)
09-30 15:04:04.533  8508  8550 I REPRO_DUMP:     at android.os.MessageQueue.nextLegacy(MessageQueue.java:870)
09-30 15:04:04.533  8508  8550 I REPRO_DUMP:     at android.os.MessageQueue.next(MessageQueue.java:772)
09-30 15:04:04.533  8508  8550 I REPRO_DUMP:     at android.os.Looper.loopOnce(Looper.java:231)
09-30 15:04:04.533  8508  8550 I REPRO_DUMP:     at android.os.Looper.loop(Looper.java:398)
09-30 15:04:04.533  8508  8550 I REPRO_DUMP:     at android.os.HandlerThread.run(HandlerThread.java:140)
09-30 15:04:04.533  8508  8550 I REPRO_DUMP: "hwuiTask1" tid=493 state=RUNNABLE
09-30 15:04:04.533  8508  8550 I REPRO_DUMP: "mqt_v_js" tid=489 state=RUNNABLE
09-30 15:04:04.533  8508  8550 I REPRO_DUMP:     at android.os.MessageQueue.nativePollOnce(Native Method)
09-30 15:04:04.533  8508  8550 I REPRO_DUMP:     at android.os.MessageQueue.nextLegacy(MessageQueue.java:870)
09-30 15:04:04.533  8508  8550 I REPRO_DUMP:     at android.os.MessageQueue.next(MessageQueue.java:772)
09-30 15:04:04.533  8508  8550 I REPRO_DUMP:     at android.os.Looper.loopOnce(Looper.java:231)
09-30 15:04:04.533  8508  8550 I REPRO_DUMP:     at android.os.Looper.loop(Looper.java:398)
09-30 15:04:04.533  8508  8550 I REPRO_DUMP:     at com.facebook.react.bridge.queue.MessageQueueThreadImpl$Companion.startNewBackgroundThread$lambda$0(MessageQueueThreadImpl.kt:152)
09-30 15:04:04.533  8508  8550 I REPRO_DUMP:     at com.facebook.react.bridge.queue.MessageQueueThreadImpl$Companion$$ExternalSyntheticLambda0.run(D8$$SyntheticClass:0)
09-30 15:04:04.533  8508  8550 I REPRO_DUMP:     at java.lang.Thread.run(Thread.java:1571)
09-30 15:04:04.533  8508  8550 I REPRO_DUMP: "RenderThread" tid=485 state=RUNNABLE
09-30 15:04:04.533  8508  8550 I REPRO_DUMP: "ReferenceQueueDaemon" tid=477 state=WAITING
09-30 15:04:04.533  8508  8550 I REPRO_DUMP:     at java.lang.Object.wait(Native Method)
09-30 15:04:04.533  8508  8550 I REPRO_DUMP:     at java.lang.Object.wait(Object.java:390)
09-30 15:04:04.533  8508  8550 I REPRO_DUMP:     at java.lang.Object.wait(Object.java:528)
09-30 15:04:04.533  8508  8550 I REPRO_DUMP:     at java.lang.Daemons$ReferenceQueueDaemon.runInternal(Daemons.java:260)
09-30 15:04:04.533  8508  8550 I REPRO_DUMP:     at java.lang.Daemons$Daemon.run(Daemons.java:135)
09-30 15:04:04.533  8508  8550 I REPRO_DUMP:     at java.lang.Thread.run(Thread.java:1571)
09-30 15:04:04.534  8508  8550 I REPRO_DUMP: "pool-3-thread-1" tid=488 state=WAITING
09-30 15:04:04.534  8508  8550 I REPRO_DUMP:     at jdk.internal.misc.Unsafe.park(Native Method)
09-30 15:04:04.534  8508  8550 I REPRO_DUMP:     at java.util.concurrent.locks.LockSupport.park(LockSupport.java:376)
09-30 15:04:04.534  8508  8550 I REPRO_DUMP:     at java.util.concurrent.locks.AbstractQueuedSynchronizer$ConditionNode.block(AbstractQueuedSynchronizer.java:520)
09-30 15:04:04.534  8508  8550 I REPRO_DUMP:     at java.util.concurrent.ForkJoinPool.unmanagedBlock(ForkJoinPool.java:3797)
09-30 15:04:04.534  8508  8550 I REPRO_DUMP:     at java.util.concurrent.ForkJoinPool.managedBlock(ForkJoinPool.java:3738)
09-30 15:04:04.534  8508  8550 I REPRO_DUMP:     at java.util.concurrent.locks.AbstractQueuedSynchronizer$ConditionObject.await(AbstractQueuedSynchronizer.java:1752)
09-30 15:04:04.534  8508  8550 I REPRO_DUMP:     at java.util.concurrent.LinkedBlockingQueue.take(LinkedBlockingQueue.java:435)
09-30 15:04:04.534  8508  8550 I REPRO_DUMP:     at java.util.concurrent.ThreadPoolExecutor.getTask(ThreadPoolExecutor.java:1026)
09-30 15:04:04.534  8508  8550 I REPRO_DUMP:     at java.util.concurrent.ThreadPoolExecutor.runWorker(ThreadPoolExecutor.java:1086)
09-30 15:04:04.534  8508  8550 I REPRO_DUMP:     at java.util.concurrent.ThreadPoolExecutor$Worker.run(ThreadPoolExecutor.java:624)
09-30 15:04:04.534  8508  8550 I REPRO_DUMP:     at java.lang.Thread.run(Thread.java:1571)
09-30 15:04:04.534  8508  8550 I REPRO_DUMP: "binder:8508_1" tid=481 state=RUNNABLE
09-30 15:04:04.534  8508  8550 I REPRO_DUMP: "binder:8508_3" tid=483 state=RUNNABLE
09-30 15:04:04.534  8508  8550 I REPRO_DUMP: "HybridData DestructorThread" tid=486 state=WAITING
09-30 15:04:04.534  8508  8550 I REPRO_DUMP:     at java.lang.Object.wait(Native Method)
09-30 15:04:04.534  8508  8550 I REPRO_DUMP:     at java.lang.Object.wait(Object.java:390)
09-30 15:04:04.534  8508  8550 I REPRO_DUMP:     at java.lang.ref.ReferenceQueue.remove(ReferenceQueue.java:207)
09-30 15:04:04.534  8508  8550 I REPRO_DUMP:     at java.lang.ref.ReferenceQueue.remove(ReferenceQueue.java:228)
09-30 15:04:04.534  8508  8550 I REPRO_DUMP:     at com.facebook.jni.DestructorThread$1.run(DestructorThread.java:77)
