09-30 15:36:21.058  3238  3238 I libprocessgroup: Created cgroup /sys/fs/cgroup/apps/uid_10975
09-30 15:36:21.059  3238  3238 I libprocessgroup: Created cgroup /sys/fs/cgroup/apps/uid_10975/pid_3238
09-30 15:36:21.066  3238  3238 I Zygote  : Process 3238 created for com.maplibrestartuprepro
09-30 15:36:21.067  3238  3238 I brestartuprepro: Using generational CollectorTypeCMC GC.
09-30 15:36:21.072  3238  3238 D nativeloader: Load libframework-connectivity-tiramisu-jni.so using APEX ns com_android_tethering for caller /apex/com.android.tethering/javalib/framework-connectivity-t.jar: ok
09-30 15:36:21.085  3238  3238 D ApplicationLoaders: Returning zygote-cached class loader: /system_ext/framework/androidx.window.extensions.jar
09-30 15:36:21.085  3238  3238 D ApplicationLoaders: Returning zygote-cached class loader: /system_ext/framework/androidx.window.sidecar.jar
09-30 15:36:21.087  3238  3238 D nativeloader: Configuring clns-9 for other apk /data/app/~~8nV29D40BGC_qvIDmGoV3Q==/com.maplibrestartuprepro-DErqLo4ORVn5R35W7IsTWg==/base.apk. target_sdk_version=36, uses_libraries=, library_path=/data/app/~~8nV29D40BGC_qvIDmGoV3Q==/com.maplibrestartuprepro-DErqLo4ORVn5R35W7IsTWg==/lib/arm64:/data/app/~~8nV29D40BGC_qvIDmGoV3Q==/com.maplibrestartuprepro-DErqLo4ORVn5R35W7IsTWg==/base.apk!/lib/arm64-v8a, permitted_path=/data:/mnt/expand:/data/user/0/com.maplibrestartuprepro
09-30 15:36:21.091  3238  3238 D ActivityThread: Set OS env TMPDIR to /data/user/0/com.maplibrestartuprepro/cache
09-30 15:36:21.092  3238  3238 V GraphicsEnvironment: Currently set values for:
09-30 15:36:21.092  3238  3238 V GraphicsEnvironment:   angle_gl_driver_selection_pkgs=[com.android.angle]
09-30 15:36:21.092  3238  3238 V GraphicsEnvironment:   angle_gl_driver_selection_values=[angle]
09-30 15:36:21.092  3238  3238 V GraphicsEnvironment: com.maplibrestartuprepro is not listed in per-application setting
09-30 15:36:21.092  3238  3238 V GraphicsEnvironment: No special selections for ANGLE, returning default driver choice
09-30 15:36:21.093  3238  3238 V GraphicsEnvironment: Neither updatable production driver nor prerelease driver is supported.
09-30 15:36:21.100  3238  3238 W SoLoader: Initializing SoLoader: 0
09-30 15:36:21.100  3238  3238 W SoLoader: Recording new base apk path: /data/app/~~8nV29D40BGC_qvIDmGoV3Q==/com.maplibrestartuprepro-DErqLo4ORVn5R35W7IsTWg==/base.apk
09-30 15:36:21.100  3238  3238 W SoLoader: Previously recorded 0 base apk paths.
09-30 15:36:21.100  3238  3238 I SoLoader: Preparing SO source: DirectorySoSource[root = /vendor/lib64 flags = 2]
09-30 15:36:21.100  3238  3238 I SoLoader: Preparing SO source: DirectorySoSource[root = /system/lib64 flags = 2]
09-30 15:36:21.100  3238  3238 I SoLoader: Preparing SO source: DirectApkSoSource[root = [/data/app/~~8nV29D40BGC_qvIDmGoV3Q==/com.maplibrestartuprepro-DErqLo4ORVn5R35W7IsTWg==/base.apk!/lib/arm64-v8a]]
09-30 15:36:21.102  3238  3238 I SoLoader: Preparing SO source: ApplicationSoSource[DirectorySoSource[root = /data/app/~~8nV29D40BGC_qvIDmGoV3Q==/com.maplibrestartuprepro-DErqLo4ORVn5R35W7IsTWg==/lib/arm64 flags = 0]]
09-30 15:36:21.102  3238  3238 I SoLoader: init finish: 4 SO sources prepared
09-30 15:36:21.102  3238  3238 W SoLoader: SoLoader initialized: 8
09-30 15:36:21.107  3238  3238 D nativeloader: Load /data/app/~~8nV29D40BGC_qvIDmGoV3Q==/com.maplibrestartuprepro-DErqLo4ORVn5R35W7IsTWg==/base.apk!/lib/arm64-v8a/libc++_shared.so using class loader ns clns-9 (caller=/data/app/~~8nV29D40BGC_qvIDmGoV3Q==/com.maplibrestartuprepro-DErqLo4ORVn5R35W7IsTWg==/base.apk): ok
09-30 15:36:21.109  3238  3238 D nativeloader: Load /data/app/~~8nV29D40BGC_qvIDmGoV3Q==/com.maplibrestartuprepro-DErqLo4ORVn5R35W7IsTWg==/base.apk!/lib/arm64-v8a/libjsi.so using class loader ns clns-9 (caller=/data/app/~~8nV29D40BGC_qvIDmGoV3Q==/com.maplibrestartuprepro-DErqLo4ORVn5R35W7IsTWg==/base.apk): ok
09-30 15:36:21.111  3238  3238 D nativeloader: Load /data/app/~~8nV29D40BGC_qvIDmGoV3Q==/com.maplibrestartuprepro-DErqLo4ORVn5R35W7IsTWg==/base.apk!/lib/arm64-v8a/libfbjni.so using class loader ns clns-9 (caller=/data/app/~~8nV29D40BGC_qvIDmGoV3Q==/com.maplibrestartuprepro-DErqLo4ORVn5R35W7IsTWg==/base.apk): ok
09-30 15:36:21.113  3238  3238 D nativeloader: Load /data/app/~~8nV29D40BGC_qvIDmGoV3Q==/com.maplibrestartuprepro-DErqLo4ORVn5R35W7IsTWg==/base.apk!/lib/arm64-v8a/libreactnative.so using class loader ns clns-9 (caller=/data/app/~~8nV29D40BGC_qvIDmGoV3Q==/com.maplibrestartuprepro-DErqLo4ORVn5R35W7IsTWg==/base.apk): ok
09-30 15:36:21.113  3238  3238 D jni_lib_merge: Entering merged library JNI_OnLoad.
09-30 15:36:21.113  3238  3238 D jni_lib_merge: Preparing 13 pre-merged libs (including stub)
09-30 15:36:21.113  3238  3238 D jni_lib_merge: Preparing to register libfabricjni_so.  onload_func: 0x75ac7eab5c
09-30 15:36:21.113  3238  3238 D jni_lib_merge: Preparing to register libreact_devsupportjni_so.  onload_func: 0x75ac8c23d0
09-30 15:36:21.113  3238  3238 D jni_lib_merge: Preparing to register libreact_featureflagsjni_so.  onload_func: 0x75ac8db64c
09-30 15:36:21.113  3238  3238 D jni_lib_merge: Preparing to register libreact_newarchdefaults_so.  onload_func: 0x75ac91d1d8
09-30 15:36:21.113  3238  3238 D jni_lib_merge: Preparing to register libreact_tracingjni_so.  onload_func: 0x75aca044cc
09-30 15:36:21.113  3238  3238 D jni_lib_merge: Preparing to register libreactnativeblob_so.  onload_func: 0x75aca09760
09-30 15:36:21.113  3238  3238 D jni_lib_merge: Preparing to register libreactnativejni_so.  onload_func: 0x75aca157f4
09-30 15:36:21.113  3238  3238 D jni_lib_merge: Preparing to register libreactnativejni_common_so.  onload_func: 0x75aca18838
09-30 15:36:21.113  3238  3238 D jni_lib_merge: Preparing to register librninstance_so.  onload_func: 0x75aca3df50
09-30 15:36:21.113  3238  3238 D jni_lib_merge: Preparing to register libturbomodulejsijni_so.  onload_func: 0x75acad3f48
09-30 15:36:21.113  3238  3238 D jni_lib_merge: Preparing to register libuimanagerjni_so.  onload_func: 0x75acada93c
09-30 15:36:21.113  3238  3238 D jni_lib_merge: Preparing to register libyoga_so.  onload_func: 0x75acae23b8
09-30 15:36:21.113  3238  3238 D jni_lib_merge: About to register 12 actual methods.
09-30 15:36:21.117  3238  3238 D nativeloader: Load /data/app/~~8nV29D40BGC_qvIDmGoV3Q==/com.maplibrestartuprepro-DErqLo4ORVn5R35W7IsTWg==/base.apk!/lib/arm64-v8a/libreact_codegen_safeareacontext.so using class loader ns clns-9 (caller=/data/app/~~8nV29D40BGC_qvIDmGoV3Q==/com.maplibrestartuprepro-DErqLo4ORVn5R35W7IsTWg==/base.apk): ok
09-30 15:36:21.118  3238  3238 D nativeloader: Load /data/app/~~8nV29D40BGC_qvIDmGoV3Q==/com.maplibrestartuprepro-DErqLo4ORVn5R35W7IsTWg==/base.apk!/lib/arm64-v8a/libappmodules.so using class loader ns clns-9 (caller=/data/app/~~8nV29D40BGC_qvIDmGoV3Q==/com.maplibrestartuprepro-DErqLo4ORVn5R35W7IsTWg==/base.apk): ok
09-30 15:36:21.123  3238  3253 I DisplayManager: Choreographer implicitly registered for the refresh rate.
09-30 15:36:21.124  3238  3253 D vulkan  : searching for layers in '/data/app/~~8nV29D40BGC_qvIDmGoV3Q==/com.maplibrestartuprepro-DErqLo4ORVn5R35W7IsTWg==/lib/arm64'
09-30 15:36:21.124  3238  3253 D vulkan  : searching for layers in '/data/app/~~8nV29D40BGC_qvIDmGoV3Q==/com.maplibrestartuprepro-DErqLo4ORVn5R35W7IsTWg==/base.apk!/lib/arm64-v8a'
09-30 15:36:21.131  3238  3238 D AppCompatDelegate: Checking for metadata for AppLocalesMetadataHolderService : Service not found
09-30 15:36:21.141  3238  3238 D CompatChangeReporter: Compat change id reported: 377864165; UID 10975; state: ENABLED
09-30 15:36:21.148  3238  3238 D nativeloader: Load /data/app/~~8nV29D40BGC_qvIDmGoV3Q==/com.maplibrestartuprepro-DErqLo4ORVn5R35W7IsTWg==/base.apk!/lib/arm64-v8a/libhermesvm.so using class loader ns clns-9 (caller=/data/app/~~8nV29D40BGC_qvIDmGoV3Q==/com.maplibrestartuprepro-DErqLo4ORVn5R35W7IsTWg==/base.apk): ok
09-30 15:36:21.149  3238  3238 D nativeloader: Load /data/app/~~8nV29D40BGC_qvIDmGoV3Q==/com.maplibrestartuprepro-DErqLo4ORVn5R35W7IsTWg==/base.apk!/lib/arm64-v8a/libhermestooling.so using class loader ns clns-9 (caller=/data/app/~~8nV29D40BGC_qvIDmGoV3Q==/com.maplibrestartuprepro-DErqLo4ORVn5R35W7IsTWg==/base.apk): ok
09-30 15:36:21.149  3238  3238 D jni_lib_merge: Entering merged library JNI_OnLoad.
09-30 15:36:21.149  3238  3238 D jni_lib_merge: Preparing 4 pre-merged libs (including stub)
09-30 15:36:21.149  3238  3238 D jni_lib_merge: Preparing to register libhermes_executor_so.  onload_func: 0x764f763eec
09-30 15:36:21.149  3238  3238 D jni_lib_merge: Preparing to register libhermesinstancejni_so.  onload_func: 0x764f76b69c
09-30 15:36:21.149  3238  3238 D jni_lib_merge: Preparing to register libjsijniprofiler_so.  onload_func: 0x764f76bf44
09-30 15:36:21.149  3238  3238 D jni_lib_merge: About to register 3 actual methods.
09-30 15:36:21.161  3238  3238 W unknown:BridgelessReact: ReactHost{0}.startSurface(surfaceId = 0): Schedule
09-30 15:36:21.161  3238  3238 W unknown:BridgelessReact: ReactHost{0}.attachSurface(surfaceId = 0)
09-30 15:36:21.162  3238  3262 W unknown:BridgelessReact: ReactHost{0}.getOrCreateReactInstanceTask()
09-30 15:36:21.162  3238  3262 W unknown:BridgelessReact: ReactHost{0}.getOrCreateReactInstanceTask(): Start
09-30 15:36:21.162  3238  3262 W unknown:BridgelessReact: ReactHost{0}.getJSBundleLoader()
09-30 15:36:21.162  3238  3262 W unknown:BridgelessReact: ReactHost{0}.getOrCreateReactInstanceTask(): Creating BridgelessReactContext
09-30 15:36:21.162  3238  3262 W unknown:BridgelessReact: ReactHost{0}.getOrCreateReactInstanceTask(): Creating ReactInstance
09-30 15:36:21.165  3238  3238 I ContentCaptureHelper: Setting logging level to OFF
09-30 15:36:21.174  3238  3238 W unknown:BridgelessReact: ReactHost{0}.onHostResume(activity)
09-30 15:36:21.174  3238  3238 W unknown:BridgelessReact: ReactHost{0}.ReactContext.onHostResume()
09-30 15:36:21.176  3238  3262 W unknown:BridgelessReact: ReactHost{0}.getOrCreateReactInstanceTask(): Loading JS Bundle
09-30 15:36:21.177  3238  3262 W unknown:BridgelessReact: ReactHost{0}.getOrCreateReactInstanceTask(): DevSupportManager.onNewReactContextCreated()
09-30 15:36:21.177  3238  3262 W unknown:BridgelessReact: ReactHost{0}.startSurface(surfaceId = 0): Execute
09-30 15:36:21.180  3238  3263 I ReactNativeJS: [repro] bundle load: calling OfflineManager
09-30 15:36:21.181  3238  3263 I REPRO   : OfflineModule.initialize() on mqt_v_js: posting runMigrations to the main looper
09-30 15:36:21.182  3238  3263 I ReactNativeJS: Running "MapLibreStartupRepro"
09-30 15:36:21.186  3238  3264 I REPRO   : MapViewModule.initialize() on mqt_v_native: posting MapLibre.getInstance to the UI queue
09-30 15:36:21.186  3238  3264 I REPRO   : setTileCountLimit on mqt_v_native
09-30 15:36:21.187  3238  3263 W unknown:ViewManagerPropertyUpdater: Could not find generated setter for class com.th3rdwave.safeareacontext.SafeAreaProviderManager
09-30 15:36:21.187  3238  3238 W unknown:BridgelessReact: ReactHost{0}.ReactContext.onHostResume()
09-30 15:36:21.187  3238  3238 W unknown:BridgelessReact: ReactHost{0}.getOrCreateReactInstanceTask(): Executing ReactInstanceEventListeners
09-30 15:36:21.188  3238  3238 I REPRO   : runMigrations START on main
09-30 15:36:21.188  3238  3263 W unknown:ViewManagerPropertyUpdater: Could not find generated setter for class com.facebook.react.uimanager.LayoutShadowNode
09-30 15:36:21.189  3238  3263 W unknown:ViewManagerPropertyUpdater: Could not find generated setter for class org.maplibre.reactnative.components.sources.geojsonsource.MLRNGeoJSONSourceManager
09-30 15:36:21.190  3238  3263 W unknown:ViewManagerPropertyUpdater: Could not find generated setter for class org.maplibre.reactnative.components.annotations.markerview.MLRNMarkerViewManager
09-30 15:36:21.190  3238  3263 W unknown:ViewManagerPropertyUpdater: Could not find generated setter for class org.maplibre.reactnative.components.sources.imagesource.MLRNImageSourceManager
09-30 15:36:21.190  3238  3263 W unknown:ViewManagerPropertyUpdater: Could not find generated setter for class org.maplibre.reactnative.components.sources.tilesources.rastersource.MLRNRasterSourceManager
09-30 15:36:21.191  3238  3263 W unknown:ViewManagerPropertyUpdater: Could not find generated setter for class org.maplibre.reactnative.components.camera.MLRNCameraManager
09-30 15:36:21.191  3238  3263 W unknown:ViewManagerPropertyUpdater: Could not find generated setter for class org.maplibre.reactnative.components.sources.tilesources.vectorsource.MLRNVectorSourceManager
09-30 15:36:21.191  3238  3263 W unknown:ViewManagerPropertyUpdater: Could not find generated setter for class org.maplibre.reactnative.components.mapview.MLRNMapViewManager
09-30 15:36:21.192  3238  3263 W unknown:ViewManagerPropertyUpdater: Could not find generated setter for class org.maplibre.reactnative.components.mapview.MLRNMapViewManager$MapShadowNode
09-30 15:36:21.192  3238  3263 W unknown:ViewManagerPropertyUpdater: Could not find generated setter for class org.maplibre.reactnative.components.layer.MLRNLayerManager
09-30 15:36:21.193  3238  3263 W unknown:ViewManagerPropertyUpdater: Could not find generated setter for class com.th3rdwave.safeareacontext.SafeAreaViewManager
09-30 15:36:21.194  3238  3263 W unknown:ViewManagerPropertyUpdater: Could not find generated setter for class com.th3rdwave.safeareacontext.SafeAreaViewShadowNode
09-30 15:36:21.194  3238  3263 W unknown:ViewManagerPropertyUpdater: Could not find generated setter for class org.maplibre.reactnative.components.mapview.MLRNAndroidTextureMapViewManager
09-30 15:36:21.194  3238  3263 W unknown:ViewManagerPropertyUpdater: Could not find generated setter for class org.maplibre.reactnative.components.sources.tilesources.rasterdemsource.MLRNRasterDEMSourceManager
09-30 15:36:21.195  3238  3263 W unknown:ViewManagerPropertyUpdater: Could not find generated setter for class org.maplibre.reactnative.components.location.MLRNNativeUserLocationManager
09-30 15:36:21.195  3238  3263 W unknown:ViewManagerPropertyUpdater: Could not find generated setter for class org.maplibre.reactnative.components.annotations.pointannotation.MLRNPointAnnotationManager
09-30 15:36:21.195  3238  3263 W unknown:ViewManagerPropertyUpdater: Could not find generated setter for class org.maplibre.reactnative.components.images.MLRNImagesManager
09-30 15:36:21.195  3238  3263 W unknown:ViewManagerPropertyUpdater: Could not find generated setter for class org.maplibre.reactnative.components.annotations.callout.MLRNCalloutManager
09-30 15:36:21.196  3238  3264 D nativeloader: Load /data/app/~~8nV29D40BGC_qvIDmGoV3Q==/com.maplibrestartuprepro-DErqLo4ORVn5R35W7IsTWg==/base.apk!/lib/arm64-v8a/libmaplibre.so using class loader ns clns-9 (caller=/data/app/~~8nV29D40BGC_qvIDmGoV3Q==/com.maplibrestartuprepro-DErqLo4ORVn5R35W7IsTWg==/base.apk!classes3.dex): ok
09-30 15:36:21.197  3238  3238 D AndroidRuntime: Shutting down VM
09-30 15:36:21.197  3238  3238 E AndroidRuntime: FATAL EXCEPTION: main
09-30 15:36:21.197  3238  3238 E AndroidRuntime: Process: com.maplibrestartuprepro, PID: 3238
09-30 15:36:21.197  3238  3238 E AndroidRuntime: org.maplibre.android.exceptions.MapLibreConfigurationException: 
09-30 15:36:21.197  3238  3238 E AndroidRuntime: Using MapView requires calling MapLibre.getInstance(Context context, String apiKey, WellKnownTileServer wellKnownTileServer) before inflating or creating the view.
09-30 15:36:21.197  3238  3238 E AndroidRuntime: 	at org.maplibre.android.MapLibre.validateMapLibre(MapLibre.java:261)
09-30 15:36:21.197  3238  3238 E AndroidRuntime: 	at org.maplibre.android.MapLibre.getTileServerOptions(MapLibre.java:164)
09-30 15:36:21.197  3238  3238 E AndroidRuntime: 	at org.maplibre.android.storage.FileSource.<init>(FileSource.java:348)
09-30 15:36:21.197  3238  3238 E AndroidRuntime: 	at org.maplibre.android.storage.FileSource.getInstance(FileSource.java:95)
09-30 15:36:21.197  3238  3238 E AndroidRuntime: 	at org.maplibre.reactnative.modules.MLRNOfflineModule.activateFileSource(MLRNOfflineModule.kt:684)
09-30 15:36:21.197  3238  3238 E AndroidRuntime: 	at org.maplibre.reactnative.modules.MLRNOfflineModule.runMigrations(MLRNOfflineModule.kt:475)
09-30 15:36:21.197  3238  3238 E AndroidRuntime: 	at org.maplibre.reactnative.modules.MLRNOfflineModule.initialize$lambda$1(MLRNOfflineModule.kt:71)
09-30 15:36:21.197  3238  3238 E AndroidRuntime: 	at org.maplibre.reactnative.modules.MLRNOfflineModule$$ExternalSyntheticLambda2.run(D8$$SyntheticClass:0)
09-30 15:36:21.197  3238  3238 E AndroidRuntime: 	at android.os.Handler.handleCallback(Handler.java:1082)
09-30 15:36:21.197  3238  3238 E AndroidRuntime: 	at android.os.Handler.dispatchMessageImpl(Handler.java:135)
09-30 15:36:21.197  3238  3238 E AndroidRuntime: 	at android.os.Handler.dispatchMessage(Handler.java:126)
09-30 15:36:21.197  3238  3238 E AndroidRuntime: 	at android.os.Looper.loopOnce(Looper.java:295)
09-30 15:36:21.197  3238  3238 E AndroidRuntime: 	at android.os.Looper.loop(Looper.java:398)
09-30 15:36:21.197  3238  3238 E AndroidRuntime: 	at android.app.ActivityThread.main(ActivityThread.java:9569)
09-30 15:36:21.197  3238  3238 E AndroidRuntime: 	at java.lang.reflect.Method.invoke(Native Method)
09-30 15:36:21.197  3238  3238 E AndroidRuntime: 	at com.android.internal.os.RuntimeInit$MethodAndArgsCaller.run(RuntimeInit.java:575)
09-30 15:36:21.197  3238  3238 E AndroidRuntime: 	at com.android.internal.os.ZygoteInit.main(ZygoteInit.java:918)
09-30 15:36:21.203  3238  3264 W unknown:BridgelessReact: ReactHost{0}.handleHostException(message = "
09-30 15:36:21.203  3238  3264 W unknown:BridgelessReact: Using MapView requires calling MapLibre.getInstance(Context context, String apiKey, WellKnownTileServer wellKnownTileServer) before inflating or creating the view.")
09-30 15:36:21.203  3238  3264 I Process : Sending signal. PID: 3238 SIG: 9
