09-30 15:36:12.828  2933  2933 I libprocessgroup: Created cgroup /sys/fs/cgroup/apps/uid_10974
09-30 15:36:12.829  2933  2933 I libprocessgroup: Created cgroup /sys/fs/cgroup/apps/uid_10974/pid_2933
09-30 15:36:12.834  2933  2933 I Zygote  : Process 2933 created for com.maplibrestartuprepro
09-30 15:36:12.834  2933  2933 I brestartuprepro: Using generational CollectorTypeCMC GC.
09-30 15:36:12.839  2933  2933 D nativeloader: Load libframework-connectivity-tiramisu-jni.so using APEX ns com_android_tethering for caller /apex/com.android.tethering/javalib/framework-connectivity-t.jar: ok
09-30 15:36:12.848  2933  2933 D ApplicationLoaders: Returning zygote-cached class loader: /system_ext/framework/androidx.window.extensions.jar
09-30 15:36:12.848  2933  2933 D ApplicationLoaders: Returning zygote-cached class loader: /system_ext/framework/androidx.window.sidecar.jar
09-30 15:36:12.850  2933  2933 D nativeloader: Configuring clns-9 for other apk /data/app/~~E1jDIwygTCRayBGI1pd0qA==/com.maplibrestartuprepro-i6kxSchyrfFQIm-A7hI2Gg==/base.apk. target_sdk_version=36, uses_libraries=, library_path=/data/app/~~E1jDIwygTCRayBGI1pd0qA==/com.maplibrestartuprepro-i6kxSchyrfFQIm-A7hI2Gg==/lib/arm64:/data/app/~~E1jDIwygTCRayBGI1pd0qA==/com.maplibrestartuprepro-i6kxSchyrfFQIm-A7hI2Gg==/base.apk!/lib/arm64-v8a, permitted_path=/data:/mnt/expand:/data/user/0/com.maplibrestartuprepro
09-30 15:36:12.853  2933  2933 D ActivityThread: Set OS env TMPDIR to /data/user/0/com.maplibrestartuprepro/cache
09-30 15:36:12.853  2933  2933 V GraphicsEnvironment: Currently set values for:
09-30 15:36:12.854  2933  2933 V GraphicsEnvironment:   angle_gl_driver_selection_pkgs=[com.android.angle]
09-30 15:36:12.854  2933  2933 V GraphicsEnvironment:   angle_gl_driver_selection_values=[angle]
09-30 15:36:12.854  2933  2933 V GraphicsEnvironment: com.maplibrestartuprepro is not listed in per-application setting
09-30 15:36:12.854  2933  2933 V GraphicsEnvironment: No special selections for ANGLE, returning default driver choice
09-30 15:36:12.854  2933  2933 V GraphicsEnvironment: Neither updatable production driver nor prerelease driver is supported.
09-30 15:36:12.864  2933  2933 W SoLoader: Initializing SoLoader: 0
09-30 15:36:12.864  2933  2933 W SoLoader: Recording new base apk path: /data/app/~~E1jDIwygTCRayBGI1pd0qA==/com.maplibrestartuprepro-i6kxSchyrfFQIm-A7hI2Gg==/base.apk
09-30 15:36:12.864  2933  2933 W SoLoader: Previously recorded 0 base apk paths.
09-30 15:36:12.864  2933  2933 I SoLoader: Preparing SO source: DirectorySoSource[root = /vendor/lib64 flags = 2]
09-30 15:36:12.864  2933  2933 I SoLoader: Preparing SO source: DirectorySoSource[root = /system/lib64 flags = 2]
09-30 15:36:12.864  2933  2933 I SoLoader: Preparing SO source: DirectApkSoSource[root = [/data/app/~~E1jDIwygTCRayBGI1pd0qA==/com.maplibrestartuprepro-i6kxSchyrfFQIm-A7hI2Gg==/base.apk!/lib/arm64-v8a]]
09-30 15:36:12.866  2933  2933 I SoLoader: Preparing SO source: ApplicationSoSource[DirectorySoSource[root = /data/app/~~E1jDIwygTCRayBGI1pd0qA==/com.maplibrestartuprepro-i6kxSchyrfFQIm-A7hI2Gg==/lib/arm64 flags = 0]]
09-30 15:36:12.866  2933  2933 I SoLoader: init finish: 4 SO sources prepared
09-30 15:36:12.866  2933  2933 W SoLoader: SoLoader initialized: 8
09-30 15:36:12.870  2933  2933 D nativeloader: Load /data/app/~~E1jDIwygTCRayBGI1pd0qA==/com.maplibrestartuprepro-i6kxSchyrfFQIm-A7hI2Gg==/base.apk!/lib/arm64-v8a/libc++_shared.so using class loader ns clns-9 (caller=/data/app/~~E1jDIwygTCRayBGI1pd0qA==/com.maplibrestartuprepro-i6kxSchyrfFQIm-A7hI2Gg==/base.apk): ok
09-30 15:36:12.873  2933  2933 D nativeloader: Load /data/app/~~E1jDIwygTCRayBGI1pd0qA==/com.maplibrestartuprepro-i6kxSchyrfFQIm-A7hI2Gg==/base.apk!/lib/arm64-v8a/libjsi.so using class loader ns clns-9 (caller=/data/app/~~E1jDIwygTCRayBGI1pd0qA==/com.maplibrestartuprepro-i6kxSchyrfFQIm-A7hI2Gg==/base.apk): ok
09-30 15:36:12.874  2933  2933 D nativeloader: Load /data/app/~~E1jDIwygTCRayBGI1pd0qA==/com.maplibrestartuprepro-i6kxSchyrfFQIm-A7hI2Gg==/base.apk!/lib/arm64-v8a/libfbjni.so using class loader ns clns-9 (caller=/data/app/~~E1jDIwygTCRayBGI1pd0qA==/com.maplibrestartuprepro-i6kxSchyrfFQIm-A7hI2Gg==/base.apk): ok
09-30 15:36:12.877  2933  2933 D nativeloader: Load /data/app/~~E1jDIwygTCRayBGI1pd0qA==/com.maplibrestartuprepro-i6kxSchyrfFQIm-A7hI2Gg==/base.apk!/lib/arm64-v8a/libreactnative.so using class loader ns clns-9 (caller=/data/app/~~E1jDIwygTCRayBGI1pd0qA==/com.maplibrestartuprepro-i6kxSchyrfFQIm-A7hI2Gg==/base.apk): ok
09-30 15:36:12.877  2933  2933 D jni_lib_merge: Entering merged library JNI_OnLoad.
09-30 15:36:12.877  2933  2933 D jni_lib_merge: Preparing 13 pre-merged libs (including stub)
09-30 15:36:12.877  2933  2933 D jni_lib_merge: Preparing to register libfabricjni_so.  onload_func: 0x75af96ab5c
09-30 15:36:12.877  2933  2933 D jni_lib_merge: Preparing to register libreact_devsupportjni_so.  onload_func: 0x75afa423d0
09-30 15:36:12.877  2933  2933 D jni_lib_merge: Preparing to register libreact_featureflagsjni_so.  onload_func: 0x75afa5b64c
09-30 15:36:12.877  2933  2933 D jni_lib_merge: Preparing to register libreact_newarchdefaults_so.  onload_func: 0x75afa9d1d8
09-30 15:36:12.877  2933  2933 D jni_lib_merge: Preparing to register libreact_tracingjni_so.  onload_func: 0x75afb844cc
09-30 15:36:12.877  2933  2933 D jni_lib_merge: Preparing to register libreactnativeblob_so.  onload_func: 0x75afb89760
09-30 15:36:12.877  2933  2933 D jni_lib_merge: Preparing to register libreactnativejni_so.  onload_func: 0x75afb957f4
09-30 15:36:12.877  2933  2933 D jni_lib_merge: Preparing to register libreactnativejni_common_so.  onload_func: 0x75afb98838
09-30 15:36:12.877  2933  2933 D jni_lib_merge: Preparing to register librninstance_so.  onload_func: 0x75afbbdf50
09-30 15:36:12.877  2933  2933 D jni_lib_merge: Preparing to register libturbomodulejsijni_so.  onload_func: 0x75afc53f48
09-30 15:36:12.877  2933  2933 D jni_lib_merge: Preparing to register libuimanagerjni_so.  onload_func: 0x75afc5a93c
09-30 15:36:12.877  2933  2933 D jni_lib_merge: Preparing to register libyoga_so.  onload_func: 0x75afc623b8
09-30 15:36:12.877  2933  2933 D jni_lib_merge: About to register 12 actual methods.
09-30 15:36:12.881  2933  2933 D nativeloader: Load /data/app/~~E1jDIwygTCRayBGI1pd0qA==/com.maplibrestartuprepro-i6kxSchyrfFQIm-A7hI2Gg==/base.apk!/lib/arm64-v8a/libreact_codegen_safeareacontext.so using class loader ns clns-9 (caller=/data/app/~~E1jDIwygTCRayBGI1pd0qA==/com.maplibrestartuprepro-i6kxSchyrfFQIm-A7hI2Gg==/base.apk): ok
09-30 15:36:12.882  2933  2933 D nativeloader: Load /data/app/~~E1jDIwygTCRayBGI1pd0qA==/com.maplibrestartuprepro-i6kxSchyrfFQIm-A7hI2Gg==/base.apk!/lib/arm64-v8a/libappmodules.so using class loader ns clns-9 (caller=/data/app/~~E1jDIwygTCRayBGI1pd0qA==/com.maplibrestartuprepro-i6kxSchyrfFQIm-A7hI2Gg==/base.apk): ok
09-30 15:36:12.889  2933  2950 I DisplayManager: Choreographer implicitly registered for the refresh rate.
09-30 15:36:12.890  2933  2950 D vulkan  : searching for layers in '/data/app/~~E1jDIwygTCRayBGI1pd0qA==/com.maplibrestartuprepro-i6kxSchyrfFQIm-A7hI2Gg==/lib/arm64'
09-30 15:36:12.890  2933  2950 D vulkan  : searching for layers in '/data/app/~~E1jDIwygTCRayBGI1pd0qA==/com.maplibrestartuprepro-i6kxSchyrfFQIm-A7hI2Gg==/base.apk!/lib/arm64-v8a'
09-30 15:36:12.897  2933  2933 D AppCompatDelegate: Checking for metadata for AppLocalesMetadataHolderService : Service not found
09-30 15:36:12.962  2933  2933 D CompatChangeReporter: Compat change id reported: 377864165; UID 10974; state: ENABLED
09-30 15:36:12.969  2933  2933 D nativeloader: Load /data/app/~~E1jDIwygTCRayBGI1pd0qA==/com.maplibrestartuprepro-i6kxSchyrfFQIm-A7hI2Gg==/base.apk!/lib/arm64-v8a/libhermesvm.so using class loader ns clns-9 (caller=/data/app/~~E1jDIwygTCRayBGI1pd0qA==/com.maplibrestartuprepro-i6kxSchyrfFQIm-A7hI2Gg==/base.apk): ok
09-30 15:36:12.969  2933  2933 D nativeloader: Load /data/app/~~E1jDIwygTCRayBGI1pd0qA==/com.maplibrestartuprepro-i6kxSchyrfFQIm-A7hI2Gg==/base.apk!/lib/arm64-v8a/libhermestooling.so using class loader ns clns-9 (caller=/data/app/~~E1jDIwygTCRayBGI1pd0qA==/com.maplibrestartuprepro-i6kxSchyrfFQIm-A7hI2Gg==/base.apk): ok
09-30 15:36:12.969  2933  2933 D jni_lib_merge: Entering merged library JNI_OnLoad.
09-30 15:36:12.969  2933  2933 D jni_lib_merge: Preparing 4 pre-merged libs (including stub)
09-30 15:36:12.969  2933  2933 D jni_lib_merge: Preparing to register libhermes_executor_so.  onload_func: 0x764f764eec
09-30 15:36:12.969  2933  2933 D jni_lib_merge: Preparing to register libhermesinstancejni_so.  onload_func: 0x764f76c69c
09-30 15:36:12.969  2933  2933 D jni_lib_merge: Preparing to register libjsijniprofiler_so.  onload_func: 0x764f76cf44
09-30 15:36:12.969  2933  2933 D jni_lib_merge: About to register 3 actual methods.
09-30 15:36:12.976  2933  2933 W unknown:BridgelessReact: ReactHost{0}.startSurface(surfaceId = 0): Schedule
09-30 15:36:12.977  2933  2933 W unknown:BridgelessReact: ReactHost{0}.attachSurface(surfaceId = 0)
09-30 15:36:12.977  2933  2976 W unknown:BridgelessReact: ReactHost{0}.getOrCreateReactInstanceTask()
09-30 15:36:12.977  2933  2976 W unknown:BridgelessReact: ReactHost{0}.getOrCreateReactInstanceTask(): Start
09-30 15:36:12.977  2933  2976 W unknown:BridgelessReact: ReactHost{0}.getJSBundleLoader()
09-30 15:36:12.977  2933  2976 W unknown:BridgelessReact: ReactHost{0}.getOrCreateReactInstanceTask(): Creating BridgelessReactContext
09-30 15:36:12.977  2933  2976 W unknown:BridgelessReact: ReactHost{0}.getOrCreateReactInstanceTask(): Creating ReactInstance
09-30 15:36:12.980  2933  2933 I ContentCaptureHelper: Setting logging level to OFF
09-30 15:36:12.987  2933  2933 W unknown:BridgelessReact: ReactHost{0}.onHostResume(activity)
09-30 15:36:12.987  2933  2976 W unknown:BridgelessReact: ReactHost{0}.getOrCreateReactInstanceTask(): Loading JS Bundle
09-30 15:36:12.987  2933  2933 W unknown:BridgelessReact: ReactHost{0}.ReactContext.onHostResume()
09-30 15:36:12.987  2933  2976 W unknown:BridgelessReact: ReactHost{0}.getOrCreateReactInstanceTask(): DevSupportManager.onNewReactContextCreated()
09-30 15:36:12.987  2933  2976 W unknown:BridgelessReact: ReactHost{0}.startSurface(surfaceId = 0): Execute
09-30 15:36:12.991  2933  2977 I ReactNativeJS: [repro] bundle load: calling OfflineManager
09-30 15:36:12.991  2933  2977 I REPRO   : OfflineModule.initialize() on mqt_v_js: posting runMigrations to the main looper
09-30 15:36:12.992  2933  2977 I ReactNativeJS: Running "MapLibreStartupRepro"
09-30 15:36:12.995  2933  2977 W unknown:ViewManagerPropertyUpdater: Could not find generated setter for class com.th3rdwave.safeareacontext.SafeAreaProviderManager
09-30 15:36:12.996  2933  2978 I REPRO   : MapViewModule.initialize() on mqt_v_native: posting MapLibre.getInstance to the UI queue
09-30 15:36:12.996  2933  2978 I REPRO   : setTileCountLimit on mqt_v_native
09-30 15:36:12.997  2933  2977 W unknown:ViewManagerPropertyUpdater: Could not find generated setter for class com.facebook.react.uimanager.LayoutShadowNode
09-30 15:36:12.997  2933  2977 W unknown:ViewManagerPropertyUpdater: Could not find generated setter for class org.maplibre.reactnative.components.sources.geojsonsource.MLRNGeoJSONSourceManager
09-30 15:36:12.998  2933  2977 W unknown:ViewManagerPropertyUpdater: Could not find generated setter for class org.maplibre.reactnative.components.annotations.markerview.MLRNMarkerViewManager
09-30 15:36:12.998  2933  2977 W unknown:ViewManagerPropertyUpdater: Could not find generated setter for class org.maplibre.reactnative.components.sources.imagesource.MLRNImageSourceManager
09-30 15:36:12.999  2933  2977 W unknown:ViewManagerPropertyUpdater: Could not find generated setter for class org.maplibre.reactnative.components.sources.tilesources.rastersource.MLRNRasterSourceManager
09-30 15:36:12.999  2933  2977 W unknown:ViewManagerPropertyUpdater: Could not find generated setter for class org.maplibre.reactnative.components.camera.MLRNCameraManager
09-30 15:36:12.999  2933  2977 W unknown:ViewManagerPropertyUpdater: Could not find generated setter for class org.maplibre.reactnative.components.sources.tilesources.vectorsource.MLRNVectorSourceManager
09-30 15:36:13.000  2933  2977 W unknown:ViewManagerPropertyUpdater: Could not find generated setter for class org.maplibre.reactnative.components.mapview.MLRNMapViewManager
09-30 15:36:13.000  2933  2977 W unknown:ViewManagerPropertyUpdater: Could not find generated setter for class org.maplibre.reactnative.components.mapview.MLRNMapViewManager$MapShadowNode
09-30 15:36:13.000  2933  2977 W unknown:ViewManagerPropertyUpdater: Could not find generated setter for class org.maplibre.reactnative.components.layer.MLRNLayerManager
09-30 15:36:13.001  2933  2977 W unknown:ViewManagerPropertyUpdater: Could not find generated setter for class com.th3rdwave.safeareacontext.SafeAreaViewManager
09-30 15:36:13.001  2933  2977 W unknown:ViewManagerPropertyUpdater: Could not find generated setter for class com.th3rdwave.safeareacontext.SafeAreaViewShadowNode
09-30 15:36:13.002  2933  2977 W unknown:ViewManagerPropertyUpdater: Could not find generated setter for class org.maplibre.reactnative.components.mapview.MLRNAndroidTextureMapViewManager
09-30 15:36:13.002  2933  2977 W unknown:ViewManagerPropertyUpdater: Could not find generated setter for class org.maplibre.reactnative.components.sources.tilesources.rasterdemsource.MLRNRasterDEMSourceManager
09-30 15:36:13.002  2933  2977 W unknown:ViewManagerPropertyUpdater: Could not find generated setter for class org.maplibre.reactnative.components.location.MLRNNativeUserLocationManager
09-30 15:36:13.002  2933  2977 W unknown:ViewManagerPropertyUpdater: Could not find generated setter for class org.maplibre.reactnative.components.annotations.pointannotation.MLRNPointAnnotationManager
09-30 15:36:13.002  2933  2978 D nativeloader: Load /data/app/~~E1jDIwygTCRayBGI1pd0qA==/com.maplibrestartuprepro-i6kxSchyrfFQIm-A7hI2Gg==/base.apk!/lib/arm64-v8a/libmaplibre.so using class loader ns clns-9 (caller=/data/app/~~E1jDIwygTCRayBGI1pd0qA==/com.maplibrestartuprepro-i6kxSchyrfFQIm-A7hI2Gg==/base.apk!classes3.dex): ok
09-30 15:36:13.003  2933  2977 W unknown:ViewManagerPropertyUpdater: Could not find generated setter for class org.maplibre.reactnative.components.images.MLRNImagesManager
09-30 15:36:13.003  2933  2977 W unknown:ViewManagerPropertyUpdater: Could not find generated setter for class org.maplibre.reactnative.components.annotations.callout.MLRNCalloutManager
09-30 15:36:13.003  2933  2933 W unknown:BridgelessReact: ReactHost{0}.ReactContext.onHostResume()
09-30 15:36:13.003  2933  2933 W unknown:BridgelessReact: ReactHost{0}.getOrCreateReactInstanceTask(): Executing ReactInstanceEventListeners
09-30 15:36:13.004  2933  2933 I REPRO   : runMigrations START on main
09-30 15:36:13.007  2933  2933 D AndroidRuntime: Shutting down VM
09-30 15:36:13.008  2933  2933 E AndroidRuntime: FATAL EXCEPTION: main
09-30 15:36:13.008  2933  2933 E AndroidRuntime: Process: com.maplibrestartuprepro, PID: 2933
09-30 15:36:13.008  2933  2933 E AndroidRuntime: org.maplibre.android.exceptions.MapLibreConfigurationException: 
09-30 15:36:13.008  2933  2933 E AndroidRuntime: Using MapView requires calling MapLibre.getInstance(Context context, String apiKey, WellKnownTileServer wellKnownTileServer) before inflating or creating the view.
09-30 15:36:13.008  2933  2933 E AndroidRuntime: 	at org.maplibre.android.MapLibre.validateMapLibre(MapLibre.java:261)
09-30 15:36:13.008  2933  2933 E AndroidRuntime: 	at org.maplibre.android.MapLibre.getTileServerOptions(MapLibre.java:164)
09-30 15:36:13.008  2933  2933 E AndroidRuntime: 	at org.maplibre.android.storage.FileSource.<init>(FileSource.java:348)
09-30 15:36:13.008  2933  2933 E AndroidRuntime: 	at org.maplibre.android.storage.FileSource.getInstance(FileSource.java:95)
09-30 15:36:13.008  2933  2933 E AndroidRuntime: 	at org.maplibre.reactnative.modules.MLRNOfflineModule.activateFileSource(MLRNOfflineModule.kt:684)
09-30 15:36:13.008  2933  2933 E AndroidRuntime: 	at org.maplibre.reactnative.modules.MLRNOfflineModule.runMigrations(MLRNOfflineModule.kt:475)
09-30 15:36:13.008  2933  2933 E AndroidRuntime: 	at org.maplibre.reactnative.modules.MLRNOfflineModule.initialize$lambda$1(MLRNOfflineModule.kt:71)
09-30 15:36:13.008  2933  2933 E AndroidRuntime: 	at org.maplibre.reactnative.modules.MLRNOfflineModule$$ExternalSyntheticLambda2.run(D8$$SyntheticClass:0)
09-30 15:36:13.008  2933  2933 E AndroidRuntime: 	at android.os.Handler.handleCallback(Handler.java:1082)
09-30 15:36:13.008  2933  2933 E AndroidRuntime: 	at android.os.Handler.dispatchMessageImpl(Handler.java:135)
09-30 15:36:13.008  2933  2933 E AndroidRuntime: 	at android.os.Handler.dispatchMessage(Handler.java:126)
09-30 15:36:13.008  2933  2933 E AndroidRuntime: 	at android.os.Looper.loopOnce(Looper.java:295)
09-30 15:36:13.008  2933  2933 E AndroidRuntime: 	at android.os.Looper.loop(Looper.java:398)
09-30 15:36:13.008  2933  2933 E AndroidRuntime: 	at android.app.ActivityThread.main(ActivityThread.java:9569)
09-30 15:36:13.008  2933  2933 E AndroidRuntime: 	at java.lang.reflect.Method.invoke(Native Method)
09-30 15:36:13.008  2933  2933 E AndroidRuntime: 	at com.android.internal.os.RuntimeInit$MethodAndArgsCaller.run(RuntimeInit.java:575)
09-30 15:36:13.008  2933  2933 E AndroidRuntime: 	at com.android.internal.os.ZygoteInit.main(ZygoteInit.java:918)
09-30 15:36:13.010  2933  2977 W unknown:ViewManagerPropertyUpdater: Could not find generated setter for class com.facebook.react.views.safeareaview.ReactSafeAreaViewManager
09-30 15:36:13.011  2933  2977 W unknown:ViewManagerPropertyUpdater: Could not find generated setter for class com.facebook.react.views.modal.ReactModalHostManager
09-30 15:36:13.012  2933  2978 W unknown:BridgelessReact: ReactHost{0}.handleHostException(message = "
09-30 15:36:13.012  2933  2978 W unknown:BridgelessReact: Using MapView requires calling MapLibre.getInstance(Context context, String apiKey, WellKnownTileServer wellKnownTileServer) before inflating or creating the view.")
09-30 15:36:13.012  2933  2978 I Process : Sending signal. PID: 2933 SIG: 9
