09-30 15:35:31.037  1105  1105 I libprocessgroup: Created cgroup /sys/fs/cgroup/apps/uid_10972
09-30 15:35:31.038  1105  1105 I libprocessgroup: Created cgroup /sys/fs/cgroup/apps/uid_10972/pid_1105
09-30 15:35:31.044  1105  1105 I Zygote  : Process 1105 created for com.maplibrestartuprepro
09-30 15:35:31.044  1105  1105 I brestartuprepro: Using generational CollectorTypeCMC GC.
09-30 15:35:31.049  1105  1105 D nativeloader: Load libframework-connectivity-tiramisu-jni.so using APEX ns com_android_tethering for caller /apex/com.android.tethering/javalib/framework-connectivity-t.jar: ok
09-30 15:35:31.059  1105  1105 D ApplicationLoaders: Returning zygote-cached class loader: /system_ext/framework/androidx.window.extensions.jar
09-30 15:35:31.059  1105  1105 D ApplicationLoaders: Returning zygote-cached class loader: /system_ext/framework/androidx.window.sidecar.jar
09-30 15:35:31.061  1105  1105 D nativeloader: Configuring clns-9 for other apk /data/app/~~rlxPgxEpR0o-81LW1-kxiw==/com.maplibrestartuprepro-RcNSqsRatKCwhLGSyFKHTA==/base.apk. target_sdk_version=36, uses_libraries=, library_path=/data/app/~~rlxPgxEpR0o-81LW1-kxiw==/com.maplibrestartuprepro-RcNSqsRatKCwhLGSyFKHTA==/lib/arm64:/data/app/~~rlxPgxEpR0o-81LW1-kxiw==/com.maplibrestartuprepro-RcNSqsRatKCwhLGSyFKHTA==/base.apk!/lib/arm64-v8a, permitted_path=/data:/mnt/expand:/data/user/0/com.maplibrestartuprepro
09-30 15:35:31.064  1105  1105 D ActivityThread: Set OS env TMPDIR to /data/user/0/com.maplibrestartuprepro/cache
09-30 15:35:31.065  1105  1105 V GraphicsEnvironment: Currently set values for:
09-30 15:35:31.065  1105  1105 V GraphicsEnvironment:   angle_gl_driver_selection_pkgs=[com.android.angle]
09-30 15:35:31.065  1105  1105 V GraphicsEnvironment:   angle_gl_driver_selection_values=[angle]
09-30 15:35:31.065  1105  1105 V GraphicsEnvironment: com.maplibrestartuprepro is not listed in per-application setting
09-30 15:35:31.065  1105  1105 V GraphicsEnvironment: No special selections for ANGLE, returning default driver choice
09-30 15:35:31.065  1105  1105 V GraphicsEnvironment: Neither updatable production driver nor prerelease driver is supported.
09-30 15:35:31.074  1105  1105 W SoLoader: Initializing SoLoader: 0
09-30 15:35:31.074  1105  1105 W SoLoader: Recording new base apk path: /data/app/~~rlxPgxEpR0o-81LW1-kxiw==/com.maplibrestartuprepro-RcNSqsRatKCwhLGSyFKHTA==/base.apk
09-30 15:35:31.074  1105  1105 W SoLoader: Previously recorded 0 base apk paths.
09-30 15:35:31.074  1105  1105 I SoLoader: Preparing SO source: DirectorySoSource[root = /vendor/lib64 flags = 2]
09-30 15:35:31.074  1105  1105 I SoLoader: Preparing SO source: DirectorySoSource[root = /system/lib64 flags = 2]
09-30 15:35:31.074  1105  1105 I SoLoader: Preparing SO source: DirectApkSoSource[root = [/data/app/~~rlxPgxEpR0o-81LW1-kxiw==/com.maplibrestartuprepro-RcNSqsRatKCwhLGSyFKHTA==/base.apk!/lib/arm64-v8a]]
09-30 15:35:31.075  1105  1105 I SoLoader: Preparing SO source: ApplicationSoSource[DirectorySoSource[root = /data/app/~~rlxPgxEpR0o-81LW1-kxiw==/com.maplibrestartuprepro-RcNSqsRatKCwhLGSyFKHTA==/lib/arm64 flags = 0]]
09-30 15:35:31.075  1105  1105 I SoLoader: init finish: 4 SO sources prepared
09-30 15:35:31.075  1105  1105 W SoLoader: SoLoader initialized: 8
09-30 15:35:31.081  1105  1105 D nativeloader: Load /data/app/~~rlxPgxEpR0o-81LW1-kxiw==/com.maplibrestartuprepro-RcNSqsRatKCwhLGSyFKHTA==/base.apk!/lib/arm64-v8a/libc++_shared.so using class loader ns clns-9 (caller=/data/app/~~rlxPgxEpR0o-81LW1-kxiw==/com.maplibrestartuprepro-RcNSqsRatKCwhLGSyFKHTA==/base.apk): ok
09-30 15:35:31.083  1105  1105 D nativeloader: Load /data/app/~~rlxPgxEpR0o-81LW1-kxiw==/com.maplibrestartuprepro-RcNSqsRatKCwhLGSyFKHTA==/base.apk!/lib/arm64-v8a/libjsi.so using class loader ns clns-9 (caller=/data/app/~~rlxPgxEpR0o-81LW1-kxiw==/com.maplibrestartuprepro-RcNSqsRatKCwhLGSyFKHTA==/base.apk): ok
09-30 15:35:31.085  1105  1105 D nativeloader: Load /data/app/~~rlxPgxEpR0o-81LW1-kxiw==/com.maplibrestartuprepro-RcNSqsRatKCwhLGSyFKHTA==/base.apk!/lib/arm64-v8a/libfbjni.so using class loader ns clns-9 (caller=/data/app/~~rlxPgxEpR0o-81LW1-kxiw==/com.maplibrestartuprepro-RcNSqsRatKCwhLGSyFKHTA==/base.apk): ok
09-30 15:35:31.088  1105  1105 D nativeloader: Load /data/app/~~rlxPgxEpR0o-81LW1-kxiw==/com.maplibrestartuprepro-RcNSqsRatKCwhLGSyFKHTA==/base.apk!/lib/arm64-v8a/libreactnative.so using class loader ns clns-9 (caller=/data/app/~~rlxPgxEpR0o-81LW1-kxiw==/com.maplibrestartuprepro-RcNSqsRatKCwhLGSyFKHTA==/base.apk): ok
09-30 15:35:31.088  1105  1105 D jni_lib_merge: Entering merged library JNI_OnLoad.
09-30 15:35:31.088  1105  1105 D jni_lib_merge: Preparing 13 pre-merged libs (including stub)
09-30 15:35:31.088  1105  1105 D jni_lib_merge: Preparing to register libfabricjni_so.  onload_func: 0x75ad5abb5c
09-30 15:35:31.088  1105  1105 D jni_lib_merge: Preparing to register libreact_devsupportjni_so.  onload_func: 0x75ad6833d0
09-30 15:35:31.088  1105  1105 D jni_lib_merge: Preparing to register libreact_featureflagsjni_so.  onload_func: 0x75ad69c64c
09-30 15:35:31.088  1105  1105 D jni_lib_merge: Preparing to register libreact_newarchdefaults_so.  onload_func: 0x75ad6de1d8
09-30 15:35:31.088  1105  1105 D jni_lib_merge: Preparing to register libreact_tracingjni_so.  onload_func: 0x75ad7c54cc
09-30 15:35:31.088  1105  1105 D jni_lib_merge: Preparing to register libreactnativeblob_so.  onload_func: 0x75ad7ca760
09-30 15:35:31.088  1105  1105 D jni_lib_merge: Preparing to register libreactnativejni_so.  onload_func: 0x75ad7d67f4
09-30 15:35:31.088  1105  1105 D jni_lib_merge: Preparing to register libreactnativejni_common_so.  onload_func: 0x75ad7d9838
09-30 15:35:31.088  1105  1105 D jni_lib_merge: Preparing to register librninstance_so.  onload_func: 0x75ad7fef50
09-30 15:35:31.088  1105  1105 D jni_lib_merge: Preparing to register libturbomodulejsijni_so.  onload_func: 0x75ad894f48
09-30 15:35:31.088  1105  1105 D jni_lib_merge: Preparing to register libuimanagerjni_so.  onload_func: 0x75ad89b93c
09-30 15:35:31.088  1105  1105 D jni_lib_merge: Preparing to register libyoga_so.  onload_func: 0x75ad8a33b8
09-30 15:35:31.088  1105  1105 D jni_lib_merge: About to register 12 actual methods.
09-30 15:35:31.092  1105  1105 D nativeloader: Load /data/app/~~rlxPgxEpR0o-81LW1-kxiw==/com.maplibrestartuprepro-RcNSqsRatKCwhLGSyFKHTA==/base.apk!/lib/arm64-v8a/libreact_codegen_safeareacontext.so using class loader ns clns-9 (caller=/data/app/~~rlxPgxEpR0o-81LW1-kxiw==/com.maplibrestartuprepro-RcNSqsRatKCwhLGSyFKHTA==/base.apk): ok
09-30 15:35:31.093  1105  1105 D nativeloader: Load /data/app/~~rlxPgxEpR0o-81LW1-kxiw==/com.maplibrestartuprepro-RcNSqsRatKCwhLGSyFKHTA==/base.apk!/lib/arm64-v8a/libappmodules.so using class loader ns clns-9 (caller=/data/app/~~rlxPgxEpR0o-81LW1-kxiw==/com.maplibrestartuprepro-RcNSqsRatKCwhLGSyFKHTA==/base.apk): ok
09-30 15:35:31.106  1105  1122 I DisplayManager: Choreographer implicitly registered for the refresh rate.
09-30 15:35:31.107  1105  1122 D vulkan  : searching for layers in '/data/app/~~rlxPgxEpR0o-81LW1-kxiw==/com.maplibrestartuprepro-RcNSqsRatKCwhLGSyFKHTA==/lib/arm64'
09-30 15:35:31.107  1105  1122 D vulkan  : searching for layers in '/data/app/~~rlxPgxEpR0o-81LW1-kxiw==/com.maplibrestartuprepro-RcNSqsRatKCwhLGSyFKHTA==/base.apk!/lib/arm64-v8a'
09-30 15:35:31.119  1105  1105 D AppCompatDelegate: Checking for metadata for AppLocalesMetadataHolderService : Service not found
09-30 15:35:31.131  1105  1105 D CompatChangeReporter: Compat change id reported: 377864165; UID 10972; state: ENABLED
09-30 15:35:31.138  1105  1105 D nativeloader: Load /data/app/~~rlxPgxEpR0o-81LW1-kxiw==/com.maplibrestartuprepro-RcNSqsRatKCwhLGSyFKHTA==/base.apk!/lib/arm64-v8a/libhermesvm.so using class loader ns clns-9 (caller=/data/app/~~rlxPgxEpR0o-81LW1-kxiw==/com.maplibrestartuprepro-RcNSqsRatKCwhLGSyFKHTA==/base.apk): ok
09-30 15:35:31.138  1105  1105 D nativeloader: Load /data/app/~~rlxPgxEpR0o-81LW1-kxiw==/com.maplibrestartuprepro-RcNSqsRatKCwhLGSyFKHTA==/base.apk!/lib/arm64-v8a/libhermestooling.so using class loader ns clns-9 (caller=/data/app/~~rlxPgxEpR0o-81LW1-kxiw==/com.maplibrestartuprepro-RcNSqsRatKCwhLGSyFKHTA==/base.apk): ok
09-30 15:35:31.138  1105  1105 D jni_lib_merge: Entering merged library JNI_OnLoad.
09-30 15:35:31.138  1105  1105 D jni_lib_merge: Preparing 4 pre-merged libs (including stub)
09-30 15:35:31.138  1105  1105 D jni_lib_merge: Preparing to register libhermes_executor_so.  onload_func: 0x764f76beec
09-30 15:35:31.138  1105  1105 D jni_lib_merge: Preparing to register libhermesinstancejni_so.  onload_func: 0x764f77369c
09-30 15:35:31.138  1105  1105 D jni_lib_merge: Preparing to register libjsijniprofiler_so.  onload_func: 0x764f773f44
09-30 15:35:31.138  1105  1105 D jni_lib_merge: About to register 3 actual methods.
09-30 15:35:31.145  1105  1105 W unknown:BridgelessReact: ReactHost{0}.startSurface(surfaceId = 0): Schedule
09-30 15:35:31.145  1105  1105 W unknown:BridgelessReact: ReactHost{0}.attachSurface(surfaceId = 0)
09-30 15:35:31.145  1105  1131 W unknown:BridgelessReact: ReactHost{0}.getOrCreateReactInstanceTask()
09-30 15:35:31.145  1105  1131 W unknown:BridgelessReact: ReactHost{0}.getOrCreateReactInstanceTask(): Start
09-30 15:35:31.145  1105  1131 W unknown:BridgelessReact: ReactHost{0}.getJSBundleLoader()
09-30 15:35:31.146  1105  1131 W unknown:BridgelessReact: ReactHost{0}.getOrCreateReactInstanceTask(): Creating BridgelessReactContext
09-30 15:35:31.146  1105  1131 W unknown:BridgelessReact: ReactHost{0}.getOrCreateReactInstanceTask(): Creating ReactInstance
09-30 15:35:31.149  1105  1105 I ContentCaptureHelper: Setting logging level to OFF
09-30 15:35:31.155  1105  1105 W unknown:BridgelessReact: ReactHost{0}.onHostResume(activity)
09-30 15:35:31.155  1105  1105 W unknown:BridgelessReact: ReactHost{0}.ReactContext.onHostResume()
09-30 15:35:31.160  1105  1131 W unknown:BridgelessReact: ReactHost{0}.getOrCreateReactInstanceTask(): Loading JS Bundle
09-30 15:35:31.161  1105  1131 W unknown:BridgelessReact: ReactHost{0}.getOrCreateReactInstanceTask(): DevSupportManager.onNewReactContextCreated()
09-30 15:35:31.161  1105  1131 W unknown:BridgelessReact: ReactHost{0}.startSurface(surfaceId = 0): Execute
09-30 15:35:31.165  1105  1133 I ReactNativeJS: [repro] bundle load: calling OfflineManager
09-30 15:35:31.165  1105  1133 I REPRO   : OfflineModule.initialize() on mqt_v_js: posting runMigrations to the main looper
09-30 15:35:31.166  1105  1133 I ReactNativeJS: Running "MapLibreStartupRepro"
09-30 15:35:31.167  1105  1105 W unknown:BridgelessReact: ReactHost{0}.ReactContext.onHostResume()
09-30 15:35:31.168  1105  1105 W unknown:BridgelessReact: ReactHost{0}.getOrCreateReactInstanceTask(): Executing ReactInstanceEventListeners
09-30 15:35:31.169  1105  1105 D WindowOnBackDispatcher: setTopOnBackInvokedCallback (unwrapped): android.app.Activity$$ExternalSyntheticLambda0@9a26182
09-30 15:35:31.170  1105  1105 D WindowOnBackDispatcher: setTopOnBackInvokedCallback (unwrapped): androidx.activity.OnBackPressedDispatcher$Api34Impl$createOnBackAnimationCallback$1@2e890c9
09-30 15:35:31.170  1105  1137 D WindowOnBackDispatcher: setOnBackInvokedCallbackInfo: android.app.Activity$$ExternalSyntheticLambda0@9a26182
09-30 15:35:31.170  1105  1133 W unknown:ViewManagerPropertyUpdater: Could not find generated setter for class com.th3rdwave.safeareacontext.SafeAreaProviderManager
09-30 15:35:31.170  1105  1137 D WindowOnBackDispatcher: setOnBackInvokedCallbackInfo: androidx.activity.OnBackPressedDispatcher$Api34Impl$createOnBackAnimationCallback$1@2e890c9
09-30 15:35:31.170  1105  1105 D VRI[MainActivity]: WindowInsets changed: 1080x2400 statusBars:[0,136,0,0] navigationBars:[0,0,0,63] mandatorySystemGestures:[0,168,0,84] 
09-30 15:35:31.173  1105  1105 W unknown:ViewManagerPropertyUpdater: Could not find generated setter for class com.facebook.react.uimanager.RootViewManager
09-30 15:35:31.173  1105  1133 W unknown:ViewManagerPropertyUpdater: Could not find generated setter for class com.facebook.react.uimanager.LayoutShadowNode
09-30 15:35:31.174  1105  1133 W unknown:ViewManagerPropertyUpdater: Could not find generated setter for class org.maplibre.reactnative.components.sources.geojsonsource.MLRNGeoJSONSourceManager
09-30 15:35:31.176  1105  1136 I REPRO   : MapViewModule.initialize() on mqt_v_native: posting MapLibre.getInstance to the UI queue
09-30 15:35:31.176  1105  1136 I REPRO   : setTileCountLimit on mqt_v_native
09-30 15:35:31.179  1105  1133 W unknown:ViewManagerPropertyUpdater: Could not find generated setter for class org.maplibre.reactnative.components.annotations.markerview.MLRNMarkerViewManager
09-30 15:35:31.179  1105  1133 W unknown:ViewManagerPropertyUpdater: Could not find generated setter for class org.maplibre.reactnative.components.sources.imagesource.MLRNImageSourceManager
09-30 15:35:31.180  1105  1133 W unknown:ViewManagerPropertyUpdater: Could not find generated setter for class org.maplibre.reactnative.components.sources.tilesources.rastersource.MLRNRasterSourceManager
09-30 15:35:31.180  1105  1105 I Surface : Creating surface for consumer unnamed-1105-0 with slotExpansion=1 for 64 slots
09-30 15:35:31.181  1105  1105 I Surface : Creating surface for consumer VRI[MainActivity]#0(BLAST Consumer)0 with slotExpansion=1 for 64 slots
09-30 15:35:31.181  1105  1133 W unknown:ViewManagerPropertyUpdater: Could not find generated setter for class org.maplibre.reactnative.components.camera.MLRNCameraManager
09-30 15:35:31.181  1105  1133 W unknown:ViewManagerPropertyUpdater: Could not find generated setter for class org.maplibre.reactnative.components.sources.tilesources.vectorsource.MLRNVectorSourceManager
09-30 15:35:31.182  1105  1133 W unknown:ViewManagerPropertyUpdater: Could not find generated setter for class org.maplibre.reactnative.components.mapview.MLRNMapViewManager
09-30 15:35:31.182  1105  1133 W unknown:ViewManagerPropertyUpdater: Could not find generated setter for class org.maplibre.reactnative.components.mapview.MLRNMapViewManager$MapShadowNode
09-30 15:35:31.182  1105  1133 W unknown:ViewManagerPropertyUpdater: Could not find generated setter for class org.maplibre.reactnative.components.layer.MLRNLayerManager
09-30 15:35:31.183  1105  1133 W unknown:ViewManagerPropertyUpdater: Could not find generated setter for class com.th3rdwave.safeareacontext.SafeAreaViewManager
09-30 15:35:31.183  1105  1133 W unknown:ViewManagerPropertyUpdater: Could not find generated setter for class com.th3rdwave.safeareacontext.SafeAreaViewShadowNode
09-30 15:35:31.183  1105  1133 W unknown:ViewManagerPropertyUpdater: Could not find generated setter for class org.maplibre.reactnative.components.mapview.MLRNAndroidTextureMapViewManager
09-30 15:35:31.184  1105  1133 W unknown:ViewManagerPropertyUpdater: Could not find generated setter for class org.maplibre.reactnative.components.sources.tilesources.rasterdemsource.MLRNRasterDEMSourceManager
09-30 15:35:31.184  1105  1133 W unknown:ViewManagerPropertyUpdater: Could not find generated setter for class org.maplibre.reactnative.components.location.MLRNNativeUserLocationManager
09-30 15:35:31.184  1105  1133 W unknown:ViewManagerPropertyUpdater: Could not find generated setter for class org.maplibre.reactnative.components.annotations.pointannotation.MLRNPointAnnotationManager
09-30 15:35:31.184  1105  1133 W unknown:ViewManagerPropertyUpdater: Could not find generated setter for class org.maplibre.reactnative.components.images.MLRNImagesManager
09-30 15:35:31.185  1105  1133 W unknown:ViewManagerPropertyUpdater: Could not find generated setter for class org.maplibre.reactnative.components.annotations.callout.MLRNCalloutManager
09-30 15:35:31.189  1105  1136 D nativeloader: Load /data/app/~~rlxPgxEpR0o-81LW1-kxiw==/com.maplibrestartuprepro-RcNSqsRatKCwhLGSyFKHTA==/base.apk!/lib/arm64-v8a/libmaplibre.so using class loader ns clns-9 (caller=/data/app/~~rlxPgxEpR0o-81LW1-kxiw==/com.maplibrestartuprepro-RcNSqsRatKCwhLGSyFKHTA==/base.apk!classes3.dex): ok
09-30 15:35:31.192  1105  1133 W unknown:ViewManagerPropertyUpdater: Could not find generated setter for class com.facebook.react.views.safeareaview.ReactSafeAreaViewManager
09-30 15:35:31.194  1105  1133 W unknown:ViewManagerPropertyUpdater: Could not find generated setter for class com.facebook.react.views.modal.ReactModalHostManager
09-30 15:35:31.195  1105  1133 W unknown:ViewManagerPropertyUpdater: Could not find generated setter for class com.facebook.react.views.progressbar.ReactProgressBarViewManager
09-30 15:35:31.196  1105  1133 W unknown:ViewManagerPropertyUpdater: Could not find generated setter for class com.facebook.react.views.scroll.ReactHorizontalScrollViewManager
09-30 15:35:31.197  1105  1133 W unknown:ViewManagerPropertyUpdater: Could not find generated setter for class com.facebook.react.views.image.ReactImageManager
09-30 15:35:31.198  1105  1133 W unknown:ViewManagerPropertyUpdater: Could not find generated setter for class com.facebook.react.views.text.ReactTextViewManager
09-30 15:35:31.199  1105  1105 I REPRO   : runMigrations START on main
09-30 15:35:31.199  1105  1105 D AndroidRuntime: Shutting down VM
09-30 15:35:31.200  1105  1133 W unknown:ViewManagerPropertyUpdater: Could not find generated setter for class com.facebook.react.views.scroll.ReactHorizontalScrollContainerViewManager
09-30 15:35:31.200  1105  1105 E AndroidRuntime: FATAL EXCEPTION: main
09-30 15:35:31.200  1105  1105 E AndroidRuntime: Process: com.maplibrestartuprepro, PID: 1105
09-30 15:35:31.200  1105  1105 E AndroidRuntime: org.maplibre.android.exceptions.MapLibreConfigurationException: 
09-30 15:35:31.200  1105  1105 E AndroidRuntime: Using MapView requires calling MapLibre.getInstance(Context context, String apiKey, WellKnownTileServer wellKnownTileServer) before inflating or creating the view.
09-30 15:35:31.200  1105  1105 E AndroidRuntime: 	at org.maplibre.android.MapLibre.validateMapLibre(MapLibre.java:261)
09-30 15:35:31.200  1105  1105 E AndroidRuntime: 	at org.maplibre.android.MapLibre.getTileServerOptions(MapLibre.java:164)
09-30 15:35:31.200  1105  1105 E AndroidRuntime: 	at org.maplibre.android.storage.FileSource.<init>(FileSource.java:348)
09-30 15:35:31.200  1105  1105 E AndroidRuntime: 	at org.maplibre.android.storage.FileSource.getInstance(FileSource.java:95)
09-30 15:35:31.200  1105  1105 E AndroidRuntime: 	at org.maplibre.reactnative.modules.MLRNOfflineModule.activateFileSource(MLRNOfflineModule.kt:684)
09-30 15:35:31.200  1105  1105 E AndroidRuntime: 	at org.maplibre.reactnative.modules.MLRNOfflineModule.runMigrations(MLRNOfflineModule.kt:475)
09-30 15:35:31.200  1105  1105 E AndroidRuntime: 	at org.maplibre.reactnative.modules.MLRNOfflineModule.initialize$lambda$1(MLRNOfflineModule.kt:71)
09-30 15:35:31.200  1105  1105 E AndroidRuntime: 	at org.maplibre.reactnative.modules.MLRNOfflineModule$$ExternalSyntheticLambda2.run(D8$$SyntheticClass:0)
09-30 15:35:31.200  1105  1105 E AndroidRuntime: 	at android.os.Handler.handleCallback(Handler.java:1082)
09-30 15:35:31.200  1105  1105 E AndroidRuntime: 	at android.os.Handler.dispatchMessageImpl(Handler.java:135)
09-30 15:35:31.200  1105  1105 E AndroidRuntime: 	at android.os.Handler.dispatchMessage(Handler.java:126)
09-30 15:35:31.200  1105  1105 E AndroidRuntime: 	at android.os.Looper.loopOnce(Looper.java:295)
09-30 15:35:31.200  1105  1105 E AndroidRuntime: 	at android.os.Looper.loop(Looper.java:398)
09-30 15:35:31.200  1105  1105 E AndroidRuntime: 	at android.app.ActivityThread.main(ActivityThread.java:9569)
09-30 15:35:31.200  1105  1105 E AndroidRuntime: 	at java.lang.reflect.Method.invoke(Native Method)
09-30 15:35:31.200  1105  1105 E AndroidRuntime: 	at com.android.internal.os.RuntimeInit$MethodAndArgsCaller.run(RuntimeInit.java:575)
09-30 15:35:31.200  1105  1105 E AndroidRuntime: 	at com.android.internal.os.ZygoteInit.main(ZygoteInit.java:918)
09-30 15:35:31.200  1105  1136 W unknown:BridgelessReact: ReactHost{0}.handleHostException(message = "
09-30 15:35:31.200  1105  1136 W unknown:BridgelessReact: Using MapView requires calling MapLibre.getInstance(Context context, String apiKey, WellKnownTileServer wellKnownTileServer) before inflating or creating the view.")
09-30 15:35:31.201  1105  1136 I Process : Sending signal. PID: 1105 SIG: 9
