09-30 15:36:05.479  2655  2655 I libprocessgroup: Created cgroup /sys/fs/cgroup/apps/uid_10973
09-30 15:36:05.480  2655  2655 I libprocessgroup: Created cgroup /sys/fs/cgroup/apps/uid_10973/pid_2655
09-30 15:36:05.485  2655  2655 I Zygote  : Process 2655 created for com.maplibrestartuprepro
09-30 15:36:05.486  2655  2655 I brestartuprepro: Using generational CollectorTypeCMC GC.
09-30 15:36:05.490  2655  2655 D nativeloader: Load libframework-connectivity-tiramisu-jni.so using APEX ns com_android_tethering for caller /apex/com.android.tethering/javalib/framework-connectivity-t.jar: ok
09-30 15:36:05.499  2655  2655 D ApplicationLoaders: Returning zygote-cached class loader: /system_ext/framework/androidx.window.extensions.jar
09-30 15:36:05.499  2655  2655 D ApplicationLoaders: Returning zygote-cached class loader: /system_ext/framework/androidx.window.sidecar.jar
09-30 15:36:05.501  2655  2655 D nativeloader: Configuring clns-9 for other apk /data/app/~~FDBZR_0JTV9qGp5OvRT06A==/com.maplibrestartuprepro-KwfZmP_Vu5ovt9Ym9Q69VQ==/base.apk. target_sdk_version=36, uses_libraries=, library_path=/data/app/~~FDBZR_0JTV9qGp5OvRT06A==/com.maplibrestartuprepro-KwfZmP_Vu5ovt9Ym9Q69VQ==/lib/arm64:/data/app/~~FDBZR_0JTV9qGp5OvRT06A==/com.maplibrestartuprepro-KwfZmP_Vu5ovt9Ym9Q69VQ==/base.apk!/lib/arm64-v8a, permitted_path=/data:/mnt/expand:/data/user/0/com.maplibrestartuprepro
09-30 15:36:05.504  2655  2655 D ActivityThread: Set OS env TMPDIR to /data/user/0/com.maplibrestartuprepro/cache
09-30 15:36:05.505  2655  2655 V GraphicsEnvironment: Currently set values for:
09-30 15:36:05.505  2655  2655 V GraphicsEnvironment:   angle_gl_driver_selection_pkgs=[com.android.angle]
09-30 15:36:05.505  2655  2655 V GraphicsEnvironment:   angle_gl_driver_selection_values=[angle]
09-30 15:36:05.505  2655  2655 V GraphicsEnvironment: com.maplibrestartuprepro is not listed in per-application setting
09-30 15:36:05.505  2655  2655 V GraphicsEnvironment: No special selections for ANGLE, returning default driver choice
09-30 15:36:05.505  2655  2655 V GraphicsEnvironment: Neither updatable production driver nor prerelease driver is supported.
09-30 15:36:05.512  2655  2655 W SoLoader: Initializing SoLoader: 0
09-30 15:36:05.512  2655  2655 W SoLoader: Recording new base apk path: /data/app/~~FDBZR_0JTV9qGp5OvRT06A==/com.maplibrestartuprepro-KwfZmP_Vu5ovt9Ym9Q69VQ==/base.apk
09-30 15:36:05.512  2655  2655 W SoLoader: Previously recorded 0 base apk paths.
09-30 15:36:05.513  2655  2655 I SoLoader: Preparing SO source: DirectorySoSource[root = /vendor/lib64 flags = 2]
09-30 15:36:05.513  2655  2655 I SoLoader: Preparing SO source: DirectorySoSource[root = /system/lib64 flags = 2]
09-30 15:36:05.513  2655  2655 I SoLoader: Preparing SO source: DirectApkSoSource[root = [/data/app/~~FDBZR_0JTV9qGp5OvRT06A==/com.maplibrestartuprepro-KwfZmP_Vu5ovt9Ym9Q69VQ==/base.apk!/lib/arm64-v8a]]
09-30 15:36:05.514  2655  2655 I SoLoader: Preparing SO source: ApplicationSoSource[DirectorySoSource[root = /data/app/~~FDBZR_0JTV9qGp5OvRT06A==/com.maplibrestartuprepro-KwfZmP_Vu5ovt9Ym9Q69VQ==/lib/arm64 flags = 0]]
09-30 15:36:05.514  2655  2655 I SoLoader: init finish: 4 SO sources prepared
09-30 15:36:05.514  2655  2655 W SoLoader: SoLoader initialized: 8
09-30 15:36:05.518  2655  2655 D nativeloader: Load /data/app/~~FDBZR_0JTV9qGp5OvRT06A==/com.maplibrestartuprepro-KwfZmP_Vu5ovt9Ym9Q69VQ==/base.apk!/lib/arm64-v8a/libc++_shared.so using class loader ns clns-9 (caller=/data/app/~~FDBZR_0JTV9qGp5OvRT06A==/com.maplibrestartuprepro-KwfZmP_Vu5ovt9Ym9Q69VQ==/base.apk): ok
09-30 15:36:05.521  2655  2655 D nativeloader: Load /data/app/~~FDBZR_0JTV9qGp5OvRT06A==/com.maplibrestartuprepro-KwfZmP_Vu5ovt9Ym9Q69VQ==/base.apk!/lib/arm64-v8a/libjsi.so using class loader ns clns-9 (caller=/data/app/~~FDBZR_0JTV9qGp5OvRT06A==/com.maplibrestartuprepro-KwfZmP_Vu5ovt9Ym9Q69VQ==/base.apk): ok
09-30 15:36:05.523  2655  2655 D nativeloader: Load /data/app/~~FDBZR_0JTV9qGp5OvRT06A==/com.maplibrestartuprepro-KwfZmP_Vu5ovt9Ym9Q69VQ==/base.apk!/lib/arm64-v8a/libfbjni.so using class loader ns clns-9 (caller=/data/app/~~FDBZR_0JTV9qGp5OvRT06A==/com.maplibrestartuprepro-KwfZmP_Vu5ovt9Ym9Q69VQ==/base.apk): ok
09-30 15:36:05.525  2655  2655 D nativeloader: Load /data/app/~~FDBZR_0JTV9qGp5OvRT06A==/com.maplibrestartuprepro-KwfZmP_Vu5ovt9Ym9Q69VQ==/base.apk!/lib/arm64-v8a/libreactnative.so using class loader ns clns-9 (caller=/data/app/~~FDBZR_0JTV9qGp5OvRT06A==/com.maplibrestartuprepro-KwfZmP_Vu5ovt9Ym9Q69VQ==/base.apk): ok
09-30 15:36:05.525  2655  2655 D jni_lib_merge: Entering merged library JNI_OnLoad.
09-30 15:36:05.525  2655  2655 D jni_lib_merge: Preparing 13 pre-merged libs (including stub)
09-30 15:36:05.525  2655  2655 D jni_lib_merge: Preparing to register libfabricjni_so.  onload_func: 0x75acd34b5c
09-30 15:36:05.525  2655  2655 D jni_lib_merge: Preparing to register libreact_devsupportjni_so.  onload_func: 0x75ace0c3d0
09-30 15:36:05.525  2655  2655 D jni_lib_merge: Preparing to register libreact_featureflagsjni_so.  onload_func: 0x75ace2564c
09-30 15:36:05.525  2655  2655 D jni_lib_merge: Preparing to register libreact_newarchdefaults_so.  onload_func: 0x75ace671d8
09-30 15:36:05.525  2655  2655 D jni_lib_merge: Preparing to register libreact_tracingjni_so.  onload_func: 0x75acf4e4cc
09-30 15:36:05.525  2655  2655 D jni_lib_merge: Preparing to register libreactnativeblob_so.  onload_func: 0x75acf53760
09-30 15:36:05.525  2655  2655 D jni_lib_merge: Preparing to register libreactnativejni_so.  onload_func: 0x75acf5f7f4
09-30 15:36:05.525  2655  2655 D jni_lib_merge: Preparing to register libreactnativejni_common_so.  onload_func: 0x75acf62838
09-30 15:36:05.525  2655  2655 D jni_lib_merge: Preparing to register librninstance_so.  onload_func: 0x75acf87f50
09-30 15:36:05.525  2655  2655 D jni_lib_merge: Preparing to register libturbomodulejsijni_so.  onload_func: 0x75ad01df48
09-30 15:36:05.525  2655  2655 D jni_lib_merge: Preparing to register libuimanagerjni_so.  onload_func: 0x75ad02493c
09-30 15:36:05.525  2655  2655 D jni_lib_merge: Preparing to register libyoga_so.  onload_func: 0x75ad02c3b8
09-30 15:36:05.525  2655  2655 D jni_lib_merge: About to register 12 actual methods.
09-30 15:36:05.529  2655  2655 D nativeloader: Load /data/app/~~FDBZR_0JTV9qGp5OvRT06A==/com.maplibrestartuprepro-KwfZmP_Vu5ovt9Ym9Q69VQ==/base.apk!/lib/arm64-v8a/libreact_codegen_safeareacontext.so using class loader ns clns-9 (caller=/data/app/~~FDBZR_0JTV9qGp5OvRT06A==/com.maplibrestartuprepro-KwfZmP_Vu5ovt9Ym9Q69VQ==/base.apk): ok
09-30 15:36:05.530  2655  2655 D nativeloader: Load /data/app/~~FDBZR_0JTV9qGp5OvRT06A==/com.maplibrestartuprepro-KwfZmP_Vu5ovt9Ym9Q69VQ==/base.apk!/lib/arm64-v8a/libappmodules.so using class loader ns clns-9 (caller=/data/app/~~FDBZR_0JTV9qGp5OvRT06A==/com.maplibrestartuprepro-KwfZmP_Vu5ovt9Ym9Q69VQ==/base.apk): ok
09-30 15:36:05.534  2655  2675 I DisplayManager: Choreographer implicitly registered for the refresh rate.
09-30 15:36:05.535  2655  2675 D vulkan  : searching for layers in '/data/app/~~FDBZR_0JTV9qGp5OvRT06A==/com.maplibrestartuprepro-KwfZmP_Vu5ovt9Ym9Q69VQ==/lib/arm64'
09-30 15:36:05.535  2655  2675 D vulkan  : searching for layers in '/data/app/~~FDBZR_0JTV9qGp5OvRT06A==/com.maplibrestartuprepro-KwfZmP_Vu5ovt9Ym9Q69VQ==/base.apk!/lib/arm64-v8a'
09-30 15:36:05.540  2655  2655 D AppCompatDelegate: Checking for metadata for AppLocalesMetadataHolderService : Service not found
09-30 15:36:05.551  2655  2655 D CompatChangeReporter: Compat change id reported: 377864165; UID 10973; state: ENABLED
09-30 15:36:05.558  2655  2655 D nativeloader: Load /data/app/~~FDBZR_0JTV9qGp5OvRT06A==/com.maplibrestartuprepro-KwfZmP_Vu5ovt9Ym9Q69VQ==/base.apk!/lib/arm64-v8a/libhermesvm.so using class loader ns clns-9 (caller=/data/app/~~FDBZR_0JTV9qGp5OvRT06A==/com.maplibrestartuprepro-KwfZmP_Vu5ovt9Ym9Q69VQ==/base.apk): ok
09-30 15:36:05.559  2655  2655 D nativeloader: Load /data/app/~~FDBZR_0JTV9qGp5OvRT06A==/com.maplibrestartuprepro-KwfZmP_Vu5ovt9Ym9Q69VQ==/base.apk!/lib/arm64-v8a/libhermestooling.so using class loader ns clns-9 (caller=/data/app/~~FDBZR_0JTV9qGp5OvRT06A==/com.maplibrestartuprepro-KwfZmP_Vu5ovt9Ym9Q69VQ==/base.apk): ok
09-30 15:36:05.559  2655  2655 D jni_lib_merge: Entering merged library JNI_OnLoad.
09-30 15:36:05.559  2655  2655 D jni_lib_merge: Preparing 4 pre-merged libs (including stub)
09-30 15:36:05.559  2655  2655 D jni_lib_merge: Preparing to register libhermes_executor_so.  onload_func: 0x764f75ceec
09-30 15:36:05.559  2655  2655 D jni_lib_merge: Preparing to register libhermesinstancejni_so.  onload_func: 0x764f76469c
09-30 15:36:05.559  2655  2655 D jni_lib_merge: Preparing to register libjsijniprofiler_so.  onload_func: 0x764f764f44
09-30 15:36:05.559  2655  2655 D jni_lib_merge: About to register 3 actual methods.
09-30 15:36:05.572  2655  2655 W unknown:BridgelessReact: ReactHost{0}.startSurface(surfaceId = 0): Schedule
09-30 15:36:05.572  2655  2655 W unknown:BridgelessReact: ReactHost{0}.attachSurface(surfaceId = 0)
09-30 15:36:05.573  2655  2687 W unknown:BridgelessReact: ReactHost{0}.getOrCreateReactInstanceTask()
09-30 15:36:05.573  2655  2687 W unknown:BridgelessReact: ReactHost{0}.getOrCreateReactInstanceTask(): Start
09-30 15:36:05.573  2655  2687 W unknown:BridgelessReact: ReactHost{0}.getJSBundleLoader()
09-30 15:36:05.573  2655  2687 W unknown:BridgelessReact: ReactHost{0}.getOrCreateReactInstanceTask(): Creating BridgelessReactContext
09-30 15:36:05.573  2655  2687 W unknown:BridgelessReact: ReactHost{0}.getOrCreateReactInstanceTask(): Creating ReactInstance
09-30 15:36:05.577  2655  2655 I ContentCaptureHelper: Setting logging level to OFF
09-30 15:36:05.584  2655  2687 W unknown:BridgelessReact: ReactHost{0}.getOrCreateReactInstanceTask(): Loading JS Bundle
09-30 15:36:05.584  2655  2687 W unknown:BridgelessReact: ReactHost{0}.getOrCreateReactInstanceTask(): DevSupportManager.onNewReactContextCreated()
09-30 15:36:05.584  2655  2687 W unknown:BridgelessReact: ReactHost{0}.startSurface(surfaceId = 0): Execute
09-30 15:36:05.588  2655  2688 I ReactNativeJS: [repro] bundle load: calling OfflineManager
09-30 15:36:05.589  2655  2688 I REPRO   : OfflineModule.initialize() on mqt_v_js: posting runMigrations to the main looper
09-30 15:36:05.589  2655  2688 I ReactNativeJS: Running "MapLibreStartupRepro"
09-30 15:36:05.592  2655  2688 W unknown:ViewManagerPropertyUpdater: Could not find generated setter for class com.th3rdwave.safeareacontext.SafeAreaProviderManager
09-30 15:36:05.593  2655  2689 I REPRO   : MapViewModule.initialize() on mqt_v_native: posting MapLibre.getInstance to the UI queue
09-30 15:36:05.593  2655  2689 I REPRO   : setTileCountLimit on mqt_v_native
09-30 15:36:05.594  2655  2688 W unknown:ViewManagerPropertyUpdater: Could not find generated setter for class com.facebook.react.uimanager.LayoutShadowNode
09-30 15:36:05.594  2655  2688 W unknown:ViewManagerPropertyUpdater: Could not find generated setter for class org.maplibre.reactnative.components.sources.geojsonsource.MLRNGeoJSONSourceManager
09-30 15:36:05.595  2655  2688 W unknown:ViewManagerPropertyUpdater: Could not find generated setter for class org.maplibre.reactnative.components.annotations.markerview.MLRNMarkerViewManager
09-30 15:36:05.595  2655  2688 W unknown:ViewManagerPropertyUpdater: Could not find generated setter for class org.maplibre.reactnative.components.sources.imagesource.MLRNImageSourceManager
09-30 15:36:05.596  2655  2688 W unknown:ViewManagerPropertyUpdater: Could not find generated setter for class org.maplibre.reactnative.components.sources.tilesources.rastersource.MLRNRasterSourceManager
09-30 15:36:05.596  2655  2688 W unknown:ViewManagerPropertyUpdater: Could not find generated setter for class org.maplibre.reactnative.components.camera.MLRNCameraManager
09-30 15:36:05.597  2655  2688 W unknown:ViewManagerPropertyUpdater: Could not find generated setter for class org.maplibre.reactnative.components.sources.tilesources.vectorsource.MLRNVectorSourceManager
09-30 15:36:05.597  2655  2688 W unknown:ViewManagerPropertyUpdater: Could not find generated setter for class org.maplibre.reactnative.components.mapview.MLRNMapViewManager
09-30 15:36:05.598  2655  2688 W unknown:ViewManagerPropertyUpdater: Could not find generated setter for class org.maplibre.reactnative.components.mapview.MLRNMapViewManager$MapShadowNode
09-30 15:36:05.598  2655  2688 W unknown:ViewManagerPropertyUpdater: Could not find generated setter for class org.maplibre.reactnative.components.layer.MLRNLayerManager
09-30 15:36:05.599  2655  2688 W unknown:ViewManagerPropertyUpdater: Could not find generated setter for class com.th3rdwave.safeareacontext.SafeAreaViewManager
09-30 15:36:05.599  2655  2689 D nativeloader: Load /data/app/~~FDBZR_0JTV9qGp5OvRT06A==/com.maplibrestartuprepro-KwfZmP_Vu5ovt9Ym9Q69VQ==/base.apk!/lib/arm64-v8a/libmaplibre.so using class loader ns clns-9 (caller=/data/app/~~FDBZR_0JTV9qGp5OvRT06A==/com.maplibrestartuprepro-KwfZmP_Vu5ovt9Ym9Q69VQ==/base.apk!classes3.dex): ok
09-30 15:36:05.599  2655  2688 W unknown:ViewManagerPropertyUpdater: Could not find generated setter for class com.th3rdwave.safeareacontext.SafeAreaViewShadowNode
09-30 15:36:05.599  2655  2688 W unknown:ViewManagerPropertyUpdater: Could not find generated setter for class org.maplibre.reactnative.components.mapview.MLRNAndroidTextureMapViewManager
09-30 15:36:05.599  2655  2688 W unknown:ViewManagerPropertyUpdater: Could not find generated setter for class org.maplibre.reactnative.components.sources.tilesources.rasterdemsource.MLRNRasterDEMSourceManager
09-30 15:36:05.600  2655  2688 W unknown:ViewManagerPropertyUpdater: Could not find generated setter for class org.maplibre.reactnative.components.location.MLRNNativeUserLocationManager
09-30 15:36:05.600  2655  2688 W unknown:ViewManagerPropertyUpdater: Could not find generated setter for class org.maplibre.reactnative.components.annotations.pointannotation.MLRNPointAnnotationManager
09-30 15:36:05.600  2655  2688 W unknown:ViewManagerPropertyUpdater: Could not find generated setter for class org.maplibre.reactnative.components.images.MLRNImagesManager
09-30 15:36:05.601  2655  2688 W unknown:ViewManagerPropertyUpdater: Could not find generated setter for class org.maplibre.reactnative.components.annotations.callout.MLRNCalloutManager
09-30 15:36:05.604  2655  2689 W unknown:BridgelessReact: ReactHost{0}.handleHostException(message = "
09-30 15:36:05.604  2655  2689 W unknown:BridgelessReact: Using MapView requires calling MapLibre.getInstance(Context context, String apiKey, WellKnownTileServer wellKnownTileServer) before inflating or creating the view.")
09-30 15:36:05.604  2655  2689 E AndroidRuntime: FATAL EXCEPTION: mqt_v_native
09-30 15:36:05.604  2655  2689 E AndroidRuntime: Process: com.maplibrestartuprepro, PID: 2655
09-30 15:36:05.604  2655  2689 E AndroidRuntime: org.maplibre.android.exceptions.MapLibreConfigurationException: 
09-30 15:36:05.604  2655  2689 E AndroidRuntime: Using MapView requires calling MapLibre.getInstance(Context context, String apiKey, WellKnownTileServer wellKnownTileServer) before inflating or creating the view.
09-30 15:36:05.604  2655  2689 E AndroidRuntime: 	at org.maplibre.android.MapLibre.validateMapLibre(MapLibre.java:261)
09-30 15:36:05.604  2655  2689 E AndroidRuntime: 	at org.maplibre.android.MapLibre.getTileServerOptions(MapLibre.java:164)
09-30 15:36:05.604  2655  2689 E AndroidRuntime: 	at org.maplibre.android.storage.FileSource.<init>(FileSource.java:348)
09-30 15:36:05.604  2655  2689 E AndroidRuntime: 	at org.maplibre.android.storage.FileSource.getInstance(FileSource.java:95)
09-30 15:36:05.604  2655  2689 E AndroidRuntime: 	at org.maplibre.android.offline.OfflineManager.<init>(OfflineManager.kt:133)
09-30 15:36:05.604  2655  2689 E AndroidRuntime: 	at org.maplibre.android.offline.OfflineManager.<init>(OfflineManager.kt:0)
09-30 15:36:05.604  2655  2689 E AndroidRuntime: 	at org.maplibre.android.offline.OfflineManager$Companion.getInstance(OfflineManager.kt:653)
09-30 15:36:05.604  2655  2689 E AndroidRuntime: 	at org.maplibre.reactnative.modules.MLRNOfflineModule.setTileCountLimit(MLRNOfflineModule.kt:446)
09-30 15:36:05.604  2655  2689 E AndroidRuntime: 	at com.facebook.jni.NativeRunnable.run(Native Method)
09-30 15:36:05.604  2655  2689 E AndroidRuntime: 	at android.os.Handler.handleCallback(Handler.java:1082)
09-30 15:36:05.604  2655  2689 E AndroidRuntime: 	at android.os.Handler.dispatchMessageImpl(Handler.java:135)
09-30 15:36:05.604  2655  2689 E AndroidRuntime: 	at android.os.Handler.dispatchMessage(Handler.java:126)
09-30 15:36:05.604  2655  2689 E AndroidRuntime: 	at com.facebook.react.bridge.queue.MessageQueueThreadHandler.dispatchMessage(MessageQueueThreadHandler.kt:21)
09-30 15:36:05.604  2655  2689 E AndroidRuntime: 	at android.os.Looper.loopOnce(Looper.java:295)
09-30 15:36:05.604  2655  2689 E AndroidRuntime: 	at android.os.Looper.loop(Looper.java:398)
09-30 15:36:05.604  2655  2689 E AndroidRuntime: 	at com.facebook.react.bridge.queue.MessageQueueThreadImpl$Companion.startNewBackgroundThread$lambda$0(MessageQueueThreadImpl.kt:152)
09-30 15:36:05.604  2655  2689 E AndroidRuntime: 	at com.facebook.react.bridge.queue.MessageQueueThreadImpl$Companion$$ExternalSyntheticLambda0.run(D8$$SyntheticClass:0)
09-30 15:36:05.604  2655  2689 E AndroidRuntime: 	at java.lang.Thread.run(Thread.java:1571)
09-30 15:36:05.609  2655  2688 W unknown:ViewManagerPropertyUpdater: Could not find generated setter for class com.facebook.react.views.safeareaview.ReactSafeAreaViewManager
09-30 15:36:05.610  2655  2688 W unknown:ViewManagerPropertyUpdater: Could not find generated setter for class com.facebook.react.views.modal.ReactModalHostManager
09-30 15:36:05.611  2655  2688 W unknown:ViewManagerPropertyUpdater: Could not find generated setter for class com.facebook.react.views.progressbar.ReactProgressBarViewManager
09-30 15:36:05.611  2655  2688 W unknown:ViewManagerPropertyUpdater: Could not find generated setter for class com.facebook.react.views.scroll.ReactHorizontalScrollViewManager
09-30 15:36:05.613  2655  2688 W unknown:ViewManagerPropertyUpdater: Could not find generated setter for class com.facebook.react.views.image.ReactImageManager
09-30 15:36:05.614  2655  2688 W unknown:ViewManagerPropertyUpdater: Could not find generated setter for class com.facebook.react.views.text.ReactTextViewManager
09-30 15:36:05.615  2655  2688 W unknown:ViewManagerPropertyUpdater: Could not find generated setter for class com.facebook.react.views.scroll.ReactHorizontalScrollContainerViewManager
09-30 15:36:05.615  2655  2688 W unknown:ViewManagerPropertyUpdater: Could not find generated setter for class com.facebook.react.views.unimplementedview.ReactUnimplementedViewManager
09-30 15:36:05.616  2655  2688 W unknown:ViewManagerPropertyUpdater: Could not find generated setter for class com.facebook.react.views.scroll.ReactScrollViewManager
09-30 15:36:05.617  2655  2688 W unknown:ViewManagerPropertyUpdater: Could not find generated setter for class com.facebook.react.views.view.ReactViewManager
09-30 15:36:05.618  2655  2688 W unknown:ViewManagerPropertyUpdater: Could not find generated setter for class com.facebook.react.views.drawer.ReactDrawerLayoutManager
09-30 15:36:05.619  2655  2688 W unknown:ViewManagerPropertyUpdater: Could not find generated setter for class com.facebook.react.views.switchview.ReactSwitchManager
09-30 15:36:05.620  2655  2688 W unknown:ViewManagerPropertyUpdater: Could not find generated setter for class com.facebook.react.views.swiperefresh.SwipeRefreshLayoutManager
09-30 15:36:05.621  2655  2688 W unknown:ViewManagerPropertyUpdater: Could not find generated setter for class com.facebook.react.views.textinput.ReactTextInputManager
09-30 15:36:05.623  2655  2688 W unknown:ViewManagerPropertyUpdater: Could not find generated setter for class com.facebook.react.views.text.SelectableTextViewManager
09-30 15:36:05.623  2655  2655 W unknown:BridgelessReact: ReactHost{0}.onHostResume(activity)
09-30 15:36:05.623  2655  2655 W unknown:BridgelessReact: ReactHost{0}.ReactContext.onHostResume()
09-30 15:36:05.624  2655  2688 W unknown:ViewManagerPropertyUpdater: Could not find generated setter for class com.facebook.react.views.virtual.view.ReactVirtualViewManager
09-30 15:36:05.627  2655  2689 I Process : Sending signal. PID: 2655 SIG: 9
