09-30 15:35:14.945 32616 32616 I libprocessgroup: Created cgroup /sys/fs/cgroup/apps/uid_10970
09-30 15:35:14.946 32616 32616 I libprocessgroup: Created cgroup /sys/fs/cgroup/apps/uid_10970/pid_32616
09-30 15:35:14.952 32616 32616 I Zygote  : Process 32616 created for com.maplibrestartuprepro
09-30 15:35:14.952 32616 32616 I brestartuprepro: Using generational CollectorTypeCMC GC.
09-30 15:35:14.962 32616 32616 D nativeloader: Load libframework-connectivity-tiramisu-jni.so using APEX ns com_android_tethering for caller /apex/com.android.tethering/javalib/framework-connectivity-t.jar: ok
09-30 15:35:14.972 32616 32616 D ApplicationLoaders: Returning zygote-cached class loader: /system_ext/framework/androidx.window.extensions.jar
09-30 15:35:14.972 32616 32616 D ApplicationLoaders: Returning zygote-cached class loader: /system_ext/framework/androidx.window.sidecar.jar
09-30 15:35:14.977 32616 32616 D nativeloader: Configuring clns-9 for other apk /data/app/~~Tl-WxDJytGp3UZg2vr-jbg==/com.maplibrestartuprepro-mAKcbXEjttYE1Rv78dDqwQ==/base.apk. target_sdk_version=36, uses_libraries=, library_path=/data/app/~~Tl-WxDJytGp3UZg2vr-jbg==/com.maplibrestartuprepro-mAKcbXEjttYE1Rv78dDqwQ==/lib/arm64:/data/app/~~Tl-WxDJytGp3UZg2vr-jbg==/com.maplibrestartuprepro-mAKcbXEjttYE1Rv78dDqwQ==/base.apk!/lib/arm64-v8a, permitted_path=/data:/mnt/expand:/data/user/0/com.maplibrestartuprepro
09-30 15:35:14.980 32616 32616 D ActivityThread: Set OS env TMPDIR to /data/user/0/com.maplibrestartuprepro/cache
09-30 15:35:14.981 32616 32616 V GraphicsEnvironment: Currently set values for:
09-30 15:35:14.981 32616 32616 V GraphicsEnvironment:   angle_gl_driver_selection_pkgs=[com.android.angle]
09-30 15:35:14.981 32616 32616 V GraphicsEnvironment:   angle_gl_driver_selection_values=[angle]
09-30 15:35:14.981 32616 32616 V GraphicsEnvironment: com.maplibrestartuprepro is not listed in per-application setting
09-30 15:35:14.981 32616 32616 V GraphicsEnvironment: No special selections for ANGLE, returning default driver choice
09-30 15:35:14.981 32616 32616 V GraphicsEnvironment: Neither updatable production driver nor prerelease driver is supported.
09-30 15:35:14.988 32616 32616 W SoLoader: Initializing SoLoader: 0
09-30 15:35:14.989 32616 32616 W SoLoader: Recording new base apk path: /data/app/~~Tl-WxDJytGp3UZg2vr-jbg==/com.maplibrestartuprepro-mAKcbXEjttYE1Rv78dDqwQ==/base.apk
09-30 15:35:14.989 32616 32616 W SoLoader: Previously recorded 0 base apk paths.
09-30 15:35:14.989 32616 32616 I SoLoader: Preparing SO source: DirectorySoSource[root = /vendor/lib64 flags = 2]
09-30 15:35:14.989 32616 32616 I SoLoader: Preparing SO source: DirectorySoSource[root = /system/lib64 flags = 2]
09-30 15:35:14.989 32616 32616 I SoLoader: Preparing SO source: DirectApkSoSource[root = [/data/app/~~Tl-WxDJytGp3UZg2vr-jbg==/com.maplibrestartuprepro-mAKcbXEjttYE1Rv78dDqwQ==/base.apk!/lib/arm64-v8a]]
09-30 15:35:14.990 32616 32616 I SoLoader: Preparing SO source: ApplicationSoSource[DirectorySoSource[root = /data/app/~~Tl-WxDJytGp3UZg2vr-jbg==/com.maplibrestartuprepro-mAKcbXEjttYE1Rv78dDqwQ==/lib/arm64 flags = 0]]
09-30 15:35:14.990 32616 32616 I SoLoader: init finish: 4 SO sources prepared
09-30 15:35:14.990 32616 32616 W SoLoader: SoLoader initialized: 8
09-30 15:35:14.995 32616 32616 D nativeloader: Load /data/app/~~Tl-WxDJytGp3UZg2vr-jbg==/com.maplibrestartuprepro-mAKcbXEjttYE1Rv78dDqwQ==/base.apk!/lib/arm64-v8a/libc++_shared.so using class loader ns clns-9 (caller=/data/app/~~Tl-WxDJytGp3UZg2vr-jbg==/com.maplibrestartuprepro-mAKcbXEjttYE1Rv78dDqwQ==/base.apk): ok
09-30 15:35:14.997 32616 32616 D nativeloader: Load /data/app/~~Tl-WxDJytGp3UZg2vr-jbg==/com.maplibrestartuprepro-mAKcbXEjttYE1Rv78dDqwQ==/base.apk!/lib/arm64-v8a/libjsi.so using class loader ns clns-9 (caller=/data/app/~~Tl-WxDJytGp3UZg2vr-jbg==/com.maplibrestartuprepro-mAKcbXEjttYE1Rv78dDqwQ==/base.apk): ok
09-30 15:35:14.999 32616 32616 D nativeloader: Load /data/app/~~Tl-WxDJytGp3UZg2vr-jbg==/com.maplibrestartuprepro-mAKcbXEjttYE1Rv78dDqwQ==/base.apk!/lib/arm64-v8a/libfbjni.so using class loader ns clns-9 (caller=/data/app/~~Tl-WxDJytGp3UZg2vr-jbg==/com.maplibrestartuprepro-mAKcbXEjttYE1Rv78dDqwQ==/base.apk): ok
09-30 15:35:15.002 32616 32616 D nativeloader: Load /data/app/~~Tl-WxDJytGp3UZg2vr-jbg==/com.maplibrestartuprepro-mAKcbXEjttYE1Rv78dDqwQ==/base.apk!/lib/arm64-v8a/libreactnative.so using class loader ns clns-9 (caller=/data/app/~~Tl-WxDJytGp3UZg2vr-jbg==/com.maplibrestartuprepro-mAKcbXEjttYE1Rv78dDqwQ==/base.apk): ok
09-30 15:35:15.002 32616 32616 D jni_lib_merge: Entering merged library JNI_OnLoad.
09-30 15:35:15.002 32616 32616 D jni_lib_merge: Preparing 13 pre-merged libs (including stub)
09-30 15:35:15.002 32616 32616 D jni_lib_merge: Preparing to register libfabricjni_so.  onload_func: 0x75adb9cb5c
09-30 15:35:15.002 32616 32616 D jni_lib_merge: Preparing to register libreact_devsupportjni_so.  onload_func: 0x75adc743d0
09-30 15:35:15.002 32616 32616 D jni_lib_merge: Preparing to register libreact_featureflagsjni_so.  onload_func: 0x75adc8d64c
09-30 15:35:15.002 32616 32616 D jni_lib_merge: Preparing to register libreact_newarchdefaults_so.  onload_func: 0x75adccf1d8
09-30 15:35:15.002 32616 32616 D jni_lib_merge: Preparing to register libreact_tracingjni_so.  onload_func: 0x75addb64cc
09-30 15:35:15.002 32616 32616 D jni_lib_merge: Preparing to register libreactnativeblob_so.  onload_func: 0x75addbb760
09-30 15:35:15.002 32616 32616 D jni_lib_merge: Preparing to register libreactnativejni_so.  onload_func: 0x75addc77f4
09-30 15:35:15.002 32616 32616 D jni_lib_merge: Preparing to register libreactnativejni_common_so.  onload_func: 0x75addca838
09-30 15:35:15.002 32616 32616 D jni_lib_merge: Preparing to register librninstance_so.  onload_func: 0x75addeff50
09-30 15:35:15.002 32616 32616 D jni_lib_merge: Preparing to register libturbomodulejsijni_so.  onload_func: 0x75ade85f48
09-30 15:35:15.002 32616 32616 D jni_lib_merge: Preparing to register libuimanagerjni_so.  onload_func: 0x75ade8c93c
09-30 15:35:15.002 32616 32616 D jni_lib_merge: Preparing to register libyoga_so.  onload_func: 0x75ade943b8
09-30 15:35:15.002 32616 32616 D jni_lib_merge: About to register 12 actual methods.
09-30 15:35:15.006 32616 32616 D nativeloader: Load /data/app/~~Tl-WxDJytGp3UZg2vr-jbg==/com.maplibrestartuprepro-mAKcbXEjttYE1Rv78dDqwQ==/base.apk!/lib/arm64-v8a/libreact_codegen_safeareacontext.so using class loader ns clns-9 (caller=/data/app/~~Tl-WxDJytGp3UZg2vr-jbg==/com.maplibrestartuprepro-mAKcbXEjttYE1Rv78dDqwQ==/base.apk): ok
09-30 15:35:15.007 32616 32616 D nativeloader: Load /data/app/~~Tl-WxDJytGp3UZg2vr-jbg==/com.maplibrestartuprepro-mAKcbXEjttYE1Rv78dDqwQ==/base.apk!/lib/arm64-v8a/libappmodules.so using class loader ns clns-9 (caller=/data/app/~~Tl-WxDJytGp3UZg2vr-jbg==/com.maplibrestartuprepro-mAKcbXEjttYE1Rv78dDqwQ==/base.apk): ok
09-30 15:35:15.014 32616 32635 I DisplayManager: Choreographer implicitly registered for the refresh rate.
09-30 15:35:15.015 32616 32635 D vulkan  : searching for layers in '/data/app/~~Tl-WxDJytGp3UZg2vr-jbg==/com.maplibrestartuprepro-mAKcbXEjttYE1Rv78dDqwQ==/lib/arm64'
09-30 15:35:15.015 32616 32635 D vulkan  : searching for layers in '/data/app/~~Tl-WxDJytGp3UZg2vr-jbg==/com.maplibrestartuprepro-mAKcbXEjttYE1Rv78dDqwQ==/base.apk!/lib/arm64-v8a'
09-30 15:35:15.019 32616 32616 D AppCompatDelegate: Checking for metadata for AppLocalesMetadataHolderService : Service not found
09-30 15:35:15.029 32616 32616 D CompatChangeReporter: Compat change id reported: 377864165; UID 10970; state: ENABLED
09-30 15:35:15.035 32616 32616 D nativeloader: Load /data/app/~~Tl-WxDJytGp3UZg2vr-jbg==/com.maplibrestartuprepro-mAKcbXEjttYE1Rv78dDqwQ==/base.apk!/lib/arm64-v8a/libhermesvm.so using class loader ns clns-9 (caller=/data/app/~~Tl-WxDJytGp3UZg2vr-jbg==/com.maplibrestartuprepro-mAKcbXEjttYE1Rv78dDqwQ==/base.apk): ok
09-30 15:35:15.036 32616 32616 D nativeloader: Load /data/app/~~Tl-WxDJytGp3UZg2vr-jbg==/com.maplibrestartuprepro-mAKcbXEjttYE1Rv78dDqwQ==/base.apk!/lib/arm64-v8a/libhermestooling.so using class loader ns clns-9 (caller=/data/app/~~Tl-WxDJytGp3UZg2vr-jbg==/com.maplibrestartuprepro-mAKcbXEjttYE1Rv78dDqwQ==/base.apk): ok
09-30 15:35:15.036 32616 32616 D jni_lib_merge: Entering merged library JNI_OnLoad.
09-30 15:35:15.036 32616 32616 D jni_lib_merge: Preparing 4 pre-merged libs (including stub)
09-30 15:35:15.036 32616 32616 D jni_lib_merge: Preparing to register libhermes_executor_so.  onload_func: 0x764f76beec
09-30 15:35:15.036 32616 32616 D jni_lib_merge: Preparing to register libhermesinstancejni_so.  onload_func: 0x764f77369c
09-30 15:35:15.036 32616 32616 D jni_lib_merge: Preparing to register libjsijniprofiler_so.  onload_func: 0x764f773f44
09-30 15:35:15.036 32616 32616 D jni_lib_merge: About to register 3 actual methods.
09-30 15:35:15.043 32616 32616 W unknown:BridgelessReact: ReactHost{0}.startSurface(surfaceId = 0): Schedule
09-30 15:35:15.043 32616 32616 W unknown:BridgelessReact: ReactHost{0}.attachSurface(surfaceId = 0)
09-30 15:35:15.043 32616 32645 W unknown:BridgelessReact: ReactHost{0}.getOrCreateReactInstanceTask()
09-30 15:35:15.043 32616 32645 W unknown:BridgelessReact: ReactHost{0}.getOrCreateReactInstanceTask(): Start
09-30 15:35:15.043 32616 32645 W unknown:BridgelessReact: ReactHost{0}.getJSBundleLoader()
09-30 15:35:15.044 32616 32645 W unknown:BridgelessReact: ReactHost{0}.getOrCreateReactInstanceTask(): Creating BridgelessReactContext
09-30 15:35:15.045 32616 32645 W unknown:BridgelessReact: ReactHost{0}.getOrCreateReactInstanceTask(): Creating ReactInstance
09-30 15:35:15.048 32616 32616 I ContentCaptureHelper: Setting logging level to OFF
09-30 15:35:15.053 32616 32616 W unknown:BridgelessReact: ReactHost{0}.onHostResume(activity)
09-30 15:35:15.054 32616 32616 W unknown:BridgelessReact: ReactHost{0}.ReactContext.onHostResume()
09-30 15:35:15.054 32616 32645 W unknown:BridgelessReact: ReactHost{0}.getOrCreateReactInstanceTask(): Loading JS Bundle
09-30 15:35:15.056 32616 32645 W unknown:BridgelessReact: ReactHost{0}.getOrCreateReactInstanceTask(): DevSupportManager.onNewReactContextCreated()
09-30 15:35:15.057 32616 32645 W unknown:BridgelessReact: ReactHost{0}.startSurface(surfaceId = 0): Execute
09-30 15:35:15.058 32616 32646 I ReactNativeJS: [repro] bundle load: calling OfflineManager
09-30 15:35:15.059 32616 32646 I REPRO   : OfflineModule.initialize() on mqt_v_js: posting runMigrations to the main looper
09-30 15:35:15.059 32616 32646 I ReactNativeJS: Running "MapLibreStartupRepro"
09-30 15:35:15.062 32616 32646 W unknown:ViewManagerPropertyUpdater: Could not find generated setter for class com.th3rdwave.safeareacontext.SafeAreaProviderManager
09-30 15:35:15.064 32616 32646 W unknown:ViewManagerPropertyUpdater: Could not find generated setter for class com.facebook.react.uimanager.LayoutShadowNode
09-30 15:35:15.065 32616 32646 W unknown:ViewManagerPropertyUpdater: Could not find generated setter for class org.maplibre.reactnative.components.sources.geojsonsource.MLRNGeoJSONSourceManager
09-30 15:35:15.068 32616 32646 W unknown:ViewManagerPropertyUpdater: Could not find generated setter for class org.maplibre.reactnative.components.annotations.markerview.MLRNMarkerViewManager
09-30 15:35:15.069 32616 32646 W unknown:ViewManagerPropertyUpdater: Could not find generated setter for class org.maplibre.reactnative.components.sources.imagesource.MLRNImageSourceManager
09-30 15:35:15.069 32616 32646 W unknown:ViewManagerPropertyUpdater: Could not find generated setter for class org.maplibre.reactnative.components.sources.tilesources.rastersource.MLRNRasterSourceManager
09-30 15:35:15.070 32616 32616 W unknown:BridgelessReact: ReactHost{0}.ReactContext.onHostResume()
09-30 15:35:15.070 32616 32647 I REPRO   : MapViewModule.initialize() on mqt_v_native: posting MapLibre.getInstance to the UI queue
09-30 15:35:15.070 32616 32616 W unknown:BridgelessReact: ReactHost{0}.getOrCreateReactInstanceTask(): Executing ReactInstanceEventListeners
09-30 15:35:15.070 32616 32646 W unknown:ViewManagerPropertyUpdater: Could not find generated setter for class org.maplibre.reactnative.components.camera.MLRNCameraManager
09-30 15:35:15.070 32616 32647 I REPRO   : setTileCountLimit on mqt_v_native
09-30 15:35:15.070 32616 32616 I REPRO   : runMigrations START on main
09-30 15:35:15.070 32616 32646 W unknown:ViewManagerPropertyUpdater: Could not find generated setter for class org.maplibre.reactnative.components.sources.tilesources.vectorsource.MLRNVectorSourceManager
09-30 15:35:15.070 32616 32646 W unknown:ViewManagerPropertyUpdater: Could not find generated setter for class org.maplibre.reactnative.components.mapview.MLRNMapViewManager
09-30 15:35:15.071 32616 32646 W unknown:ViewManagerPropertyUpdater: Could not find generated setter for class org.maplibre.reactnative.components.mapview.MLRNMapViewManager$MapShadowNode
09-30 15:35:15.071 32616 32646 W unknown:ViewManagerPropertyUpdater: Could not find generated setter for class org.maplibre.reactnative.components.layer.MLRNLayerManager
09-30 15:35:15.072 32616 32646 W unknown:ViewManagerPropertyUpdater: Could not find generated setter for class com.th3rdwave.safeareacontext.SafeAreaViewManager
09-30 15:35:15.072 32616 32646 W unknown:ViewManagerPropertyUpdater: Could not find generated setter for class com.th3rdwave.safeareacontext.SafeAreaViewShadowNode
09-30 15:35:15.072 32616 32646 W unknown:ViewManagerPropertyUpdater: Could not find generated setter for class org.maplibre.reactnative.components.mapview.MLRNAndroidTextureMapViewManager
09-30 15:35:15.073 32616 32646 W unknown:ViewManagerPropertyUpdater: Could not find generated setter for class org.maplibre.reactnative.components.sources.tilesources.rasterdemsource.MLRNRasterDEMSourceManager
09-30 15:35:15.073 32616 32646 W unknown:ViewManagerPropertyUpdater: Could not find generated setter for class org.maplibre.reactnative.components.location.MLRNNativeUserLocationManager
09-30 15:35:15.073 32616 32646 W unknown:ViewManagerPropertyUpdater: Could not find generated setter for class org.maplibre.reactnative.components.annotations.pointannotation.MLRNPointAnnotationManager
09-30 15:35:15.073 32616 32646 W unknown:ViewManagerPropertyUpdater: Could not find generated setter for class org.maplibre.reactnative.components.images.MLRNImagesManager
09-30 15:35:15.074 32616 32646 W unknown:ViewManagerPropertyUpdater: Could not find generated setter for class org.maplibre.reactnative.components.annotations.callout.MLRNCalloutManager
09-30 15:35:15.075 32616 32647 D nativeloader: Load /data/app/~~Tl-WxDJytGp3UZg2vr-jbg==/com.maplibrestartuprepro-mAKcbXEjttYE1Rv78dDqwQ==/base.apk!/lib/arm64-v8a/libmaplibre.so using class loader ns clns-9 (caller=/data/app/~~Tl-WxDJytGp3UZg2vr-jbg==/com.maplibrestartuprepro-mAKcbXEjttYE1Rv78dDqwQ==/base.apk!classes3.dex): ok
09-30 15:35:15.076 32616 32616 D AndroidRuntime: Shutting down VM
09-30 15:35:15.076 32616 32616 E AndroidRuntime: FATAL EXCEPTION: main
09-30 15:35:15.076 32616 32616 E AndroidRuntime: Process: com.maplibrestartuprepro, PID: 32616
09-30 15:35:15.076 32616 32616 E AndroidRuntime: org.maplibre.android.exceptions.MapLibreConfigurationException: 
09-30 15:35:15.076 32616 32616 E AndroidRuntime: Using MapView requires calling MapLibre.getInstance(Context context, String apiKey, WellKnownTileServer wellKnownTileServer) before inflating or creating the view.
09-30 15:35:15.076 32616 32616 E AndroidRuntime: 	at org.maplibre.android.MapLibre.validateMapLibre(MapLibre.java:261)
09-30 15:35:15.076 32616 32616 E AndroidRuntime: 	at org.maplibre.android.MapLibre.getTileServerOptions(MapLibre.java:164)
09-30 15:35:15.076 32616 32616 E AndroidRuntime: 	at org.maplibre.android.storage.FileSource.<init>(FileSource.java:348)
09-30 15:35:15.076 32616 32616 E AndroidRuntime: 	at org.maplibre.android.storage.FileSource.getInstance(FileSource.java:95)
09-30 15:35:15.076 32616 32616 E AndroidRuntime: 	at org.maplibre.reactnative.modules.MLRNOfflineModule.activateFileSource(MLRNOfflineModule.kt:684)
09-30 15:35:15.076 32616 32616 E AndroidRuntime: 	at org.maplibre.reactnative.modules.MLRNOfflineModule.runMigrations(MLRNOfflineModule.kt:475)
09-30 15:35:15.076 32616 32616 E AndroidRuntime: 	at org.maplibre.reactnative.modules.MLRNOfflineModule.initialize$lambda$1(MLRNOfflineModule.kt:71)
09-30 15:35:15.076 32616 32616 E AndroidRuntime: 	at org.maplibre.reactnative.modules.MLRNOfflineModule$$ExternalSyntheticLambda2.run(D8$$SyntheticClass:0)
09-30 15:35:15.076 32616 32616 E AndroidRuntime: 	at android.os.Handler.handleCallback(Handler.java:1082)
09-30 15:35:15.076 32616 32616 E AndroidRuntime: 	at android.os.Handler.dispatchMessageImpl(Handler.java:135)
09-30 15:35:15.076 32616 32616 E AndroidRuntime: 	at android.os.Handler.dispatchMessage(Handler.java:126)
09-30 15:35:15.076 32616 32616 E AndroidRuntime: 	at android.os.Looper.loopOnce(Looper.java:295)
09-30 15:35:15.076 32616 32616 E AndroidRuntime: 	at android.os.Looper.loop(Looper.java:398)
09-30 15:35:15.076 32616 32616 E AndroidRuntime: 	at android.app.ActivityThread.main(ActivityThread.java:9569)
09-30 15:35:15.076 32616 32616 E AndroidRuntime: 	at java.lang.reflect.Method.invoke(Native Method)
09-30 15:35:15.076 32616 32616 E AndroidRuntime: 	at com.android.internal.os.RuntimeInit$MethodAndArgsCaller.run(RuntimeInit.java:575)
09-30 15:35:15.076 32616 32616 E AndroidRuntime: 	at com.android.internal.os.ZygoteInit.main(ZygoteInit.java:918)
09-30 15:35:15.082 32616 32646 W unknown:ViewManagerPropertyUpdater: Could not find generated setter for class com.facebook.react.views.safeareaview.ReactSafeAreaViewManager
09-30 15:35:15.082 32616 32647 W unknown:BridgelessReact: ReactHost{0}.handleHostException(message = "
09-30 15:35:15.082 32616 32647 W unknown:BridgelessReact: Using MapView requires calling MapLibre.getInstance(Context context, String apiKey, WellKnownTileServer wellKnownTileServer) before inflating or creating the view.")
09-30 15:35:15.082 32616 32647 I Process : Sending signal. PID: 32616 SIG: 9
