09-30 15:35:07.249 32292 32292 I libprocessgroup: Created cgroup /sys/fs/cgroup/apps/uid_10969
09-30 15:35:07.250 32292 32292 I libprocessgroup: Created cgroup /sys/fs/cgroup/apps/uid_10969/pid_32292
09-30 15:35:07.256 32292 32292 I Zygote  : Process 32292 created for com.maplibrestartuprepro
09-30 15:35:07.256 32292 32292 I brestartuprepro: Using generational CollectorTypeCMC GC.
09-30 15:35:07.261 32292 32292 D nativeloader: Load libframework-connectivity-tiramisu-jni.so using APEX ns com_android_tethering for caller /apex/com.android.tethering/javalib/framework-connectivity-t.jar: ok
09-30 15:35:07.271 32292 32292 D ApplicationLoaders: Returning zygote-cached class loader: /system_ext/framework/androidx.window.extensions.jar
09-30 15:35:07.271 32292 32292 D ApplicationLoaders: Returning zygote-cached class loader: /system_ext/framework/androidx.window.sidecar.jar
09-30 15:35:07.273 32292 32292 D nativeloader: Configuring clns-9 for other apk /data/app/~~qFcmLSbDxdAdMo2RKiSMng==/com.maplibrestartuprepro-Qz6tlrzCd6GPgq7eKl6L7Q==/base.apk. target_sdk_version=36, uses_libraries=, library_path=/data/app/~~qFcmLSbDxdAdMo2RKiSMng==/com.maplibrestartuprepro-Qz6tlrzCd6GPgq7eKl6L7Q==/lib/arm64:/data/app/~~qFcmLSbDxdAdMo2RKiSMng==/com.maplibrestartuprepro-Qz6tlrzCd6GPgq7eKl6L7Q==/base.apk!/lib/arm64-v8a, permitted_path=/data:/mnt/expand:/data/user/0/com.maplibrestartuprepro
09-30 15:35:07.276 32292 32292 D ActivityThread: Set OS env TMPDIR to /data/user/0/com.maplibrestartuprepro/cache
09-30 15:35:07.276 32292 32292 V GraphicsEnvironment: Currently set values for:
09-30 15:35:07.276 32292 32292 V GraphicsEnvironment:   angle_gl_driver_selection_pkgs=[com.android.angle]
09-30 15:35:07.276 32292 32292 V GraphicsEnvironment:   angle_gl_driver_selection_values=[angle]
09-30 15:35:07.276 32292 32292 V GraphicsEnvironment: com.maplibrestartuprepro is not listed in per-application setting
09-30 15:35:07.276 32292 32292 V GraphicsEnvironment: No special selections for ANGLE, returning default driver choice
09-30 15:35:07.277 32292 32292 V GraphicsEnvironment: Neither updatable production driver nor prerelease driver is supported.
09-30 15:35:07.284 32292 32292 W SoLoader: Initializing SoLoader: 0
09-30 15:35:07.285 32292 32292 W SoLoader: Recording new base apk path: /data/app/~~qFcmLSbDxdAdMo2RKiSMng==/com.maplibrestartuprepro-Qz6tlrzCd6GPgq7eKl6L7Q==/base.apk
09-30 15:35:07.285 32292 32292 W SoLoader: Previously recorded 0 base apk paths.
09-30 15:35:07.285 32292 32292 I SoLoader: Preparing SO source: DirectorySoSource[root = /vendor/lib64 flags = 2]
09-30 15:35:07.285 32292 32292 I SoLoader: Preparing SO source: DirectorySoSource[root = /system/lib64 flags = 2]
09-30 15:35:07.285 32292 32292 I SoLoader: Preparing SO source: DirectApkSoSource[root = [/data/app/~~qFcmLSbDxdAdMo2RKiSMng==/com.maplibrestartuprepro-Qz6tlrzCd6GPgq7eKl6L7Q==/base.apk!/lib/arm64-v8a]]
09-30 15:35:07.286 32292 32292 I SoLoader: Preparing SO source: ApplicationSoSource[DirectorySoSource[root = /data/app/~~qFcmLSbDxdAdMo2RKiSMng==/com.maplibrestartuprepro-Qz6tlrzCd6GPgq7eKl6L7Q==/lib/arm64 flags = 0]]
09-30 15:35:07.286 32292 32292 I SoLoader: init finish: 4 SO sources prepared
09-30 15:35:07.286 32292 32292 W SoLoader: SoLoader initialized: 8
09-30 15:35:07.291 32292 32292 D nativeloader: Load /data/app/~~qFcmLSbDxdAdMo2RKiSMng==/com.maplibrestartuprepro-Qz6tlrzCd6GPgq7eKl6L7Q==/base.apk!/lib/arm64-v8a/libc++_shared.so using class loader ns clns-9 (caller=/data/app/~~qFcmLSbDxdAdMo2RKiSMng==/com.maplibrestartuprepro-Qz6tlrzCd6GPgq7eKl6L7Q==/base.apk): ok
09-30 15:35:07.293 32292 32292 D nativeloader: Load /data/app/~~qFcmLSbDxdAdMo2RKiSMng==/com.maplibrestartuprepro-Qz6tlrzCd6GPgq7eKl6L7Q==/base.apk!/lib/arm64-v8a/libjsi.so using class loader ns clns-9 (caller=/data/app/~~qFcmLSbDxdAdMo2RKiSMng==/com.maplibrestartuprepro-Qz6tlrzCd6GPgq7eKl6L7Q==/base.apk): ok
09-30 15:35:07.295 32292 32292 D nativeloader: Load /data/app/~~qFcmLSbDxdAdMo2RKiSMng==/com.maplibrestartuprepro-Qz6tlrzCd6GPgq7eKl6L7Q==/base.apk!/lib/arm64-v8a/libfbjni.so using class loader ns clns-9 (caller=/data/app/~~qFcmLSbDxdAdMo2RKiSMng==/com.maplibrestartuprepro-Qz6tlrzCd6GPgq7eKl6L7Q==/base.apk): ok
09-30 15:35:07.297 32292 32292 D nativeloader: Load /data/app/~~qFcmLSbDxdAdMo2RKiSMng==/com.maplibrestartuprepro-Qz6tlrzCd6GPgq7eKl6L7Q==/base.apk!/lib/arm64-v8a/libreactnative.so using class loader ns clns-9 (caller=/data/app/~~qFcmLSbDxdAdMo2RKiSMng==/com.maplibrestartuprepro-Qz6tlrzCd6GPgq7eKl6L7Q==/base.apk): ok
09-30 15:35:07.297 32292 32292 D jni_lib_merge: Entering merged library JNI_OnLoad.
09-30 15:35:07.297 32292 32292 D jni_lib_merge: Preparing 13 pre-merged libs (including stub)
09-30 15:35:07.297 32292 32292 D jni_lib_merge: Preparing to register libfabricjni_so.  onload_func: 0x75adf38b5c
09-30 15:35:07.297 32292 32292 D jni_lib_merge: Preparing to register libreact_devsupportjni_so.  onload_func: 0x75ae0103d0
09-30 15:35:07.297 32292 32292 D jni_lib_merge: Preparing to register libreact_featureflagsjni_so.  onload_func: 0x75ae02964c
09-30 15:35:07.297 32292 32292 D jni_lib_merge: Preparing to register libreact_newarchdefaults_so.  onload_func: 0x75ae06b1d8
09-30 15:35:07.297 32292 32292 D jni_lib_merge: Preparing to register libreact_tracingjni_so.  onload_func: 0x75ae1524cc
09-30 15:35:07.297 32292 32292 D jni_lib_merge: Preparing to register libreactnativeblob_so.  onload_func: 0x75ae157760
09-30 15:35:07.297 32292 32292 D jni_lib_merge: Preparing to register libreactnativejni_so.  onload_func: 0x75ae1637f4
09-30 15:35:07.297 32292 32292 D jni_lib_merge: Preparing to register libreactnativejni_common_so.  onload_func: 0x75ae166838
09-30 15:35:07.297 32292 32292 D jni_lib_merge: Preparing to register librninstance_so.  onload_func: 0x75ae18bf50
09-30 15:35:07.297 32292 32292 D jni_lib_merge: Preparing to register libturbomodulejsijni_so.  onload_func: 0x75ae221f48
09-30 15:35:07.297 32292 32292 D jni_lib_merge: Preparing to register libuimanagerjni_so.  onload_func: 0x75ae22893c
09-30 15:35:07.297 32292 32292 D jni_lib_merge: Preparing to register libyoga_so.  onload_func: 0x75ae2303b8
09-30 15:35:07.297 32292 32292 D jni_lib_merge: About to register 12 actual methods.
09-30 15:35:07.301 32292 32292 D nativeloader: Load /data/app/~~qFcmLSbDxdAdMo2RKiSMng==/com.maplibrestartuprepro-Qz6tlrzCd6GPgq7eKl6L7Q==/base.apk!/lib/arm64-v8a/libreact_codegen_safeareacontext.so using class loader ns clns-9 (caller=/data/app/~~qFcmLSbDxdAdMo2RKiSMng==/com.maplibrestartuprepro-Qz6tlrzCd6GPgq7eKl6L7Q==/base.apk): ok
09-30 15:35:07.302 32292 32292 D nativeloader: Load /data/app/~~qFcmLSbDxdAdMo2RKiSMng==/com.maplibrestartuprepro-Qz6tlrzCd6GPgq7eKl6L7Q==/base.apk!/lib/arm64-v8a/libappmodules.so using class loader ns clns-9 (caller=/data/app/~~qFcmLSbDxdAdMo2RKiSMng==/com.maplibrestartuprepro-Qz6tlrzCd6GPgq7eKl6L7Q==/base.apk): ok
09-30 15:35:07.306 32292 32306 I DisplayManager: Choreographer implicitly registered for the refresh rate.
09-30 15:35:07.307 32292 32306 D vulkan  : searching for layers in '/data/app/~~qFcmLSbDxdAdMo2RKiSMng==/com.maplibrestartuprepro-Qz6tlrzCd6GPgq7eKl6L7Q==/lib/arm64'
09-30 15:35:07.307 32292 32306 D vulkan  : searching for layers in '/data/app/~~qFcmLSbDxdAdMo2RKiSMng==/com.maplibrestartuprepro-Qz6tlrzCd6GPgq7eKl6L7Q==/base.apk!/lib/arm64-v8a'
09-30 15:35:07.312 32292 32292 D AppCompatDelegate: Checking for metadata for AppLocalesMetadataHolderService : Service not found
09-30 15:35:07.322 32292 32292 D CompatChangeReporter: Compat change id reported: 377864165; UID 10969; state: ENABLED
09-30 15:35:07.329 32292 32292 D nativeloader: Load /data/app/~~qFcmLSbDxdAdMo2RKiSMng==/com.maplibrestartuprepro-Qz6tlrzCd6GPgq7eKl6L7Q==/base.apk!/lib/arm64-v8a/libhermesvm.so using class loader ns clns-9 (caller=/data/app/~~qFcmLSbDxdAdMo2RKiSMng==/com.maplibrestartuprepro-Qz6tlrzCd6GPgq7eKl6L7Q==/base.apk): ok
09-30 15:35:07.330 32292 32292 D nativeloader: Load /data/app/~~qFcmLSbDxdAdMo2RKiSMng==/com.maplibrestartuprepro-Qz6tlrzCd6GPgq7eKl6L7Q==/base.apk!/lib/arm64-v8a/libhermestooling.so using class loader ns clns-9 (caller=/data/app/~~qFcmLSbDxdAdMo2RKiSMng==/com.maplibrestartuprepro-Qz6tlrzCd6GPgq7eKl6L7Q==/base.apk): ok
09-30 15:35:07.330 32292 32292 D jni_lib_merge: Entering merged library JNI_OnLoad.
09-30 15:35:07.330 32292 32292 D jni_lib_merge: Preparing 4 pre-merged libs (including stub)
09-30 15:35:07.330 32292 32292 D jni_lib_merge: Preparing to register libhermes_executor_so.  onload_func: 0x764f76aeec
09-30 15:35:07.330 32292 32292 D jni_lib_merge: Preparing to register libhermesinstancejni_so.  onload_func: 0x764f77269c
09-30 15:35:07.330 32292 32292 D jni_lib_merge: Preparing to register libjsijniprofiler_so.  onload_func: 0x764f772f44
09-30 15:35:07.330 32292 32292 D jni_lib_merge: About to register 3 actual methods.
09-30 15:35:07.336 32292 32292 W unknown:BridgelessReact: ReactHost{0}.startSurface(surfaceId = 0): Schedule
09-30 15:35:07.336 32292 32292 W unknown:BridgelessReact: ReactHost{0}.attachSurface(surfaceId = 0)
09-30 15:35:07.336 32292 32316 W unknown:BridgelessReact: ReactHost{0}.getOrCreateReactInstanceTask()
09-30 15:35:07.337 32292 32316 W unknown:BridgelessReact: ReactHost{0}.getOrCreateReactInstanceTask(): Start
09-30 15:35:07.337 32292 32316 W unknown:BridgelessReact: ReactHost{0}.getJSBundleLoader()
09-30 15:35:07.337 32292 32316 W unknown:BridgelessReact: ReactHost{0}.getOrCreateReactInstanceTask(): Creating BridgelessReactContext
09-30 15:35:07.337 32292 32316 W unknown:BridgelessReact: ReactHost{0}.getOrCreateReactInstanceTask(): Creating ReactInstance
09-30 15:35:07.340 32292 32292 I ContentCaptureHelper: Setting logging level to OFF
09-30 15:35:07.347 32292 32316 W unknown:BridgelessReact: ReactHost{0}.getOrCreateReactInstanceTask(): Loading JS Bundle
09-30 15:35:07.347 32292 32316 W unknown:BridgelessReact: ReactHost{0}.getOrCreateReactInstanceTask(): DevSupportManager.onNewReactContextCreated()
09-30 15:35:07.347 32292 32316 W unknown:BridgelessReact: ReactHost{0}.startSurface(surfaceId = 0): Execute
09-30 15:35:07.351 32292 32317 I ReactNativeJS: [repro] bundle load: calling OfflineManager
09-30 15:35:07.351 32292 32317 I REPRO   : OfflineModule.initialize() on mqt_v_js: posting runMigrations to the main looper
09-30 15:35:07.352 32292 32317 I ReactNativeJS: Running "MapLibreStartupRepro"
09-30 15:35:07.354 32292 32292 W unknown:BridgelessReact: ReactHost{0}.onHostResume(activity)
09-30 15:35:07.354 32292 32292 W unknown:BridgelessReact: ReactHost{0}.ReactContext.onHostResume()
09-30 15:35:07.354 32292 32317 W unknown:ViewManagerPropertyUpdater: Could not find generated setter for class com.th3rdwave.safeareacontext.SafeAreaProviderManager
09-30 15:35:07.356 32292 32317 W unknown:ViewManagerPropertyUpdater: Could not find generated setter for class com.facebook.react.uimanager.LayoutShadowNode
09-30 15:35:07.356 32292 32317 W unknown:ViewManagerPropertyUpdater: Could not find generated setter for class org.maplibre.reactnative.components.sources.geojsonsource.MLRNGeoJSONSourceManager
09-30 15:35:07.357 32292 32318 I REPRO   : MapViewModule.initialize() on mqt_v_native: posting MapLibre.getInstance to the UI queue
09-30 15:35:07.357 32292 32318 I REPRO   : setTileCountLimit on mqt_v_native
09-30 15:35:07.357 32292 32317 W unknown:ViewManagerPropertyUpdater: Could not find generated setter for class org.maplibre.reactnative.components.annotations.markerview.MLRNMarkerViewManager
09-30 15:35:07.357 32292 32317 W unknown:ViewManagerPropertyUpdater: Could not find generated setter for class org.maplibre.reactnative.components.sources.imagesource.MLRNImageSourceManager
09-30 15:35:07.357 32292 32317 W unknown:ViewManagerPropertyUpdater: Could not find generated setter for class org.maplibre.reactnative.components.sources.tilesources.rastersource.MLRNRasterSourceManager
09-30 15:35:07.358 32292 32317 W unknown:ViewManagerPropertyUpdater: Could not find generated setter for class org.maplibre.reactnative.components.camera.MLRNCameraManager
09-30 15:35:07.358 32292 32317 W unknown:ViewManagerPropertyUpdater: Could not find generated setter for class org.maplibre.reactnative.components.sources.tilesources.vectorsource.MLRNVectorSourceManager
09-30 15:35:07.359 32292 32317 W unknown:ViewManagerPropertyUpdater: Could not find generated setter for class org.maplibre.reactnative.components.mapview.MLRNMapViewManager
09-30 15:35:07.359 32292 32317 W unknown:ViewManagerPropertyUpdater: Could not find generated setter for class org.maplibre.reactnative.components.mapview.MLRNMapViewManager$MapShadowNode
09-30 15:35:07.359 32292 32317 W unknown:ViewManagerPropertyUpdater: Could not find generated setter for class org.maplibre.reactnative.components.layer.MLRNLayerManager
09-30 15:35:07.360 32292 32317 W unknown:ViewManagerPropertyUpdater: Could not find generated setter for class com.th3rdwave.safeareacontext.SafeAreaViewManager
09-30 15:35:07.362 32292 32317 W unknown:ViewManagerPropertyUpdater: Could not find generated setter for class com.th3rdwave.safeareacontext.SafeAreaViewShadowNode
09-30 15:35:07.362 32292 32317 W unknown:ViewManagerPropertyUpdater: Could not find generated setter for class org.maplibre.reactnative.components.mapview.MLRNAndroidTextureMapViewManager
09-30 15:35:07.362 32292 32317 W unknown:ViewManagerPropertyUpdater: Could not find generated setter for class org.maplibre.reactnative.components.sources.tilesources.rasterdemsource.MLRNRasterDEMSourceManager
09-30 15:35:07.362 32292 32317 W unknown:ViewManagerPropertyUpdater: Could not find generated setter for class org.maplibre.reactnative.components.location.MLRNNativeUserLocationManager
09-30 15:35:07.363 32292 32317 W unknown:ViewManagerPropertyUpdater: Could not find generated setter for class org.maplibre.reactnative.components.annotations.pointannotation.MLRNPointAnnotationManager
09-30 15:35:07.363 32292 32317 W unknown:ViewManagerPropertyUpdater: Could not find generated setter for class org.maplibre.reactnative.components.images.MLRNImagesManager
09-30 15:35:07.363 32292 32317 W unknown:ViewManagerPropertyUpdater: Could not find generated setter for class org.maplibre.reactnative.components.annotations.callout.MLRNCalloutManager
09-30 15:35:07.365 32292 32318 D nativeloader: Load /data/app/~~qFcmLSbDxdAdMo2RKiSMng==/com.maplibrestartuprepro-Qz6tlrzCd6GPgq7eKl6L7Q==/base.apk!/lib/arm64-v8a/libmaplibre.so using class loader ns clns-9 (caller=/data/app/~~qFcmLSbDxdAdMo2RKiSMng==/com.maplibrestartuprepro-Qz6tlrzCd6GPgq7eKl6L7Q==/base.apk!classes3.dex): ok
09-30 15:35:07.371 32292 32317 W unknown:ViewManagerPropertyUpdater: Could not find generated setter for class com.facebook.react.views.safeareaview.ReactSafeAreaViewManager
09-30 15:35:07.373 32292 32317 W unknown:ViewManagerPropertyUpdater: Could not find generated setter for class com.facebook.react.views.modal.ReactModalHostManager
09-30 15:35:07.374 32292 32317 W unknown:ViewManagerPropertyUpdater: Could not find generated setter for class com.facebook.react.views.progressbar.ReactProgressBarViewManager
09-30 15:35:07.375 32292 32292 W unknown:BridgelessReact: ReactHost{0}.ReactContext.onHostResume()
09-30 15:35:07.375 32292 32292 W unknown:BridgelessReact: ReactHost{0}.getOrCreateReactInstanceTask(): Executing ReactInstanceEventListeners
09-30 15:35:07.375 32292 32292 I REPRO   : runMigrations START on main
09-30 15:35:07.375 32292 32317 W unknown:ViewManagerPropertyUpdater: Could not find generated setter for class com.facebook.react.views.scroll.ReactHorizontalScrollViewManager
09-30 15:35:07.376 32292 32317 W unknown:ViewManagerPropertyUpdater: Could not find generated setter for class com.facebook.react.views.image.ReactImageManager
09-30 15:35:07.377 32292 32317 W unknown:ViewManagerPropertyUpdater: Could not find generated setter for class com.facebook.react.views.text.ReactTextViewManager
09-30 15:35:07.378 32292 32317 W unknown:ViewManagerPropertyUpdater: Could not find generated setter for class com.facebook.react.views.scroll.ReactHorizontalScrollContainerViewManager
09-30 15:35:07.379 32292 32317 W unknown:ViewManagerPropertyUpdater: Could not find generated setter for class com.facebook.react.views.unimplementedview.ReactUnimplementedViewManager
09-30 15:35:07.380 32292 32317 W unknown:ViewManagerPropertyUpdater: Could not find generated setter for class com.facebook.react.views.scroll.ReactScrollViewManager
09-30 15:35:07.381 32292 32292 D AndroidRuntime: Shutting down VM
09-30 15:35:07.381 32292 32292 E AndroidRuntime: FATAL EXCEPTION: main
09-30 15:35:07.381 32292 32292 E AndroidRuntime: Process: com.maplibrestartuprepro, PID: 32292
09-30 15:35:07.381 32292 32292 E AndroidRuntime: org.maplibre.android.exceptions.MapLibreConfigurationException: 
09-30 15:35:07.381 32292 32292 E AndroidRuntime: Using MapView requires calling MapLibre.getInstance(Context context, String apiKey, WellKnownTileServer wellKnownTileServer) before inflating or creating the view.
09-30 15:35:07.381 32292 32292 E AndroidRuntime: 	at org.maplibre.android.MapLibre.validateMapLibre(MapLibre.java:261)
09-30 15:35:07.381 32292 32292 E AndroidRuntime: 	at org.maplibre.android.MapLibre.getTileServerOptions(MapLibre.java:164)
09-30 15:35:07.381 32292 32292 E AndroidRuntime: 	at org.maplibre.android.storage.FileSource.<init>(FileSource.java:348)
09-30 15:35:07.381 32292 32292 E AndroidRuntime: 	at org.maplibre.android.storage.FileSource.getInstance(FileSource.java:95)
09-30 15:35:07.381 32292 32292 E AndroidRuntime: 	at org.maplibre.reactnative.modules.MLRNOfflineModule.activateFileSource(MLRNOfflineModule.kt:684)
09-30 15:35:07.381 32292 32292 E AndroidRuntime: 	at org.maplibre.reactnative.modules.MLRNOfflineModule.runMigrations(MLRNOfflineModule.kt:475)
09-30 15:35:07.381 32292 32292 E AndroidRuntime: 	at org.maplibre.reactnative.modules.MLRNOfflineModule.initialize$lambda$1(MLRNOfflineModule.kt:71)
09-30 15:35:07.381 32292 32292 E AndroidRuntime: 	at org.maplibre.reactnative.modules.MLRNOfflineModule$$ExternalSyntheticLambda2.run(D8$$SyntheticClass:0)
09-30 15:35:07.381 32292 32292 E AndroidRuntime: 	at android.os.Handler.handleCallback(Handler.java:1082)
09-30 15:35:07.381 32292 32292 E AndroidRuntime: 	at android.os.Handler.dispatchMessageImpl(Handler.java:135)
09-30 15:35:07.381 32292 32292 E AndroidRuntime: 	at android.os.Handler.dispatchMessage(Handler.java:126)
09-30 15:35:07.381 32292 32292 E AndroidRuntime: 	at android.os.Looper.loopOnce(Looper.java:295)
09-30 15:35:07.381 32292 32292 E AndroidRuntime: 	at android.os.Looper.loop(Looper.java:398)
09-30 15:35:07.381 32292 32292 E AndroidRuntime: 	at android.app.ActivityThread.main(ActivityThread.java:9569)
09-30 15:35:07.381 32292 32292 E AndroidRuntime: 	at java.lang.reflect.Method.invoke(Native Method)
09-30 15:35:07.381 32292 32292 E AndroidRuntime: 	at com.android.internal.os.RuntimeInit$MethodAndArgsCaller.run(RuntimeInit.java:575)
09-30 15:35:07.381 32292 32292 E AndroidRuntime: 	at com.android.internal.os.ZygoteInit.main(ZygoteInit.java:918)
09-30 15:35:07.381 32292 32317 W unknown:ViewManagerPropertyUpdater: Could not find generated setter for class com.facebook.react.views.view.ReactViewManager
09-30 15:35:07.382 32292 32317 W unknown:ViewManagerPropertyUpdater: Could not find generated setter for class com.facebook.react.views.drawer.ReactDrawerLayoutManager
09-30 15:35:07.382 32292 32318 W unknown:BridgelessReact: ReactHost{0}.handleHostException(message = "
09-30 15:35:07.382 32292 32318 W unknown:BridgelessReact: Using MapView requires calling MapLibre.getInstance(Context context, String apiKey, WellKnownTileServer wellKnownTileServer) before inflating or creating the view.")
09-30 15:35:07.382 32292 32318 I Process : Sending signal. PID: 32292 SIG: 9
