09-30 15:34:59.902 32001 32001 I libprocessgroup: Created cgroup /sys/fs/cgroup/apps/uid_10968
09-30 15:34:59.902 32001 32001 I libprocessgroup: Created cgroup /sys/fs/cgroup/apps/uid_10968/pid_32001
09-30 15:34:59.908 32001 32001 I Zygote  : Process 32001 created for com.maplibrestartuprepro
09-30 15:34:59.908 32001 32001 I brestartuprepro: Using generational CollectorTypeCMC GC.
09-30 15:34:59.913 32001 32001 D nativeloader: Load libframework-connectivity-tiramisu-jni.so using APEX ns com_android_tethering for caller /apex/com.android.tethering/javalib/framework-connectivity-t.jar: ok
09-30 15:34:59.925 32001 32001 D ApplicationLoaders: Returning zygote-cached class loader: /system_ext/framework/androidx.window.extensions.jar
09-30 15:34:59.925 32001 32001 D ApplicationLoaders: Returning zygote-cached class loader: /system_ext/framework/androidx.window.sidecar.jar
09-30 15:34:59.927 32001 32001 D nativeloader: Configuring clns-9 for other apk /data/app/~~WUr9PaPlCT6q4AaF8O_t4Q==/com.maplibrestartuprepro-6LQEdUNHEo6ZqlqWxNkB_g==/base.apk. target_sdk_version=36, uses_libraries=, library_path=/data/app/~~WUr9PaPlCT6q4AaF8O_t4Q==/com.maplibrestartuprepro-6LQEdUNHEo6ZqlqWxNkB_g==/lib/arm64:/data/app/~~WUr9PaPlCT6q4AaF8O_t4Q==/com.maplibrestartuprepro-6LQEdUNHEo6ZqlqWxNkB_g==/base.apk!/lib/arm64-v8a, permitted_path=/data:/mnt/expand:/data/user/0/com.maplibrestartuprepro
09-30 15:34:59.937 32001 32001 D ActivityThread: Set OS env TMPDIR to /data/user/0/com.maplibrestartuprepro/cache
09-30 15:34:59.938 32001 32001 V GraphicsEnvironment: Currently set values for:
09-30 15:34:59.938 32001 32001 V GraphicsEnvironment:   angle_gl_driver_selection_pkgs=[com.android.angle]
09-30 15:34:59.938 32001 32001 V GraphicsEnvironment:   angle_gl_driver_selection_values=[angle]
09-30 15:34:59.938 32001 32001 V GraphicsEnvironment: com.maplibrestartuprepro is not listed in per-application setting
09-30 15:34:59.938 32001 32001 V GraphicsEnvironment: No special selections for ANGLE, returning default driver choice
09-30 15:34:59.938 32001 32001 V GraphicsEnvironment: Neither updatable production driver nor prerelease driver is supported.
09-30 15:34:59.946 32001 32001 W SoLoader: Initializing SoLoader: 0
09-30 15:34:59.946 32001 32001 W SoLoader: Recording new base apk path: /data/app/~~WUr9PaPlCT6q4AaF8O_t4Q==/com.maplibrestartuprepro-6LQEdUNHEo6ZqlqWxNkB_g==/base.apk
09-30 15:34:59.946 32001 32001 W SoLoader: Previously recorded 0 base apk paths.
09-30 15:34:59.946 32001 32001 I SoLoader: Preparing SO source: DirectorySoSource[root = /vendor/lib64 flags = 2]
09-30 15:34:59.946 32001 32001 I SoLoader: Preparing SO source: DirectorySoSource[root = /system/lib64 flags = 2]
09-30 15:34:59.946 32001 32001 I SoLoader: Preparing SO source: DirectApkSoSource[root = [/data/app/~~WUr9PaPlCT6q4AaF8O_t4Q==/com.maplibrestartuprepro-6LQEdUNHEo6ZqlqWxNkB_g==/base.apk!/lib/arm64-v8a]]
09-30 15:34:59.947 32001 32001 I SoLoader: Preparing SO source: ApplicationSoSource[DirectorySoSource[root = /data/app/~~WUr9PaPlCT6q4AaF8O_t4Q==/com.maplibrestartuprepro-6LQEdUNHEo6ZqlqWxNkB_g==/lib/arm64 flags = 0]]
09-30 15:34:59.947 32001 32001 I SoLoader: init finish: 4 SO sources prepared
09-30 15:34:59.947 32001 32001 W SoLoader: SoLoader initialized: 8
09-30 15:34:59.952 32001 32001 D nativeloader: Load /data/app/~~WUr9PaPlCT6q4AaF8O_t4Q==/com.maplibrestartuprepro-6LQEdUNHEo6ZqlqWxNkB_g==/base.apk!/lib/arm64-v8a/libc++_shared.so using class loader ns clns-9 (caller=/data/app/~~WUr9PaPlCT6q4AaF8O_t4Q==/com.maplibrestartuprepro-6LQEdUNHEo6ZqlqWxNkB_g==/base.apk): ok
09-30 15:34:59.954 32001 32001 D nativeloader: Load /data/app/~~WUr9PaPlCT6q4AaF8O_t4Q==/com.maplibrestartuprepro-6LQEdUNHEo6ZqlqWxNkB_g==/base.apk!/lib/arm64-v8a/libjsi.so using class loader ns clns-9 (caller=/data/app/~~WUr9PaPlCT6q4AaF8O_t4Q==/com.maplibrestartuprepro-6LQEdUNHEo6ZqlqWxNkB_g==/base.apk): ok
09-30 15:34:59.956 32001 32001 D nativeloader: Load /data/app/~~WUr9PaPlCT6q4AaF8O_t4Q==/com.maplibrestartuprepro-6LQEdUNHEo6ZqlqWxNkB_g==/base.apk!/lib/arm64-v8a/libfbjni.so using class loader ns clns-9 (caller=/data/app/~~WUr9PaPlCT6q4AaF8O_t4Q==/com.maplibrestartuprepro-6LQEdUNHEo6ZqlqWxNkB_g==/base.apk): ok
09-30 15:34:59.959 32001 32001 D nativeloader: Load /data/app/~~WUr9PaPlCT6q4AaF8O_t4Q==/com.maplibrestartuprepro-6LQEdUNHEo6ZqlqWxNkB_g==/base.apk!/lib/arm64-v8a/libreactnative.so using class loader ns clns-9 (caller=/data/app/~~WUr9PaPlCT6q4AaF8O_t4Q==/com.maplibrestartuprepro-6LQEdUNHEo6ZqlqWxNkB_g==/base.apk): ok
09-30 15:34:59.959 32001 32001 D jni_lib_merge: Entering merged library JNI_OnLoad.
09-30 15:34:59.959 32001 32001 D jni_lib_merge: Preparing 13 pre-merged libs (including stub)
09-30 15:34:59.959 32001 32001 D jni_lib_merge: Preparing to register libfabricjni_so.  onload_func: 0x75ad3f7b5c
09-30 15:34:59.959 32001 32001 D jni_lib_merge: Preparing to register libreact_devsupportjni_so.  onload_func: 0x75ad4cf3d0
09-30 15:34:59.959 32001 32001 D jni_lib_merge: Preparing to register libreact_featureflagsjni_so.  onload_func: 0x75ad4e864c
09-30 15:34:59.959 32001 32001 D jni_lib_merge: Preparing to register libreact_newarchdefaults_so.  onload_func: 0x75ad52a1d8
09-30 15:34:59.959 32001 32001 D jni_lib_merge: Preparing to register libreact_tracingjni_so.  onload_func: 0x75ad6114cc
09-30 15:34:59.959 32001 32001 D jni_lib_merge: Preparing to register libreactnativeblob_so.  onload_func: 0x75ad616760
09-30 15:34:59.959 32001 32001 D jni_lib_merge: Preparing to register libreactnativejni_so.  onload_func: 0x75ad6227f4
09-30 15:34:59.959 32001 32001 D jni_lib_merge: Preparing to register libreactnativejni_common_so.  onload_func: 0x75ad625838
09-30 15:34:59.959 32001 32001 D jni_lib_merge: Preparing to register librninstance_so.  onload_func: 0x75ad64af50
09-30 15:34:59.959 32001 32001 D jni_lib_merge: Preparing to register libturbomodulejsijni_so.  onload_func: 0x75ad6e0f48
09-30 15:34:59.959 32001 32001 D jni_lib_merge: Preparing to register libuimanagerjni_so.  onload_func: 0x75ad6e793c
09-30 15:34:59.959 32001 32001 D jni_lib_merge: Preparing to register libyoga_so.  onload_func: 0x75ad6ef3b8
09-30 15:34:59.959 32001 32001 D jni_lib_merge: About to register 12 actual methods.
09-30 15:34:59.962 32001 32001 D nativeloader: Load /data/app/~~WUr9PaPlCT6q4AaF8O_t4Q==/com.maplibrestartuprepro-6LQEdUNHEo6ZqlqWxNkB_g==/base.apk!/lib/arm64-v8a/libreact_codegen_safeareacontext.so using class loader ns clns-9 (caller=/data/app/~~WUr9PaPlCT6q4AaF8O_t4Q==/com.maplibrestartuprepro-6LQEdUNHEo6ZqlqWxNkB_g==/base.apk): ok
09-30 15:34:59.963 32001 32001 D nativeloader: Load /data/app/~~WUr9PaPlCT6q4AaF8O_t4Q==/com.maplibrestartuprepro-6LQEdUNHEo6ZqlqWxNkB_g==/base.apk!/lib/arm64-v8a/libappmodules.so using class loader ns clns-9 (caller=/data/app/~~WUr9PaPlCT6q4AaF8O_t4Q==/com.maplibrestartuprepro-6LQEdUNHEo6ZqlqWxNkB_g==/base.apk): ok
09-30 15:34:59.967 32001 32017 I DisplayManager: Choreographer implicitly registered for the refresh rate.
09-30 15:34:59.972 32001 32001 D AppCompatDelegate: Checking for metadata for AppLocalesMetadataHolderService : Service not found
09-30 15:34:59.974 32001 32017 D vulkan  : searching for layers in '/data/app/~~WUr9PaPlCT6q4AaF8O_t4Q==/com.maplibrestartuprepro-6LQEdUNHEo6ZqlqWxNkB_g==/lib/arm64'
09-30 15:34:59.974 32001 32017 D vulkan  : searching for layers in '/data/app/~~WUr9PaPlCT6q4AaF8O_t4Q==/com.maplibrestartuprepro-6LQEdUNHEo6ZqlqWxNkB_g==/base.apk!/lib/arm64-v8a'
09-30 15:34:59.989 32001 32001 D CompatChangeReporter: Compat change id reported: 377864165; UID 10968; state: ENABLED
09-30 15:34:59.998 32001 32001 D nativeloader: Load /data/app/~~WUr9PaPlCT6q4AaF8O_t4Q==/com.maplibrestartuprepro-6LQEdUNHEo6ZqlqWxNkB_g==/base.apk!/lib/arm64-v8a/libhermesvm.so using class loader ns clns-9 (caller=/data/app/~~WUr9PaPlCT6q4AaF8O_t4Q==/com.maplibrestartuprepro-6LQEdUNHEo6ZqlqWxNkB_g==/base.apk): ok
09-30 15:34:59.999 32001 32001 D nativeloader: Load /data/app/~~WUr9PaPlCT6q4AaF8O_t4Q==/com.maplibrestartuprepro-6LQEdUNHEo6ZqlqWxNkB_g==/base.apk!/lib/arm64-v8a/libhermestooling.so using class loader ns clns-9 (caller=/data/app/~~WUr9PaPlCT6q4AaF8O_t4Q==/com.maplibrestartuprepro-6LQEdUNHEo6ZqlqWxNkB_g==/base.apk): ok
09-30 15:34:59.999 32001 32001 D jni_lib_merge: Entering merged library JNI_OnLoad.
09-30 15:34:59.999 32001 32001 D jni_lib_merge: Preparing 4 pre-merged libs (including stub)
09-30 15:34:59.999 32001 32001 D jni_lib_merge: Preparing to register libhermes_executor_so.  onload_func: 0x764f763eec
09-30 15:34:59.999 32001 32001 D jni_lib_merge: Preparing to register libhermesinstancejni_so.  onload_func: 0x764f76b69c
09-30 15:34:59.999 32001 32001 D jni_lib_merge: Preparing to register libjsijniprofiler_so.  onload_func: 0x764f76bf44
09-30 15:34:59.999 32001 32001 D jni_lib_merge: About to register 3 actual methods.
09-30 15:35:00.016 32001 32001 W unknown:BridgelessReact: ReactHost{0}.startSurface(surfaceId = 0): Schedule
09-30 15:35:00.016 32001 32001 W unknown:BridgelessReact: ReactHost{0}.attachSurface(surfaceId = 0)
09-30 15:35:00.017 32001 32027 W unknown:BridgelessReact: ReactHost{0}.getOrCreateReactInstanceTask()
09-30 15:35:00.017 32001 32027 W unknown:BridgelessReact: ReactHost{0}.getOrCreateReactInstanceTask(): Start
09-30 15:35:00.017 32001 32027 W unknown:BridgelessReact: ReactHost{0}.getJSBundleLoader()
09-30 15:35:00.017 32001 32027 W unknown:BridgelessReact: ReactHost{0}.getOrCreateReactInstanceTask(): Creating BridgelessReactContext
09-30 15:35:00.017 32001 32027 W unknown:BridgelessReact: ReactHost{0}.getOrCreateReactInstanceTask(): Creating ReactInstance
09-30 15:35:00.020 32001 32001 I ContentCaptureHelper: Setting logging level to OFF
09-30 15:35:00.029 32001 32027 W unknown:BridgelessReact: ReactHost{0}.getOrCreateReactInstanceTask(): Loading JS Bundle
09-30 15:35:00.029 32001 32027 W unknown:BridgelessReact: ReactHost{0}.getOrCreateReactInstanceTask(): DevSupportManager.onNewReactContextCreated()
09-30 15:35:00.029 32001 32027 W unknown:BridgelessReact: ReactHost{0}.startSurface(surfaceId = 0): Execute
09-30 15:35:00.031 32001 32001 W unknown:BridgelessReact: ReactHost{0}.onHostResume(activity)
09-30 15:35:00.031 32001 32001 W unknown:BridgelessReact: ReactHost{0}.ReactContext.onHostResume()
09-30 15:35:00.033 32001 32028 I ReactNativeJS: [repro] bundle load: calling OfflineManager
09-30 15:35:00.033 32001 32028 I REPRO   : OfflineModule.initialize() on mqt_v_js: posting runMigrations to the main looper
09-30 15:35:00.034 32001 32028 I ReactNativeJS: Running "MapLibreStartupRepro"
09-30 15:35:00.037 32001 32028 W unknown:ViewManagerPropertyUpdater: Could not find generated setter for class com.th3rdwave.safeareacontext.SafeAreaProviderManager
09-30 15:35:00.041 32001 32028 W unknown:ViewManagerPropertyUpdater: Could not find generated setter for class com.facebook.react.uimanager.LayoutShadowNode
09-30 15:35:00.042 32001 32028 W unknown:ViewManagerPropertyUpdater: Could not find generated setter for class org.maplibre.reactnative.components.sources.geojsonsource.MLRNGeoJSONSourceManager
09-30 15:35:00.042 32001 32028 W unknown:ViewManagerPropertyUpdater: Could not find generated setter for class org.maplibre.reactnative.components.annotations.markerview.MLRNMarkerViewManager
09-30 15:35:00.043 32001 32028 W unknown:ViewManagerPropertyUpdater: Could not find generated setter for class org.maplibre.reactnative.components.sources.imagesource.MLRNImageSourceManager
09-30 15:35:00.044 32001 32028 W unknown:ViewManagerPropertyUpdater: Could not find generated setter for class org.maplibre.reactnative.components.sources.tilesources.rastersource.MLRNRasterSourceManager
09-30 15:35:00.045 32001 32029 I REPRO   : MapViewModule.initialize() on mqt_v_native: posting MapLibre.getInstance to the UI queue
09-30 15:35:00.045 32001 32029 I REPRO   : setTileCountLimit on mqt_v_native
09-30 15:35:00.045 32001 32028 W unknown:ViewManagerPropertyUpdater: Could not find generated setter for class org.maplibre.reactnative.components.camera.MLRNCameraManager
09-30 15:35:00.046 32001 32001 W unknown:BridgelessReact: ReactHost{0}.ReactContext.onHostResume()
09-30 15:35:00.046 32001 32001 W unknown:BridgelessReact: ReactHost{0}.getOrCreateReactInstanceTask(): Executing ReactInstanceEventListeners
09-30 15:35:00.046 32001 32001 I REPRO   : runMigrations START on main
09-30 15:35:00.047 32001 32028 W unknown:ViewManagerPropertyUpdater: Could not find generated setter for class org.maplibre.reactnative.components.sources.tilesources.vectorsource.MLRNVectorSourceManager
09-30 15:35:00.049 32001 32028 W unknown:ViewManagerPropertyUpdater: Could not find generated setter for class org.maplibre.reactnative.components.mapview.MLRNMapViewManager
09-30 15:35:00.052 32001 32029 D nativeloader: Load /data/app/~~WUr9PaPlCT6q4AaF8O_t4Q==/com.maplibrestartuprepro-6LQEdUNHEo6ZqlqWxNkB_g==/base.apk!/lib/arm64-v8a/libmaplibre.so using class loader ns clns-9 (caller=/data/app/~~WUr9PaPlCT6q4AaF8O_t4Q==/com.maplibrestartuprepro-6LQEdUNHEo6ZqlqWxNkB_g==/base.apk!classes3.dex): ok
09-30 15:35:00.052 32001 32001 D AndroidRuntime: Shutting down VM
09-30 15:35:00.052 32001 32028 W unknown:ViewManagerPropertyUpdater: Could not find generated setter for class org.maplibre.reactnative.components.mapview.MLRNMapViewManager$MapShadowNode
09-30 15:35:00.053 32001 32001 E AndroidRuntime: FATAL EXCEPTION: main
09-30 15:35:00.053 32001 32001 E AndroidRuntime: Process: com.maplibrestartuprepro, PID: 32001
09-30 15:35:00.053 32001 32001 E AndroidRuntime: org.maplibre.android.exceptions.MapLibreConfigurationException: 
09-30 15:35:00.053 32001 32001 E AndroidRuntime: Using MapView requires calling MapLibre.getInstance(Context context, String apiKey, WellKnownTileServer wellKnownTileServer) before inflating or creating the view.
09-30 15:35:00.053 32001 32001 E AndroidRuntime: 	at org.maplibre.android.MapLibre.validateMapLibre(MapLibre.java:261)
09-30 15:35:00.053 32001 32001 E AndroidRuntime: 	at org.maplibre.android.MapLibre.getTileServerOptions(MapLibre.java:164)
09-30 15:35:00.053 32001 32001 E AndroidRuntime: 	at org.maplibre.android.storage.FileSource.<init>(FileSource.java:348)
09-30 15:35:00.053 32001 32001 E AndroidRuntime: 	at org.maplibre.android.storage.FileSource.getInstance(FileSource.java:95)
09-30 15:35:00.053 32001 32001 E AndroidRuntime: 	at org.maplibre.reactnative.modules.MLRNOfflineModule.activateFileSource(MLRNOfflineModule.kt:684)
09-30 15:35:00.053 32001 32001 E AndroidRuntime: 	at org.maplibre.reactnative.modules.MLRNOfflineModule.runMigrations(MLRNOfflineModule.kt:475)
09-30 15:35:00.053 32001 32001 E AndroidRuntime: 	at org.maplibre.reactnative.modules.MLRNOfflineModule.initialize$lambda$1(MLRNOfflineModule.kt:71)
09-30 15:35:00.053 32001 32001 E AndroidRuntime: 	at org.maplibre.reactnative.modules.MLRNOfflineModule$$ExternalSyntheticLambda2.run(D8$$SyntheticClass:0)
09-30 15:35:00.053 32001 32001 E AndroidRuntime: 	at android.os.Handler.handleCallback(Handler.java:1082)
09-30 15:35:00.053 32001 32001 E AndroidRuntime: 	at android.os.Handler.dispatchMessageImpl(Handler.java:135)
09-30 15:35:00.053 32001 32001 E AndroidRuntime: 	at android.os.Handler.dispatchMessage(Handler.java:126)
09-30 15:35:00.053 32001 32001 E AndroidRuntime: 	at android.os.Looper.loopOnce(Looper.java:295)
09-30 15:35:00.053 32001 32001 E AndroidRuntime: 	at android.os.Looper.loop(Looper.java:398)
09-30 15:35:00.053 32001 32001 E AndroidRuntime: 	at android.app.ActivityThread.main(ActivityThread.java:9569)
09-30 15:35:00.053 32001 32001 E AndroidRuntime: 	at java.lang.reflect.Method.invoke(Native Method)
09-30 15:35:00.053 32001 32001 E AndroidRuntime: 	at com.android.internal.os.RuntimeInit$MethodAndArgsCaller.run(RuntimeInit.java:575)
09-30 15:35:00.053 32001 32001 E AndroidRuntime: 	at com.android.internal.os.ZygoteInit.main(ZygoteInit.java:918)
09-30 15:35:00.053 32001 32028 W unknown:ViewManagerPropertyUpdater: Could not find generated setter for class org.maplibre.reactnative.components.layer.MLRNLayerManager
09-30 15:35:00.055 32001 32028 W unknown:ViewManagerPropertyUpdater: Could not find generated setter for class com.th3rdwave.safeareacontext.SafeAreaViewManager
09-30 15:35:00.059 32001 32028 W unknown:ViewManagerPropertyUpdater: Could not find generated setter for class com.th3rdwave.safeareacontext.SafeAreaViewShadowNode
09-30 15:35:00.059 32001 32028 W unknown:ViewManagerPropertyUpdater: Could not find generated setter for class org.maplibre.reactnative.components.mapview.MLRNAndroidTextureMapViewManager
09-30 15:35:00.060 32001 32028 W unknown:ViewManagerPropertyUpdater: Could not find generated setter for class org.maplibre.reactnative.components.sources.tilesources.rasterdemsource.MLRNRasterDEMSourceManager
09-30 15:35:00.061 32001 32028 W unknown:ViewManagerPropertyUpdater: Could not find generated setter for class org.maplibre.reactnative.components.location.MLRNNativeUserLocationManager
09-30 15:35:00.062 32001 32028 W unknown:ViewManagerPropertyUpdater: Could not find generated setter for class org.maplibre.reactnative.components.annotations.pointannotation.MLRNPointAnnotationManager
09-30 15:35:00.062 32001 32028 W unknown:ViewManagerPropertyUpdater: Could not find generated setter for class org.maplibre.reactnative.components.images.MLRNImagesManager
09-30 15:35:00.062 32001 32028 W unknown:ViewManagerPropertyUpdater: Could not find generated setter for class org.maplibre.reactnative.components.annotations.callout.MLRNCalloutManager
09-30 15:35:00.070 32001 32028 W unknown:ViewManagerPropertyUpdater: Could not find generated setter for class com.facebook.react.views.safeareaview.ReactSafeAreaViewManager
09-30 15:35:00.071 32001 32028 W unknown:ViewManagerPropertyUpdater: Could not find generated setter for class com.facebook.react.views.modal.ReactModalHostManager
09-30 15:35:00.072 32001 32028 W unknown:ViewManagerPropertyUpdater: Could not find generated setter for class com.facebook.react.views.progressbar.ReactProgressBarViewManager
09-30 15:35:00.073 32001 32028 W unknown:ViewManagerPropertyUpdater: Could not find generated setter for class com.facebook.react.views.scroll.ReactHorizontalScrollViewManager
09-30 15:35:00.074 32001 32028 W unknown:ViewManagerPropertyUpdater: Could not find generated setter for class com.facebook.react.views.image.ReactImageManager
09-30 15:35:00.075 32001 32028 W unknown:ViewManagerPropertyUpdater: Could not find generated setter for class com.facebook.react.views.text.ReactTextViewManager
09-30 15:35:00.076 32001 32028 W unknown:ViewManagerPropertyUpdater: Could not find generated setter for class com.facebook.react.views.scroll.ReactHorizontalScrollContainerViewManager
09-30 15:35:00.077 32001 32028 W unknown:ViewManagerPropertyUpdater: Could not find generated setter for class com.facebook.react.views.unimplementedview.ReactUnimplementedViewManager
09-30 15:35:00.077 32001 32028 W unknown:ViewManagerPropertyUpdater: Could not find generated setter for class com.facebook.react.views.scroll.ReactScrollViewManager
09-30 15:35:00.078 32001 32028 W unknown:ViewManagerPropertyUpdater: Could not find generated setter for class com.facebook.react.views.view.ReactViewManager
09-30 15:35:00.079 32001 32028 W unknown:ViewManagerPropertyUpdater: Could not find generated setter for class com.facebook.react.views.drawer.ReactDrawerLayoutManager
09-30 15:35:00.080 32001 32028 W unknown:ViewManagerPropertyUpdater: Could not find generated setter for class com.facebook.react.views.switchview.ReactSwitchManager
09-30 15:35:00.081 32001 32028 W unknown:ViewManagerPropertyUpdater: Could not find generated setter for class com.facebook.react.views.swiperefresh.SwipeRefreshLayoutManager
09-30 15:35:00.082 32001 32028 W unknown:ViewManagerPropertyUpdater: Could not find generated setter for class com.facebook.react.views.textinput.ReactTextInputManager
09-30 15:35:00.084 32001 32028 W unknown:ViewManagerPropertyUpdater: Could not find generated setter for class com.facebook.react.views.text.SelectableTextViewManager
09-30 15:35:00.085 32001 32028 W unknown:ViewManagerPropertyUpdater: Could not find generated setter for class com.facebook.react.views.virtual.view.ReactVirtualViewManager
09-30 15:35:00.085 32001 32029 W unknown:BridgelessReact: ReactHost{0}.handleHostException(message = "
09-30 15:35:00.085 32001 32029 W unknown:BridgelessReact: Using MapView requires calling MapLibre.getInstance(Context context, String apiKey, WellKnownTileServer wellKnownTileServer) before inflating or creating the view.")
09-30 15:35:00.085 32001 32029 I Process : Sending signal. PID: 32001 SIG: 9
