09-30 15:35:22.717   531   531 I libprocessgroup: Created cgroup /sys/fs/cgroup/apps/uid_10971
09-30 15:35:22.717   531   531 I libprocessgroup: Created cgroup /sys/fs/cgroup/apps/uid_10971/pid_531
09-30 15:35:22.723   531   531 I Zygote  : Process 531 created for com.maplibrestartuprepro
09-30 15:35:22.723   531   531 I brestartuprepro: Using generational CollectorTypeCMC GC.
09-30 15:35:22.728   531   531 D nativeloader: Load libframework-connectivity-tiramisu-jni.so using APEX ns com_android_tethering for caller /apex/com.android.tethering/javalib/framework-connectivity-t.jar: ok
09-30 15:35:22.783   531   531 D ApplicationLoaders: Returning zygote-cached class loader: /system_ext/framework/androidx.window.extensions.jar
09-30 15:35:22.783   531   531 D ApplicationLoaders: Returning zygote-cached class loader: /system_ext/framework/androidx.window.sidecar.jar
09-30 15:35:22.784   531   531 D nativeloader: Configuring clns-9 for other apk /data/app/~~j264KypomU-dtFg7SGC6qg==/com.maplibrestartuprepro-qyiHvCevCWhBlcyidWKCUg==/base.apk. target_sdk_version=36, uses_libraries=, library_path=/data/app/~~j264KypomU-dtFg7SGC6qg==/com.maplibrestartuprepro-qyiHvCevCWhBlcyidWKCUg==/lib/arm64:/data/app/~~j264KypomU-dtFg7SGC6qg==/com.maplibrestartuprepro-qyiHvCevCWhBlcyidWKCUg==/base.apk!/lib/arm64-v8a, permitted_path=/data:/mnt/expand:/data/user/0/com.maplibrestartuprepro
09-30 15:35:22.789   531   531 D ActivityThread: Set OS env TMPDIR to /data/user/0/com.maplibrestartuprepro/cache
09-30 15:35:22.790   531   531 V GraphicsEnvironment: Currently set values for:
09-30 15:35:22.790   531   531 V GraphicsEnvironment:   angle_gl_driver_selection_pkgs=[com.android.angle]
09-30 15:35:22.790   531   531 V GraphicsEnvironment:   angle_gl_driver_selection_values=[angle]
09-30 15:35:22.790   531   531 V GraphicsEnvironment: com.maplibrestartuprepro is not listed in per-application setting
09-30 15:35:22.790   531   531 V GraphicsEnvironment: No special selections for ANGLE, returning default driver choice
09-30 15:35:22.791   531   531 V GraphicsEnvironment: Neither updatable production driver nor prerelease driver is supported.
09-30 15:35:22.798   531   531 W SoLoader: Initializing SoLoader: 0
09-30 15:35:22.798   531   531 W SoLoader: Recording new base apk path: /data/app/~~j264KypomU-dtFg7SGC6qg==/com.maplibrestartuprepro-qyiHvCevCWhBlcyidWKCUg==/base.apk
09-30 15:35:22.798   531   531 W SoLoader: Previously recorded 0 base apk paths.
09-30 15:35:22.798   531   531 I SoLoader: Preparing SO source: DirectorySoSource[root = /vendor/lib64 flags = 2]
09-30 15:35:22.798   531   531 I SoLoader: Preparing SO source: DirectorySoSource[root = /system/lib64 flags = 2]
09-30 15:35:22.798   531   531 I SoLoader: Preparing SO source: DirectApkSoSource[root = [/data/app/~~j264KypomU-dtFg7SGC6qg==/com.maplibrestartuprepro-qyiHvCevCWhBlcyidWKCUg==/base.apk!/lib/arm64-v8a]]
09-30 15:35:22.800   531   531 I SoLoader: Preparing SO source: ApplicationSoSource[DirectorySoSource[root = /data/app/~~j264KypomU-dtFg7SGC6qg==/com.maplibrestartuprepro-qyiHvCevCWhBlcyidWKCUg==/lib/arm64 flags = 0]]
09-30 15:35:22.800   531   531 I SoLoader: init finish: 4 SO sources prepared
09-30 15:35:22.800   531   531 W SoLoader: SoLoader initialized: 8
09-30 15:35:22.805   531   531 D nativeloader: Load /data/app/~~j264KypomU-dtFg7SGC6qg==/com.maplibrestartuprepro-qyiHvCevCWhBlcyidWKCUg==/base.apk!/lib/arm64-v8a/libc++_shared.so using class loader ns clns-9 (caller=/data/app/~~j264KypomU-dtFg7SGC6qg==/com.maplibrestartuprepro-qyiHvCevCWhBlcyidWKCUg==/base.apk): ok
09-30 15:35:22.806   531   531 D nativeloader: Load /data/app/~~j264KypomU-dtFg7SGC6qg==/com.maplibrestartuprepro-qyiHvCevCWhBlcyidWKCUg==/base.apk!/lib/arm64-v8a/libjsi.so using class loader ns clns-9 (caller=/data/app/~~j264KypomU-dtFg7SGC6qg==/com.maplibrestartuprepro-qyiHvCevCWhBlcyidWKCUg==/base.apk): ok
09-30 15:35:22.808   531   531 D nativeloader: Load /data/app/~~j264KypomU-dtFg7SGC6qg==/com.maplibrestartuprepro-qyiHvCevCWhBlcyidWKCUg==/base.apk!/lib/arm64-v8a/libfbjni.so using class loader ns clns-9 (caller=/data/app/~~j264KypomU-dtFg7SGC6qg==/com.maplibrestartuprepro-qyiHvCevCWhBlcyidWKCUg==/base.apk): ok
09-30 15:35:22.810   531   531 D nativeloader: Load /data/app/~~j264KypomU-dtFg7SGC6qg==/com.maplibrestartuprepro-qyiHvCevCWhBlcyidWKCUg==/base.apk!/lib/arm64-v8a/libreactnative.so using class loader ns clns-9 (caller=/data/app/~~j264KypomU-dtFg7SGC6qg==/com.maplibrestartuprepro-qyiHvCevCWhBlcyidWKCUg==/base.apk): ok
09-30 15:35:22.810   531   531 D jni_lib_merge: Entering merged library JNI_OnLoad.
09-30 15:35:22.811   531   531 D jni_lib_merge: Preparing 13 pre-merged libs (including stub)
09-30 15:35:22.811   531   531 D jni_lib_merge: Preparing to register libfabricjni_so.  onload_func: 0x75b0741b5c
09-30 15:35:22.811   531   531 D jni_lib_merge: Preparing to register libreact_devsupportjni_so.  onload_func: 0x75b08193d0
09-30 15:35:22.811   531   531 D jni_lib_merge: Preparing to register libreact_featureflagsjni_so.  onload_func: 0x75b083264c
09-30 15:35:22.811   531   531 D jni_lib_merge: Preparing to register libreact_newarchdefaults_so.  onload_func: 0x75b08741d8
09-30 15:35:22.811   531   531 D jni_lib_merge: Preparing to register libreact_tracingjni_so.  onload_func: 0x75b095b4cc
09-30 15:35:22.811   531   531 D jni_lib_merge: Preparing to register libreactnativeblob_so.  onload_func: 0x75b0960760
09-30 15:35:22.811   531   531 D jni_lib_merge: Preparing to register libreactnativejni_so.  onload_func: 0x75b096c7f4
09-30 15:35:22.811   531   531 D jni_lib_merge: Preparing to register libreactnativejni_common_so.  onload_func: 0x75b096f838
09-30 15:35:22.811   531   531 D jni_lib_merge: Preparing to register librninstance_so.  onload_func: 0x75b0994f50
09-30 15:35:22.811   531   531 D jni_lib_merge: Preparing to register libturbomodulejsijni_so.  onload_func: 0x75b0a2af48
09-30 15:35:22.811   531   531 D jni_lib_merge: Preparing to register libuimanagerjni_so.  onload_func: 0x75b0a3193c
09-30 15:35:22.811   531   531 D jni_lib_merge: Preparing to register libyoga_so.  onload_func: 0x75b0a393b8
09-30 15:35:22.811   531   531 D jni_lib_merge: About to register 12 actual methods.
09-30 15:35:22.814   531   531 D nativeloader: Load /data/app/~~j264KypomU-dtFg7SGC6qg==/com.maplibrestartuprepro-qyiHvCevCWhBlcyidWKCUg==/base.apk!/lib/arm64-v8a/libreact_codegen_safeareacontext.so using class loader ns clns-9 (caller=/data/app/~~j264KypomU-dtFg7SGC6qg==/com.maplibrestartuprepro-qyiHvCevCWhBlcyidWKCUg==/base.apk): ok
09-30 15:35:22.815   531   531 D nativeloader: Load /data/app/~~j264KypomU-dtFg7SGC6qg==/com.maplibrestartuprepro-qyiHvCevCWhBlcyidWKCUg==/base.apk!/lib/arm64-v8a/libappmodules.so using class loader ns clns-9 (caller=/data/app/~~j264KypomU-dtFg7SGC6qg==/com.maplibrestartuprepro-qyiHvCevCWhBlcyidWKCUg==/base.apk): ok
09-30 15:35:22.820   531   544 I DisplayManager: Choreographer implicitly registered for the refresh rate.
09-30 15:35:22.821   531   544 D vulkan  : searching for layers in '/data/app/~~j264KypomU-dtFg7SGC6qg==/com.maplibrestartuprepro-qyiHvCevCWhBlcyidWKCUg==/lib/arm64'
09-30 15:35:22.821   531   544 D vulkan  : searching for layers in '/data/app/~~j264KypomU-dtFg7SGC6qg==/com.maplibrestartuprepro-qyiHvCevCWhBlcyidWKCUg==/base.apk!/lib/arm64-v8a'
09-30 15:35:22.828   531   531 D AppCompatDelegate: Checking for metadata for AppLocalesMetadataHolderService : Service not found
09-30 15:35:22.837   531   531 D CompatChangeReporter: Compat change id reported: 377864165; UID 10971; state: ENABLED
09-30 15:35:22.844   531   531 D nativeloader: Load /data/app/~~j264KypomU-dtFg7SGC6qg==/com.maplibrestartuprepro-qyiHvCevCWhBlcyidWKCUg==/base.apk!/lib/arm64-v8a/libhermesvm.so using class loader ns clns-9 (caller=/data/app/~~j264KypomU-dtFg7SGC6qg==/com.maplibrestartuprepro-qyiHvCevCWhBlcyidWKCUg==/base.apk): ok
09-30 15:35:22.845   531   531 D nativeloader: Load /data/app/~~j264KypomU-dtFg7SGC6qg==/com.maplibrestartuprepro-qyiHvCevCWhBlcyidWKCUg==/base.apk!/lib/arm64-v8a/libhermestooling.so using class loader ns clns-9 (caller=/data/app/~~j264KypomU-dtFg7SGC6qg==/com.maplibrestartuprepro-qyiHvCevCWhBlcyidWKCUg==/base.apk): ok
09-30 15:35:22.845   531   531 D jni_lib_merge: Entering merged library JNI_OnLoad.
09-30 15:35:22.845   531   531 D jni_lib_merge: Preparing 4 pre-merged libs (including stub)
09-30 15:35:22.845   531   531 D jni_lib_merge: Preparing to register libhermes_executor_so.  onload_func: 0x764f764eec
09-30 15:35:22.845   531   531 D jni_lib_merge: Preparing to register libhermesinstancejni_so.  onload_func: 0x764f76c69c
09-30 15:35:22.845   531   531 D jni_lib_merge: Preparing to register libjsijniprofiler_so.  onload_func: 0x764f76cf44
09-30 15:35:22.845   531   531 D jni_lib_merge: About to register 3 actual methods.
09-30 15:35:22.851   531   531 W unknown:BridgelessReact: ReactHost{0}.startSurface(surfaceId = 0): Schedule
09-30 15:35:22.851   531   531 W unknown:BridgelessReact: ReactHost{0}.attachSurface(surfaceId = 0)
09-30 15:35:22.851   531   553 W unknown:BridgelessReact: ReactHost{0}.getOrCreateReactInstanceTask()
09-30 15:35:22.851   531   553 W unknown:BridgelessReact: ReactHost{0}.getOrCreateReactInstanceTask(): Start
09-30 15:35:22.851   531   553 W unknown:BridgelessReact: ReactHost{0}.getJSBundleLoader()
09-30 15:35:22.851   531   553 W unknown:BridgelessReact: ReactHost{0}.getOrCreateReactInstanceTask(): Creating BridgelessReactContext
09-30 15:35:22.852   531   553 W unknown:BridgelessReact: ReactHost{0}.getOrCreateReactInstanceTask(): Creating ReactInstance
09-30 15:35:22.854   531   531 I ContentCaptureHelper: Setting logging level to OFF
09-30 15:35:22.862   531   553 W unknown:BridgelessReact: ReactHost{0}.getOrCreateReactInstanceTask(): Loading JS Bundle
09-30 15:35:22.863   531   553 W unknown:BridgelessReact: ReactHost{0}.getOrCreateReactInstanceTask(): DevSupportManager.onNewReactContextCreated()
09-30 15:35:22.863   531   553 W unknown:BridgelessReact: ReactHost{0}.startSurface(surfaceId = 0): Execute
09-30 15:35:22.865   531   554 I ReactNativeJS: [repro] bundle load: calling OfflineManager
09-30 15:35:22.865   531   531 W unknown:BridgelessReact: ReactHost{0}.onHostResume(activity)
09-30 15:35:22.865   531   531 W unknown:BridgelessReact: ReactHost{0}.ReactContext.onHostResume()
09-30 15:35:22.865   531   554 I REPRO   : OfflineModule.initialize() on mqt_v_js: posting runMigrations to the main looper
09-30 15:35:22.867   531   554 I ReactNativeJS: Running "MapLibreStartupRepro"
09-30 15:35:22.870   531   554 W unknown:ViewManagerPropertyUpdater: Could not find generated setter for class com.th3rdwave.safeareacontext.SafeAreaProviderManager
09-30 15:35:22.872   531   555 I REPRO   : MapViewModule.initialize() on mqt_v_native: posting MapLibre.getInstance to the UI queue
09-30 15:35:22.872   531   555 I REPRO   : setTileCountLimit on mqt_v_native
09-30 15:35:22.872   531   554 W unknown:ViewManagerPropertyUpdater: Could not find generated setter for class com.facebook.react.uimanager.LayoutShadowNode
09-30 15:35:22.873   531   554 W unknown:ViewManagerPropertyUpdater: Could not find generated setter for class org.maplibre.reactnative.components.sources.geojsonsource.MLRNGeoJSONSourceManager
09-30 15:35:22.874   531   554 W unknown:ViewManagerPropertyUpdater: Could not find generated setter for class org.maplibre.reactnative.components.annotations.markerview.MLRNMarkerViewManager
09-30 15:35:22.874   531   554 W unknown:ViewManagerPropertyUpdater: Could not find generated setter for class org.maplibre.reactnative.components.sources.imagesource.MLRNImageSourceManager
09-30 15:35:22.874   531   554 W unknown:ViewManagerPropertyUpdater: Could not find generated setter for class org.maplibre.reactnative.components.sources.tilesources.rastersource.MLRNRasterSourceManager
09-30 15:35:22.875   531   554 W unknown:ViewManagerPropertyUpdater: Could not find generated setter for class org.maplibre.reactnative.components.camera.MLRNCameraManager
09-30 15:35:22.875   531   554 W unknown:ViewManagerPropertyUpdater: Could not find generated setter for class org.maplibre.reactnative.components.sources.tilesources.vectorsource.MLRNVectorSourceManager
09-30 15:35:22.875   531   554 W unknown:ViewManagerPropertyUpdater: Could not find generated setter for class org.maplibre.reactnative.components.mapview.MLRNMapViewManager
09-30 15:35:22.876   531   554 W unknown:ViewManagerPropertyUpdater: Could not find generated setter for class org.maplibre.reactnative.components.mapview.MLRNMapViewManager$MapShadowNode
09-30 15:35:22.876   531   554 W unknown:ViewManagerPropertyUpdater: Could not find generated setter for class org.maplibre.reactnative.components.layer.MLRNLayerManager
09-30 15:35:22.877   531   554 W unknown:ViewManagerPropertyUpdater: Could not find generated setter for class com.th3rdwave.safeareacontext.SafeAreaViewManager
09-30 15:35:22.878   531   555 D nativeloader: Load /data/app/~~j264KypomU-dtFg7SGC6qg==/com.maplibrestartuprepro-qyiHvCevCWhBlcyidWKCUg==/base.apk!/lib/arm64-v8a/libmaplibre.so using class loader ns clns-9 (caller=/data/app/~~j264KypomU-dtFg7SGC6qg==/com.maplibrestartuprepro-qyiHvCevCWhBlcyidWKCUg==/base.apk!classes3.dex): ok
09-30 15:35:22.878   531   554 W unknown:ViewManagerPropertyUpdater: Could not find generated setter for class com.th3rdwave.safeareacontext.SafeAreaViewShadowNode
09-30 15:35:22.878   531   554 W unknown:ViewManagerPropertyUpdater: Could not find generated setter for class org.maplibre.reactnative.components.mapview.MLRNAndroidTextureMapViewManager
09-30 15:35:22.878   531   554 W unknown:ViewManagerPropertyUpdater: Could not find generated setter for class org.maplibre.reactnative.components.sources.tilesources.rasterdemsource.MLRNRasterDEMSourceManager
09-30 15:35:22.878   531   554 W unknown:ViewManagerPropertyUpdater: Could not find generated setter for class org.maplibre.reactnative.components.location.MLRNNativeUserLocationManager
09-30 15:35:22.878   531   554 W unknown:ViewManagerPropertyUpdater: Could not find generated setter for class org.maplibre.reactnative.components.annotations.pointannotation.MLRNPointAnnotationManager
09-30 15:35:22.879   531   554 W unknown:ViewManagerPropertyUpdater: Could not find generated setter for class org.maplibre.reactnative.components.images.MLRNImagesManager
09-30 15:35:22.879   531   554 W unknown:ViewManagerPropertyUpdater: Could not find generated setter for class org.maplibre.reactnative.components.annotations.callout.MLRNCalloutManager
09-30 15:35:22.880   531   531 W unknown:BridgelessReact: ReactHost{0}.ReactContext.onHostResume()
09-30 15:35:22.880   531   531 W unknown:BridgelessReact: ReactHost{0}.getOrCreateReactInstanceTask(): Executing ReactInstanceEventListeners
09-30 15:35:22.880   531   531 I REPRO   : runMigrations START on main
09-30 15:35:22.884   531   531 D AndroidRuntime: Shutting down VM
09-30 15:35:22.885   531   531 E AndroidRuntime: FATAL EXCEPTION: main
09-30 15:35:22.885   531   531 E AndroidRuntime: Process: com.maplibrestartuprepro, PID: 531
09-30 15:35:22.885   531   531 E AndroidRuntime: org.maplibre.android.exceptions.MapLibreConfigurationException: 
09-30 15:35:22.885   531   531 E AndroidRuntime: Using MapView requires calling MapLibre.getInstance(Context context, String apiKey, WellKnownTileServer wellKnownTileServer) before inflating or creating the view.
09-30 15:35:22.885   531   531 E AndroidRuntime: 	at org.maplibre.android.MapLibre.validateMapLibre(MapLibre.java:261)
09-30 15:35:22.885   531   531 E AndroidRuntime: 	at org.maplibre.android.MapLibre.getTileServerOptions(MapLibre.java:164)
09-30 15:35:22.885   531   531 E AndroidRuntime: 	at org.maplibre.android.storage.FileSource.<init>(FileSource.java:348)
09-30 15:35:22.885   531   531 E AndroidRuntime: 	at org.maplibre.android.storage.FileSource.getInstance(FileSource.java:95)
09-30 15:35:22.885   531   531 E AndroidRuntime: 	at org.maplibre.reactnative.modules.MLRNOfflineModule.activateFileSource(MLRNOfflineModule.kt:684)
09-30 15:35:22.885   531   531 E AndroidRuntime: 	at org.maplibre.reactnative.modules.MLRNOfflineModule.runMigrations(MLRNOfflineModule.kt:475)
09-30 15:35:22.885   531   531 E AndroidRuntime: 	at org.maplibre.reactnative.modules.MLRNOfflineModule.initialize$lambda$1(MLRNOfflineModule.kt:71)
09-30 15:35:22.885   531   531 E AndroidRuntime: 	at org.maplibre.reactnative.modules.MLRNOfflineModule$$ExternalSyntheticLambda2.run(D8$$SyntheticClass:0)
09-30 15:35:22.885   531   531 E AndroidRuntime: 	at android.os.Handler.handleCallback(Handler.java:1082)
09-30 15:35:22.885   531   531 E AndroidRuntime: 	at android.os.Handler.dispatchMessageImpl(Handler.java:135)
09-30 15:35:22.885   531   531 E AndroidRuntime: 	at android.os.Handler.dispatchMessage(Handler.java:126)
09-30 15:35:22.885   531   531 E AndroidRuntime: 	at android.os.Looper.loopOnce(Looper.java:295)
09-30 15:35:22.885   531   531 E AndroidRuntime: 	at android.os.Looper.loop(Looper.java:398)
09-30 15:35:22.885   531   531 E AndroidRuntime: 	at android.app.ActivityThread.main(ActivityThread.java:9569)
09-30 15:35:22.885   531   531 E AndroidRuntime: 	at java.lang.reflect.Method.invoke(Native Method)
09-30 15:35:22.885   531   531 E AndroidRuntime: 	at com.android.internal.os.RuntimeInit$MethodAndArgsCaller.run(RuntimeInit.java:575)
09-30 15:35:22.885   531   531 E AndroidRuntime: 	at com.android.internal.os.ZygoteInit.main(ZygoteInit.java:918)
09-30 15:35:22.885   531   555 W unknown:BridgelessReact: ReactHost{0}.handleHostException(message = "
09-30 15:35:22.885   531   555 W unknown:BridgelessReact: Using MapView requires calling MapLibre.getInstance(Context context, String apiKey, WellKnownTileServer wellKnownTileServer) before inflating or creating the view.")
09-30 15:35:22.885   531   555 I Process : Sending signal. PID: 531 SIG: 9
