09-30 15:34:46.787 31513 31513 I libprocessgroup: Created cgroup /sys/fs/cgroup/apps/uid_10967
09-30 15:34:46.788 31513 31513 I libprocessgroup: Created cgroup /sys/fs/cgroup/apps/uid_10967/pid_31513
09-30 15:34:46.793 31513 31513 I Zygote  : Process 31513 created for com.maplibrestartuprepro
09-30 15:34:46.793 31513 31513 I brestartuprepro: Using generational CollectorTypeCMC GC.
09-30 15:34:46.799 31513 31513 D nativeloader: Load libframework-connectivity-tiramisu-jni.so using APEX ns com_android_tethering for caller /apex/com.android.tethering/javalib/framework-connectivity-t.jar: ok
09-30 15:34:46.814 31513 31513 D ApplicationLoaders: Returning zygote-cached class loader: /system_ext/framework/androidx.window.extensions.jar
09-30 15:34:46.814 31513 31513 D ApplicationLoaders: Returning zygote-cached class loader: /system_ext/framework/androidx.window.sidecar.jar
09-30 15:34:46.818 31513 31513 D nativeloader: Configuring clns-9 for other apk /data/app/~~qk6tmltxd9Q2ED9wpV3QlQ==/com.maplibrestartuprepro-xIEuyApyUoOg-Cay_t26KA==/base.apk. target_sdk_version=36, uses_libraries=, library_path=/data/app/~~qk6tmltxd9Q2ED9wpV3QlQ==/com.maplibrestartuprepro-xIEuyApyUoOg-Cay_t26KA==/lib/arm64:/data/app/~~qk6tmltxd9Q2ED9wpV3QlQ==/com.maplibrestartuprepro-xIEuyApyUoOg-Cay_t26KA==/base.apk!/lib/arm64-v8a, permitted_path=/data:/mnt/expand:/data/user/0/com.maplibrestartuprepro
09-30 15:34:46.827 31513 31513 D ActivityThread: Set OS env TMPDIR to /data/user/0/com.maplibrestartuprepro/cache
09-30 15:34:46.827 31513 31513 V GraphicsEnvironment: Currently set values for:
09-30 15:34:46.827 31513 31513 V GraphicsEnvironment:   angle_gl_driver_selection_pkgs=[com.android.angle]
09-30 15:34:46.827 31513 31513 V GraphicsEnvironment:   angle_gl_driver_selection_values=[angle]
09-30 15:34:46.827 31513 31513 V GraphicsEnvironment: com.maplibrestartuprepro is not listed in per-application setting
09-30 15:34:46.827 31513 31513 V GraphicsEnvironment: No special selections for ANGLE, returning default driver choice
09-30 15:34:46.828 31513 31513 V GraphicsEnvironment: Neither updatable production driver nor prerelease driver is supported.
09-30 15:34:46.836 31513 31513 W SoLoader: Initializing SoLoader: 0
09-30 15:34:46.837 31513 31513 W SoLoader: Recording new base apk path: /data/app/~~qk6tmltxd9Q2ED9wpV3QlQ==/com.maplibrestartuprepro-xIEuyApyUoOg-Cay_t26KA==/base.apk
09-30 15:34:46.837 31513 31513 W SoLoader: Previously recorded 0 base apk paths.
09-30 15:34:46.837 31513 31513 I SoLoader: Preparing SO source: DirectorySoSource[root = /vendor/lib64 flags = 2]
09-30 15:34:46.837 31513 31513 I SoLoader: Preparing SO source: DirectorySoSource[root = /system/lib64 flags = 2]
09-30 15:34:46.837 31513 31513 I SoLoader: Preparing SO source: DirectApkSoSource[root = [/data/app/~~qk6tmltxd9Q2ED9wpV3QlQ==/com.maplibrestartuprepro-xIEuyApyUoOg-Cay_t26KA==/base.apk!/lib/arm64-v8a]]
09-30 15:34:46.838 31513 31513 I SoLoader: Preparing SO source: ApplicationSoSource[DirectorySoSource[root = /data/app/~~qk6tmltxd9Q2ED9wpV3QlQ==/com.maplibrestartuprepro-xIEuyApyUoOg-Cay_t26KA==/lib/arm64 flags = 0]]
09-30 15:34:46.838 31513 31513 I SoLoader: init finish: 4 SO sources prepared
09-30 15:34:46.838 31513 31513 W SoLoader: SoLoader initialized: 8
09-30 15:34:46.844 31513 31513 D nativeloader: Load /data/app/~~qk6tmltxd9Q2ED9wpV3QlQ==/com.maplibrestartuprepro-xIEuyApyUoOg-Cay_t26KA==/base.apk!/lib/arm64-v8a/libc++_shared.so using class loader ns clns-9 (caller=/data/app/~~qk6tmltxd9Q2ED9wpV3QlQ==/com.maplibrestartuprepro-xIEuyApyUoOg-Cay_t26KA==/base.apk): ok
09-30 15:34:46.846 31513 31513 D nativeloader: Load /data/app/~~qk6tmltxd9Q2ED9wpV3QlQ==/com.maplibrestartuprepro-xIEuyApyUoOg-Cay_t26KA==/base.apk!/lib/arm64-v8a/libjsi.so using class loader ns clns-9 (caller=/data/app/~~qk6tmltxd9Q2ED9wpV3QlQ==/com.maplibrestartuprepro-xIEuyApyUoOg-Cay_t26KA==/base.apk): ok
09-30 15:34:46.848 31513 31513 D nativeloader: Load /data/app/~~qk6tmltxd9Q2ED9wpV3QlQ==/com.maplibrestartuprepro-xIEuyApyUoOg-Cay_t26KA==/base.apk!/lib/arm64-v8a/libfbjni.so using class loader ns clns-9 (caller=/data/app/~~qk6tmltxd9Q2ED9wpV3QlQ==/com.maplibrestartuprepro-xIEuyApyUoOg-Cay_t26KA==/base.apk): ok
09-30 15:34:46.850 31513 31513 D nativeloader: Load /data/app/~~qk6tmltxd9Q2ED9wpV3QlQ==/com.maplibrestartuprepro-xIEuyApyUoOg-Cay_t26KA==/base.apk!/lib/arm64-v8a/libreactnative.so using class loader ns clns-9 (caller=/data/app/~~qk6tmltxd9Q2ED9wpV3QlQ==/com.maplibrestartuprepro-xIEuyApyUoOg-Cay_t26KA==/base.apk): ok
09-30 15:34:46.850 31513 31513 D jni_lib_merge: Entering merged library JNI_OnLoad.
09-30 15:34:46.850 31513 31513 D jni_lib_merge: Preparing 13 pre-merged libs (including stub)
09-30 15:34:46.850 31513 31513 D jni_lib_merge: Preparing to register libfabricjni_so.  onload_func: 0x75ac869b5c
09-30 15:34:46.850 31513 31513 D jni_lib_merge: Preparing to register libreact_devsupportjni_so.  onload_func: 0x75ac9413d0
09-30 15:34:46.850 31513 31513 D jni_lib_merge: Preparing to register libreact_featureflagsjni_so.  onload_func: 0x75ac95a64c
09-30 15:34:46.850 31513 31513 D jni_lib_merge: Preparing to register libreact_newarchdefaults_so.  onload_func: 0x75ac99c1d8
09-30 15:34:46.850 31513 31513 D jni_lib_merge: Preparing to register libreact_tracingjni_so.  onload_func: 0x75aca834cc
09-30 15:34:46.850 31513 31513 D jni_lib_merge: Preparing to register libreactnativeblob_so.  onload_func: 0x75aca88760
09-30 15:34:46.850 31513 31513 D jni_lib_merge: Preparing to register libreactnativejni_so.  onload_func: 0x75aca947f4
09-30 15:34:46.850 31513 31513 D jni_lib_merge: Preparing to register libreactnativejni_common_so.  onload_func: 0x75aca97838
09-30 15:34:46.850 31513 31513 D jni_lib_merge: Preparing to register librninstance_so.  onload_func: 0x75acabcf50
09-30 15:34:46.850 31513 31513 D jni_lib_merge: Preparing to register libturbomodulejsijni_so.  onload_func: 0x75acb52f48
09-30 15:34:46.850 31513 31513 D jni_lib_merge: Preparing to register libuimanagerjni_so.  onload_func: 0x75acb5993c
09-30 15:34:46.850 31513 31513 D jni_lib_merge: Preparing to register libyoga_so.  onload_func: 0x75acb613b8
09-30 15:34:46.850 31513 31513 D jni_lib_merge: About to register 12 actual methods.
09-30 15:34:46.855 31513 31513 D nativeloader: Load /data/app/~~qk6tmltxd9Q2ED9wpV3QlQ==/com.maplibrestartuprepro-xIEuyApyUoOg-Cay_t26KA==/base.apk!/lib/arm64-v8a/libreact_codegen_safeareacontext.so using class loader ns clns-9 (caller=/data/app/~~qk6tmltxd9Q2ED9wpV3QlQ==/com.maplibrestartuprepro-xIEuyApyUoOg-Cay_t26KA==/base.apk): ok
09-30 15:34:46.856 31513 31513 D nativeloader: Load /data/app/~~qk6tmltxd9Q2ED9wpV3QlQ==/com.maplibrestartuprepro-xIEuyApyUoOg-Cay_t26KA==/base.apk!/lib/arm64-v8a/libappmodules.so using class loader ns clns-9 (caller=/data/app/~~qk6tmltxd9Q2ED9wpV3QlQ==/com.maplibrestartuprepro-xIEuyApyUoOg-Cay_t26KA==/base.apk): ok
09-30 15:34:46.860 31513 31527 I DisplayManager: Choreographer implicitly registered for the refresh rate.
09-30 15:34:46.861 31513 31527 D vulkan  : searching for layers in '/data/app/~~qk6tmltxd9Q2ED9wpV3QlQ==/com.maplibrestartuprepro-xIEuyApyUoOg-Cay_t26KA==/lib/arm64'
09-30 15:34:46.861 31513 31527 D vulkan  : searching for layers in '/data/app/~~qk6tmltxd9Q2ED9wpV3QlQ==/com.maplibrestartuprepro-xIEuyApyUoOg-Cay_t26KA==/base.apk!/lib/arm64-v8a'
09-30 15:34:46.873 31513 31513 D AppCompatDelegate: Checking for metadata for AppLocalesMetadataHolderService : Service not found
09-30 15:34:46.887 31513 31513 D CompatChangeReporter: Compat change id reported: 377864165; UID 10967; state: ENABLED
09-30 15:34:46.895 31513 31513 D nativeloader: Load /data/app/~~qk6tmltxd9Q2ED9wpV3QlQ==/com.maplibrestartuprepro-xIEuyApyUoOg-Cay_t26KA==/base.apk!/lib/arm64-v8a/libhermesvm.so using class loader ns clns-9 (caller=/data/app/~~qk6tmltxd9Q2ED9wpV3QlQ==/com.maplibrestartuprepro-xIEuyApyUoOg-Cay_t26KA==/base.apk): ok
09-30 15:34:46.896 31513 31513 D nativeloader: Load /data/app/~~qk6tmltxd9Q2ED9wpV3QlQ==/com.maplibrestartuprepro-xIEuyApyUoOg-Cay_t26KA==/base.apk!/lib/arm64-v8a/libhermestooling.so using class loader ns clns-9 (caller=/data/app/~~qk6tmltxd9Q2ED9wpV3QlQ==/com.maplibrestartuprepro-xIEuyApyUoOg-Cay_t26KA==/base.apk): ok
09-30 15:34:46.896 31513 31513 D jni_lib_merge: Entering merged library JNI_OnLoad.
09-30 15:34:46.896 31513 31513 D jni_lib_merge: Preparing 4 pre-merged libs (including stub)
09-30 15:34:46.896 31513 31513 D jni_lib_merge: Preparing to register libhermes_executor_so.  onload_func: 0x764f765eec
09-30 15:34:46.896 31513 31513 D jni_lib_merge: Preparing to register libhermesinstancejni_so.  onload_func: 0x764f76d69c
09-30 15:34:46.896 31513 31513 D jni_lib_merge: Preparing to register libjsijniprofiler_so.  onload_func: 0x764f76df44
09-30 15:34:46.896 31513 31513 D jni_lib_merge: About to register 3 actual methods.
09-30 15:34:46.909 31513 31513 W unknown:BridgelessReact: ReactHost{0}.startSurface(surfaceId = 0): Schedule
09-30 15:34:46.909 31513 31513 W unknown:BridgelessReact: ReactHost{0}.attachSurface(surfaceId = 0)
09-30 15:34:46.909 31513 31536 W unknown:BridgelessReact: ReactHost{0}.getOrCreateReactInstanceTask()
09-30 15:34:46.909 31513 31536 W unknown:BridgelessReact: ReactHost{0}.getOrCreateReactInstanceTask(): Start
09-30 15:34:46.909 31513 31536 W unknown:BridgelessReact: ReactHost{0}.getJSBundleLoader()
09-30 15:34:46.909 31513 31536 W unknown:BridgelessReact: ReactHost{0}.getOrCreateReactInstanceTask(): Creating BridgelessReactContext
09-30 15:34:46.910 31513 31536 W unknown:BridgelessReact: ReactHost{0}.getOrCreateReactInstanceTask(): Creating ReactInstance
09-30 15:34:46.912 31513 31513 I ContentCaptureHelper: Setting logging level to OFF
09-30 15:34:46.920 31513 31536 W unknown:BridgelessReact: ReactHost{0}.getOrCreateReactInstanceTask(): Loading JS Bundle
09-30 15:34:46.920 31513 31513 W unknown:BridgelessReact: ReactHost{0}.onHostResume(activity)
09-30 15:34:46.920 31513 31513 W unknown:BridgelessReact: ReactHost{0}.ReactContext.onHostResume()
09-30 15:34:46.920 31513 31536 W unknown:BridgelessReact: ReactHost{0}.getOrCreateReactInstanceTask(): DevSupportManager.onNewReactContextCreated()
09-30 15:34:46.920 31513 31536 W unknown:BridgelessReact: ReactHost{0}.startSurface(surfaceId = 0): Execute
09-30 15:34:46.922 31513 31537 I ReactNativeJS: [repro] bundle load: calling OfflineManager
09-30 15:34:46.923 31513 31537 I REPRO   : OfflineModule.initialize() on mqt_v_js: posting runMigrations to the main looper
09-30 15:34:46.923 31513 31537 I ReactNativeJS: Running "MapLibreStartupRepro"
09-30 15:34:46.926 31513 31537 W unknown:ViewManagerPropertyUpdater: Could not find generated setter for class com.th3rdwave.safeareacontext.SafeAreaProviderManager
09-30 15:34:46.928 31513 31537 W unknown:ViewManagerPropertyUpdater: Could not find generated setter for class com.facebook.react.uimanager.LayoutShadowNode
09-30 15:34:46.929 31513 31537 W unknown:ViewManagerPropertyUpdater: Could not find generated setter for class org.maplibre.reactnative.components.sources.geojsonsource.MLRNGeoJSONSourceManager
09-30 15:34:46.930 31513 31537 W unknown:ViewManagerPropertyUpdater: Could not find generated setter for class org.maplibre.reactnative.components.annotations.markerview.MLRNMarkerViewManager
09-30 15:34:46.931 31513 31537 W unknown:ViewManagerPropertyUpdater: Could not find generated setter for class org.maplibre.reactnative.components.sources.imagesource.MLRNImageSourceManager
09-30 15:34:46.931 31513 31537 W unknown:ViewManagerPropertyUpdater: Could not find generated setter for class org.maplibre.reactnative.components.sources.tilesources.rastersource.MLRNRasterSourceManager
09-30 15:34:46.932 31513 31537 W unknown:ViewManagerPropertyUpdater: Could not find generated setter for class org.maplibre.reactnative.components.camera.MLRNCameraManager
09-30 15:34:46.933 31513 31538 I REPRO   : MapViewModule.initialize() on mqt_v_native: posting MapLibre.getInstance to the UI queue
09-30 15:34:46.933 31513 31538 I REPRO   : setTileCountLimit on mqt_v_native
09-30 15:34:46.933 31513 31537 W unknown:ViewManagerPropertyUpdater: Could not find generated setter for class org.maplibre.reactnative.components.sources.tilesources.vectorsource.MLRNVectorSourceManager
09-30 15:34:46.933 31513 31537 W unknown:ViewManagerPropertyUpdater: Could not find generated setter for class org.maplibre.reactnative.components.mapview.MLRNMapViewManager
09-30 15:34:46.935 31513 31537 W unknown:ViewManagerPropertyUpdater: Could not find generated setter for class org.maplibre.reactnative.components.mapview.MLRNMapViewManager$MapShadowNode
09-30 15:34:46.935 31513 31537 W unknown:ViewManagerPropertyUpdater: Could not find generated setter for class org.maplibre.reactnative.components.layer.MLRNLayerManager
09-30 15:34:46.936 31513 31537 W unknown:ViewManagerPropertyUpdater: Could not find generated setter for class com.th3rdwave.safeareacontext.SafeAreaViewManager
09-30 15:34:46.936 31513 31537 W unknown:ViewManagerPropertyUpdater: Could not find generated setter for class com.th3rdwave.safeareacontext.SafeAreaViewShadowNode
09-30 15:34:46.937 31513 31537 W unknown:ViewManagerPropertyUpdater: Could not find generated setter for class org.maplibre.reactnative.components.mapview.MLRNAndroidTextureMapViewManager
09-30 15:34:46.937 31513 31537 W unknown:ViewManagerPropertyUpdater: Could not find generated setter for class org.maplibre.reactnative.components.sources.tilesources.rasterdemsource.MLRNRasterDEMSourceManager
09-30 15:34:46.937 31513 31537 W unknown:ViewManagerPropertyUpdater: Could not find generated setter for class org.maplibre.reactnative.components.location.MLRNNativeUserLocationManager
09-30 15:34:46.937 31513 31537 W unknown:ViewManagerPropertyUpdater: Could not find generated setter for class org.maplibre.reactnative.components.annotations.pointannotation.MLRNPointAnnotationManager
09-30 15:34:46.938 31513 31537 W unknown:ViewManagerPropertyUpdater: Could not find generated setter for class org.maplibre.reactnative.components.images.MLRNImagesManager
09-30 15:34:46.938 31513 31537 W unknown:ViewManagerPropertyUpdater: Could not find generated setter for class org.maplibre.reactnative.components.annotations.callout.MLRNCalloutManager
09-30 15:34:46.938 31513 31513 W unknown:BridgelessReact: ReactHost{0}.ReactContext.onHostResume()
09-30 15:34:46.938 31513 31513 W unknown:BridgelessReact: ReactHost{0}.getOrCreateReactInstanceTask(): Executing ReactInstanceEventListeners
09-30 15:34:46.938 31513 31513 I REPRO   : runMigrations START on main
09-30 15:34:46.945 31513 31537 W unknown:ViewManagerPropertyUpdater: Could not find generated setter for class com.facebook.react.views.safeareaview.ReactSafeAreaViewManager
09-30 15:34:46.946 31513 31537 W unknown:ViewManagerPropertyUpdater: Could not find generated setter for class com.facebook.react.views.modal.ReactModalHostManager
09-30 15:34:46.947 31513 31537 W unknown:ViewManagerPropertyUpdater: Could not find generated setter for class com.facebook.react.views.progressbar.ReactProgressBarViewManager
09-30 15:34:46.948 31513 31537 W unknown:ViewManagerPropertyUpdater: Could not find generated setter for class com.facebook.react.views.scroll.ReactHorizontalScrollViewManager
09-30 15:34:46.949 31513 31537 W unknown:ViewManagerPropertyUpdater: Could not find generated setter for class com.facebook.react.views.image.ReactImageManager
09-30 15:34:46.950 31513 31537 W unknown:ViewManagerPropertyUpdater: Could not find generated setter for class com.facebook.react.views.text.ReactTextViewManager
09-30 15:34:46.951 31513 31537 W unknown:ViewManagerPropertyUpdater: Could not find generated setter for class com.facebook.react.views.scroll.ReactHorizontalScrollContainerViewManager
09-30 15:34:46.952 31513 31537 W unknown:ViewManagerPropertyUpdater: Could not find generated setter for class com.facebook.react.views.unimplementedview.ReactUnimplementedViewManager
09-30 15:34:46.953 31513 31537 W unknown:ViewManagerPropertyUpdater: Could not find generated setter for class com.facebook.react.views.scroll.ReactScrollViewManager
09-30 15:34:46.954 31513 31537 W unknown:ViewManagerPropertyUpdater: Could not find generated setter for class com.facebook.react.views.view.ReactViewManager
09-30 15:34:46.954 31513 31537 W unknown:ViewManagerPropertyUpdater: Could not find generated setter for class com.facebook.react.views.drawer.ReactDrawerLayoutManager
09-30 15:34:46.955 31513 31537 W unknown:ViewManagerPropertyUpdater: Could not find generated setter for class com.facebook.react.views.switchview.ReactSwitchManager
09-30 15:34:46.956 31513 31537 W unknown:ViewManagerPropertyUpdater: Could not find generated setter for class com.facebook.react.views.swiperefresh.SwipeRefreshLayoutManager
09-30 15:34:46.958 31513 31537 W unknown:ViewManagerPropertyUpdater: Could not find generated setter for class com.facebook.react.views.textinput.ReactTextInputManager
09-30 15:34:46.959 31513 31537 W unknown:ViewManagerPropertyUpdater: Could not find generated setter for class com.facebook.react.views.text.SelectableTextViewManager
09-30 15:34:46.960 31513 31537 W unknown:ViewManagerPropertyUpdater: Could not find generated setter for class com.facebook.react.views.virtual.view.ReactVirtualViewManager
09-30 15:34:46.964 31513 31538 D nativeloader: Load /data/app/~~qk6tmltxd9Q2ED9wpV3QlQ==/com.maplibrestartuprepro-xIEuyApyUoOg-Cay_t26KA==/base.apk!/lib/arm64-v8a/libmaplibre.so using class loader ns clns-9 (caller=/data/app/~~qk6tmltxd9Q2ED9wpV3QlQ==/com.maplibrestartuprepro-xIEuyApyUoOg-Cay_t26KA==/base.apk!classes3.dex): ok
09-30 15:34:46.965 31513 31513 D AndroidRuntime: Shutting down VM
09-30 15:34:46.965 31513 31513 E AndroidRuntime: FATAL EXCEPTION: main
09-30 15:34:46.965 31513 31513 E AndroidRuntime: Process: com.maplibrestartuprepro, PID: 31513
09-30 15:34:46.965 31513 31513 E AndroidRuntime: org.maplibre.android.exceptions.MapLibreConfigurationException: 
09-30 15:34:46.965 31513 31513 E AndroidRuntime: Using MapView requires calling MapLibre.getInstance(Context context, String apiKey, WellKnownTileServer wellKnownTileServer) before inflating or creating the view.
09-30 15:34:46.965 31513 31513 E AndroidRuntime: 	at org.maplibre.android.MapLibre.validateMapLibre(MapLibre.java:261)
09-30 15:34:46.965 31513 31513 E AndroidRuntime: 	at org.maplibre.android.MapLibre.getTileServerOptions(MapLibre.java:164)
09-30 15:34:46.965 31513 31513 E AndroidRuntime: 	at org.maplibre.android.storage.FileSource.<init>(FileSource.java:348)
09-30 15:34:46.965 31513 31513 E AndroidRuntime: 	at org.maplibre.android.storage.FileSource.getInstance(FileSource.java:95)
09-30 15:34:46.965 31513 31513 E AndroidRuntime: 	at org.maplibre.reactnative.modules.MLRNOfflineModule.activateFileSource(MLRNOfflineModule.kt:684)
09-30 15:34:46.965 31513 31513 E AndroidRuntime: 	at org.maplibre.reactnative.modules.MLRNOfflineModule.runMigrations(MLRNOfflineModule.kt:475)
09-30 15:34:46.965 31513 31513 E AndroidRuntime: 	at org.maplibre.reactnative.modules.MLRNOfflineModule.initialize$lambda$1(MLRNOfflineModule.kt:71)
09-30 15:34:46.965 31513 31513 E AndroidRuntime: 	at org.maplibre.reactnative.modules.MLRNOfflineModule$$ExternalSyntheticLambda2.run(D8$$SyntheticClass:0)
09-30 15:34:46.965 31513 31513 E AndroidRuntime: 	at android.os.Handler.handleCallback(Handler.java:1082)
09-30 15:34:46.965 31513 31513 E AndroidRuntime: 	at android.os.Handler.dispatchMessageImpl(Handler.java:135)
09-30 15:34:46.965 31513 31513 E AndroidRuntime: 	at android.os.Handler.dispatchMessage(Handler.java:126)
09-30 15:34:46.965 31513 31513 E AndroidRuntime: 	at android.os.Looper.loopOnce(Looper.java:295)
09-30 15:34:46.965 31513 31513 E AndroidRuntime: 	at android.os.Looper.loop(Looper.java:398)
09-30 15:34:46.965 31513 31513 E AndroidRuntime: 	at android.app.ActivityThread.main(ActivityThread.java:9569)
09-30 15:34:46.965 31513 31513 E AndroidRuntime: 	at java.lang.reflect.Method.invoke(Native Method)
09-30 15:34:46.965 31513 31513 E AndroidRuntime: 	at com.android.internal.os.RuntimeInit$MethodAndArgsCaller.run(RuntimeInit.java:575)
09-30 15:34:46.965 31513 31513 E AndroidRuntime: 	at com.android.internal.os.ZygoteInit.main(ZygoteInit.java:918)
09-30 15:34:46.970 31513 31537 I HWUI    : Using FreeType backend (prop=Auto)
09-30 15:34:46.976 31513 31513 I Process : Sending signal. PID: 31513 SIG: 9
